▲ [WARNING] The condition "types" here will never be used as it comes after both "import" and "require" [package.json]

    packages/queue-core/package.json:32:6:
      32 │       "types": "./dist/index.d.ts"
         ╵       ~~~~~~~

  The "import" condition comes earlier and will be used for all "import" statements:

    packages/queue-core/package.json:30:6:
      30 │       "import": "./dist/index.js",
         ╵       ~~~~~~~~

  The "require" condition comes earlier and will be used for all "require" calls:

    packages/queue-core/package.json:31:6:
      31 │       "require": "./dist/index.js",
         ╵       ~~~~~~~~~

▲ [WARNING] The condition "types" here will never be used as it comes after both "import" and "require" [package.json]

    packages/queue-core/package.json:37:6:
      37 │       "types": "./dist/types/index.d.ts"
         ╵       ~~~~~~~

  The "import" condition comes earlier and will be used for all "import" statements:

    packages/queue-core/package.json:35:6:
      35 │       "import": "./dist/types/index.js",
         ╵       ~~~~~~~~

  The "require" condition comes earlier and will be used for all "require" calls:

    packages/queue-core/package.json:36:6:
      36 │       "require": "./dist/types/index.js",
         ╵       ~~~~~~~~~

▲ [WARNING] The condition "types" here will never be used as it comes after both "import" and "require" [package.json]

    packages/queue-core/package.json:42:6:
      42 │       "types": "./dist/validators/index.d.ts"
         ╵       ~~~~~~~

  The "import" condition comes earlier and will be used for all "import" statements:

    packages/queue-core/package.json:40:6:
      40 │       "import": "./dist/validators/index.js",
         ╵       ~~~~~~~~

  The "require" condition comes earlier and will be used for all "require" calls:

    packages/queue-core/package.json:41:6:
      41 │       "require": "./dist/validators/index.js",
         ╵       ~~~~~~~~~

▲ [WARNING] The condition "types" here will never be used as it comes after both "import" and "require" [package.json]

    packages/queue-core/package.json:47:6:
      47 │       "types": "./dist/performance/queue-cache.d.ts"
         ╵       ~~~~~~~

  The "import" condition comes earlier and will be used for all "import" statements:

    packages/queue-core/package.json:45:6:
      45 │       "import": "./dist/performance/queue-cache.js",
         ╵       ~~~~~~~~

  The "require" condition comes earlier and will be used for all "require" calls:

    packages/queue-core/package.json:46:6:
      46 │       "require": "./dist/performance/queue-cache.js",
         ╵       ~~~~~~~~~

▲ [WARNING] The condition "types" here will never be used as it comes after both "import" and "require" [package.json]

    packages/queue-core/package.json:52:6:
      52 │       "types": "./dist/print/index.d.ts"
         ╵       ~~~~~~~

  The "import" condition comes earlier and will be used for all "import" statements:

    packages/queue-core/package.json:50:6:
      50 │       "import": "./dist/print/index.js",
         ╵       ~~~~~~~~

  The "require" condition comes earlier and will be used for all "require" calls:

    packages/queue-core/package.json:51:6:
      51 │       "require": "./dist/print/index.js",
         ╵       ~~~~~~~~~


[1m[46m RUN [49m[22m [36mv3.2.4 [39m[90mC:/Users/minim/OneDrive/文档/Code/platform/makanmakan[39m

 [32m✓[39m [30m[42m @makanmakan/database [49m[39m src/services/__tests__/NotificationService.test.ts[2m > [22mNotificationService[2m > [22mEmail Notifications[2m > [22m應該成功發送 email 通知[32m 17[2mms[22m[39m
 [32m✓[39m [30m[42m @makanmakan/database [49m[39m src/services/__tests__/NotificationService.test.ts[2m > [22mNotificationService[2m > [22mEmail Notifications[2m > [22m應該在 email 提供者未配置時返回錯誤[32m 3[2mms[22m[39m
 [32m✓[39m [30m[42m @makanmakan/database [49m[39m src/services/__tests__/NotificationService.test.ts[2m > [22mNotificationService[2m > [22mEmail Notifications[2m > [22m應該處理 email 發送失敗[32m 2[2mms[22m[39m
 [32m✓[39m [30m[42m @makanmakan/database [49m[39m src/services/__tests__/NotificationService.test.ts[2m > [22mNotificationService[2m > [22mEmail Notifications[2m > [22m應該正確渲染 email 模板變數[32m 3[2mms[22m[39m
 [32m✓[39m [30m[42m @makanmakan/database [49m[39m src/services/__tests__/NotificationService.test.ts[2m > [22mNotificationService[2m > [22mEmail Notifications[2m > [22m應該處理條件內容 (if 語句)[32m 2[2mms[22m[39m
 [32m✓[39m [30m[42m @makanmakan/database [49m[39m src/services/__tests__/NotificationService.test.ts[2m > [22mNotificationService[2m > [22mEmail Notifications[2m > [22m應該成功發送測試 email[32m 1[2mms[22m[39m
 [32m✓[39m [30m[42m @makanmakan/database [49m[39m src/services/__tests__/NotificationService.test.ts[2m > [22mNotificationService[2m > [22mSMS Notifications[2m > [22m應該成功發送 SMS 通知[32m 2[2mms[22m[39m
 [32m✓[39m [30m[42m @makanmakan/database [49m[39m src/services/__tests__/NotificationService.test.ts[2m > [22mNotificationService[2m > [22mSMS Notifications[2m > [22m應該在 SMS 提供者未配置時返回錯誤[32m 2[2mms[22m[39m
 [32m✓[39m [30m[42m @makanmakan/database [49m[39m src/services/__tests__/NotificationService.test.ts[2m > [22mNotificationService[2m > [22mSMS Notifications[2m > [22m應該處理 SMS 發送失敗[32m 2[2mms[22m[39m
 [32m✓[39m [30m[42m @makanmakan/database [49m[39m src/services/__tests__/NotificationService.test.ts[2m > [22mNotificationService[2m > [22mSMS Notifications[2m > [22m應該從 HTML 內容中剝離標籤[32m 2[2mms[22m[39m
 [32m✓[39m [30m[42m @makanmakan/database [49m[39m src/services/__tests__/NotificationService.test.ts[2m > [22mNotificationService[2m > [22mSMS Notifications[2m > [22m應該成功發送測試 SMS[32m 9[2mms[22m[39m
 [32m✓[39m [30m[42m @makanmakan/database [49m[39m src/services/__tests__/NotificationService.test.ts[2m > [22mNotificationService[2m > [22mTemplate Rendering[2m > [22m應該替換所有模板變數[32m 3[2mms[22m[39m
 [32m✓[39m [30m[42m @makanmakan/database [49m[39m src/services/__tests__/NotificationService.test.ts[2m > [22mNotificationService[2m > [22mTemplate Rendering[2m > [22m應該處理條件判斷 (if 語句)[32m 3[2mms[22m[39m
 [32m✓[39m [30m[42m @makanmakan/database [49m[39m src/services/__tests__/NotificationService.test.ts[2m > [22mNotificationService[2m > [22mTemplate Rendering[2m > [22m應該處理多個變數和重複變數[32m 2[2mms[22m[39m
 [32m✓[39m [30m[42m @makanmakan/database [49m[39m src/services/__tests__/NotificationService.test.ts[2m > [22mNotificationService[2m > [22mTemplate Rendering[2m > [22m應該處理缺失變數為空字串[32m 2[2mms[22m[39m
 [32m✓[39m [30m[42m @makanmakan/database [49m[39m src/services/__tests__/NotificationService.test.ts[2m > [22mNotificationService[2m > [22mTemplate Rendering[2m > [22m應該處理包含特殊字符的變數[32m 2[2mms[22m[39m
 [32m✓[39m [30m[42m @makanmakan/database [49m[39m src/services/__tests__/NotificationService.test.ts[2m > [22mNotificationService[2m > [22mBulk Notifications[2m > [22m應該成功發送批量通知[32m 5[2mms[22m[39m
 [32m✓[39m [30m[42m @makanmakan/database [49m[39m src/services/__tests__/NotificationService.test.ts[2m > [22mNotificationService[2m > [22mBulk Notifications[2m > [22m應該處理部分失敗情況[32m 4[2mms[22m[39m
 [32m✓[39m [30m[42m @makanmakan/database [49m[39m src/services/__tests__/NotificationService.test.ts[2m > [22mNotificationService[2m > [22mBulk Notifications[2m > [22m應該處理空列表[32m 6[2mms[22m[39m
 [32m✓[39m [30m[42m @makanmakan/database [49m[39m src/services/__tests__/NotificationService.test.ts[2m > [22mNotificationService[2m > [22mBulk Notifications[2m > [22m應該處理大批量通知[32m 8[2mms[22m[39m
 [32m✓[39m [30m[42m @makanmakan/database [49m[39m src/services/__tests__/NotificationService.test.ts[2m > [22mNotificationService[2m > [22mNotification Categories[2m > [22m應該正確處理請假提交通知[32m 1[2mms[22m[39m
 [32m✓[39m [30m[42m @makanmakan/database [49m[39m src/services/__tests__/NotificationService.test.ts[2m > [22mNotificationService[2m > [22mNotification Categories[2m > [22m應該正確處理請假批准通知[32m 1[2mms[22m[39m
 [32m✓[39m [30m[42m @makanmakan/database [49m[39m src/services/__tests__/NotificationService.test.ts[2m > [22mNotificationService[2m > [22mNotification Categories[2m > [22m應該正確處理請假拒絕通知[32m 2[2mms[22m[39m
 [32m✓[39m [30m[42m @makanmakan/database [49m[39m src/services/__tests__/NotificationService.test.ts[2m > [22mNotificationService[2m > [22mNotification Categories[2m > [22m應該正確處理排班創建通知[32m 1[2mms[22m[39m
 [32m✓[39m [30m[42m @makanmakan/database [49m[39m src/services/__tests__/NotificationService.test.ts[2m > [22mNotificationService[2m > [22mNotification Categories[2m > [22m應該正確處理排班更新通知[32m 1[2mms[22m[39m
 [32m✓[39m [30m[42m @makanmakan/database [49m[39m src/services/__tests__/NotificationService.test.ts[2m > [22mNotificationService[2m > [22mNotification Categories[2m > [22m應該正確處理交班請求通知[32m 1[2mms[22m[39m
 [32m✓[39m [30m[42m @makanmakan/database [49m[39m src/services/__tests__/NotificationService.test.ts[2m > [22mNotificationService[2m > [22mError Handling[2m > [22m應該處理無效的通知類別[32m 1[2mms[22m[39m
 [32m✓[39m [30m[42m @makanmakan/database [49m[39m src/services/__tests__/NotificationService.test.ts[2m > [22mNotificationService[2m > [22mError Handling[2m > [22m應該處理缺少收件人信息[32m 1[2mms[22m[39m
[90mstderr[2m | src/services/__tests__/table.test.ts[2m > [22m[2mTableService[2m > [22m[2mcreateTable[2m > [22m[2mshould throw error when table number already exists
[22m[39mDatabase error in createTable: Table number already exists in this restaurant
Stack trace: Error: Table number already exists in this restaurant
    at TableService.createTable (C:\Users\minim\OneDrive\文档\Code\platform\makanmakan\packages\database\src\services\table.ts:92:15)
    at processTicksAndRejections (node:internal/process/task_queues:105:5)

[90mstderr[2m | src/services/__tests__/POSService.test.ts[2m > [22m[2mPOSService[2m > [22m[2m收銀機管理[2m > [22m[2mcreateRegister[2m > [22m[2m應該拒絕無效的收銀機名稱
[22m[39m創建收銀機失敗: ZodError: [
  {
    "code": "too_small",
    "minimum": 1,
    "type": "string",
    "inclusive": true,
    "exact": false,
    "message": "String must contain at least 1 character(s)",
    "path": [
      "name"
    ]
  }
]
    at Object.get error [as error] [90m(file:///C:/Users/minim/OneDrive/%E6%96%87%E6%A1%A3/Code/platform/makanmakan/[39mnode_modules/[4m.pnpm[24m/zod@3.22.3/node_modules/[4mzod[24m/lib/index.mjs:538:31[90m)[39m
    at ZodObject.parse [90m(file:///C:/Users/minim/OneDrive/%E6%96%87%E6%A1%A3/Code/platform/makanmakan/[39mnode_modules/[4m.pnpm[24m/zod@3.22.3/node_modules/[4mzod[24m/lib/index.mjs:638:22[90m)[39m
    at POSService.createRegister [90m(C:\Users\minim\OneDrive\文档\Code\platform\makanmakan\[39mpackages\database\src\services\POSService.ts:244:50[90m)[39m
    at [90mC:\Users\minim\OneDrive\文档\Code\platform\makanmakan\[39mpackages\database\src\services\__tests__\POSService.test.ts:262:38
    at [90mfile:///C:/Users/minim/OneDrive/%E6%96%87%E6%A1%A3/Code/platform/makanmakan/[39mnode_modules/[4m.pnpm[24m/@vitest+runner@3.2.4/node_modules/[4m@vitest[24m/runner/dist/chunk-hooks.js:155:11
    at [90mfile:///C:/Users/minim/OneDrive/%E6%96%87%E6%A1%A3/Code/platform/makanmakan/[39mnode_modules/[4m.pnpm[24m/@vitest+runner@3.2.4/node_modules/[4m@vitest[24m/runner/dist/chunk-hooks.js:752:26
    at [90mfile:///C:/Users/minim/OneDrive/%E6%96%87%E6%A1%A3/Code/platform/makanmakan/[39mnode_modules/[4m.pnpm[24m/@vitest+runner@3.2.4/node_modules/[4m@vitest[24m/runner/dist/chunk-hooks.js:1897:20
    at new Promise (<anonymous>)
    at runWithTimeout [90m(file:///C:/Users/minim/OneDrive/%E6%96%87%E6%A1%A3/Code/platform/makanmakan/[39mnode_modules/[4m.pnpm[24m/@vitest+runner@3.2.4/node_modules/[4m@vitest[24m/runner/dist/chunk-hooks.js:1863:10[90m)[39m
    at runTest [90m(file:///C:/Users/minim/OneDrive/%E6%96%87%E6%A1%A3/Code/platform/makanmakan/[39mnode_modules/[4m.pnpm[24m/@vitest+runner@3.2.4/node_modules/[4m@vitest[24m/runner/dist/chunk-hooks.js:1574:12[90m)[39m {
  issues: [
    {
      code: [32m'too_small'[39m,
      minimum: [33m1[39m,
      type: [32m'string'[39m,
      inclusive: [33mtrue[39m,
      exact: [33mfalse[39m,
      message: [32m'String must contain at least 1 character(s)'[39m,
      path: [36m[Array][39m
    }
  ],
  addIssue: [36m[Function (anonymous)][39m,
  addIssues: [36m[Function (anonymous)][39m,
  errors: [
    {
      code: [32m'too_small'[39m,
      minimum: [33m1[39m,
      type: [32m'string'[39m,
      inclusive: [33mtrue[39m,
      exact: [33mfalse[39m,
      message: [32m'String must contain at least 1 character(s)'[39m,
      path: [36m[Array][39m
    }
  ]
}

 [32m✓[39m [30m[42m @makanmakan/database [49m[39m src/services/__tests__/POSService.test.ts[2m > [22mPOSService[2m > [22m收銀機管理[2m > [22mcreateRegister[2m > [22m應該成功創建收銀機[32m 17[2mms[22m[39m
[90mstderr[2m | src/services/__tests__/menu.test.ts[2m > [22m[2mMenuService[2m > [22m[2mgetMenu[2m > [22m[2mshould throw error when restaurant not found
[22m[39mDatabase error in getMenu: Restaurant not found
Stack trace: Error: Restaurant not found
    at cachedQuery.ttl (C:\Users\minim\OneDrive\文档\Code\platform\makanmakan\packages\database\src\services\menu.ts:81:15)
    at processTicksAndRejections (node:internal/process/task_queues:105:5)
    at Object.<anonymous> (C:\Users\minim\OneDrive\文档\Code\platform\makanmakan\packages\database\src\services\__tests__\menu.test.ts:17:49)

 [32m✓[39m [30m[42m @makanmakan/database [49m[39m src/services/__tests__/menu.test.ts[2m > [22mMenuService[2m > [22mgetMenu[2m > [22mshould fetch full menu structure with categories and items[32m 26[2mms[22m[39m
 [32m✓[39m [30m[42m @makanmakan/database [49m[39m src/services/__tests__/table.test.ts[2m > [22mTableService[2m > [22mcreateTable[2m > [22mshould create table successfully[32m 21[2mms[22m[39m
 [31m×[39m [30m[42m @makanmakan/database [49m[39m src/services/__tests__/table.test.ts[2m > [22mTableService[2m > [22mcreateTable[2m > [22mshould throw error when table number already exists[32m 57[2mms[22m[39m
[31m   → expected [Function] to throw error including 'Database operation failed: createTable' but got 'Table number already exists in this r…'[39m
 [32m✓[39m [30m[42m @makanmakan/database [49m[39m src/services/__tests__/table.test.ts[2m > [22mTableService[2m > [22mcreateTable[2m > [22mshould create table with seat mode[32m 8[2mms[22m[39m
 [32m✓[39m [30m[42m @makanmakan/database [49m[39m src/services/__tests__/auth.test.ts[2m > [22mAuthService[2m > [22mLogin[2m > [22mshould successfully login with valid credentials[32m 19[2mms[22m[39m
 [32m✓[39m [30m[42m @makanmakan/database [49m[39m src/services/__tests__/auth.test.ts[2m > [22mAuthService[2m > [22mLogin[2m > [22mshould fail login with invalid username[32m 4[2mms[22m[39m
 [32m✓[39m [30m[42m @makanmakan/database [49m[39m src/services/__tests__/auth.test.ts[2m > [22mAuthService[2m > [22mLogin[2m > [22mshould fail login with invalid password[32m 38[2mms[22m[39m
 [32m✓[39m [30m[42m @makanmakan/database [49m[39m src/services/__tests__/auth.test.ts[2m > [22mAuthService[2m > [22mLogin[2m > [22mshould track failed login attempts[32m 6[2mms[22m[39m
 [32m✓[39m [30m[42m @makanmakan/database [49m[39m src/services/__tests__/auth.test.ts[2m > [22mAuthService[2m > [22mLogin[2m > [22mshould lock account after 5 failed attempts[32m 4[2mms[22m[39m
 [32m✓[39m [30m[42m @makanmakan/database [49m[39m src/services/__tests__/auth.test.ts[2m > [22mAuthService[2m > [22mLogin[2m > [22mshould clear failed attempts on successful login[32m 20[2mms[22m[39m
[90mstderr[2m | src/services/__tests__/NotificationService.test.ts[2m > [22m[2mNotificationService[2m > [22m[2mError Handling[2m > [22m[2m應該處理異常情況
[22m[39mNotification send error: Error: Network timeout
    at MockEmailProvider.mockEmailProvider.sendEmail [90m(C:\Users\minim\OneDrive\文档\Code\platform\makanmakan\[39mpackages\database\src\services\__tests__\NotificationService.test.ts:780:15[90m)[39m
    at NotificationService.sendNotification [90m(C:\Users\minim\OneDrive\文档\Code\platform\makanmakan\[39mpackages\database\src\services\NotificationService.ts:406:51[90m)[39m
    at [90mC:\Users\minim\OneDrive\文档\Code\platform\makanmakan\[39mpackages\database\src\services\__tests__\NotificationService.test.ts:797:36
    at [90mfile:///C:/Users/minim/OneDrive/%E6%96%87%E6%A1%A3/Code/platform/makanmakan/[39mnode_modules/[4m.pnpm[24m/@vitest+runner@3.2.4/node_modules/[4m@vitest[24m/runner/dist/chunk-hooks.js:155:11
    at [90mfile:///C:/Users/minim/OneDrive/%E6%96%87%E6%A1%A3/Code/platform/makanmakan/[39mnode_modules/[4m.pnpm[24m/@vitest+runner@3.2.4/node_modules/[4m@vitest[24m/runner/dist/chunk-hooks.js:752:26
    at [90mfile:///C:/Users/minim/OneDrive/%E6%96%87%E6%A1%A3/Code/platform/makanmakan/[39mnode_modules/[4m.pnpm[24m/@vitest+runner@3.2.4/node_modules/[4m@vitest[24m/runner/dist/chunk-hooks.js:1897:20
    at new Promise (<anonymous>)
    at runWithTimeout [90m(file:///C:/Users/minim/OneDrive/%E6%96%87%E6%A1%A3/Code/platform/makanmakan/[39mnode_modules/[4m.pnpm[24m/@vitest+runner@3.2.4/node_modules/[4m@vitest[24m/runner/dist/chunk-hooks.js:1863:10[90m)[39m
    at runTest [90m(file:///C:/Users/minim/OneDrive/%E6%96%87%E6%A1%A3/Code/platform/makanmakan/[39mnode_modules/[4m.pnpm[24m/@vitest+runner@3.2.4/node_modules/[4m@vitest[24m/runner/dist/chunk-hooks.js:1574:12[90m)[39m
[90m    at processTicksAndRejections (node:internal/process/task_queues:105:5)[39m

 [32m✓[39m [30m[42m @makanmakan/database [49m[39m src/services/__tests__/NotificationService.test.ts[2m > [22mNotificationService[2m > [22mError Handling[2m > [22m應該處理異常情況[32m 108[2mms[22m[39m
 [32m✓[39m [30m[42m @makanmakan/database [49m[39m src/services/__tests__/NotificationService.test.ts[2m > [22mNotificationService[2m > [22mError Handling[2m > [22m應該處理無效的測試通知類型[32m 1[2mms[22m[39m
 [32m✓[39m [30m[42m @makanmakan/database [49m[39m src/services/__tests__/NotificationService.test.ts[2m > [22mNotificationService[2m > [22mProvider Configuration[2m > [22m應該正確初始化 email 提供者[32m 1[2mms[22m[39m
 [32m✓[39m [30m[42m @makanmakan/database [49m[39m src/services/__tests__/NotificationService.test.ts[2m > [22mNotificationService[2m > [22mProvider Configuration[2m > [22m應該正確初始化 SMS 提供者[32m 1[2mms[22m[39m
 [32m✓[39m [30m[42m @makanmakan/database [49m[39m src/services/__tests__/NotificationService.test.ts[2m > [22mNotificationService[2m > [22mProvider Configuration[2m > [22m應該在沒有配置時不初始化提供者[32m 2[2mms[22m[39m
 [32m✓[39m [30m[42m @makanmakan/database [49m[39m src/services/__tests__/POSService.test.ts[2m > [22mPOSService[2m > [22m收銀機管理[2m > [22mcreateRegister[2m > [22m應該拒絕無效的收銀機名稱[32m 97[2mms[22m[39m
 [32m✓[39m [30m[42m @makanmakan/database [49m[39m src/services/__tests__/POSService.test.ts[2m > [22mPOSService[2m > [22m收銀機管理[2m > [22mcreateRegister[2m > [22m應該正確處理可選配置[32m 2[2mms[22m[39m
 [32m✓[39m [30m[42m @makanmakan/database [49m[39m src/services/__tests__/POSService.test.ts[2m > [22mPOSService[2m > [22m收銀機管理[2m > [22mgetRegisters[2m > [22m應該返回餐廳的所有收銀機[32m 4[2mms[22m[39m
 [32m✓[39m [30m[42m @makanmakan/database [49m[39m src/services/__tests__/POSService.test.ts[2m > [22mPOSService[2m > [22m收銀機管理[2m > [22mgetRegisters[2m > [22m應該只返回指定餐廳的收銀機[32m 2[2mms[22m[39m
 [31m×[39m [30m[42m @makanmakan/database [49m[39m src/services/__tests__/POSService.test.ts[2m > [22mPOSService[2m > [22m班次管理[2m > [22mstartShift[2m > [22m應該成功開始班次[32m 66[2mms[22m[39m
[31m   → expected false to be true // Object.is equality[39m
 [31m×[39m [30m[42m @makanmakan/database [49m[39m src/services/__tests__/POSService.test.ts[2m > [22mPOSService[2m > [22m班次管理[2m > [22mstartShift[2m > [22m應該拒絕在已有活躍班次的收銀機上開新班次[32m 14[2mms[22m[39m
[31m   → expected false to be true // Object.is equality[39m
 [31m×[39m [30m[42m @makanmakan/database [49m[39m src/services/__tests__/POSService.test.ts[2m > [22mPOSService[2m > [22m班次管理[2m > [22mstartShift[2m > [22m應該正確記錄開班現金操作[32m 7[2mms[22m[39m
[31m   → expected 0 to be greater than 0[39m
 [32m✓[39m [30m[42m @makanmakan/database [49m[39m src/services/__tests__/NotificationService.test.ts[2m > [22mNotificationService[2m > [22mTemplate Validation[2m > [22m應該包含所有必需的通知類別模板[32m 2[2mms[22m[39m
 [32m✓[39m [30m[42m @makanmakan/database [49m[39m src/services/__tests__/NotificationService.test.ts[2m > [22mNotificationService[2m > [22mTemplate Validation[2m > [22m每個模板都應該有必需的屬性[32m 39[2mms[22m[39m
 [32m✓[39m [30m[42m @makanmakan/database [49m[39m src/services/__tests__/table.test.ts[2m > [22mTableService[2m > [22mcreateTable[2m > [22mshould create table with default values[32m 55[2mms[22m[39m
 [32m✓[39m [30m[42m @makanmakan/database [49m[39m src/services/__tests__/table.test.ts[2m > [22mTableService[2m > [22mgetTableById[2m > [22mshould fetch table by id with related data[32m 28[2mms[22m[39m
 [32m✓[39m [30m[42m @makanmakan/database [49m[39m src/services/__tests__/table.test.ts[2m > [22mTableService[2m > [22mgetTableById[2m > [22mshould return null when table not found[32m 14[2mms[22m[39m
 [32m✓[39m [30m[42m @makanmakan/database [49m[39m src/services/__tests__/table.test.ts[2m > [22mTableService[2m > [22mgetTableByQRCode[2m > [22mshould fetch table by QR code[32m 4[2mms[22m[39m
 [31m×[39m [30m[42m @makanmakan/database [49m[39m src/services/__tests__/menu.test.ts[2m > [22mMenuService[2m > [22mgetMenu[2m > [22mshould throw error when restaurant not found[32m 109[2mms[22m[39m
[31m   → expected [Function] to throw error including 'Database operation failed: getMenu' but got 'Restaurant not found'[39m
 [32m✓[39m [30m[42m @makanmakan/database [49m[39m src/services/__tests__/menu.test.ts[2m > [22mMenuService[2m > [22mgetMenu[2m > [22mshould call cachedQuery for menu data[32m 54[2mms[22m[39m
 [32m✓[39m [30m[42m @makanmakan/database [49m[39m src/services/__tests__/menu.test.ts[2m > [22mMenuService[2m > [22mgetFeaturedItems[2m > [22mshould return featured and available items[32m 7[2mms[22m[39m
 [32m✓[39m [30m[42m @makanmakan/database [49m[39m src/services/__tests__/menu.test.ts[2m > [22mMenuService[2m > [22mgetFeaturedItems[2m > [22mshould respect limit parameter[32m 44[2mms[22m[39m
 [32m✓[39m [30m[42m @makanmakan/database [49m[39m src/services/__tests__/auth.test.ts[2m > [22mAuthService[2m > [22mLogin[2m > [22mshould not login inactive user[32m 39[2mms[22m[39m
 [32m✓[39m [30m[42m @makanmakan/database [49m[39m src/services/__tests__/auth.test.ts[2m > [22mAuthService[2m > [22mLogin[2m > [22mshould create session on successful login[32m 37[2mms[22m[39m
 [32m✓[39m [30m[42m @makanmakan/database [49m[39m src/services/__tests__/auth.test.ts[2m > [22mAuthService[2m > [22mRegister[2m > [22mshould successfully register new user with strong password[32m 9[2mms[22m[39m
 [32m✓[39m [30m[42m @makanmakan/database [49m[39m src/services/__tests__/auth.test.ts[2m > [22mAuthService[2m > [22mRegister[2m > [22mshould fail if username already exists[32m 8[2mms[22m[39m
 [32m✓[39m [30m[42m @makanmakan/database [49m[39m src/services/__tests__/auth.test.ts[2m > [22mAuthService[2m > [22mRegister[2m > [22mshould reject weak password for staff (too short)[32m 5[2mms[22m[39m
 [32m✓[39m [30m[42m @makanmakan/database [49m[39m src/services/__tests__/auth.test.ts[2m > [22mAuthService[2m > [22mRegister[2m > [22mshould reject password without uppercase letter[32m 19[2mms[22m[39m
 [32m✓[39m [30m[42m @makanmakan/database [49m[39m src/services/__tests__/auth.test.ts[2m > [22mAuthService[2m > [22mRegister[2m > [22mshould reject password without lowercase letter[32m 10[2mms[22m[39m
 [31m×[39m [30m[42m @makanmakan/database [49m[39m src/services/__tests__/POSService.test.ts[2m > [22mPOSService[2m > [22m班次管理[2m > [22mendShift[2m > [22m應該成功結束班次[32m 7[2mms[22m[39m
[31m   → Cannot read properties of undefined (reading 'id')[39m
 [31m×[39m [30m[42m @makanmakan/database [49m[39m src/services/__tests__/POSService.test.ts[2m > [22mPOSService[2m > [22m班次管理[2m > [22mendShift[2m > [22m應該正確計算現金差異[32m 13[2mms[22m[39m
[31m   → Cannot read properties of undefined (reading 'id')[39m
 [31m×[39m [30m[42m @makanmakan/database [49m[39m src/services/__tests__/POSService.test.ts[2m > [22mPOSService[2m > [22m班次管理[2m > [22mendShift[2m > [22m應該生成班次報表[32m 1[2mms[22m[39m
[31m   → Cannot read properties of undefined (reading 'id')[39m
 [31m×[39m [30m[42m @makanmakan/database [49m[39m src/services/__tests__/POSService.test.ts[2m > [22mPOSService[2m > [22m班次管理[2m > [22mendShift[2m > [22m應該拒絕結束不存在的班次[32m 3[2mms[22m[39m
[31m   → Cannot read properties of undefined (reading 'id')[39m
 [31m×[39m [30m[42m @makanmakan/database [49m[39m src/services/__tests__/POSService.test.ts[2m > [22mPOSService[2m > [22m現金操作[2m > [22mprocessCashMovement[2m > [22m應該成功記錄現金存入[32m 1[2mms[22m[39m
[31m   → Cannot read properties of undefined (reading 'id')[39m
 [31m×[39m [30m[42m @makanmakan/database [49m[39m src/services/__tests__/POSService.test.ts[2m > [22mPOSService[2m > [22m現金操作[2m > [22mprocessCashMovement[2m > [22m應該成功記錄現金取出[32m 1[2mms[22m[39m
[31m   → Cannot read properties of undefined (reading 'id')[39m
 [31m×[39m [30m[42m @makanmakan/database [49m[39m src/services/__tests__/POSService.test.ts[2m > [22mPOSService[2m > [22m現金操作[2m > [22mprocessCashMovement[2m > [22m應該拒絕在非活躍班次上記錄操作[32m 1[2mms[22m[39m
[31m   → Cannot read properties of undefined (reading 'id')[39m
 [31m×[39m [30m[42m @makanmakan/database [49m[39m src/services/__tests__/POSService.test.ts[2m > [22mPOSService[2m > [22m現金操作[2m > [22mprocessCashMovement[2m > [22m應該驗證操作類型[32m 5[2mms[22m[39m
[31m   → Cannot read properties of undefined (reading 'id')[39m
 [32m✓[39m [30m[42m @makanmakan/database [49m[39m src/services/__tests__/POSService.test.ts[2m > [22mPOSService[2m > [22m收據管理[2m > [22mprintReceipt[2m > [22m應該成功打印收據[32m 14[2mms[22m[39m
 [31m×[39m [30m[42m @makanmakan/database [49m[39m src/services/__tests__/POSService.test.ts[2m > [22mPOSService[2m > [22m收據管理[2m > [22mprintReceipt[2m > [22m應該拒絕打印不存在的訂單[32m 6[2mms[22m[39m
[31m   → expected true to be false // Object.is equality[39m
 [32m✓[39m [30m[42m @makanmakan/database [49m[39m src/services/__tests__/POSService.test.ts[2m > [22mPOSService[2m > [22m收據管理[2m > [22mprintReceipt[2m > [22m應該生成正確的收據內容[32m 12[2mms[22m[39m
 [32m✓[39m [30m[42m @makanmakan/database [49m[39m src/services/__tests__/POSService.test.ts[2m > [22mPOSService[2m > [22m收據管理[2m > [22mprintReceipt[2m > [22m應該支持多種收據類型[32m 3[2mms[22m[39m
 [32m✓[39m [30m[42m @makanmakan/database [49m[39m src/services/__tests__/POSService.test.ts[2m > [22mPOSService[2m > [22m退款處理[2m > [22mprocessRefund[2m > [22m應該成功處理全額退款[32m 4[2mms[22m[39m
 [32m✓[39m [30m[42m @makanmakan/database [49m[39m src/services/__tests__/POSService.test.ts[2m > [22mPOSService[2m > [22m退款處理[2m > [22mprocessRefund[2m > [22m應該成功處理部分退款[32m 4[2mms[22m[39m
 [31m×[39m [30m[42m @makanmakan/database [49m[39m src/services/__tests__/POSService.test.ts[2m > [22mPOSService[2m > [22m退款處理[2m > [22mprocessRefund[2m > [22m應該拒絕超過原訂單金額的退款[32m 5[2mms[22m[39m
[31m   → expected true to be false // Object.is equality[39m
 [31m×[39m [30m[42m @makanmakan/database [49m[39m src/services/__tests__/POSService.test.ts[2m > [22mPOSService[2m > [22m退款處理[2m > [22mprocessRefund[2m > [22m應該拒絕退款不存在的訂單[32m 3[2mms[22m[39m
[31m   → expected true to be false // Object.is equality[39m
 [32m✓[39m [30m[42m @makanmakan/database [49m[39m src/services/__tests__/POSService.test.ts[2m > [22mPOSService[2m > [22m退款處理[2m > [22mprocessRefund[2m > [22m應該生成唯一的退款編號[32m 3[2mms[22m[39m
 [31m×[39m [30m[42m @makanmakan/database [49m[39m src/services/__tests__/POSService.test.ts[2m > [22mPOSService[2m > [22m報表生成[2m > [22mgenerateShiftReport[2m > [22m應該成功生成班次報表[32m 3[2mms[22m[39m
[31m   → Cannot read properties of undefined (reading 'id')[39m
 [31m×[39m [30m[42m @makanmakan/database [49m[39m src/services/__tests__/POSService.test.ts[2m > [22mPOSService[2m > [22m報表生成[2m > [22mgenerateShiftReport[2m > [22m報表應包含班次基本資訊[32m 1[2mms[22m[39m
[31m   → Cannot read properties of undefined (reading 'id')[39m
 [31m×[39m [30m[42m @makanmakan/database [49m[39m src/services/__tests__/POSService.test.ts[2m > [22mPOSService[2m > [22m報表生成[2m > [22mgenerateShiftReport[2m > [22m報表應包含銷售摘要[32m 2[2mms[22m[39m
[31m   → Cannot read properties of undefined (reading 'id')[39m
[90mstderr[2m | src/services/__tests__/POSService.test.ts[2m > [22m[2mPOSService[2m > [22m[2m錯誤處理[2m > [22m[2m應該正確處理數據庫錯誤
[22m[39m創建收銀機失敗: Error: Database connection failed
    at Object.insert [90m(C:\Users\minim\OneDrive\文档\Code\platform\makanmakan\[39mpackages\database\src\services\__tests__\POSService.test.ts:894:17[90m)[39m
    at POSService.createRegister [90m(C:\Users\minim\OneDrive\文档\Code\platform\makanmakan\[39mpackages\database\src\services\POSService.ts:262:21[90m)[39m
    at [90mC:\Users\minim\OneDrive\文档\Code\platform\makanmakan\[39mpackages\database\src\services\__tests__\POSService.test.ts:906:41
    at [90mfile:///C:/Users/minim/OneDrive/%E6%96%87%E6%A1%A3/Code/platform/makanmakan/[39mnode_modules/[4m.pnpm[24m/@vitest+runner@3.2.4/node_modules/[4m@vitest[24m/runner/dist/chunk-hooks.js:155:11
    at [90mfile:///C:/Users/minim/OneDrive/%E6%96%87%E6%A1%A3/Code/platform/makanmakan/[39mnode_modules/[4m.pnpm[24m/@vitest+runner@3.2.4/node_modules/[4m@vitest[24m/runner/dist/chunk-hooks.js:752:26
    at [90mfile:///C:/Users/minim/OneDrive/%E6%96%87%E6%A1%A3/Code/platform/makanmakan/[39mnode_modules/[4m.pnpm[24m/@vitest+runner@3.2.4/node_modules/[4m@vitest[24m/runner/dist/chunk-hooks.js:1897:20
    at new Promise (<anonymous>)
    at runWithTimeout [90m(file:///C:/Users/minim/OneDrive/%E6%96%87%E6%A1%A3/Code/platform/makanmakan/[39mnode_modules/[4m.pnpm[24m/@vitest+runner@3.2.4/node_modules/[4m@vitest[24m/runner/dist/chunk-hooks.js:1863:10[90m)[39m
    at runTest [90m(file:///C:/Users/minim/OneDrive/%E6%96%87%E6%A1%A3/Code/platform/makanmakan/[39mnode_modules/[4m.pnpm[24m/@vitest+runner@3.2.4/node_modules/[4m@vitest[24m/runner/dist/chunk-hooks.js:1574:12[90m)[39m
[90m    at processTicksAndRejections (node:internal/process/task_queues:105:5)[39m

[90mstderr[2m | src/services/__tests__/POSService.test.ts[2m > [22m[2mPOSService[2m > [22m[2m錯誤處理[2m > [22m[2m應該處理無效的輸入數據
[22m[39m創建收銀機失敗: ZodError: [
  {
    "code": "too_small",
    "minimum": 1,
    "type": "string",
    "inclusive": true,
    "exact": false,
    "message": "String must contain at least 1 character(s)",
    "path": [
      "name"
    ]
  },
  {
    "code": "too_small",
    "minimum": 0,
    "type": "number",
    "inclusive": false,
    "exact": false,
    "message": "Number must be greater than 0",
    "path": [
      "restaurantId"
    ]
  }
]
    at Object.get error [as error] [90m(file:///C:/Users/minim/OneDrive/%E6%96%87%E6%A1%A3/Code/platform/makanmakan/[39mnode_modules/[4m.pnpm[24m/zod@3.22.3/node_modules/[4mzod[24m/lib/index.mjs:538:31[90m)[39m
    at ZodObject.parse [90m(file:///C:/Users/minim/OneDrive/%E6%96%87%E6%A1%A3/Code/platform/makanmakan/[39mnode_modules/[4m.pnpm[24m/zod@3.22.3/node_modules/[4mzod[24m/lib/index.mjs:638:22[90m)[39m
    at POSService.createRegister [90m(C:\Users\minim\OneDrive\文档\Code\platform\makanmakan\[39mpackages\database\src\services\POSService.ts:244:50[90m)[39m
    at [90mC:\Users\minim\OneDrive\文档\Code\platform\makanmakan\[39mpackages\database\src\services\__tests__\POSService.test.ts:921:36
    at [90mfile:///C:/Users/minim/OneDrive/%E6%96%87%E6%A1%A3/Code/platform/makanmakan/[39mnode_modules/[4m.pnpm[24m/@vitest+runner@3.2.4/node_modules/[4m@vitest[24m/runner/dist/chunk-hooks.js:155:11
    at [90mfile:///C:/Users/minim/OneDrive/%E6%96%87%E6%A1%A3/Code/platform/makanmakan/[39mnode_modules/[4m.pnpm[24m/@vitest+runner@3.2.4/node_modules/[4m@vitest[24m/runner/dist/chunk-hooks.js:752:26
    at [90mfile:///C:/Users/minim/OneDrive/%E6%96%87%E6%A1%A3/Code/platform/makanmakan/[39mnode_modules/[4m.pnpm[24m/@vitest+runner@3.2.4/node_modules/[4m@vitest[24m/runner/dist/chunk-hooks.js:1897:20
    at new Promise (<anonymous>)
    at runWithTimeout [90m(file:///C:/Users/minim/OneDrive/%E6%96%87%E6%A1%A3/Code/platform/makanmakan/[39mnode_modules/[4m.pnpm[24m/@vitest+runner@3.2.4/node_modules/[4m@vitest[24m/runner/dist/chunk-hooks.js:1863:10[90m)[39m
    at runTest [90m(file:///C:/Users/minim/OneDrive/%E6%96%87%E6%A1%A3/Code/platform/makanmakan/[39mnode_modules/[4m.pnpm[24m/@vitest+runner@3.2.4/node_modules/[4m@vitest[24m/runner/dist/chunk-hooks.js:1574:12[90m)[39m {
  issues: [
    {
      code: [32m'too_small'[39m,
      minimum: [33m1[39m,
      type: [32m'string'[39m,
      inclusive: [33mtrue[39m,
      exact: [33mfalse[39m,
      message: [32m'String must contain at least 1 character(s)'[39m,
      path: [36m[Array][39m
    },
    {
      code: [32m'too_small'[39m,
      minimum: [33m0[39m,
      type: [32m'number'[39m,
      inclusive: [33mfalse[39m,
      exact: [33mfalse[39m,
      message: [32m'Number must be greater than 0'[39m,
      path: [36m[Array][39m
    }
  ],
  addIssue: [36m[Function (anonymous)][39m,
  addIssues: [36m[Function (anonymous)][39m,
  errors: [
    {
      code: [32m'too_small'[39m,
      minimum: [33m1[39m,
      type: [32m'string'[39m,
      inclusive: [33mtrue[39m,
      exact: [33mfalse[39m,
      message: [32m'String must contain at least 1 character(s)'[39m,
      path: [36m[Array][39m
    },
    {
      code: [32m'too_small'[39m,
      minimum: [33m0[39m,
      type: [32m'number'[39m,
      inclusive: [33mfalse[39m,
      exact: [33mfalse[39m,
      message: [32m'Number must be greater than 0'[39m,
      path: [36m[Array][39m
    }
  ]
}

[90mstderr[2m | src/services/__tests__/POSService.test.ts[2m > [22m[2mPOSService[2m > [22m[2m錯誤處理[2m > [22m[2m應該處理缺失的必填字段
[22m[39m創建收銀機失敗: ZodError: [
  {
    "code": "invalid_type",
    "expected": "number",
    "received": "undefined",
    "path": [
      "restaurantId"
    ],
    "message": "Required"
  }
]
    at Object.get error [as error] [90m(file:///C:/Users/minim/OneDrive/%E6%96%87%E6%A1%A3/Code/platform/makanmakan/[39mnode_modules/[4m.pnpm[24m/zod@3.22.3/node_modules/[4mzod[24m/lib/index.mjs:538:31[90m)[39m
    at ZodObject.parse [90m(file:///C:/Users/minim/OneDrive/%E6%96%87%E6%A1%A3/Code/platform/makanmakan/[39mnode_modules/[4m.pnpm[24m/zod@3.22.3/node_modules/[4mzod[24m/lib/index.mjs:638:22[90m)[39m
    at POSService.createRegister [90m(C:\Users\minim\OneDrive\文档\Code\platform\makanmakan\[39mpackages\database\src\services\POSService.ts:244:50[90m)[39m
    at [90mC:\Users\minim\OneDrive\文档\Code\platform\makanmakan\[39mpackages\database\src\services\__tests__\POSService.test.ts:932:36
    at [90mfile:///C:/Users/minim/OneDrive/%E6%96%87%E6%A1%A3/Code/platform/makanmakan/[39mnode_modules/[4m.pnpm[24m/@vitest+runner@3.2.4/node_modules/[4m@vitest[24m/runner/dist/chunk-hooks.js:155:11
    at [90mfile:///C:/Users/minim/OneDrive/%E6%96%87%E6%A1%A3/Code/platform/makanmakan/[39mnode_modules/[4m.pnpm[24m/@vitest+runner@3.2.4/node_modules/[4m@vitest[24m/runner/dist/chunk-hooks.js:752:26
    at [90mfile:///C:/Users/minim/OneDrive/%E6%96%87%E6%A1%A3/Code/platform/makanmakan/[39mnode_modules/[4m.pnpm[24m/@vitest+runner@3.2.4/node_modules/[4m@vitest[24m/runner/dist/chunk-hooks.js:1897:20
    at new Promise (<anonymous>)
    at runWithTimeout [90m(file:///C:/Users/minim/OneDrive/%E6%96%87%E6%A1%A3/Code/platform/makanmakan/[39mnode_modules/[4m.pnpm[24m/@vitest+runner@3.2.4/node_modules/[4m@vitest[24m/runner/dist/chunk-hooks.js:1863:10[90m)[39m
    at runTest [90m(file:///C:/Users/minim/OneDrive/%E6%96%87%E6%A1%A3/Code/platform/makanmakan/[39mnode_modules/[4m.pnpm[24m/@vitest+runner@3.2.4/node_modules/[4m@vitest[24m/runner/dist/chunk-hooks.js:1574:12[90m)[39m {
  issues: [
    {
      code: [32m'invalid_type'[39m,
      expected: [32m'number'[39m,
      received: [32m'undefined'[39m,
      path: [36m[Array][39m,
      message: [32m'Required'[39m
    }
  ],
  addIssue: [36m[Function (anonymous)][39m,
  addIssues: [36m[Function (anonymous)][39m,
  errors: [
    {
      code: [32m'invalid_type'[39m,
      expected: [32m'number'[39m,
      received: [32m'undefined'[39m,
      path: [36m[Array][39m,
      message: [32m'Required'[39m
    }
  ]
}

 [32m✓[39m [30m[42m @makanmakan/database [49m[39m src/services/__tests__/table.test.ts[2m > [22mTableService[2m > [22mgetTableByQRCode[2m > [22mshould return null when QR code not found[32m 35[2mms[22m[39m
 [32m✓[39m [30m[42m @makanmakan/database [49m[39m src/services/__tests__/table.test.ts[2m > [22mTableService[2m > [22mupdateTable[2m > [22mshould update table successfully[32m 11[2mms[22m[39m
 [32m✓[39m [30m[42m @makanmakan/database [49m[39m src/services/__tests__/table.test.ts[2m > [22mTableService[2m > [22mupdateTable[2m > [22mshould return undefined when table not found[32m 6[2mms[22m[39m
 [32m✓[39m [30m[42m @makanmakan/database [49m[39m src/services/__tests__/table.test.ts[2m > [22mTableService[2m > [22mupdateTable[2m > [22mshould update table status[32m 9[2mms[22m[39m
 [32m✓[39m [30m[42m @makanmakan/database [49m[39m src/services/__tests__/table.test.ts[2m > [22mTableService[2m > [22mdeleteTable[2m > [22mshould delete table successfully[32m 9[2mms[22m[39m
 [32m✓[39m [30m[42m @makanmakan/database [49m[39m src/services/__tests__/table.test.ts[2m > [22mTableService[2m > [22mdeleteTable[2m > [22mshould always return true (soft delete)[32m 44[2mms[22m[39m
 [32m✓[39m [30m[42m @makanmakan/database [49m[39m src/services/__tests__/table.test.ts[2m > [22mTableService[2m > [22mgetRestaurantTables[2m > [22mshould fetch all tables for a restaurant[32m 9[2mms[22m[39m
 [32m✓[39m [30m[42m @makanmakan/database [49m[39m src/services/__tests__/table.test.ts[2m > [22mTableService[2m > [22mgetRestaurantTables[2m > [22mshould filter by floor[32m 5[2mms[22m[39m
 [31m×[39m [30m[42m @makanmakan/database [49m[39m src/services/__tests__/POSService.test.ts[2m > [22mPOSService[2m > [22m報表生成[2m > [22mgenerateShiftReport[2m > [22m報表應包含支付方式分類[32m 30[2mms[22m[39m
[31m   → Cannot read properties of undefined (reading 'id')[39m
 [31m×[39m [30m[42m @makanmakan/database [49m[39m src/services/__tests__/POSService.test.ts[2m > [22mPOSService[2m > [22m報表生成[2m > [22mgenerateShiftReport[2m > [22m應該拒絕生成不存在班次的報表[32m 3[2mms[22m[39m
[31m   → Cannot read properties of undefined (reading 'id')[39m
 [31m×[39m [30m[42m @makanmakan/database [49m[39m src/services/__tests__/POSService.test.ts[2m > [22mPOSService[2m > [22m報表生成[2m > [22mgetShiftStats[2m > [22m應該返回餐廳的班次統計[32m 7[2mms[22m[39m
[31m   → Cannot read properties of undefined (reading 'id')[39m
 [31m×[39m [30m[42m @makanmakan/database [49m[39m src/services/__tests__/POSService.test.ts[2m > [22mPOSService[2m > [22m報表生成[2m > [22mgetShiftStats[2m > [22m應該支持日期範圍過濾[32m 2[2mms[22m[39m
[31m   → Cannot read properties of undefined (reading 'id')[39m
 [32m✓[39m [30m[42m @makanmakan/database [49m[39m src/services/__tests__/POSService.test.ts[2m > [22mPOSService[2m > [22m錯誤處理[2m > [22m應該正確處理數據庫錯誤[32m 4[2mms[22m[39m
 [32m✓[39m [30m[42m @makanmakan/database [49m[39m src/services/__tests__/POSService.test.ts[2m > [22mPOSService[2m > [22m錯誤處理[2m > [22m應該處理無效的輸入數據[32m 4[2mms[22m[39m
 [32m✓[39m [30m[42m @makanmakan/database [49m[39m src/services/__tests__/POSService.test.ts[2m > [22mPOSService[2m > [22m錯誤處理[2m > [22m應該處理缺失的必填字段[32m 3[2mms[22m[39m
 [32m✓[39m [30m[42m @makanmakan/database [49m[39m src/services/__tests__/POSService.test.ts[2m > [22mPOSService[2m > [22m併發處理[2m > [22m應該防止同時在同一收銀機開啟多個班次[32m 2[2mms[22m[39m
 [31m×[39m [30m[42m @makanmakan/database [49m[39m src/services/__tests__/POSService.test.ts[2m > [22mPOSService[2m > [22m數據完整性[2m > [22m班次結束後應清除收銀機的當前班次ID[32m 2[2mms[22m[39m
[31m   → Cannot read properties of undefined (reading 'id')[39m
 [31m×[39m [30m[42m @makanmakan/database [49m[39m src/services/__tests__/POSService.test.ts[2m > [22mPOSService[2m > [22m數據完整性[2m > [22m應該正確累計班次銷售統計[32m 2[2mms[22m[39m
[31m   → Cannot read properties of undefined (reading 'id')[39m
 [32m✓[39m [30m[42m @makanmakan/database [49m[39m src/services/__tests__/menu.test.ts[2m > [22mMenuService[2m > [22mgetFeaturedItems[2m > [22mshould return empty array when no featured items[32m 6[2mms[22m[39m
 [32m✓[39m [30m[42m @makanmakan/database [49m[39m src/services/__tests__/menu.test.ts[2m > [22mMenuService[2m > [22mgetPopularItems[2m > [22mshould return popular items ordered by order count and rating[32m 36[2mms[22m[39m
 [32m✓[39m [30m[42m @makanmakan/database [49m[39m src/services/__tests__/menu.test.ts[2m > [22mMenuService[2m > [22mgetPopularItems[2m > [22mshould only return available items[32m 7[2mms[22m[39m
 [32m✓[39m [30m[42m @makanmakan/database [49m[39m src/services/__tests__/menu.test.ts[2m > [22mMenuService[2m > [22msearchMenuItems[2m > [22mshould search with category filter[32m 27[2mms[22m[39m
 [32m✓[39m [30m[42m @makanmakan/database [49m[39m src/services/__tests__/menu.test.ts[2m > [22mMenuService[2m > [22msearchMenuItems[2m > [22mshould search with price range filter[32m 6[2mms[22m[39m
 [32m✓[39m [30m[42m @makanmakan/database [49m[39m src/services/__tests__/menu.test.ts[2m > [22mMenuService[2m > [22msearchMenuItems[2m > [22mshould search with text query[32m 5[2mms[22m[39m
 [32m✓[39m [30m[42m @makanmakan/database [49m[39m src/services/__tests__/auth.test.ts[2m > [22mAuthService[2m > [22mRegister[2m > [22mshould reject password without number[32m 35[2mms[22m[39m
 [32m✓[39m [30m[42m @makanmakan/database [49m[39m src/services/__tests__/auth.test.ts[2m > [22mAuthService[2m > [22mRegister[2m > [22mshould reject password without special character[32m 38[2mms[22m[39m
 [32m✓[39m [30m[42m @makanmakan/database [49m[39m src/services/__tests__/auth.test.ts[2m > [22mAuthService[2m > [22mRegister[2m > [22mshould enforce strict password requirements for staff[32m 18[2mms[22m[39m
 [32m✓[39m [30m[42m @makanmakan/database [49m[39m src/services/__tests__/auth.test.ts[2m > [22mAuthService[2m > [22mRegister[2m > [22mshould accept relaxed password for customers[32m 8[2mms[22m[39m
 [32m✓[39m [30m[42m @makanmakan/database [49m[39m src/services/__tests__/auth.test.ts[2m > [22mAuthService[2m > [22mRegister[2m > [22mshould reject password over 128 characters[32m 18[2mms[22m[39m
 [32m✓[39m [30m[42m @makanmakan/database [49m[39m src/services/__tests__/table.test.ts[2m > [22mTableService[2m > [22mgetRestaurantTables[2m > [22mshould filter by occupied status[32m 6[2mms[22m[39m
 [32m✓[39m [30m[42m @makanmakan/database [49m[39m src/services/__tests__/table.test.ts[2m > [22mTableService[2m > [22mgetRestaurantTables[2m > [22mshould filter by capacity range[32m 31[2mms[22m[39m
 [32m✓[39m [30m[42m @makanmakan/database [49m[39m src/services/__tests__/table.test.ts[2m > [22mTableService[2m > [22mgetRestaurantTables[2m > [22mshould search by table number or name[32m 14[2mms[22m[39m
 [32m✓[39m [30m[42m @makanmakan/database [49m[39m src/services/__tests__/table.test.ts[2m > [22mTableService[2m > [22moccupyTable[2m > [22mshould occupy table successfully[32m 7[2mms[22m[39m
 [32m✓[39m [30m[42m @makanmakan/database [49m[39m src/services/__tests__/table.test.ts[2m > [22mTableService[2m > [22moccupyTable[2m > [22mshould always return true (Drizzle ORM limitation)[32m 11[2mms[22m[39m
 [32m✓[39m [30m[42m @makanmakan/database [49m[39m src/services/__tests__/table.test.ts[2m > [22mTableService[2m > [22mreleaseTable[2m > [22mshould release table successfully[32m 34[2mms[22m[39m
 [32m✓[39m [30m[42m @makanmakan/database [49m[39m src/services/__tests__/menu.test.ts[2m > [22mMenuService[2m > [22msearchMenuItems[2m > [22mshould search with spice level filter[32m 26[2mms[22m[39m
 [32m✓[39m [30m[42m @makanmakan/database [49m[39m src/services/__tests__/menu.test.ts[2m > [22mMenuService[2m > [22msearchMenuItems[2m > [22mshould search with availability filter[32m 6[2mms[22m[39m
 [32m✓[39m [30m[42m @makanmakan/database [49m[39m src/services/__tests__/menu.test.ts[2m > [22mMenuService[2m > [22msearchMenuItems[2m > [22mshould search with featured filter[32m 16[2mms[22m[39m
 [32m✓[39m [30m[42m @makanmakan/database [49m[39m src/services/__tests__/menu.test.ts[2m > [22mMenuService[2m > [22msearchMenuItems[2m > [22mshould search with dietary preferences[32m 5[2mms[22m[39m
 [32m✓[39m [30m[42m @makanmakan/database [49m[39m src/services/__tests__/menu.test.ts[2m > [22mMenuService[2m > [22msearchMenuItems[2m > [22mshould handle pagination correctly[32m 35[2mms[22m[39m
 [32m✓[39m [30m[42m @makanmakan/database [49m[39m src/services/__tests__/menu.test.ts[2m > [22mMenuService[2m > [22msearchMenuItems[2m > [22mshould return empty results when no matches[32m 9[2mms[22m[39m
 [32m✓[39m [30m[42m @makanmakan/database [49m[39m src/services/__tests__/menu.test.ts[2m > [22mMenuService[2m > [22mcreateMenuItem[2m > [22mshould create new menu item successfully[32m 41[2mms[22m[39m
 [32m✓[39m [30m[42m @makanmakan/database [49m[39m src/services/__tests__/auth.test.ts[2m > [22mAuthService[2m > [22mRefreshToken[2m > [22mshould successfully refresh token with valid refresh token[32m 52[2mms[22m[39m
 [32m✓[39m [30m[42m @makanmakan/database [49m[39m src/services/__tests__/auth.test.ts[2m > [22mAuthService[2m > [22mRefreshToken[2m > [22mshould fail with invalid refresh token signature[32m 10[2mms[22m[39m
 [32m✓[39m [30m[42m @makanmakan/database [49m[39m src/services/__tests__/auth.test.ts[2m > [22mAuthService[2m > [22mRefreshToken[2m > [22mshould fail with access token instead of refresh token[32m 16[2mms[22m[39m
 [32m✓[39m [30m[42m @makanmakan/database [49m[39m src/services/__tests__/auth.test.ts[2m > [22mAuthService[2m > [22mRefreshToken[2m > [22mshould fail if session not found[32m 17[2mms[22m[39m
 [32m✓[39m [30m[42m @makanmakan/database [49m[39m src/services/__tests__/auth.test.ts[2m > [22mAuthService[2m > [22mRefreshToken[2m > [22mshould fail if user is inactive[32m 15[2mms[22m[39m
[90mstderr[2m | src/services/__tests__/menu.test.ts[2m > [22m[2mMenuService[2m > [22m[2mcreateMenuItem[2m > [22m[2mshould throw error on database failure
[22m[39mDatabase error in createMenuItem: Database error
Stack trace: Error: Database error
    at Object.<anonymous> (C:\Users\minim\OneDrive\文档\Code\platform\makanmakan\packages\database\src\services\__tests__\menu.test.ts:534:15)
    at Object.mockCall (file:///C:/Users/minim/OneDrive/%E6%96%87%E6%A1%A3/Code/platform/makanmakan/node_modules/.pnpm/@vitest+spy@3.2.4/node_modules/@vitest/spy/dist/index.js:96:15)
    at Object.spy [as insert] (file:///C:/Users/minim/OneDrive/%E6%96%87%E6%A1%A3/Code/platform/makanmakan/node_modules/.pnpm/tinyspy@4.0.3/node_modules/tinyspy/dist/index.js:47:103)
    at MenuService.createMenuItem (C:\Users\minim\OneDrive\文档\Code\platform\makanmakan\packages\database\src\services\menu.ts:314:10)
    at C:\Users\minim\OneDrive\文档\Code\platform\makanmakan\packages\database\src\services\__tests__\menu.test.ts:539:21
    at file:///C:/Users/minim/OneDrive/%E6%96%87%E6%A1%A3/Code/platform/makanmakan/node_modules/.pnpm/@vitest+runner@3.2.4/node_modules/@vitest/runner/dist/chunk-hooks.js:155:11
    at file:///C:/Users/minim/OneDrive/%E6%96%87%E6%A1%A3/Code/platform/makanmakan/node_modules/.pnpm/@vitest+runner@3.2.4/node_modules/@vitest/runner/dist/chunk-hooks.js:752:26
    at file:///C:/Users/minim/OneDrive/%E6%96%87%E6%A1%A3/Code/platform/makanmakan/node_modules/.pnpm/@vitest+runner@3.2.4/node_modules/@vitest/runner/dist/chunk-hooks.js:1897:20
    at new Promise (<anonymous>)
    at runWithTimeout (file:///C:/Users/minim/OneDrive/%E6%96%87%E6%A1%A3/Code/platform/makanmakan/node_modules/.pnpm/@vitest+runner@3.2.4/node_modules/@vitest/runner/dist/chunk-hooks.js:1863:10)

 [32m✓[39m [30m[42m @makanmakan/database [49m[39m src/services/__tests__/table.test.ts[2m > [22mTableService[2m > [22mreleaseTable[2m > [22mshould always return true (Drizzle ORM limitation)[32m 12[2mms[22m[39m
 [32m✓[39m [30m[42m @makanmakan/database [49m[39m src/services/__tests__/table.test.ts[2m > [22mTableService[2m > [22mmarkTableCleaned[2m > [22mshould mark table as cleaned[32m 6[2mms[22m[39m
 [32m✓[39m [30m[42m @makanmakan/database [49m[39m src/services/__tests__/table.test.ts[2m > [22mTableService[2m > [22mmarkTableCleaned[2m > [22mshould always return true (Drizzle ORM limitation)[32m 5[2mms[22m[39m
 [32m✓[39m [30m[42m @makanmakan/database [49m[39m src/services/__tests__/table.test.ts[2m > [22mTableService[2m > [22mgetAvailableTables[2m > [22mshould fetch available tables[32m 25[2mms[22m[39m
 [32m✓[39m [30m[42m @makanmakan/database [49m[39m src/services/__tests__/table.test.ts[2m > [22mTableService[2m > [22mgetAvailableTables[2m > [22mshould filter by minimum capacity[32m 11[2mms[22m[39m
 [32m✓[39m [30m[42m @makanmakan/database [49m[39m src/services/__tests__/table.test.ts[2m > [22mTableService[2m > [22mgetAvailableTables[2m > [22mshould return empty array when no tables available[32m 7[2mms[22m[39m
 [32m✓[39m [30m[42m @makanmakan/database [49m[39m src/services/__tests__/table.test.ts[2m > [22mTableService[2m > [22mgetTableStats[2m > [22mshould return table statistics[32m 37[2mms[22m[39m
[90mstderr[2m | src/services/__tests__/menu.test.ts[2m > [22m[2mMenuService[2m > [22m[2mupdateMenuItem[2m > [22m[2mshould throw error when item not found
[22m[39mDatabase error in updateMenuItem: Menu item not found
Stack trace: Error: Menu item not found
    at MenuService.updateMenuItem (C:\Users\minim\OneDrive\文档\Code\platform\makanmakan\packages\database\src\services\menu.ts:348:15)
    at processTicksAndRejections (node:internal/process/task_queues:105:5)

[90mstderr[2m | src/services/__tests__/table.test.ts[2m > [22m[2mTableService[2m > [22m[2mError Handling[2m > [22m[2mshould handle database errors in createTable
[22m[39mDatabase error in createTable: Database error
Stack trace: Error: Database error
    at Object.<anonymous> (C:\Users\minim\OneDrive\文档\Code\platform\makanmakan\packages\database\src\services\__tests__\table.test.ts:649:15)
    at Object.mockCall (file:///C:/Users/minim/OneDrive/%E6%96%87%E6%A1%A3/Code/platform/makanmakan/node_modules/.pnpm/@vitest+spy@3.2.4/node_modules/@vitest/spy/dist/index.js:96:15)
    at Object.spy [as select] (file:///C:/Users/minim/OneDrive/%E6%96%87%E6%A1%A3/Code/platform/makanmakan/node_modules/.pnpm/tinyspy@4.0.3/node_modules/tinyspy/dist/index.js:47:103)
    at TableService.createTable (C:\Users\minim\OneDrive\文档\Code\platform\makanmakan\packages\database\src\services\table.ts:81:10)
    at C:\Users\minim\OneDrive\文档\Code\platform\makanmakan\packages\database\src\services\__tests__\table.test.ts:654:22
    at file:///C:/Users/minim/OneDrive/%E6%96%87%E6%A1%A3/Code/platform/makanmakan/node_modules/.pnpm/@vitest+runner@3.2.4/node_modules/@vitest/runner/dist/chunk-hooks.js:155:11
    at file:///C:/Users/minim/OneDrive/%E6%96%87%E6%A1%A3/Code/platform/makanmakan/node_modules/.pnpm/@vitest+runner@3.2.4/node_modules/@vitest/runner/dist/chunk-hooks.js:752:26
    at file:///C:/Users/minim/OneDrive/%E6%96%87%E6%A1%A3/Code/platform/makanmakan/node_modules/.pnpm/@vitest+runner@3.2.4/node_modules/@vitest/runner/dist/chunk-hooks.js:1897:20
    at new Promise (<anonymous>)
    at runWithTimeout (file:///C:/Users/minim/OneDrive/%E6%96%87%E6%A1%A3/Code/platform/makanmakan/node_modules/.pnpm/@vitest+runner@3.2.4/node_modules/@vitest/runner/dist/chunk-hooks.js:1863:10)

 [32m✓[39m [30m[42m @makanmakan/database [49m[39m src/services/__tests__/menu.test.ts[2m > [22mMenuService[2m > [22mcreateMenuItem[2m > [22mshould update category item count after creation[32m 11[2mms[22m[39m
 [32m✓[39m [30m[42m @makanmakan/database [49m[39m src/services/__tests__/menu.test.ts[2m > [22mMenuService[2m > [22mcreateMenuItem[2m > [22mshould invalidate cache after creation[32m 7[2mms[22m[39m
 [31m×[39m [30m[42m @makanmakan/database [49m[39m src/services/__tests__/menu.test.ts[2m > [22mMenuService[2m > [22mcreateMenuItem[2m > [22mshould throw error on database failure[32m 43[2mms[22m[39m
[31m   → expected [Function] to throw error including 'Database operation failed: createMenu…' but got 'Database error'[39m
 [32m✓[39m [30m[42m @makanmakan/database [49m[39m src/services/__tests__/menu.test.ts[2m > [22mMenuService[2m > [22mupdateMenuItem[2m > [22mshould update menu item successfully[32m 8[2mms[22m[39m
 [31m×[39m [30m[42m @makanmakan/database [49m[39m src/services/__tests__/menu.test.ts[2m > [22mMenuService[2m > [22mupdateMenuItem[2m > [22mshould throw error when item not found[32m 9[2mms[22m[39m
[31m   → expected [Function] to throw error including 'Database operation failed: updateMenu…' but got 'Menu item not found'[39m
 [32m✓[39m [30m[42m @makanmakan/database [49m[39m src/services/__tests__/menu.test.ts[2m > [22mMenuService[2m > [22mupdateMenuItem[2m > [22mshould invalidate cache after update[32m 6[2mms[22m[39m
 [32m✓[39m [30m[42m @makanmakan/database [49m[39m src/services/__tests__/auth.test.ts[2m > [22mAuthService[2m > [22mValidateToken[2m > [22mshould successfully validate valid token[32m 32[2mms[22m[39m
 [32m✓[39m [30m[42m @makanmakan/database [49m[39m src/services/__tests__/auth.test.ts[2m > [22mAuthService[2m > [22mValidateToken[2m > [22mshould fail with invalid token signature[32m 14[2mms[22m[39m
 [32m✓[39m [30m[42m @makanmakan/database [49m[39m src/services/__tests__/auth.test.ts[2m > [22mAuthService[2m > [22mValidateToken[2m > [22mshould fail if session not found[32m 24[2mms[22m[39m
 [32m✓[39m [30m[42m @makanmakan/database [49m[39m src/services/__tests__/auth.test.ts[2m > [22mAuthService[2m > [22mValidateToken[2m > [22mshould update last accessed time on validation[32m 14[2mms[22m[39m
 [32m✓[39m [30m[42m @makanmakan/database [49m[39m src/services/__tests__/auth.test.ts[2m > [22mAuthService[2m > [22mLogout[2m > [22mshould logout user by deactivating all sessions[32m 9[2mms[22m[39m
 [32m✓[39m [30m[42m @makanmakan/database [49m[39m src/services/__tests__/auth.test.ts[2m > [22mAuthService[2m > [22mLogout[2m > [22mshould logout specific session with token[32m 30[2mms[22m[39m
[90mstderr[2m | src/services/__tests__/table.test.ts[2m > [22m[2mTableService[2m > [22m[2mError Handling[2m > [22m[2mshould handle database errors in getTableStats
[22m[39mDatabase error in getTableStats: Database error
Stack trace: Error: Database error
    at Object.<anonymous> (C:\Users\minim\OneDrive\文档\Code\platform\makanmakan\packages\database\src\services\__tests__\table.test.ts:677:15)
    at Object.mockCall (file:///C:/Users/minim/OneDrive/%E6%96%87%E6%A1%A3/Code/platform/makanmakan/node_modules/.pnpm/@vitest+spy@3.2.4/node_modules/@vitest/spy/dist/index.js:96:15)
    at Object.spy [as select] (file:///C:/Users/minim/OneDrive/%E6%96%87%E6%A1%A3/Code/platform/makanmakan/node_modules/.pnpm/tinyspy@4.0.3/node_modules/tinyspy/dist/index.js:47:103)
    at TableService.getTableStats (C:\Users\minim\OneDrive\文档\Code\platform\makanmakan\packages\database\src\services\table.ts:657:10)
    at C:\Users\minim\OneDrive\文档\Code\platform\makanmakan\packages\database\src\services\__tests__\table.test.ts:682:22
    at file:///C:/Users/minim/OneDrive/%E6%96%87%E6%A1%A3/Code/platform/makanmakan/node_modules/.pnpm/@vitest+runner@3.2.4/node_modules/@vitest/runner/dist/chunk-hooks.js:155:11
    at file:///C:/Users/minim/OneDrive/%E6%96%87%E6%A1%A3/Code/platform/makanmakan/node_modules/.pnpm/@vitest+runner@3.2.4/node_modules/@vitest/runner/dist/chunk-hooks.js:752:26
    at file:///C:/Users/minim/OneDrive/%E6%96%87%E6%A1%A3/Code/platform/makanmakan/node_modules/.pnpm/@vitest+runner@3.2.4/node_modules/@vitest/runner/dist/chunk-hooks.js:1897:20
    at new Promise (<anonymous>)
    at runWithTimeout (file:///C:/Users/minim/OneDrive/%E6%96%87%E6%A1%A3/Code/platform/makanmakan/node_modules/.pnpm/@vitest+runner@3.2.4/node_modules/@vitest/runner/dist/chunk-hooks.js:1863:10)

 [32m✓[39m [30m[42m @makanmakan/database [49m[39m src/services/__tests__/table.test.ts[2m > [22mTableService[2m > [22mgetTableStats[2m > [22mshould return zero stats when no tables exist[32m 15[2mms[22m[39m
 [31m×[39m [30m[42m @makanmakan/database [49m[39m src/services/__tests__/table.test.ts[2m > [22mTableService[2m > [22mError Handling[2m > [22mshould handle database errors in createTable[32m 19[2mms[22m[39m
[31m   → expected [Function] to throw error including 'Database operation failed: createTable' but got 'Database error'[39m
 [31m×[39m [30m[42m @makanmakan/database [49m[39m src/services/__tests__/table.test.ts[2m > [22mTableService[2m > [22mError Handling[2m > [22mshould handle database errors in getRestaurantTables[32m 45[2mms[22m[39m
[31m   → promise resolved "{ tables: [], total: +0, …(1) }" instead of rejecting[39m
 [31m×[39m [30m[42m @makanmakan/database [49m[39m src/services/__tests__/table.test.ts[2m > [22mTableService[2m > [22mError Handling[2m > [22mshould handle database errors in getTableStats[32m 11[2mms[22m[39m
[31m   → expected [Function] to throw error including 'Database operation failed: getTableSt…' but got 'Database error'[39m
[90mstderr[2m | src/services/__tests__/auth.test.ts[2m > [22m[2mAuthService[2m > [22m[2mLogout[2m > [22m[2mshould throw error on database failure
[22m[39mDatabase error in logout: Database error
Stack trace: Error: Database error
    at Object.<anonymous> (C:\Users\minim\OneDrive\文档\Code\platform\makanmakan\packages\database\src\services\__tests__\auth.test.ts:684:15)
    at Object.mockCall (file:///C:/Users/minim/OneDrive/%E6%96%87%E6%A1%A3/Code/platform/makanmakan/node_modules/.pnpm/@vitest+spy@3.2.4/node_modules/@vitest/spy/dist/index.js:96:15)
    at Object.spy [as update] (file:///C:/Users/minim/OneDrive/%E6%96%87%E6%A1%A3/Code/platform/makanmakan/node_modules/.pnpm/tinyspy@4.0.3/node_modules/tinyspy/dist/index.js:47:103)
    at AuthService.logout (C:\Users\minim\OneDrive\文档\Code\platform\makanmakan\packages\database\src\services\auth.ts:443:10)
    at C:\Users\minim\OneDrive\文档\Code\platform\makanmakan\packages\database\src\services\__tests__\auth.test.ts:688:32
    at file:///C:/Users/minim/OneDrive/%E6%96%87%E6%A1%A3/Code/platform/makanmakan/node_modules/.pnpm/@vitest+runner@3.2.4/node_modules/@vitest/runner/dist/chunk-hooks.js:155:11
    at file:///C:/Users/minim/OneDrive/%E6%96%87%E6%A1%A3/Code/platform/makanmakan/node_modules/.pnpm/@vitest+runner@3.2.4/node_modules/@vitest/runner/dist/chunk-hooks.js:752:26
    at file:///C:/Users/minim/OneDrive/%E6%96%87%E6%A1%A3/Code/platform/makanmakan/node_modules/.pnpm/@vitest+runner@3.2.4/node_modules/@vitest/runner/dist/chunk-hooks.js:1897:20
    at new Promise (<anonymous>)
    at runWithTimeout (file:///C:/Users/minim/OneDrive/%E6%96%87%E6%A1%A3/Code/platform/makanmakan/node_modules/.pnpm/@vitest+runner@3.2.4/node_modules/@vitest/runner/dist/chunk-hooks.js:1863:10)

 [32m✓[39m [30m[42m @makanmakan/database [49m[39m src/services/__tests__/menu.test.ts[2m > [22mMenuService[2m > [22mbatchUpdateAvailability[2m > [22mshould update multiple items availability[32m 29[2mms[22m[39m
 [32m✓[39m [30m[42m @makanmakan/database [49m[39m src/services/__tests__/menu.test.ts[2m > [22mMenuService[2m > [22mbatchUpdateAvailability[2m > [22mshould invalidate cache after batch update[32m 13[2mms[22m[39m
 [32m✓[39m [30m[42m @makanmakan/database [49m[39m src/services/__tests__/menu.test.ts[2m > [22mMenuService[2m > [22mincrementOrderCount[2m > [22mshould increment order count by 1[32m 14[2mms[22m[39m
 [32m✓[39m [30m[42m @makanmakan/database [49m[39m src/services/__tests__/menu.test.ts[2m > [22mMenuService[2m > [22mincrementOrderCount[2m > [22mshould increment order count by custom amount[32m 11[2mms[22m[39m
 [32m✓[39m [30m[42m @makanmakan/database [49m[39m src/services/__tests__/menu.test.ts[2m > [22mMenuService[2m > [22mincrementViewCount[2m > [22mshould increment view count[32m 28[2mms[22m[39m
 [32m✓[39m [30m[42m @makanmakan/database [49m[39m src/services/__tests__/menu.test.ts[2m > [22mMenuService[2m > [22mgetMenuItem[2m > [22mshould fetch menu item with relations[32m 8[2mms[22m[39m
 [32m✓[39m [30m[42m @makanmakan/database [49m[39m src/services/__tests__/menu.test.ts[2m > [22mMenuService[2m > [22mgetMenuItem[2m > [22mshould return null when item not found[32m 7[2mms[22m[39m
 [31m×[39m [30m[42m @makanmakan/database [49m[39m src/services/__tests__/auth.test.ts[2m > [22mAuthService[2m > [22mLogout[2m > [22mshould throw error on database failure[32m 98[2mms[22m[39m
[31m   → expected [Function] to throw error including 'Database operation failed: logout' but got 'Database error'[39m
[90mstderr[2m | src/services/__tests__/menu.test.ts[2m > [22m[2mMenuService[2m > [22m[2mcreateCategory[2m > [22m[2mshould throw error on database failure
[22m[39mDatabase error in createCategory: Database error
Stack trace: Error: Database error
    at Object.<anonymous> (C:\Users\minim\OneDrive\文档\Code\platform\makanmakan\packages\database\src\services\__tests__\menu.test.ts:755:15)
    at Object.mockCall (file:///C:/Users/minim/OneDrive/%E6%96%87%E6%A1%A3/Code/platform/makanmakan/node_modules/.pnpm/@vitest+spy@3.2.4/node_modules/@vitest/spy/dist/index.js:96:15)
    at Object.spy [as insert] (file:///C:/Users/minim/OneDrive/%E6%96%87%E6%A1%A3/Code/platform/makanmakan/node_modules/.pnpm/tinyspy@4.0.3/node_modules/tinyspy/dist/index.js:47:103)
    at MenuService.createCategory (C:\Users\minim\OneDrive\文档\Code\platform\makanmakan\packages\database\src\services\menu.ts:451:10)
    at C:\Users\minim\OneDrive\文档\Code\platform\makanmakan\packages\database\src\services\__tests__\menu.test.ts:760:21
    at file:///C:/Users/minim/OneDrive/%E6%96%87%E6%A1%A3/Code/platform/makanmakan/node_modules/.pnpm/@vitest+runner@3.2.4/node_modules/@vitest/runner/dist/chunk-hooks.js:155:11
    at file:///C:/Users/minim/OneDrive/%E6%96%87%E6%A1%A3/Code/platform/makanmakan/node_modules/.pnpm/@vitest+runner@3.2.4/node_modules/@vitest/runner/dist/chunk-hooks.js:752:26
    at file:///C:/Users/minim/OneDrive/%E6%96%87%E6%A1%A3/Code/platform/makanmakan/node_modules/.pnpm/@vitest+runner@3.2.4/node_modules/@vitest/runner/dist/chunk-hooks.js:1897:20
    at new Promise (<anonymous>)
    at runWithTimeout (file:///C:/Users/minim/OneDrive/%E6%96%87%E6%A1%A3/Code/platform/makanmakan/node_modules/.pnpm/@vitest+runner@3.2.4/node_modules/@vitest/runner/dist/chunk-hooks.js:1863:10)

[90mstderr[2m | src/services/__tests__/menu.test.ts[2m > [22m[2mMenuService[2m > [22m[2mError Handling[2m > [22m[2mshould handle database errors in getFeaturedItems
[22m[39mDatabase error in getFeaturedItems: Database error
Stack trace: Error: Database error
    at Object.<anonymous> (C:\Users\minim\OneDrive\文档\Code\platform\makanmakan\packages\database\src\services\__tests__\menu.test.ts:772:15)
    at Object.mockCall (file:///C:/Users/minim/OneDrive/%E6%96%87%E6%A1%A3/Code/platform/makanmakan/node_modules/.pnpm/@vitest+spy@3.2.4/node_modules/@vitest/spy/dist/index.js:96:15)
    at Object.spy [as select] (file:///C:/Users/minim/OneDrive/%E6%96%87%E6%A1%A3/Code/platform/makanmakan/node_modules/.pnpm/tinyspy@4.0.3/node_modules/tinyspy/dist/index.js:47:103)
    at MenuService.getFeaturedItems (C:\Users\minim\OneDrive\文档\Code\platform\makanmakan\packages\database\src\services\menu.ts:119:10)
    at C:\Users\minim\OneDrive\文档\Code\platform\makanmakan\packages\database\src\services\__tests__\menu.test.ts:777:21
    at file:///C:/Users/minim/OneDrive/%E6%96%87%E6%A1%A3/Code/platform/makanmakan/node_modules/.pnpm/@vitest+runner@3.2.4/node_modules/@vitest/runner/dist/chunk-hooks.js:155:11
    at file:///C:/Users/minim/OneDrive/%E6%96%87%E6%A1%A3/Code/platform/makanmakan/node_modules/.pnpm/@vitest+runner@3.2.4/node_modules/@vitest/runner/dist/chunk-hooks.js:752:26
    at file:///C:/Users/minim/OneDrive/%E6%96%87%E6%A1%A3/Code/platform/makanmakan/node_modules/.pnpm/@vitest+runner@3.2.4/node_modules/@vitest/runner/dist/chunk-hooks.js:1897:20
    at new Promise (<anonymous>)
    at runWithTimeout (file:///C:/Users/minim/OneDrive/%E6%96%87%E6%A1%A3/Code/platform/makanmakan/node_modules/.pnpm/@vitest+runner@3.2.4/node_modules/@vitest/runner/dist/chunk-hooks.js:1863:10)

[90mstderr[2m | src/services/__tests__/menu.test.ts[2m > [22m[2mMenuService[2m > [22m[2mError Handling[2m > [22m[2mshould handle database errors in searchMenuItems
[22m[39mDatabase error in searchMenuItems: Database error
Stack trace: Error: Database error
    at Object.<anonymous> (C:\Users\minim\OneDrive\文档\Code\platform\makanmakan\packages\database\src\services\__tests__\menu.test.ts:784:15)
    at Object.mockCall (file:///C:/Users/minim/OneDrive/%E6%96%87%E6%A1%A3/Code/platform/makanmakan/node_modules/.pnpm/@vitest+spy@3.2.4/node_modules/@vitest/spy/dist/index.js:96:15)
    at Object.spy [as select] (file:///C:/Users/minim/OneDrive/%E6%96%87%E6%A1%A3/Code/platform/makanmakan/node_modules/.pnpm/tinyspy@4.0.3/node_modules/tinyspy/dist/index.js:47:103)
    at MenuService.searchMenuItems (C:\Users\minim\OneDrive\文档\Code\platform\makanmakan\packages\database\src\services\menu.ts:258:10)
    at C:\Users\minim\OneDrive\文档\Code\platform\makanmakan\packages\database\src\services\__tests__\menu.test.ts:789:21
    at file:///C:/Users/minim/OneDrive/%E6%96%87%E6%A1%A3/Code/platform/makanmakan/node_modules/.pnpm/@vitest+runner@3.2.4/node_modules/@vitest/runner/dist/chunk-hooks.js:155:11
    at file:///C:/Users/minim/OneDrive/%E6%96%87%E6%A1%A3/Code/platform/makanmakan/node_modules/.pnpm/@vitest+runner@3.2.4/node_modules/@vitest/runner/dist/chunk-hooks.js:752:26
    at file:///C:/Users/minim/OneDrive/%E6%96%87%E6%A1%A3/Code/platform/makanmakan/node_modules/.pnpm/@vitest+runner@3.2.4/node_modules/@vitest/runner/dist/chunk-hooks.js:1897:20
    at new Promise (<anonymous>)
    at runWithTimeout (file:///C:/Users/minim/OneDrive/%E6%96%87%E6%A1%A3/Code/platform/makanmakan/node_modules/.pnpm/@vitest+runner@3.2.4/node_modules/@vitest/runner/dist/chunk-hooks.js:1863:10)

[90mstderr[2m | src/services/__tests__/menu.test.ts[2m > [22m[2mMenuService[2m > [22m[2mError Handling[2m > [22m[2mshould handle database errors in incrementOrderCount
[22m[39mDatabase error in incrementOrderCount: Database error
Stack trace: Error: Database error
    at Object.<anonymous> (C:\Users\minim\OneDrive\文档\Code\platform\makanmakan\packages\database\src\services\__tests__\menu.test.ts:796:15)
    at Object.mockCall (file:///C:/Users/minim/OneDrive/%E6%96%87%E6%A1%A3/Code/platform/makanmakan/node_modules/.pnpm/@vitest+spy@3.2.4/node_modules/@vitest/spy/dist/index.js:96:15)
    at Object.spy [as update] (file:///C:/Users/minim/OneDrive/%E6%96%87%E6%A1%A3/Code/platform/makanmakan/node_modules/.pnpm/tinyspy@4.0.3/node_modules/tinyspy/dist/index.js:47:103)
    at MenuService.incrementOrderCount (C:\Users\minim\OneDrive\文档\Code\platform\makanmakan\packages\database\src\services\menu.ts:393:10)
    at C:\Users\minim\OneDrive\文档\Code\platform\makanmakan\packages\database\src\services\__tests__\menu.test.ts:801:21
    at file:///C:/Users/minim/OneDrive/%E6%96%87%E6%A1%A3/Code/platform/makanmakan/node_modules/.pnpm/@vitest+runner@3.2.4/node_modules/@vitest/runner/dist/chunk-hooks.js:155:11
    at file:///C:/Users/minim/OneDrive/%E6%96%87%E6%A1%A3/Code/platform/makanmakan/node_modules/.pnpm/@vitest+runner@3.2.4/node_modules/@vitest/runner/dist/chunk-hooks.js:752:26
    at file:///C:/Users/minim/OneDrive/%E6%96%87%E6%A1%A3/Code/platform/makanmakan/node_modules/.pnpm/@vitest+runner@3.2.4/node_modules/@vitest/runner/dist/chunk-hooks.js:1897:20
    at new Promise (<anonymous>)
    at runWithTimeout (file:///C:/Users/minim/OneDrive/%E6%96%87%E6%A1%A3/Code/platform/makanmakan/node_modules/.pnpm/@vitest+runner@3.2.4/node_modules/@vitest/runner/dist/chunk-hooks.js:1863:10)

 [32m✓[39m [30m[42m @makanmakan/database [49m[39m src/services/__tests__/menu.test.ts[2m > [22mMenuService[2m > [22mcreateCategory[2m > [22mshould create new category successfully[32m 24[2mms[22m[39m
 [31m×[39m [30m[42m @makanmakan/database [49m[39m src/services/__tests__/menu.test.ts[2m > [22mMenuService[2m > [22mcreateCategory[2m > [22mshould throw error on database failure[32m 32[2mms[22m[39m
[31m   → expected [Function] to throw error including 'Database operation failed: createCate…' but got 'Database error'[39m
 [31m×[39m [30m[42m @makanmakan/database [49m[39m src/services/__tests__/menu.test.ts[2m > [22mMenuService[2m > [22mError Handling[2m > [22mshould handle database errors in getFeaturedItems[32m 12[2mms[22m[39m
[31m   → expected [Function] to throw error including 'Database operation failed: getFeature…' but got 'Database error'[39m
 [31m×[39m [30m[42m @makanmakan/database [49m[39m src/services/__tests__/menu.test.ts[2m > [22mMenuService[2m > [22mError Handling[2m > [22mshould handle database errors in searchMenuItems[32m 22[2mms[22m[39m
[31m   → expected [Function] to throw error including 'Database operation failed: searchMenu…' but got 'Database error'[39m
 [31m×[39m [30m[42m @makanmakan/database [49m[39m src/services/__tests__/menu.test.ts[2m > [22mMenuService[2m > [22mError Handling[2m > [22mshould handle database errors in incrementOrderCount[32m 23[2mms[22m[39m
[31m   → expected [Function] to throw error including 'Database operation failed: incrementO…' but got 'Database error'[39m
[90mstderr[2m | src/services/__tests__/menu.test.ts[2m > [22m[2mMenuService[2m > [22m[2mError Handling[2m > [22m[2mshould handle database errors in incrementViewCount
[22m[39mDatabase error in incrementViewCount: Database error
Stack trace: Error: Database error
    at Object.<anonymous> (C:\Users\minim\OneDrive\文档\Code\platform\makanmakan\packages\database\src\services\__tests__\menu.test.ts:808:15)
    at Object.mockCall (file:///C:/Users/minim/OneDrive/%E6%96%87%E6%A1%A3/Code/platform/makanmakan/node_modules/.pnpm/@vitest+spy@3.2.4/node_modules/@vitest/spy/dist/index.js:96:15)
    at Object.spy [as update] (file:///C:/Users/minim/OneDrive/%E6%96%87%E6%A1%A3/Code/platform/makanmakan/node_modules/.pnpm/tinyspy@4.0.3/node_modules/tinyspy/dist/index.js:47:103)
    at MenuService.incrementViewCount (C:\Users\minim\OneDrive\文档\Code\platform\makanmakan\packages\database\src\services\menu.ts:408:10)
    at C:\Users\minim\OneDrive\文档\Code\platform\makanmakan\packages\database\src\services\__tests__\menu.test.ts:813:21
    at file:///C:/Users/minim/OneDrive/%E6%96%87%E6%A1%A3/Code/platform/makanmakan/node_modules/.pnpm/@vitest+runner@3.2.4/node_modules/@vitest/runner/dist/chunk-hooks.js:155:11
    at file:///C:/Users/minim/OneDrive/%E6%96%87%E6%A1%A3/Code/platform/makanmakan/node_modules/.pnpm/@vitest+runner@3.2.4/node_modules/@vitest/runner/dist/chunk-hooks.js:752:26
    at file:///C:/Users/minim/OneDrive/%E6%96%87%E6%A1%A3/Code/platform/makanmakan/node_modules/.pnpm/@vitest+runner@3.2.4/node_modules/@vitest/runner/dist/chunk-hooks.js:1897:20
    at new Promise (<anonymous>)
    at runWithTimeout (file:///C:/Users/minim/OneDrive/%E6%96%87%E6%A1%A3/Code/platform/makanmakan/node_modules/.pnpm/@vitest+runner@3.2.4/node_modules/@vitest/runner/dist/chunk-hooks.js:1863:10)

 [32m✓[39m [30m[42m @makanmakan/database [49m[39m src/services/__tests__/auth.test.ts[2m > [22mAuthService[2m > [22mChangePassword[2m > [22mshould successfully change password with valid old password[32m 37[2mms[22m[39m
 [32m✓[39m [30m[42m @makanmakan/database [49m[39m src/services/__tests__/auth.test.ts[2m > [22mAuthService[2m > [22mChangePassword[2m > [22mshould fail if user not found[32m 13[2mms[22m[39m
 [32m✓[39m [30m[42m @makanmakan/database [49m[39m src/services/__tests__/auth.test.ts[2m > [22mAuthService[2m > [22mChangePassword[2m > [22mshould fail if old password is incorrect[32m 11[2mms[22m[39m
 [32m✓[39m [30m[42m @makanmakan/database [49m[39m src/services/__tests__/auth.test.ts[2m > [22mAuthService[2m > [22mChangePassword[2m > [22mshould fail if new password is weak[32m 46[2mms[22m[39m
 [31m×[39m [30m[42m @makanmakan/database [49m[39m src/services/__tests__/menu.test.ts[2m > [22mMenuService[2m > [22mError Handling[2m > [22mshould handle database errors in incrementViewCount[32m 18[2mms[22m[39m
[31m   → expected [Function] to throw error including 'Database operation failed: incrementV…' but got 'Database error'[39m
 [32m✓[39m [30m[42m @makanmakan/database [49m[39m src/services/__tests__/auth.test.ts[2m > [22mAuthService[2m > [22mChangePassword[2m > [22mshould invalidate all sessions after password change[32m 36[2mms[22m[39m
 [32m✓[39m [30m[42m @makanmakan/database [49m[39m src/services/__tests__/auth.test.ts[2m > [22mAuthService[2m > [22mCreateSession[2m > [22mshould create new session with cleanup[32m 16[2mms[22m[39m
 [32m✓[39m [30m[42m @makanmakan/database [49m[39m src/services/__tests__/auth.test.ts[2m > [22mAuthService[2m > [22mCleanupExpiredSessions[2m > [22mshould delete expired sessions for specific user[32m 12[2mms[22m[39m
 [32m✓[39m [30m[42m @makanmakan/database [49m[39m src/services/__tests__/auth.test.ts[2m > [22mAuthService[2m > [22mCleanupExpiredSessions[2m > [22mshould delete all expired sessions if no user specified[32m 9[2mms[22m[39m
 [32m✓[39m [30m[42m @makanmakan/database [49m[39m src/services/__tests__/auth.test.ts[2m > [22mAuthService[2m > [22mGetUserSessions[2m > [22mshould return active sessions for user[32m 22[2mms[22m[39m
 [32m✓[39m [30m[43m @makanmakan/utils [49m[39m src/__tests__/error-tracking.test.js[2m > [22mErrorTracker[2m > [22mError Capture[2m > [22mshould capture error object[32m 44[2mms[22m[39m
 [32m✓[39m [30m[43m @makanmakan/utils [49m[39m src/__tests__/error-tracking.test.js[2m > [22mErrorTracker[2m > [22mError Capture[2m > [22mshould capture error string[32m 9[2mms[22m[39m
 [32m✓[39m [30m[43m @makanmakan/utils [49m[39m src/__tests__/error-tracking.test.js[2m > [22mErrorTracker[2m > [22mError Capture[2m > [22mshould capture error with custom severity[32m 2[2mms[22m[39m
 [32m✓[39m [30m[43m @makanmakan/utils [49m[39m src/__tests__/error-tracking.test.js[2m > [22mErrorTracker[2m > [22mError Capture[2m > [22mshould capture error with custom category[32m 1[2mms[22m[39m
 [32m✓[39m [30m[43m @makanmakan/utils [49m[39m src/__tests__/error-tracking.test.js[2m > [22mErrorTracker[2m > [22mError Capture[2m > [22mshould capture error with custom context[32m 2[2mms[22m[39m
 [32m✓[39m [30m[43m @makanmakan/utils [49m[39m src/__tests__/error-tracking.test.js[2m > [22mErrorTracker[2m > [22mError Deduplication[2m > [22mshould increment occurrence count for duplicate errors[32m 2[2mms[22m[39m
 [32m✓[39m [30m[43m @makanmakan/utils [49m[39m src/__tests__/error-tracking.test.js[2m > [22mErrorTracker[2m > [22mError Deduplication[2m > [22mshould update lastOccurrence timestamp on duplicates[32m 6[2mms[22m[39m
 [32m✓[39m [30m[43m @makanmakan/utils [49m[39m src/__tests__/error-tracking.test.js[2m > [22mErrorTracker[2m > [22mError Deduplication[2m > [22mshould keep firstOccurrence unchanged on duplicates[32m 2[2mms[22m[39m
 [32m✓[39m [30m[43m @makanmakan/utils [49m[39m src/__tests__/error-tracking.test.js[2m > [22mErrorTracker[2m > [22mcaptureException[2m > [22mshould capture exception with high severity[32m 1[2mms[22m[39m
 [32m✓[39m [30m[43m @makanmakan/utils [49m[39m src/__tests__/error-tracking.test.js[2m > [22mErrorTracker[2m > [22mcaptureException[2m > [22mshould accept additional context[32m 4[2mms[22m[39m
 [32m✓[39m [30m[43m @makanmakan/utils [49m[39m src/__tests__/error-tracking.test.js[2m > [22mErrorTracker[2m > [22mcaptureMessage[2m > [22mshould capture message with default low severity[32m 1[2mms[22m[39m
 [32m✓[39m [30m[43m @makanmakan/utils [49m[39m src/__tests__/error-tracking.test.js[2m > [22mErrorTracker[2m > [22mcaptureMessage[2m > [22mshould capture message with custom severity[32m 44[2mms[22m[39m
 [32m✓[39m [30m[43m @makanmakan/utils [49m[39m src/__tests__/error-tracking.test.js[2m > [22mErrorTracker[2m > [22mcaptureMessage[2m > [22mshould accept context[32m 1[2mms[22m[39m
 [32m✓[39m [30m[43m @makanmakan/utils [49m[39m src/__tests__/error-tracking.test.js[2m > [22mErrorTracker[2m > [22mContext Management[2m > [22mshould set and merge global context[32m 2[2mms[22m[39m
 [32m✓[39m [30m[43m @makanmakan/utils [49m[39m src/__tests__/error-tracking.test.js[2m > [22mErrorTracker[2m > [22mContext Management[2m > [22mshould set user context[32m 2[2mms[22m[39m
 [32m✓[39m [30m[43m @makanmakan/utils [49m[39m src/__tests__/error-tracking.test.js[2m > [22mErrorTracker[2m > [22mContext Management[2m > [22mshould inherit global context in captured errors[32m 1[2mms[22m[39m
 [32m✓[39m [30m[43m @makanmakan/utils [49m[39m src/__tests__/error-tracking.test.js[2m > [22mErrorTracker[2m > [22mBreadcrumbs[2m > [22mshould add breadcrumb[32m 3[2mms[22m[39m
 [32m✓[39m [30m[43m @makanmakan/utils [49m[39m src/__tests__/error-tracking.test.js[2m > [22mErrorTracker[2m > [22mBreadcrumbs[2m > [22mshould include breadcrumb timestamp[32m 2[2mms[22m[39m
 [32m✓[39m [30m[43m @makanmakan/utils [49m[39m src/__tests__/error-tracking.test.js[2m > [22mErrorTracker[2m > [22mBreadcrumbs[2m > [22mshould limit breadcrumbs to maxBreadcrumbs[32m 3[2mms[22m[39m
 [32m✓[39m [30m[43m @makanmakan/utils [49m[39m src/__tests__/error-tracking.test.js[2m > [22mErrorTracker[2m > [22mBreadcrumbs[2m > [22mshould clear breadcrumbs[32m 2[2mms[22m[39m
 [32m✓[39m [30m[43m @makanmakan/utils [49m[39m src/__tests__/error-tracking.test.js[2m > [22mErrorTracker[2m > [22mBreadcrumbs[2m > [22mshould include breadcrumb data[32m 1[2mms[22m[39m
 [32m✓[39m [30m[43m @makanmakan/utils [49m[39m src/__tests__/error-tracking.test.js[2m > [22mErrorTracker[2m > [22mError Categorization[2m > [22mshould auto-categorize network errors[32m 5[2mms[22m[39m
 [32m✓[39m [30m[43m @makanmakan/utils [49m[39m src/__tests__/error-tracking.test.js[2m > [22mErrorTracker[2m > [22mError Categorization[2m > [22mshould auto-categorize validation errors[32m 4[2mms[22m[39m
 [32m✓[39m [30m[43m @makanmakan/utils [49m[39m src/__tests__/error-tracking.test.js[2m > [22mErrorTracker[2m > [22mError Categorization[2m > [22mshould auto-categorize database errors[32m 3[2mms[22m[39m
 [32m✓[39m [30m[43m @makanmakan/utils [49m[39m src/__tests__/error-tracking.test.js[2m > [22mErrorTracker[2m > [22mError Categorization[2m > [22mshould auto-categorize authentication errors[32m 2[2mms[22m[39m
 [32m✓[39m [30m[43m @makanmakan/utils [49m[39m src/__tests__/error-tracking.test.js[2m > [22mErrorTracker[2m > [22mSeverity Categorization[2m > [22mshould categorize critical errors[32m 2[2mms[22m[39m
 [32m✓[39m [30m[43m @makanmakan/utils [49m[39m src/__tests__/error-tracking.test.js[2m > [22mErrorTracker[2m > [22mSeverity Categorization[2m > [22mshould categorize medium severity errors[32m 3[2mms[22m[39m
 [32m✓[39m [30m[43m @makanmakan/utils [49m[39m src/__tests__/error-tracking.test.js[2m > [22mErrorTracker[2m > [22mSeverity Categorization[2m > [22mshould categorize low severity errors[32m 2[2mms[22m[39m
 [32m✓[39m [30m[43m @makanmakan/utils [49m[39m src/__tests__/error-tracking.test.js[2m > [22mErrorTracker[2m > [22mError Management[2m > [22mshould get all errors[32m 3[2mms[22m[39m
 [32m✓[39m [30m[43m @makanmakan/utils [49m[39m src/__tests__/error-tracking.test.js[2m > [22mErrorTracker[2m > [22mError Management[2m > [22mshould resolve error by ID[32m 2[2mms[22m[39m
 [32m✓[39m [30m[43m @makanmakan/utils [49m[39m src/__tests__/error-tracking.test.js[2m > [22mErrorTracker[2m > [22mError Management[2m > [22mshould clear all errors[32m 3[2mms[22m[39m
 [32m✓[39m [30m[43m @makanmakan/utils [49m[39m src/__tests__/error-tracking.test.js[2m > [22mErrorTracker[2m > [22mStatistics[2m > [22mshould calculate error statistics[32m 3[2mms[22m[39m
 [32m✓[39m [30m[43m @makanmakan/utils [49m[39m src/__tests__/error-tracking.test.js[2m > [22mErrorTracker[2m > [22mStatistics[2m > [22mshould count unresolved errors[32m 2[2mms[22m[39m
 [32m✓[39m [30m[43m @makanmakan/utils [49m[39m src/__tests__/error-tracking.test.js[2m > [22mErrorTracker[2m > [22mStatistics[2m > [22mshould count breadcrumbs[32m 1[2mms[22m[39m
 [32m✓[39m [30m[43m @makanmakan/utils [49m[39m src/__tests__/error-tracking.test.js[2m > [22mErrorTracker[2m > [22mHooks and Options[2m > [22mshould call beforeSend hook[32m 7[2mms[22m[39m
 [32m✓[39m [30m[43m @makanmakan/utils [49m[39m src/__tests__/error-tracking.test.js[2m > [22mErrorTracker[2m > [22mHooks and Options[2m > [22mshould filter errors when beforeSend returns null[32m 1[2mms[22m[39m
 [32m✓[39m [30m[43m @makanmakan/utils [49m[39m src/__tests__/error-tracking.test.js[2m > [22mErrorTracker[2m > [22mHooks and Options[2m > [22mshould call onError callback[32m 35[2mms[22m[39m
 [32m✓[39m [30m[43m @makanmakan/utils [49m[39m src/__tests__/error-tracking.test.js[2m > [22mErrorTracker[2m > [22mHooks and Options[2m > [22mshould respect sample rate[32m 2[2mms[22m[39m
 [32m✓[39m [30m[43m @makanmakan/utils [49m[39m src/__tests__/error-tracking.test.js[2m > [22mErrorTracker[2m > [22mHooks and Options[2m > [22mshould respect enabled option[32m 2[2mms[22m[39m
 [32m✓[39m [30m[43m @makanmakan/utils [49m[39m src/__tests__/error-tracking.test.js[2m > [22mErrorTracker[2m > [22mDebug Mode[2m > [22mshould log breadcrumbs in debug mode[32m 12[2mms[22m[39m
 [32m✓[39m [30m[43m @makanmakan/utils [49m[39m src/__tests__/error-tracking.test.js[2m > [22mErrorTracker[2m > [22mDebug Mode[2m > [22mshould log captured errors in debug mode[32m 2[2mms[22m[39m
 [32m✓[39m [30m[43m @makanmakan/utils [49m[39m src/__tests__/error-tracking.test.js[2m > [22mGlobal Error Tracker[2m > [22mshould return same instance on multiple calls[32m 1[2mms[22m[39m
 [32m✓[39m [30m[43m @makanmakan/utils [49m[39m src/__tests__/error-tracking.test.js[2m > [22mGlobal Error Tracker[2m > [22mshould create new instance after reset[32m 2[2mms[22m[39m
 [32m✓[39m [30m[43m @makanmakan/utils [49m[39m src/__tests__/error-tracking.test.js[2m > [22mGlobal Error Tracker[2m > [22mshould accept options on first call[32m 1[2mms[22m[39m
 [32m✓[39m [30m[43m @makanmakan/utils [49m[39m src/__tests__/error-tracking.test.js[2m > [22mError ID Generation[2m > [22mshould generate consistent IDs for identical errors[32m 3[2mms[22m[39m
 [32m✓[39m [30m[43m @makanmakan/utils [49m[39m src/__tests__/error-tracking.test.js[2m > [22mError ID Generation[2m > [22mshould generate different IDs for different errors[32m 1[2mms[22m[39m
[90mstderr[2m | src/services/__tests__/order.test.ts[2m > [22m[2mOrderService[2m > [22m[2mgetMinimumOrderAmount[2m > [22m[2mshould throw error when restaurant not found
[22m[39mDatabase error in getMinimumOrderAmount: Restaurant not found
Stack trace: Error: Restaurant not found
    at OrderService.getMinimumOrderAmount (C:\Users\minim\OneDrive\文档\Code\platform\makanmakan\packages\database\src\services\order.ts:50:15)
    at processTicksAndRejections (node:internal/process/task_queues:105:5)

 [32m✓[39m [30m[42m @makanmakan/database [49m[39m src/services/__tests__/order.test.ts[2m > [22mOrderService[2m > [22mgetMinimumOrderAmount[2m > [22mshould return minimum order amount and enabled status[32m 10[2mms[22m[39m
 [32m✓[39m [30m[42m @makanmakan/database [49m[39m src/services/__tests__/order.test.ts[2m > [22mOrderService[2m > [22mgetMinimumOrderAmount[2m > [22mshould return disabled when minOrderAmount is 0[32m 13[2mms[22m[39m
 [32m✓[39m [30m[42m @makanmakan/database [49m[39m src/services/__tests__/order.test.ts[2m > [22mOrderService[2m > [22mgetMinimumOrderAmount[2m > [22mshould return disabled when restaurant is not available[32m 8[2mms[22m[39m
[90mstderr[2m | src/services/__tests__/order.test.ts[2m > [22m[2mOrderService[2m > [22m[2mcreateOrder[2m > [22m[2mshould throw error when restaurant not available
[22m[39mDatabase error in createOrder: Restaurant is not available
Stack trace: Error: Restaurant is not available
    at OrderService.createOrder (C:\Users\minim\OneDrive\文档\Code\platform\makanmakan\packages\database\src\services\order.ts:98:15)
    at processTicksAndRejections (node:internal/process/task_queues:105:5)

[90mstderr[2m | src/services/__tests__/order.test.ts[2m > [22m[2mOrderService[2m > [22m[2mcreateOrder[2m > [22m[2mshould throw error when table not available
[22m[39mDatabase error in createOrder: Table is not available
Stack trace: Error: Table is not available
    at OrderService.createOrder (C:\Users\minim\OneDrive\文档\Code\platform\makanmakan\packages\database\src\services\order.ts:106:15)
    at processTicksAndRejections (node:internal/process/task_queues:105:5)
    at C:\Users\minim\OneDrive\文档\Code\platform\makanmakan\packages\database\src\services\__tests__\order.test.ts:341:7
    at file:///C:/Users/minim/OneDrive/%E6%96%87%E6%A1%A3/Code/platform/makanmakan/node_modules/.pnpm/@vitest+runner@3.2.4/node_modules/@vitest/runner/dist/chunk-hooks.js:752:20

[90mstderr[2m | src/services/__tests__/order.test.ts[2m > [22m[2mOrderService[2m > [22m[2mcreateOrder[2m > [22m[2mshould throw error when menu item not available
[22m[39mDatabase error in createOrder: Menu item 1 is not available
Stack trace: Error: Menu item 1 is not available
    at OrderService.createOrder (C:\Users\minim\OneDrive\文档\Code\platform\makanmakan\packages\database\src\services\order.ts:128:17)
    at processTicksAndRejections (node:internal/process/task_queues:105:5)
    at C:\Users\minim\OneDrive\文档\Code\platform\makanmakan\packages\database\src\services\__tests__\order.test.ts:364:7
    at file:///C:/Users/minim/OneDrive/%E6%96%87%E6%A1%A3/Code/platform/makanmakan/node_modules/.pnpm/@vitest+runner@3.2.4/node_modules/@vitest/runner/dist/chunk-hooks.js:752:20

 [31m×[39m [30m[42m @makanmakan/database [49m[39m src/services/__tests__/order.test.ts[2m > [22mOrderService[2m > [22mgetMinimumOrderAmount[2m > [22mshould throw error when restaurant not found[32m 75[2mms[22m[39m
[31m   → expected [Function] to throw error including 'Database operation failed: getMinimum…' but got 'Restaurant not found'[39m
 [32m✓[39m [30m[42m @makanmakan/database [49m[39m src/services/__tests__/order.test.ts[2m > [22mOrderService[2m > [22mvalidateMinimumOrder[2m > [22mshould validate successful when amount meets minimum[32m 15[2mms[22m[39m
 [32m✓[39m [30m[42m @makanmakan/database [49m[39m src/services/__tests__/order.test.ts[2m > [22mOrderService[2m > [22mvalidateMinimumOrder[2m > [22mshould return invalid when amount below minimum[32m 11[2mms[22m[39m
 [32m✓[39m [30m[42m @makanmakan/database [49m[39m src/services/__tests__/order.test.ts[2m > [22mOrderService[2m > [22mvalidateMinimumOrder[2m > [22mshould validate successful when minimum order disabled[32m 13[2mms[22m[39m
 [32m✓[39m [30m[42m @makanmakan/database [49m[39m src/services/__tests__/order.test.ts[2m > [22mOrderService[2m > [22mcreateOrder[2m > [22mshould create order successfully[32m 14[2mms[22m[39m
 [31m×[39m [30m[42m @makanmakan/database [49m[39m src/services/__tests__/order.test.ts[2m > [22mOrderService[2m > [22mcreateOrder[2m > [22mshould throw error when restaurant not available[32m 7[2mms[22m[39m
[31m   → expected [Function] to throw error including 'Database operation failed: createOrder' but got 'Restaurant is not available'[39m
 [31m×[39m [30m[42m @makanmakan/database [49m[39m src/services/__tests__/order.test.ts[2m > [22mOrderService[2m > [22mcreateOrder[2m > [22mshould throw error when table not available[32m 6[2mms[22m[39m
[31m   → expected [Function] to throw error including 'Database operation failed: createOrder' but got 'Table is not available'[39m
 [31m×[39m [30m[42m @makanmakan/database [49m[39m src/services/__tests__/order.test.ts[2m > [22mOrderService[2m > [22mcreateOrder[2m > [22mshould throw error when menu item not available[32m 30[2mms[22m[39m
[31m   → expected [Function] to throw error including 'Database operation failed: createOrder' but got 'Menu item 1 is not available'[39m
[90mstderr[2m | src/services/__tests__/order.test.ts[2m > [22m[2mOrderService[2m > [22m[2mcreateOrder[2m > [22m[2mshould throw error when insufficient inventory
[22m[39mDatabase error in createOrder: Insufficient inventory for Burger
Stack trace: Error: Insufficient inventory for Burger
    at OrderService.createOrder (C:\Users\minim\OneDrive\文档\Code\platform\makanmakan\packages\database\src\services\order.ts:133:17)
    at processTicksAndRejections (node:internal/process/task_queues:105:5)
    at C:\Users\minim\OneDrive\文档\Code\platform\makanmakan\packages\database\src\services\__tests__\order.test.ts:387:7
    at file:///C:/Users/minim/OneDrive/%E6%96%87%E6%A1%A3/Code/platform/makanmakan/node_modules/.pnpm/@vitest+runner@3.2.4/node_modules/@vitest/runner/dist/chunk-hooks.js:752:20

[90mstderr[2m | src/services/__tests__/order.test.ts[2m > [22m[2mOrderService[2m > [22m[2mcreateOrder[2m > [22m[2mshould throw error when order below minimum amount
[22m[39mDatabase error in createOrder: 訂單未達最低消費標準。最低消費：RM20.00，目前金額：RM15.00，還需：RM5.00
Stack trace: Error: 訂單未達最低消費標準。最低消費：RM20.00，目前金額：RM15.00，還需：RM5.00
    at OrderService.createOrder (C:\Users\minim\OneDrive\文档\Code\platform\makanmakan\packages\database\src\services\order.ts:207:15)
    at processTicksAndRejections (node:internal/process/task_queues:105:5)
    at C:\Users\minim\OneDrive\文档\Code\platform\makanmakan\packages\database\src\services\__tests__\order.test.ts:478:7
    at file:///C:/Users/minim/OneDrive/%E6%96%87%E6%A1%A3/Code/platform/makanmakan/node_modules/.pnpm/@vitest+runner@3.2.4/node_modules/@vitest/runner/dist/chunk-hooks.js:752:20

 [31m×[39m [30m[42m @makanmakan/database [49m[39m src/services/__tests__/order.test.ts[2m > [22mOrderService[2m > [22mcreateOrder[2m > [22mshould throw error when insufficient inventory[32m 14[2mms[22m[39m
[31m   → expected [Function] to throw error including 'Database operation failed: createOrder' but got 'Insufficient inventory for Burger'[39m
 [32m✓[39m [30m[42m @makanmakan/database [49m[39m src/services/__tests__/order.test.ts[2m > [22mOrderService[2m > [22mcreateOrder[2m > [22mshould calculate price with customizations[32m 5[2mms[22m[39m
 [31m×[39m [30m[42m @makanmakan/database [49m[39m src/services/__tests__/order.test.ts[2m > [22mOrderService[2m > [22mcreateOrder[2m > [22mshould throw error when order below minimum amount[32m 8[2mms[22m[39m
[31m   → expected [Function] to throw error including 'Database operation failed: createOrder' but got '訂單未達最低消費標準。最低消費：RM20.00，目前金額：RM15.00，…'[39m
 [32m✓[39m [30m[42m @makanmakan/database [49m[39m src/services/__tests__/order.test.ts[2m > [22mOrderService[2m > [22mcreateOrder[2m > [22mshould apply coupon discount[32m 26[2mms[22m[39m
 [32m✓[39m [30m[42m @makanmakan/database [49m[39m src/services/__tests__/order.test.ts[2m > [22mOrderService[2m > [22mgetOrder[2m > [22mshould fetch order with related data[32m 6[2mms[22m[39m
 [32m✓[39m [30m[42m @makanmakan/database [49m[39m src/services/__tests__/order.test.ts[2m > [22mOrderService[2m > [22mgetOrder[2m > [22mshould return null when order not found[32m 7[2mms[22m[39m
 [32m✓[39m [30m[42m @makanmakan/database [49m[39m src/services/__tests__/order.test.ts[2m > [22mOrderService[2m > [22mgetOrderByNumber[2m > [22mshould fetch order by order number[32m 4[2mms[22m[39m
 [32m✓[39m [30m[42m @makanmakan/database [49m[39m src/services/__tests__/order.test.ts[2m > [22mOrderService[2m > [22mgetOrderByNumber[2m > [22mshould return null when order number not found[32m 6[2mms[22m[39m
 [32m✓[39m [30m[42m @makanmakan/database [49m[39m src/services/__tests__/order.test.ts[2m > [22mOrderService[2m > [22mgetOrders[2m > [22mshould fetch orders with pagination[32m 14[2mms[22m[39m
 [32m✓[39m [30m[42m @makanmakan/database [49m[39m src/services/__tests__/order.test.ts[2m > [22mOrderService[2m > [22mgetOrders[2m > [22mshould filter by table[32m 27[2mms[22m[39m
[90mstderr[2m | src/services/__tests__/order.test.ts[2m > [22m[2mOrderService[2m > [22m[2mupdateOrderStatus[2m > [22m[2mshould throw error when order not found
[22m[39mDatabase error in updateOrderStatus: Order not found
Stack trace: Error: Order not found
    at OrderService.updateOrderStatus (C:\Users\minim\OneDrive\文档\Code\platform\makanmakan\packages\database\src\services\order.ts:489:15)
    at processTicksAndRejections (node:internal/process/task_queues:105:5)

[90mstderr[2m | src/services/__tests__/order.test.ts[2m > [22m[2mOrderService[2m > [22m[2mcancelOrder[2m > [22m[2mshould throw error when order not found
[22m[39mDatabase error in cancelOrder: Order not found
Stack trace: Error: Order not found
    at OrderService.cancelOrder (C:\Users\minim\OneDrive\文档\Code\platform\makanmakan\packages\database\src\services\order.ts:516:15)
    at processTicksAndRejections (node:internal/process/task_queues:105:5)
    at C:\Users\minim\OneDrive\文档\Code\platform\makanmakan\packages\database\src\services\__tests__\order.test.ts:846:7
    at file:///C:/Users/minim/OneDrive/%E6%96%87%E6%A1%A3/Code/platform/makanmakan/node_modules/.pnpm/@vitest+runner@3.2.4/node_modules/@vitest/runner/dist/chunk-hooks.js:752:20

 [32m✓[39m [30m[42m @makanmakan/database [49m[39m src/services/__tests__/order.test.ts[2m > [22mOrderService[2m > [22mgetOrders[2m > [22mshould filter by status[32m 5[2mms[22m[39m
 [32m✓[39m [30m[42m @makanmakan/database [49m[39m src/services/__tests__/order.test.ts[2m > [22mOrderService[2m > [22mgetOrders[2m > [22mshould filter by date range[32m 5[2mms[22m[39m
 [32m✓[39m [30m[42m @makanmakan/database [49m[39m src/services/__tests__/order.test.ts[2m > [22mOrderService[2m > [22mgetOrders[2m > [22mshould filter by amount range[32m 5[2mms[22m[39m
 [32m✓[39m [30m[42m @makanmakan/database [49m[39m src/services/__tests__/order.test.ts[2m > [22mOrderService[2m > [22mupdateOrderStatus[2m > [22mshould update order status successfully[32m 5[2mms[22m[39m
 [31m×[39m [30m[42m @makanmakan/database [49m[39m src/services/__tests__/order.test.ts[2m > [22mOrderService[2m > [22mupdateOrderStatus[2m > [22mshould throw error when order not found[32m 11[2mms[22m[39m
[31m   → expected [Function] to throw error including 'Database operation failed: updateOrde…' but got 'Order not found'[39m
 [32m✓[39m [30m[42m @makanmakan/database [49m[39m src/services/__tests__/order.test.ts[2m > [22mOrderService[2m > [22mupdateOrderStatus[2m > [22mshould update preparing status with timestamp[32m 19[2mms[22m[39m
 [32m✓[39m [30m[42m @makanmakan/database [49m[39m src/services/__tests__/order.test.ts[2m > [22mOrderService[2m > [22mupdateOrderStatus[2m > [22mshould update delivered status with timestamp[32m 7[2mms[22m[39m
 [32m✓[39m [30m[42m @makanmakan/database [49m[39m src/services/__tests__/order.test.ts[2m > [22mOrderService[2m > [22mcancelOrder[2m > [22mshould cancel order successfully[32m 8[2mms[22m[39m
 [31m×[39m [30m[42m @makanmakan/database [49m[39m src/services/__tests__/order.test.ts[2m > [22mOrderService[2m > [22mcancelOrder[2m > [22mshould throw error when order not found[32m 11[2mms[22m[39m
[31m   → expected [Function] to throw error including 'Database operation failed: cancelOrder' but got 'Order not found'[39m
 [32m✓[39m [30m[42m @makanmakan/database [49m[39m src/services/__tests__/order.test.ts[2m > [22mOrderService[2m > [22mgetDailyOrderStats[2m > [22mshould return daily statistics[32m 11[2mms[22m[39m
[90mstderr[2m | src/services/__tests__/order.test.ts[2m > [22m[2mOrderService[2m > [22m[2mError Handling[2m > [22m[2mshould handle database errors in createOrder
[22m[39mDatabase error in createOrder: Database error
Stack trace: Error: Database error
    at Object.<anonymous> (C:\Users\minim\OneDrive\文档\Code\platform\makanmakan\packages\database\src\services\__tests__\order.test.ts:916:19)
    at Object.mockCall (file:///C:/Users/minim/OneDrive/%E6%96%87%E6%A1%A3/Code/platform/makanmakan/node_modules/.pnpm/@vitest+spy@3.2.4/node_modules/@vitest/spy/dist/index.js:96:15)
    at Object.spy [as findFirst] (file:///C:/Users/minim/OneDrive/%E6%96%87%E6%A1%A3/Code/platform/makanmakan/node_modules/.pnpm/tinyspy@4.0.3/node_modules/tinyspy/dist/index.js:47:103)
    at OrderService.createOrder (C:\Users\minim\OneDrive\文档\Code\platform\makanmakan\packages\database\src\services\order.ts:93:58)
    at C:\Users\minim\OneDrive\文档\Code\platform\makanmakan\packages\database\src\services\__tests__\order.test.ts:923:22
    at file:///C:/Users/minim/OneDrive/%E6%96%87%E6%A1%A3/Code/platform/makanmakan/node_modules/.pnpm/@vitest+runner@3.2.4/node_modules/@vitest/runner/dist/chunk-hooks.js:155:11
    at file:///C:/Users/minim/OneDrive/%E6%96%87%E6%A1%A3/Code/platform/makanmakan/node_modules/.pnpm/@vitest+runner@3.2.4/node_modules/@vitest/runner/dist/chunk-hooks.js:752:26
    at file:///C:/Users/minim/OneDrive/%E6%96%87%E6%A1%A3/Code/platform/makanmakan/node_modules/.pnpm/@vitest+runner@3.2.4/node_modules/@vitest/runner/dist/chunk-hooks.js:1897:20
    at new Promise (<anonymous>)
    at runWithTimeout (file:///C:/Users/minim/OneDrive/%E6%96%87%E6%A1%A3/Code/platform/makanmakan/node_modules/.pnpm/@vitest+runner@3.2.4/node_modules/@vitest/runner/dist/chunk-hooks.js:1863:10)

[90mstderr[2m | src/services/__tests__/order.test.ts[2m > [22m[2mOrderService[2m > [22m[2mError Handling[2m > [22m[2mshould handle database errors in getOrders
[22m[39mDatabase error in getOrders: Database error
Stack trace: Error: Database error
    at Object.<anonymous> (C:\Users\minim\OneDrive\文档\Code\platform\makanmakan\packages\database\src\services\__tests__\order.test.ts:930:15)
    at Object.mockCall (file:///C:/Users/minim/OneDrive/%E6%96%87%E6%A1%A3/Code/platform/makanmakan/node_modules/.pnpm/@vitest+spy@3.2.4/node_modules/@vitest/spy/dist/index.js:96:15)
    at Object.spy [as select] (file:///C:/Users/minim/OneDrive/%E6%96%87%E6%A1%A3/Code/platform/makanmakan/node_modules/.pnpm/tinyspy@4.0.3/node_modules/tinyspy/dist/index.js:47:103)
    at OrderService.getOrders (C:\Users\minim\OneDrive\文档\Code\platform\makanmakan\packages\database\src\services\order.ts:443:10)
    at processTicksAndRejections (node:internal/process/task_queues:105:5)

[90mstderr[2m | src/services/__tests__/order.test.ts[2m > [22m[2mOrderService[2m > [22m[2mError Handling[2m > [22m[2mshould handle database errors in getDailyOrderStats
[22m[39mDatabase error in getDailyOrderStats: Database error
Stack trace: Error: Database error
    at Object.<anonymous> (C:\Users\minim\OneDrive\文档\Code\platform\makanmakan\packages\database\src\services\__tests__\order.test.ts:942:15)
    at Object.mockCall (file:///C:/Users/minim/OneDrive/%E6%96%87%E6%A1%A3/Code/platform/makanmakan/node_modules/.pnpm/@vitest+spy@3.2.4/node_modules/@vitest/spy/dist/index.js:96:15)
    at Object.spy [as select] (file:///C:/Users/minim/OneDrive/%E6%96%87%E6%A1%A3/Code/platform/makanmakan/node_modules/.pnpm/tinyspy@4.0.3/node_modules/tinyspy/dist/index.js:47:103)
    at OrderService.getDailyOrderStats (C:\Users\minim\OneDrive\文档\Code\platform\makanmakan\packages\database\src\services\order.ts:556:10)
    at C:\Users\minim\OneDrive\文档\Code\platform\makanmakan\packages\database\src\services\__tests__\order.test.ts:947:22
    at file:///C:/Users/minim/OneDrive/%E6%96%87%E6%A1%A3/Code/platform/makanmakan/node_modules/.pnpm/@vitest+runner@3.2.4/node_modules/@vitest/runner/dist/chunk-hooks.js:155:11
    at file:///C:/Users/minim/OneDrive/%E6%96%87%E6%A1%A3/Code/platform/makanmakan/node_modules/.pnpm/@vitest+runner@3.2.4/node_modules/@vitest/runner/dist/chunk-hooks.js:752:26
    at file:///C:/Users/minim/OneDrive/%E6%96%87%E6%A1%A3/Code/platform/makanmakan/node_modules/.pnpm/@vitest+runner@3.2.4/node_modules/@vitest/runner/dist/chunk-hooks.js:1897:20
    at new Promise (<anonymous>)
    at runWithTimeout (file:///C:/Users/minim/OneDrive/%E6%96%87%E6%A1%A3/Code/platform/makanmakan/node_modules/.pnpm/@vitest+runner@3.2.4/node_modules/@vitest/runner/dist/chunk-hooks.js:1863:10)

 [32m✓[39m [30m[42m @makanmakan/database [49m[39m src/services/__tests__/order.test.ts[2m > [22mOrderService[2m > [22mgetDailyOrderStats[2m > [22mshould return zero stats when no orders[32m 31[2mms[22m[39m
 [32m✓[39m [30m[42m @makanmakan/database [49m[39m src/services/__tests__/order.test.ts[2m > [22mOrderService[2m > [22mgetDailyOrderStats[2m > [22mshould filter by specific date[32m 13[2mms[22m[39m
 [31m×[39m [30m[42m @makanmakan/database [49m[39m src/services/__tests__/order.test.ts[2m > [22mOrderService[2m > [22mError Handling[2m > [22mshould handle database errors in createOrder[32m 11[2mms[22m[39m
[31m   → expected [Function] to throw error including 'Database operation failed: createOrder' but got 'Database error'[39m
 [31m×[39m [30m[42m @makanmakan/database [49m[39m src/services/__tests__/order.test.ts[2m > [22mOrderService[2m > [22mError Handling[2m > [22mshould handle database errors in getOrders[32m 7[2mms[22m[39m
[31m   → expected [Function] to throw error including 'Database operation failed: getOrders' but got 'Database error'[39m
 [31m×[39m [30m[42m @makanmakan/database [49m[39m src/services/__tests__/order.test.ts[2m > [22mOrderService[2m > [22mError Handling[2m > [22mshould handle database errors in getDailyOrderStats[32m 27[2mms[22m[39m
[31m   → expected [Function] to throw error including 'Database operation failed: getDailyOr…' but got 'Database error'[39m
 [32m✓[39m [30m[43m @makanmakan/utils [49m[39m src/__tests__/error-tracking.test.ts[2m > [22mErrorTracker[2m > [22mError Capture[2m > [22mshould capture error object[32m 34[2mms[22m[39m
 [32m✓[39m [30m[43m @makanmakan/utils [49m[39m src/__tests__/error-tracking.test.ts[2m > [22mErrorTracker[2m > [22mError Capture[2m > [22mshould capture error string[32m 7[2mms[22m[39m
 [32m✓[39m [30m[43m @makanmakan/utils [49m[39m src/__tests__/error-tracking.test.ts[2m > [22mErrorTracker[2m > [22mError Capture[2m > [22mshould capture error with custom severity[32m 1[2mms[22m[39m
 [32m✓[39m [30m[43m @makanmakan/utils [49m[39m src/__tests__/error-tracking.test.ts[2m > [22mErrorTracker[2m > [22mError Capture[2m > [22mshould capture error with custom category[32m 1[2mms[22m[39m
 [32m✓[39m [30m[43m @makanmakan/utils [49m[39m src/__tests__/error-tracking.test.ts[2m > [22mErrorTracker[2m > [22mError Capture[2m > [22mshould capture error with custom context[32m 1[2mms[22m[39m
 [32m✓[39m [30m[43m @makanmakan/utils [49m[39m src/__tests__/error-tracking.test.ts[2m > [22mErrorTracker[2m > [22mError Deduplication[2m > [22mshould increment occurrence count for duplicate errors[32m 1[2mms[22m[39m
 [32m✓[39m [30m[43m @makanmakan/utils [49m[39m src/__tests__/error-tracking.test.ts[2m > [22mErrorTracker[2m > [22mError Deduplication[2m > [22mshould update lastOccurrence timestamp on duplicates[32m 9[2mms[22m[39m
 [32m✓[39m [30m[43m @makanmakan/utils [49m[39m src/__tests__/error-tracking.test.ts[2m > [22mErrorTracker[2m > [22mError Deduplication[2m > [22mshould keep firstOccurrence unchanged on duplicates[32m 5[2mms[22m[39m
 [32m✓[39m [30m[43m @makanmakan/utils [49m[39m src/__tests__/error-tracking.test.ts[2m > [22mErrorTracker[2m > [22mcaptureException[2m > [22mshould capture exception with high severity[32m 4[2mms[22m[39m
 [32m✓[39m [30m[43m @makanmakan/utils [49m[39m src/__tests__/error-tracking.test.ts[2m > [22mErrorTracker[2m > [22mcaptureException[2m > [22mshould accept additional context[32m 18[2mms[22m[39m
 [32m✓[39m [30m[43m @makanmakan/utils [49m[39m src/__tests__/error-tracking.test.ts[2m > [22mErrorTracker[2m > [22mcaptureMessage[2m > [22mshould capture message with default low severity[32m 4[2mms[22m[39m
 [32m✓[39m [30m[43m @makanmakan/utils [49m[39m src/__tests__/error-tracking.test.ts[2m > [22mErrorTracker[2m > [22mcaptureMessage[2m > [22mshould capture message with custom severity[32m 1[2mms[22m[39m
 [32m✓[39m [30m[43m @makanmakan/utils [49m[39m src/__tests__/error-tracking.test.ts[2m > [22mErrorTracker[2m > [22mcaptureMessage[2m > [22mshould accept context[32m 1[2mms[22m[39m
 [32m✓[39m [30m[43m @makanmakan/utils [49m[39m src/__tests__/error-tracking.test.ts[2m > [22mErrorTracker[2m > [22mContext Management[2m > [22mshould set and merge global context[32m 2[2mms[22m[39m
 [32m✓[39m [30m[43m @makanmakan/utils [49m[39m src/__tests__/error-tracking.test.ts[2m > [22mErrorTracker[2m > [22mContext Management[2m > [22mshould set user context[32m 2[2mms[22m[39m
 [32m✓[39m [30m[43m @makanmakan/utils [49m[39m src/__tests__/error-tracking.test.ts[2m > [22mErrorTracker[2m > [22mContext Management[2m > [22mshould inherit global context in captured errors[32m 1[2mms[22m[39m
 [32m✓[39m [30m[43m @makanmakan/utils [49m[39m src/__tests__/error-tracking.test.ts[2m > [22mErrorTracker[2m > [22mBreadcrumbs[2m > [22mshould add breadcrumb[32m 5[2mms[22m[39m
 [32m✓[39m [30m[43m @makanmakan/utils [49m[39m src/__tests__/error-tracking.test.ts[2m > [22mErrorTracker[2m > [22mBreadcrumbs[2m > [22mshould include breadcrumb timestamp[32m 1[2mms[22m[39m
 [32m✓[39m [30m[43m @makanmakan/utils [49m[39m src/__tests__/error-tracking.test.ts[2m > [22mErrorTracker[2m > [22mBreadcrumbs[2m > [22mshould limit breadcrumbs to maxBreadcrumbs[32m 2[2mms[22m[39m
 [32m✓[39m [30m[43m @makanmakan/utils [49m[39m src/__tests__/error-tracking.test.ts[2m > [22mErrorTracker[2m > [22mBreadcrumbs[2m > [22mshould clear breadcrumbs[32m 1[2mms[22m[39m
 [32m✓[39m [30m[43m @makanmakan/utils [49m[39m src/__tests__/error-tracking.test.ts[2m > [22mErrorTracker[2m > [22mBreadcrumbs[2m > [22mshould include breadcrumb data[32m 1[2mms[22m[39m
 [32m✓[39m [30m[43m @makanmakan/utils [49m[39m src/__tests__/error-tracking.test.ts[2m > [22mErrorTracker[2m > [22mError Categorization[2m > [22mshould auto-categorize network errors[32m 1[2mms[22m[39m
 [32m✓[39m [30m[43m @makanmakan/utils [49m[39m src/__tests__/error-tracking.test.ts[2m > [22mErrorTracker[2m > [22mError Categorization[2m > [22mshould auto-categorize validation errors[32m 2[2mms[22m[39m
 [32m✓[39m [30m[43m @makanmakan/utils [49m[39m src/__tests__/error-tracking.test.ts[2m > [22mErrorTracker[2m > [22mError Categorization[2m > [22mshould auto-categorize database errors[32m 1[2mms[22m[39m
 [32m✓[39m [30m[43m @makanmakan/utils [49m[39m src/__tests__/error-tracking.test.ts[2m > [22mErrorTracker[2m > [22mError Categorization[2m > [22mshould auto-categorize authentication errors[32m 10[2mms[22m[39m
 [32m✓[39m [30m[43m @makanmakan/utils [49m[39m src/__tests__/error-tracking.test.ts[2m > [22mErrorTracker[2m > [22mSeverity Categorization[2m > [22mshould categorize critical errors[32m 1[2mms[22m[39m
 [32m✓[39m [30m[43m @makanmakan/utils [49m[39m src/__tests__/error-tracking.test.ts[2m > [22mErrorTracker[2m > [22mSeverity Categorization[2m > [22mshould categorize medium severity errors[32m 1[2mms[22m[39m
 [32m✓[39m [30m[43m @makanmakan/utils [49m[39m src/__tests__/error-tracking.test.ts[2m > [22mErrorTracker[2m > [22mSeverity Categorization[2m > [22mshould categorize low severity errors[32m 1[2mms[22m[39m
 [32m✓[39m [30m[43m @makanmakan/utils [49m[39m src/__tests__/error-tracking.test.ts[2m > [22mErrorTracker[2m > [22mError Management[2m > [22mshould get all errors[32m 13[2mms[22m[39m
 [32m✓[39m [30m[43m @makanmakan/utils [49m[39m src/__tests__/error-tracking.test.ts[2m > [22mErrorTracker[2m > [22mError Management[2m > [22mshould resolve error by ID[32m 14[2mms[22m[39m
 [32m✓[39m [30m[43m @makanmakan/utils [49m[39m src/__tests__/error-tracking.test.ts[2m > [22mErrorTracker[2m > [22mError Management[2m > [22mshould clear all errors[32m 2[2mms[22m[39m
 [32m✓[39m [30m[43m @makanmakan/utils [49m[39m src/__tests__/error-tracking.test.ts[2m > [22mErrorTracker[2m > [22mStatistics[2m > [22mshould calculate error statistics[32m 2[2mms[22m[39m
 [32m✓[39m [30m[43m @makanmakan/utils [49m[39m src/__tests__/error-tracking.test.ts[2m > [22mErrorTracker[2m > [22mStatistics[2m > [22mshould count unresolved errors[32m 3[2mms[22m[39m
 [32m✓[39m [30m[43m @makanmakan/utils [49m[39m src/__tests__/error-tracking.test.ts[2m > [22mErrorTracker[2m > [22mStatistics[2m > [22mshould count breadcrumbs[32m 2[2mms[22m[39m
 [32m✓[39m [30m[43m @makanmakan/utils [49m[39m src/__tests__/error-tracking.test.ts[2m > [22mErrorTracker[2m > [22mHooks and Options[2m > [22mshould call beforeSend hook[32m 6[2mms[22m[39m
 [32m✓[39m [30m[43m @makanmakan/utils [49m[39m src/__tests__/error-tracking.test.ts[2m > [22mErrorTracker[2m > [22mHooks and Options[2m > [22mshould filter errors when beforeSend returns null[32m 1[2mms[22m[39m
 [32m✓[39m [30m[43m @makanmakan/utils [49m[39m src/__tests__/error-tracking.test.ts[2m > [22mErrorTracker[2m > [22mHooks and Options[2m > [22mshould call onError callback[32m 27[2mms[22m[39m
 [32m✓[39m [30m[43m @makanmakan/utils [49m[39m src/__tests__/error-tracking.test.ts[2m > [22mErrorTracker[2m > [22mHooks and Options[2m > [22mshould respect sample rate[32m 3[2mms[22m[39m
 [32m✓[39m [30m[42m @makanmakan/api [49m[39m src/features/authentication/__tests__/feature.test.ts[2m > [22mAuthentication Feature[2m > [22mAuthService[2m > [22mlogin[2m > [22mshould successfully login a user with valid credentials[32m 38[2mms[22m[39m
 [32m✓[39m [30m[42m @makanmakan/api [49m[39m src/features/authentication/__tests__/feature.test.ts[2m > [22mAuthentication Feature[2m > [22mAuthService[2m > [22mlogin[2m > [22mshould handle login failure with invalid credentials[32m 6[2mms[22m[39m
 [32m✓[39m [30m[42m @makanmakan/api [49m[39m src/features/authentication/__tests__/feature.test.ts[2m > [22mAuthentication Feature[2m > [22mAuthService[2m > [22mlogin[2m > [22mshould handle login errors and throw[32m 14[2mms[22m[39m
 [32m✓[39m [30m[42m @makanmakan/api [49m[39m src/features/authentication/__tests__/feature.test.ts[2m > [22mAuthentication Feature[2m > [22mAuthService[2m > [22mregister[2m > [22mshould successfully register a new user[32m 10[2mms[22m[39m
 [32m✓[39m [30m[42m @makanmakan/api [49m[39m src/features/authentication/__tests__/feature.test.ts[2m > [22mAuthentication Feature[2m > [22mAuthService[2m > [22mregister[2m > [22mshould handle registration failure when username exists[32m 15[2mms[22m[39m
 [32m✓[39m [30m[42m @makanmakan/api [49m[39m src/features/authentication/__tests__/feature.test.ts[2m > [22mAuthentication Feature[2m > [22mAuthService[2m > [22mrefreshToken[2m > [22mshould successfully refresh a valid token[32m 8[2mms[22m[39m
 [32m✓[39m [30m[43m @makanmakan/utils [49m[39m src/__tests__/error-tracking.test.ts[2m > [22mErrorTracker[2m > [22mHooks and Options[2m > [22mshould respect enabled option[32m 7[2mms[22m[39m
 [32m✓[39m [30m[43m @makanmakan/utils [49m[39m src/__tests__/error-tracking.test.ts[2m > [22mErrorTracker[2m > [22mDebug Mode[2m > [22mshould log breadcrumbs in debug mode[32m 18[2mms[22m[39m
 [32m✓[39m [30m[43m @makanmakan/utils [49m[39m src/__tests__/error-tracking.test.ts[2m > [22mErrorTracker[2m > [22mDebug Mode[2m > [22mshould log captured errors in debug mode[32m 2[2mms[22m[39m
 [32m✓[39m [30m[43m @makanmakan/utils [49m[39m src/__tests__/error-tracking.test.ts[2m > [22mGlobal Error Tracker[2m > [22mshould return same instance on multiple calls[32m 1[2mms[22m[39m
 [32m✓[39m [30m[43m @makanmakan/utils [49m[39m src/__tests__/error-tracking.test.ts[2m > [22mGlobal Error Tracker[2m > [22mshould create new instance after reset[32m 3[2mms[22m[39m
 [32m✓[39m [30m[43m @makanmakan/utils [49m[39m src/__tests__/error-tracking.test.ts[2m > [22mGlobal Error Tracker[2m > [22mshould accept options on first call[32m 1[2mms[22m[39m
 [32m✓[39m [30m[43m @makanmakan/utils [49m[39m src/__tests__/error-tracking.test.ts[2m > [22mError ID Generation[2m > [22mshould generate consistent IDs for identical errors[32m 1[2mms[22m[39m
 [32m✓[39m [30m[43m @makanmakan/utils [49m[39m src/__tests__/error-tracking.test.ts[2m > [22mError ID Generation[2m > [22mshould generate different IDs for different errors[32m 1[2mms[22m[39m
 [32m✓[39m [30m[42m @makanmakan/api [49m[39m src/features/authentication/__tests__/feature.test.ts[2m > [22mAuthentication Feature[2m > [22mAuthService[2m > [22mrefreshToken[2m > [22mshould handle invalid refresh token[32m 5[2mms[22m[39m
 [32m✓[39m [30m[42m @makanmakan/api [49m[39m src/features/authentication/__tests__/feature.test.ts[2m > [22mAuthentication Feature[2m > [22mAuthService[2m > [22mlogout[2m > [22mshould successfully logout a user[32m 9[2mms[22m[39m
 [32m✓[39m [30m[42m @makanmakan/api [49m[39m src/features/authentication/__tests__/feature.test.ts[2m > [22mAuthentication Feature[2m > [22mAuthService[2m > [22mlogout[2m > [22mshould handle logout failure[32m 4[2mms[22m[39m
 [32m✓[39m [30m[42m @makanmakan/api [49m[39m src/features/authentication/__tests__/feature.test.ts[2m > [22mAuthentication Feature[2m > [22mAuthService[2m > [22mvalidateToken[2m > [22mshould successfully validate a token[32m 4[2mms[22m[39m
 [32m✓[39m [30m[42m @makanmakan/api [49m[39m src/features/authentication/__tests__/feature.test.ts[2m > [22mAuthentication Feature[2m > [22mAuthService[2m > [22mvalidateToken[2m > [22mshould return cached validation result[32m 6[2mms[22m[39m
 [32m✓[39m [30m[42m @makanmakan/api [49m[39m src/features/authentication/__tests__/feature.test.ts[2m > [22mAuthentication Feature[2m > [22mAuthService[2m > [22mvalidateToken[2m > [22mshould handle invalid token[32m 6[2mms[22m[39m
 [32m✓[39m [30m[42m @makanmakan/api [49m[39m src/features/authentication/__tests__/feature.test.ts[2m > [22mAuthentication Feature[2m > [22mAuthService[2m > [22mchangePassword[2m > [22mshould successfully change password[32m 5[2mms[22m[39m
 [32m✓[39m [30m[42m @makanmakan/api [49m[39m src/features/authentication/__tests__/feature.test.ts[2m > [22mAuthentication Feature[2m > [22mAuthService[2m > [22mchangePassword[2m > [22mshould handle password change failure[32m 6[2mms[22m[39m
 [32m✓[39m [30m[42m @makanmakan/api [49m[39m src/features/authentication/__tests__/feature.test.ts[2m > [22mAuthentication Feature[2m > [22mAuthService[2m > [22mgetUserSessions[2m > [22mshould return user sessions[32m 7[2mms[22m[39m
 [32m✓[39m [30m[42m @makanmakan/api [49m[39m src/features/authentication/__tests__/feature.test.ts[2m > [22mAuthentication Feature[2m > [22mAuthService[2m > [22mgetUserSessions[2m > [22mshould handle errors and return empty array[32m 4[2mms[22m[39m
 [32m✓[39m [30m[42m @makanmakan/api [49m[39m src/features/authentication/__tests__/feature.test.ts[2m > [22mAuthentication Feature[2m > [22mValidation Schemas[2m > [22mlogin schema[2m > [22mshould validate correct login data[32m 7[2mms[22m[39m
 [32m✓[39m [30m[42m @makanmakan/api [49m[39m src/features/authentication/__tests__/feature.test.ts[2m > [22mAuthentication Feature[2m > [22mValidation Schemas[2m > [22mlogin schema[2m > [22mshould reject invalid username[32m 8[2mms[22m[39m
 [32m✓[39m [30m[42m @makanmakan/api [49m[39m src/features/authentication/__tests__/feature.test.ts[2m > [22mAuthentication Feature[2m > [22mValidation Schemas[2m > [22mlogin schema[2m > [22mshould reject missing password[32m 8[2mms[22m[39m
 [32m✓[39m [30m[42m @makanmakan/api [49m[39m src/features/authentication/__tests__/feature.test.ts[2m > [22mAuthentication Feature[2m > [22mValidation Schemas[2m > [22mregister schema[2m > [22mshould validate correct registration data[32m 7[2mms[22m[39m
 [32m✓[39m [30m[42m @makanmakan/api [49m[39m src/features/authentication/__tests__/feature.test.ts[2m > [22mAuthentication Feature[2m > [22mValidation Schemas[2m > [22mregister schema[2m > [22mshould reject mismatched passwords[32m 4[2mms[22m[39m
 [32m✓[39m [30m[42m @makanmakan/api [49m[39m src/features/authentication/__tests__/feature.test.ts[2m > [22mAuthentication Feature[2m > [22mValidation Schemas[2m > [22mregister schema[2m > [22mshould reject weak password when 8+ characters[32m 3[2mms[22m[39m
 [32m✓[39m [30m[42m @makanmakan/api [49m[39m src/features/authentication/__tests__/feature.test.ts[2m > [22mAuthentication Feature[2m > [22mValidation Schemas[2m > [22mregister schema[2m > [22mshould accept shorter passwords without strength requirements[32m 3[2mms[22m[39m
 [32m✓[39m [30m[42m @makanmakan/api [49m[39m src/features/authentication/__tests__/feature.test.ts[2m > [22mAuthentication Feature[2m > [22mValidation Schemas[2m > [22mregister schema[2m > [22mshould reject invalid email format[32m 4[2mms[22m[39m
 [32m✓[39m [30m[42m @makanmakan/api [49m[39m src/features/authentication/__tests__/feature.test.ts[2m > [22mAuthentication Feature[2m > [22mValidation Schemas[2m > [22mregister schema[2m > [22mshould reject invalid role[32m 9[2mms[22m[39m
 [32m✓[39m [30m[42m @makanmakan/api [49m[39m src/features/authentication/__tests__/feature.test.ts[2m > [22mAuthentication Feature[2m > [22mValidation Schemas[2m > [22mregister schema[2m > [22mshould require at least email or phone[32m 13[2mms[22m[39m
 [32m✓[39m [30m[42m @makanmakan/api [49m[39m src/features/authentication/__tests__/feature.test.ts[2m > [22mAuthentication Feature[2m > [22mValidation Schemas[2m > [22mchangePassword schema[2m > [22mshould validate correct password change data[32m 3[2mms[22m[39m
 [32m✓[39m [30m[42m @makanmakan/api [49m[39m src/features/authentication/__tests__/feature.test.ts[2m > [22mAuthentication Feature[2m > [22mValidation Schemas[2m > [22mchangePassword schema[2m > [22mshould reject same old and new passwords[32m 3[2mms[22m[39m
 [32m✓[39m [30m[42m @makanmakan/api [49m[39m src/features/authentication/__tests__/feature.test.ts[2m > [22mAuthentication Feature[2m > [22mError Handling[2m > [22mshould handle database connection errors gracefully[32m 6[2mms[22m[39m
 [32m✓[39m [30m[42m @makanmakan/api [49m[39m src/features/authentication/__tests__/feature.test.ts[2m > [22mAuthentication Feature[2m > [22mError Handling[2m > [22mshould handle cache errors gracefully[32m 4[2mms[22m[39m
 [32m✓[39m [30m[42m @makanmakan/api [49m[39m src/features/authentication/__tests__/feature.test.ts[2m > [22mAuthentication Feature[2m > [22mPerformance Metrics[2m > [22mshould record performance metrics for all operations[32m 3[2mms[22m[39m
 [32m✓[39m [30m[42m @makanmakan/api [49m[39m src/features/authentication/__tests__/feature.test.ts[2m > [22mAuthentication Feature[2m > [22mSecurity Features[2m > [22mshould log security events on login[32m 4[2mms[22m[39m
 [32m✓[39m [30m[42m @makanmakan/api [49m[39m src/features/authentication/__tests__/feature.test.ts[2m > [22mAuthentication Feature[2m > [22mSecurity Features[2m > [22mshould log failed login attempts[32m 3[2mms[22m[39m
 [32m✓[39m [30m[42m @makanmakan/api [49m[39m src/features/orders/__tests__/feature.test.ts[2m > [22mOrders Feature[2m > [22mOrdersService[2m > [22mcreateOrder[2m > [22mshould create order successfully[32m 55[2mms[22m[39m
 [32m✓[39m [30m[42m @makanmakan/api [49m[39m src/features/orders/__tests__/feature.test.ts[2m > [22mOrders Feature[2m > [22mOrdersService[2m > [22mcreateOrder[2m > [22mshould create order with coupon code[32m 11[2mms[22m[39m
 [32m✓[39m [30m[42m @makanmakan/api [49m[39m src/features/orders/__tests__/feature.test.ts[2m > [22mOrders Feature[2m > [22mOrdersService[2m > [22mcreateOrder[2m > [22mshould throw error for invalid coupon code format[32m 8[2mms[22m[39m
 [32m✓[39m [30m[42m @makanmakan/api [49m[39m src/features/orders/__tests__/feature.test.ts[2m > [22mOrders Feature[2m > [22mOrdersService[2m > [22mgetOrder[2m > [22mshould get order by ID from cache[32m 18[2mms[22m[39m
 [32m✓[39m [30m[42m @makanmakan/api [49m[39m src/features/orders/__tests__/feature.test.ts[2m > [22mOrders Feature[2m > [22mOrdersService[2m > [22mgetOrder[2m > [22mshould get order by ID from database when not cached[32m 18[2mms[22m[39m
 [32m✓[39m [30m[42m @makanmakan/api [49m[39m src/features/orders/__tests__/feature.test.ts[2m > [22mOrders Feature[2m > [22mOrdersService[2m > [22mgetOrder[2m > [22mshould return null for non-existent order[32m 14[2mms[22m[39m
 [32m✓[39m [30m[42m @makanmakan/api [49m[39m src/features/orders/__tests__/feature.test.ts[2m > [22mOrders Feature[2m > [22mOrdersService[2m > [22mgetOrders[2m > [22mshould get orders with filters[32m 32[2mms[22m[39m
 [32m✓[39m [30m[42m @makanmakan/api [49m[39m src/features/orders/__tests__/feature.test.ts[2m > [22mOrders Feature[2m > [22mOrdersService[2m > [22mupdateOrderStatus[2m > [22mshould update order status successfully[32m 7[2mms[22m[39m
 [32m✓[39m [30m[42m @makanmakan/api [49m[39m src/features/orders/__tests__/feature.test.ts[2m > [22mOrders Feature[2m > [22mOrdersService[2m > [22mupdateOrderStatus[2m > [22mshould return null for non-existent order[32m 8[2mms[22m[39m
 [32m✓[39m [30m[42m @makanmakan/api [49m[39m src/features/orders/__tests__/feature.test.ts[2m > [22mOrders Feature[2m > [22mOrdersService[2m > [22mcancelOrder[2m > [22mshould cancel order successfully[32m 5[2mms[22m[39m
 [32m✓[39m [30m[42m @makanmakan/api [49m[39m src/features/orders/__tests__/feature.test.ts[2m > [22mOrders Feature[2m > [22mOrdersService[2m > [22mcancelOrder[2m > [22mshould return null if order cancellation fails[32m 4[2mms[22m[39m
 [32m✓[39m [30m[42m @makanmakan/api [49m[39m src/features/orders/__tests__/feature.test.ts[2m > [22mOrders Feature[2m > [22mOrdersService[2m > [22mpreviewCoupon[2m > [22mshould preview valid coupon[32m 49[2mms[22m[39m
 [32m✓[39m [30m[42m @makanmakan/api [49m[39m src/features/orders/__tests__/feature.test.ts[2m > [22mOrders Feature[2m > [22mOrdersService[2m > [22mpreviewCoupon[2m > [22mshould preview invalid coupon[32m 5[2mms[22m[39m
 [2m[90m↓[39m[22m [30m[42m @makanmakan/api [49m[39m src/features/orders/__tests__/feature.test.ts[2m > [22mOrders Feature[2m > [22mOrdersService[2m > [22mvalidateOrderTransition[2m > [22mshould validate allowed status transitions for admin
 [2m[90m↓[39m[22m [30m[42m @makanmakan/api [49m[39m src/features/orders/__tests__/feature.test.ts[2m > [22mOrders Feature[2m > [22mOrdersService[2m > [22mvalidateOrderTransition[2m > [22mshould validate allowed status transitions for owner
 [2m[90m↓[39m[22m [30m[42m @makanmakan/api [49m[39m src/features/orders/__tests__/feature.test.ts[2m > [22mOrders Feature[2m > [22mOrdersService[2m > [22mvalidateOrderTransition[2m > [22mshould validate allowed status transitions for chef
 [32m✓[39m [30m[42m @makanmakan/api [49m[39m src/features/orders/__tests__/feature.test.ts[2m > [22mOrders Feature[2m > [22mValidation Schemas[2m > [22mcreateOrderSchema[2m > [22mshould validate valid create order data[32m 8[2mms[22m[39m
 [32m✓[39m [30m[42m @makanmakan/api [49m[39m src/features/orders/__tests__/feature.test.ts[2m > [22mOrders Feature[2m > [22mValidation Schemas[2m > [22mcreateOrderSchema[2m > [22mshould reject invalid create order data[32m 20[2mms[22m[39m
 [32m✓[39m [30m[42m @makanmakan/api [49m[39m src/features/orders/__tests__/feature.test.ts[2m > [22mOrders Feature[2m > [22mValidation Schemas[2m > [22mupdateOrderStatusSchema[2m > [22mshould validate valid status update data[32m 9[2mms[22m[39m
 [32m✓[39m [30m[42m @makanmakan/api [49m[39m src/features/orders/__tests__/feature.test.ts[2m > [22mOrders Feature[2m > [22mValidation Schemas[2m > [22mupdateOrderStatusSchema[2m > [22mshould reject invalid status[32m 8[2mms[22m[39m
 [32m✓[39m [30m[42m @makanmakan/api [49m[39m src/features/orders/__tests__/feature.test.ts[2m > [22mOrders Feature[2m > [22mValidation Schemas[2m > [22mcouponPreviewSchema[2m > [22mshould validate valid coupon preview data[32m 8[2mms[22m[39m
 [32m✓[39m [30m[42m @makanmakan/api [49m[39m src/features/orders/__tests__/feature.test.ts[2m > [22mOrders Feature[2m > [22mValidation Schemas[2m > [22mcouponPreviewSchema[2m > [22mshould reject invalid coupon preview data[32m 4[2mms[22m[39m
 [32m✓[39m [30m[42m @makanmakan/api [49m[39m src/features/orders/__tests__/feature.test.ts[2m > [22mOrders Feature[2m > [22mError Handling[2m > [22mshould handle database connection errors[32m 6[2mms[22m[39m
 [32m✓[39m [30m[42m @makanmakan/api [49m[39m src/features/orders/__tests__/feature.test.ts[2m > [22mOrders Feature[2m > [22mError Handling[2m > [22mshould handle validation errors[32m 4[2mms[22m[39m
 [32m✓[39m [30m[42m @makanmakan/api [49m[39m src/features/orders/__tests__/feature.test.ts[2m > [22mOrders Feature[2m > [22mError Handling[2m > [22mshould handle coupon service errors gracefully[32m 19[2mms[22m[39m
 [32m✓[39m [30m[42m @makanmakan/api [49m[39m src/features/orders/__tests__/feature.test.ts[2m > [22mOrders Feature[2m > [22mCache Management[2m > [22mshould cache orders after retrieval[32m 17[2mms[22m[39m
 [32m✓[39m [30m[42m @makanmakan/api [49m[39m src/features/orders/__tests__/feature.test.ts[2m > [22mOrders Feature[2m > [22mCache Management[2m > [22mshould invalidate cache after order updates[32m 5[2mms[22m[39m
 [32m✓[39m [30m[42m @makanmakan/api [49m[39m src/features/orders/__tests__/feature.test.ts[2m > [22mOrders Feature[2m > [22mIntegration Tests[2m > [22mshould handle complete order lifecycle[32m 5[2mms[22m[39m
 [32m✓[39m [30m[42m @makanmakan/api [49m[39m src/features/orders/__tests__/feature.test.ts[2m > [22mOrders Feature Performance[2m > [22mshould handle concurrent order creation[32m 0[2mms[22m[39m
 [32m✓[39m [30m[42m @makanmakan/api [49m[39m src/features/orders/__tests__/feature.test.ts[2m > [22mOrders Feature Performance[2m > [22mshould handle large order lists efficiently[32m 0[2mms[22m[39m
 [32m✓[39m [30m[42m @makanmakan/api [49m[39m src/features/orders/__tests__/feature.test.ts[2m > [22mOrders Feature Security[2m > [22mshould prevent unauthorized access to orders[32m 0[2mms[22m[39m
 [32m✓[39m [30m[42m @makanmakan/api [49m[39m src/features/orders/__tests__/feature.test.ts[2m > [22mOrders Feature Security[2m > [22mshould sanitize order data inputs[32m 0[2mms[22m[39m
 [32m✓[39m [30m[43m @makanmakan/utils [49m[39m src/__tests__/request-deduplication.test.js[2m > [22mRequestDeduplicator[2m > [22mBasic Deduplication[2m > [22mshould deduplicate identical concurrent requests[32m 21[2mms[22m[39m
 [32m✓[39m [30m[43m @makanmakan/utils [49m[39m src/__tests__/request-deduplication.test.js[2m > [22mRequestDeduplicator[2m > [22mBasic Deduplication[2m > [22mshould not deduplicate requests with different keys[32m 4[2mms[22m[39m
 [32m✓[39m [30m[43m @makanmakan/utils [49m[39m src/__tests__/request-deduplication.test.js[2m > [22mRequestDeduplicator[2m > [22mBasic Deduplication[2m > [22mshould return cached result within TTL window[32m 3[2mms[22m[39m
 [32m✓[39m [30m[43m @makanmakan/utils [49m[39m src/__tests__/request-deduplication.test.js[2m > [22mRequestDeduplicator[2m > [22mBasic Deduplication[2m > [22mshould execute new request after TTL expires[32m 3[2mms[22m[39m
 [32m✓[39m [30m[43m @makanmakan/utils [49m[39m src/__tests__/request-deduplication.test.js[2m > [22mRequestDeduplicator[2m > [22mTTL and Custom Options[2m > [22mshould respect custom TTL option[32m 9[2mms[22m[39m
 [32m✓[39m [30m[43m @makanmakan/utils [49m[39m src/__tests__/request-deduplication.test.js[2m > [22mRequestDeduplicator[2m > [22mTTL and Custom Options[2m > [22mshould use custom cache duration from constructor[32m 5[2mms[22m[39m
 [32m✓[39m [30m[43m @makanmakan/utils [49m[39m src/__tests__/request-deduplication.test.js[2m > [22mRequestDeduplicator[2m > [22mTTL and Custom Options[2m > [22mshould use custom key generator[32m 6[2mms[22m[39m
 [32m✓[39m [30m[43m @makanmakan/utils [49m[39m src/__tests__/request-deduplication.test.js[2m > [22mRequestDeduplicator[2m > [22mCache Size Management[2m > [22mshould enforce maximum cache size[32m 4[2mms[22m[39m
 [32m✓[39m [30m[43m @makanmakan/utils [49m[39m src/__tests__/request-deduplication.test.js[2m > [22mRequestDeduplicator[2m > [22mCache Size Management[2m > [22mshould evict oldest entry when cache is full[32m 4[2mms[22m[39m
 [32m✓[39m [30m[43m @makanmakan/utils [49m[39m src/__tests__/request-deduplication.test.js[2m > [22mRequestDeduplicator[2m > [22mError Handling[2m > [22mshould not cache failed requests[32m 5[2mms[22m[39m
 [32m✓[39m [30m[43m @makanmakan/utils [49m[39m src/__tests__/request-deduplication.test.js[2m > [22mRequestDeduplicator[2m > [22mError Handling[2m > [22mshould deduplicate concurrent requests even if they fail[32m 3[2mms[22m[39m
 [32m✓[39m [30m[43m @makanmakan/utils [49m[39m src/__tests__/request-deduplication.test.js[2m > [22mRequestDeduplicator[2m > [22mCache Invalidation[2m > [22mshould invalidate specific cache entry[32m 1[2mms[22m[39m
 [32m✓[39m [30m[43m @makanmakan/utils [49m[39m src/__tests__/request-deduplication.test.js[2m > [22mRequestDeduplicator[2m > [22mCache Invalidation[2m > [22mshould invalidate entries matching pattern[32m 2[2mms[22m[39m
 [32m✓[39m [30m[43m @makanmakan/utils [49m[39m src/__tests__/request-deduplication.test.js[2m > [22mRequestDeduplicator[2m > [22mCache Invalidation[2m > [22mshould clear all cache entries[32m 1[2mms[22m[39m
 [32m✓[39m [30m[43m @makanmakan/utils [49m[39m src/__tests__/request-deduplication.test.js[2m > [22mRequestDeduplicator[2m > [22mStatistics[2m > [22mshould track subscriber count[32m 3[2mms[22m[39m
 [32m✓[39m [30m[43m @makanmakan/utils [49m[39m src/__tests__/request-deduplication.test.js[2m > [22mRequestDeduplicator[2m > [22mStatistics[2m > [22mshould calculate average cache age[32m 2[2mms[22m[39m
 [32m✓[39m [30m[43m @makanmakan/utils [49m[39m src/__tests__/request-deduplication.test.js[2m > [22mRequestDeduplicator[2m > [22mStatistics[2m > [22mshould report cache size and max size[32m 1[2mms[22m[39m
 [32m✓[39m [30m[43m @makanmakan/utils [49m[39m src/__tests__/request-deduplication.test.js[2m > [22mRequestDeduplicator[2m > [22mdedupeByArgs[2m > [22mshould auto-generate key from arguments[32m 2[2mms[22m[39m
 [32m✓[39m [30m[43m @makanmakan/utils [49m[39m src/__tests__/request-deduplication.test.js[2m > [22mRequestDeduplicator[2m > [22mdedupeByArgs[2m > [22mshould treat different arguments as different keys[32m 1[2mms[22m[39m
 [32m✓[39m [30m[43m @makanmakan/utils [49m[39m src/__tests__/request-deduplication.test.js[2m > [22mRequestDeduplicator[2m > [22mCleanup[2m > [22mshould automatically cleanup expired entries[32m 3[2mms[22m[39m
 [32m✓[39m [30m[43m @makanmakan/utils [49m[39m src/__tests__/request-deduplication.test.js[2m > [22mGlobal Deduplicator[2m > [22mshould return same instance on multiple calls[32m 1[2mms[22m[39m
 [32m✓[39m [30m[43m @makanmakan/utils [49m[39m src/__tests__/request-deduplication.test.js[2m > [22mGlobal Deduplicator[2m > [22mshould create new instance after reset[32m 1[2mms[22m[39m
 [32m✓[39m [30m[43m @makanmakan/utils [49m[39m src/__tests__/request-deduplication.test.js[2m > [22mGlobal Deduplicator[2m > [22mshould accept options on first call[32m 3[2mms[22m[39m
 [32m✓[39m [30m[43m @makanmakan/utils [49m[39m src/__tests__/request-deduplication.test.js[2m > [22mwithDeduplication HOF[2m > [22mshould wrap function with deduplication[32m 13[2mms[22m[39m
 [32m✓[39m [30m[43m @makanmakan/utils [49m[39m src/__tests__/request-deduplication.test.js[2m > [22mwithDeduplication HOF[2m > [22mshould preserve function signature[32m 2[2mms[22m[39m
 [32m✓[39m [30m[43m @makanmakan/utils [49m[39m src/__tests__/request-deduplication.test.js[2m > [22mbatchDedupe[2m > [22mshould deduplicate identical requests in batch[32m 5[2mms[22m[39m
 [32m✓[39m [30m[43m @makanmakan/utils [49m[39m src/__tests__/request-deduplication.test.js[2m > [22mbatchDedupe[2m > [22mshould handle empty batch[32m 1[2mms[22m[39m
 [32m✓[39m [30m[43m @makanmakan/utils [49m[39m src/__tests__/request-deduplication.test.js[2m > [22mbatchDedupe[2m > [22mshould preserve request order in results[32m 2[2mms[22m[39m
 [32m✓[39m [30m[43m @makanmakan/utils [49m[39m src/__tests__/request-deduplication.test.js[2m > [22mDebug Mode[2m > [22mshould log cache hits in debug mode[32m 7[2mms[22m[39m
 [32m✓[39m [30m[43m @makanmakan/utils [49m[39m src/__tests__/request-deduplication.test.js[2m > [22mDebug Mode[2m > [22mshould log cache misses in debug mode[32m 3[2mms[22m[39m
 [32m✓[39m [30m[43m @makanmakan/utils [49m[39m src/__tests__/request-deduplication.test.js[2m > [22mDebug Mode[2m > [22mshould log errors in debug mode[32m 4[2mms[22m[39m
 [32m✓[39m [30m[42m @makanmakan/api [49m[39m src/features/menu/__tests__/feature.test.ts[2m > [22mMenu Feature Module[2m > [22mMenuService[2m > [22mMenu Structure Operations[2m > [22mshould fetch complete menu successfully[32m 31[2mms[22m[39m
 [32m✓[39m [30m[42m @makanmakan/api [49m[39m src/features/menu/__tests__/feature.test.ts[2m > [22mMenu Feature Module[2m > [22mMenuService[2m > [22mMenu Structure Operations[2m > [22mshould fetch menu item by id successfully[32m 5[2mms[22m[39m
 [32m✓[39m [30m[42m @makanmakan/api [49m[39m src/features/menu/__tests__/feature.test.ts[2m > [22mMenu Feature Module[2m > [22mMenuService[2m > [22mMenu Structure Operations[2m > [22mshould return null for non-existent menu item[32m 17[2mms[22m[39m
 [32m✓[39m [30m[42m @makanmakan/api [49m[39m src/features/menu/__tests__/feature.test.ts[2m > [22mMenu Feature Module[2m > [22mMenuService[2m > [22mMenu Item Management[2m > [22mshould create menu item successfully[32m 9[2mms[22m[39m
 [32m✓[39m [30m[42m @makanmakan/api [49m[39m src/features/menu/__tests__/feature.test.ts[2m > [22mMenu Feature Module[2m > [22mMenuService[2m > [22mMenu Item Management[2m > [22mshould update menu item successfully[32m 9[2mms[22m[39m
 [32m✓[39m [30m[42m @makanmakan/api [49m[39m src/features/menu/__tests__/feature.test.ts[2m > [22mMenu Feature Module[2m > [22mMenuService[2m > [22mMenu Item Management[2m > [22mshould throw error when updating non-existent menu item[32m 9[2mms[22m[39m
 [32m✓[39m [30m[43m @makanmakan/utils [49m[39m src/__tests__/performance-monitor.test.js[2m > [22mPerformanceMonitor[2m > [22mMetric Tracking[2m > [22mshould track custom metric[32m 28[2mms[22m[39m
 [32m✓[39m [30m[43m @makanmakan/utils [49m[39m src/__tests__/performance-monitor.test.js[2m > [22mPerformanceMonitor[2m > [22mMetric Tracking[2m > [22mshould track metric with tags[32m 4[2mms[22m[39m
 [32m✓[39m [30m[43m @makanmakan/utils [49m[39m src/__tests__/performance-monitor.test.js[2m > [22mPerformanceMonitor[2m > [22mMetric Tracking[2m > [22mshould not track metrics when disabled[32m 2[2mms[22m[39m
 [32m✓[39m [30m[43m @makanmakan/utils [49m[39m src/__tests__/performance-monitor.test.js[2m > [22mPerformanceMonitor[2m > [22mMetric Tracking[2m > [22mshould track multiple metrics[32m 2[2mms[22m[39m
 [32m✓[39m [30m[43m @makanmakan/utils [49m[39m src/__tests__/performance-monitor.test.js[2m > [22mPerformanceMonitor[2m > [22mFunction Measurement[2m > [22mshould measure synchronous function execution[32m 3[2mms[22m[39m
 [32m✓[39m [30m[43m @makanmakan/utils [49m[39m src/__tests__/performance-monitor.test.js[2m > [22mPerformanceMonitor[2m > [22mFunction Measurement[2m > [22mshould measure async function execution[32m 2[2mms[22m[39m
 [32m✓[39m [30m[43m @makanmakan/utils [49m[39m src/__tests__/performance-monitor.test.js[2m > [22mPerformanceMonitor[2m > [22mFunction Measurement[2m > [22mshould track error metrics when function throws[32m 12[2mms[22m[39m
 [32m✓[39m [30m[43m @makanmakan/utils [49m[39m src/__tests__/performance-monitor.test.js[2m > [22mPerformanceMonitor[2m > [22mFunction Measurement[2m > [22mshould measure with tags[32m 1[2mms[22m[39m
 [32m✓[39m [30m[43m @makanmakan/utils [49m[39m src/__tests__/performance-monitor.test.js[2m > [22mPerformanceMonitor[2m > [22mPerformance Marks and Measures[2m > [22mshould create performance mark[32m 4[2mms[22m[39m
 [32m✓[39m [30m[43m @makanmakan/utils [49m[39m src/__tests__/performance-monitor.test.js[2m > [22mPerformanceMonitor[2m > [22mPerformance Marks and Measures[2m > [22mshould measure between marks[32m 3[2mms[22m[39m
 [32m✓[39m [30m[43m @makanmakan/utils [49m[39m src/__tests__/performance-monitor.test.js[2m > [22mPerformanceMonitor[2m > [22mPerformance Marks and Measures[2m > [22mshould handle measure errors gracefully[32m 2[2mms[22m[39m
 [32m✓[39m [30m[43m @makanmakan/utils [49m[39m src/__tests__/performance-monitor.test.js[2m > [22mPerformanceMonitor[2m > [22mPerformance Marks and Measures[2m > [22mshould not create marks when disabled[32m 1[2mms[22m[39m
 [32m✓[39m [30m[43m @makanmakan/utils [49m[39m src/__tests__/performance-monitor.test.js[2m > [22mPerformanceMonitor[2m > [22mWeb Vitals[2m > [22mshould return empty web vitals initially[32m 1[2mms[22m[39m
 [32m✓[39m [30m[43m @makanmakan/utils [49m[39m src/__tests__/performance-monitor.test.js[2m > [22mPerformanceMonitor[2m > [22mWeb Vitals[2m > [22mshould return copy of web vitals[32m 7[2mms[22m[39m
 [32m✓[39m [30m[43m @makanmakan/utils [49m[39m src/__tests__/performance-monitor.test.js[2m > [22mPerformanceMonitor[2m > [22mClear and Reset[2m > [22mshould clear all metrics[32m 6[2mms[22m[39m
 [32m✓[39m [30m[43m @makanmakan/utils [49m[39m src/__tests__/performance-monitor.test.js[2m > [22mPerformanceMonitor[2m > [22mReport Generation[2m > [22mshould generate performance report[32m 7[2mms[22m[39m
 [32m✓[39m [30m[43m @makanmakan/utils [49m[39m src/__tests__/performance-monitor.test.js[2m > [22mPerformanceMonitor[2m > [22mReport Generation[2m > [22mshould include web vitals in report[32m 3[2mms[22m[39m
 [32m✓[39m [30m[43m @makanmakan/utils [49m[39m src/__tests__/performance-monitor.test.js[2m > [22mPerformanceMonitor[2m > [22mReport Generation[2m > [22mshould call onReport callback when sending report[32m 5[2mms[22m[39m
 [32m✓[39m [30m[43m @makanmakan/utils [49m[39m src/__tests__/performance-monitor.test.js[2m > [22mPerformanceMonitor[2m > [22mReport Generation[2m > [22mshould respect sample rate when sending report[32m 1[2mms[22m[39m
 [32m✓[39m [30m[42m @makanmakan/api [49m[39m src/features/menu/__tests__/feature.test.ts[2m > [22mMenu Feature Module[2m > [22mMenuService[2m > [22mCategory Management[2m > [22mshould create category successfully[32m 7[2mms[22m[39m
 [32m✓[39m [30m[42m @makanmakan/api [49m[39m src/features/menu/__tests__/feature.test.ts[2m > [22mMenu Feature Module[2m > [22mMenuService[2m > [22mSearch and Analytics[2m > [22mshould search menu items with filters[32m 26[2mms[22m[39m
 [32m✓[39m [30m[42m @makanmakan/api [49m[39m src/features/menu/__tests__/feature.test.ts[2m > [22mMenu Feature Module[2m > [22mMenuService[2m > [22mSearch and Analytics[2m > [22mshould get menu analytics[32m 12[2mms[22m[39m
 [32m✓[39m [30m[42m @makanmakan/api [49m[39m src/features/menu/__tests__/feature.test.ts[2m > [22mMenu Feature Module[2m > [22mMenuService[2m > [22mSearch and Analytics[2m > [22mshould get popularity metrics[32m 8[2mms[22m[39m
 [32m✓[39m [30m[42m @makanmakan/api [49m[39m src/features/menu/__tests__/feature.test.ts[2m > [22mMenu Feature Module[2m > [22mMenuService[2m > [22mBulk Operations[2m > [22mshould batch update availability[32m 5[2mms[22m[39m
 [32m✓[39m [30m[42m @makanmakan/api [49m[39m src/features/menu/__tests__/feature.test.ts[2m > [22mMenu Feature Module[2m > [22mMenuService[2m > [22mBulk Operations[2m > [22mshould batch update prices[32m 6[2mms[22m[39m
 [32m✓[39m [30m[42m @makanmakan/api [49m[39m src/features/menu/__tests__/feature.test.ts[2m > [22mMenu Feature Module[2m > [22mMenuService[2m > [22mUtility Functions[2m > [22mshould increment order count[32m 7[2mms[22m[39m
 [32m✓[39m [30m[42m @makanmakan/api [49m[39m src/features/menu/__tests__/feature.test.ts[2m > [22mMenu Feature Module[2m > [22mMenuService[2m > [22mUtility Functions[2m > [22mshould increment view count[32m 3[2mms[22m[39m
 [2m[90m↓[39m[22m [30m[42m @makanmakan/api [49m[39m src/features/menu/__tests__/feature.test.ts[2m > [22mMenu Feature Module[2m > [22mHTTP Routes[2m > [22mPublic Routes[2m > [22mGET /:restaurantId should return complete menu
 [2m[90m↓[39m[22m [30m[42m @makanmakan/api [49m[39m src/features/menu/__tests__/feature.test.ts[2m > [22mMenu Feature Module[2m > [22mHTTP Routes[2m > [22mPublic Routes[2m > [22mGET /:restaurantId/featured should return featured items
 [2m[90m↓[39m[22m [30m[42m @makanmakan/api [49m[39m src/features/menu/__tests__/feature.test.ts[2m > [22mMenu Feature Module[2m > [22mHTTP Routes[2m > [22mPublic Routes[2m > [22mGET /:restaurantId/popular should return popular items
 [2m[90m↓[39m[22m [30m[42m @makanmakan/api [49m[39m src/features/menu/__tests__/feature.test.ts[2m > [22mMenu Feature Module[2m > [22mHTTP Routes[2m > [22mPublic Routes[2m > [22mGET /items/:id should return menu item details
 [2m[90m↓[39m[22m [30m[42m @makanmakan/api [49m[39m src/features/menu/__tests__/feature.test.ts[2m > [22mMenu Feature Module[2m > [22mHTTP Routes[2m > [22mPublic Routes[2m > [22mGET /items/:id should return 404 for non-existent item
 [2m[90m↓[39m[22m [30m[42m @makanmakan/api [49m[39m src/features/menu/__tests__/feature.test.ts[2m > [22mMenu Feature Module[2m > [22mHTTP Routes[2m > [22mProtected Routes[2m > [22mPOST /:restaurantId/items should create menu item
 [2m[90m↓[39m[22m [30m[42m @makanmakan/api [49m[39m src/features/menu/__tests__/feature.test.ts[2m > [22mMenu Feature Module[2m > [22mHTTP Routes[2m > [22mProtected Routes[2m > [22mPUT /items/:id should update menu item
 [2m[90m↓[39m[22m [30m[42m @makanmakan/api [49m[39m src/features/menu/__tests__/feature.test.ts[2m > [22mMenu Feature Module[2m > [22mHTTP Routes[2m > [22mError Handling[2m > [22mshould handle service errors gracefully
 [2m[90m↓[39m[22m [30m[42m @makanmakan/api [49m[39m src/features/menu/__tests__/feature.test.ts[2m > [22mMenu Feature Module[2m > [22mHTTP Routes[2m > [22mError Handling[2m > [22mshould validate request parameters
 [32m✓[39m [30m[42m @makanmakan/api [49m[39m src/features/menu/__tests__/feature.test.ts[2m > [22mMenu Feature Module[2m > [22mSchema Validation[2m > [22mshould validate menu item creation data[32m 21[2mms[22m[39m
 [32m✓[39m [30m[42m @makanmakan/api [49m[39m src/features/menu/__tests__/feature.test.ts[2m > [22mMenu Feature Module[2m > [22mSchema Validation[2m > [22mshould reject invalid menu item data[32m 7[2mms[22m[39m
[90mstdout[2m | src/features/menu/__tests__/feature.test.ts[2m > [22m[2mMenu Feature Module[2m > [22m[2mCache Integration[2m > [22m[2mshould handle cache failures gracefully
[22m[39m[MenuService] INFO: Fetching complete menu { restaurantId: [33m1[39m }

 [32m✓[39m [30m[43m @makanmakan/utils [49m[39m src/__tests__/performance-monitor.test.js[2m > [22mPerformanceMonitor[2m > [22mReport Generation[2m > [22mshould handle report callback errors[32m 3[2mms[22m[39m
 [32m✓[39m [30m[43m @makanmakan/utils [49m[39m src/__tests__/performance-monitor.test.js[2m > [22mPerformanceMonitor[2m > [22mResource Timing[2m > [22mshould get resource timings[32m 2[2mms[22m[39m
 [32m✓[39m [30m[43m @makanmakan/utils [49m[39m src/__tests__/performance-monitor.test.js[2m > [22mPerformanceMonitor[2m > [22mResource Timing[2m > [22mshould return empty array when resource tracking disabled[32m 1[2mms[22m[39m
 [32m✓[39m [30m[43m @makanmakan/utils [49m[39m src/__tests__/performance-monitor.test.js[2m > [22mPerformanceMonitor[2m > [22mResource Timing[2m > [22mshould categorize resources correctly[32m 2[2mms[22m[39m
 [32m✓[39m [30m[43m @makanmakan/utils [49m[39m src/__tests__/performance-monitor.test.js[2m > [22mPerformanceMonitor[2m > [22mDebug Mode[2m > [22mshould log metrics in debug mode[32m 6[2mms[22m[39m
 [32m✓[39m [30m[43m @makanmakan/utils [49m[39m src/__tests__/performance-monitor.test.js[2m > [22mPerformanceMonitor[2m > [22mDebug Mode[2m > [22mshould not log when debug is disabled[32m 1[2mms[22m[39m
 [32m✓[39m [30m[43m @makanmakan/utils [49m[39m src/__tests__/performance-monitor.test.js[2m > [22mPerformanceMonitor[2m > [22mOptions[2m > [22mshould respect enabled option[32m 2[2mms[22m[39m
 [32m✓[39m [30m[43m @makanmakan/utils [49m[39m src/__tests__/performance-monitor.test.js[2m > [22mPerformanceMonitor[2m > [22mOptions[2m > [22mshould apply default options[32m 1[2mms[22m[39m
 [32m✓[39m [30m[43m @makanmakan/utils [49m[39m src/__tests__/performance-monitor.test.js[2m > [22mGlobal Performance Monitor[2m > [22mshould return same instance on multiple calls[32m 1[2mms[22m[39m
 [32m✓[39m [30m[43m @makanmakan/utils [49m[39m src/__tests__/performance-monitor.test.js[2m > [22mGlobal Performance Monitor[2m > [22mshould create new instance after reset[32m 1[2mms[22m[39m
 [32m✓[39m [30m[43m @makanmakan/utils [49m[39m src/__tests__/performance-monitor.test.js[2m > [22mGlobal Performance Monitor[2m > [22mshould disconnect observer on reset[32m 1[2mms[22m[39m
[90mstderr[2m | src/features/menu/__tests__/feature.test.ts[2m > [22m[2mMenu Feature Module[2m > [22m[2mCache Integration[2m > [22m[2mshould handle cache failures gracefully
[22m[39m[MenuService] WARN: Cache fetch failed {
  error: Error: Cache error
      at [90mC:\Users\minim\OneDrive\文档\Code\platform\makanmakan\[39mapps\api\src\features\menu\__tests__\feature.test.ts:752:56
      at [90mfile:///C:/Users/minim/OneDrive/%E6%96%87%E6%A1%A3/Code/platform/makanmakan/[39mnode_modules/[4m.pnpm[24m/@vitest+runner@3.2.4/node_modules/[4m@vitest[24m/runner/dist/chunk-hooks.js:155:11
      at [90mfile:///C:/Users/minim/OneDrive/%E6%96%87%E6%A1%A3/Code/platform/makanmakan/[39mnode_modules/[4m.pnpm[24m/@vitest+runner@3.2.4/node_modules/[4m@vitest[24m/runner/dist/chunk-hooks.js:752:26
      at [90mfile:///C:/Users/minim/OneDrive/%E6%96%87%E6%A1%A3/Code/platform/makanmakan/[39mnode_modules/[4m.pnpm[24m/@vitest+runner@3.2.4/node_modules/[4m@vitest[24m/runner/dist/chunk-hooks.js:1897:20
      at new Promise (<anonymous>)
      at runWithTimeout [90m(file:///C:/Users/minim/OneDrive/%E6%96%87%E6%A1%A3/Code/platform/makanmakan/[39mnode_modules/[4m.pnpm[24m/@vitest+runner@3.2.4/node_modules/[4m@vitest[24m/runner/dist/chunk-hooks.js:1863:10[90m)[39m
      at runTest [90m(file:///C:/Users/minim/OneDrive/%E6%96%87%E6%A1%A3/Code/platform/makanmakan/[39mnode_modules/[4m.pnpm[24m/@vitest+runner@3.2.4/node_modules/[4m@vitest[24m/runner/dist/chunk-hooks.js:1574:12[90m)[39m
  [90m    at processTicksAndRejections (node:internal/process/task_queues:105:5)[39m
      at runSuite [90m(file:///C:/Users/minim/OneDrive/%E6%96%87%E6%A1%A3/Code/platform/makanmakan/[39mnode_modules/[4m.pnpm[24m/@vitest+runner@3.2.4/node_modules/[4m@vitest[24m/runner/dist/chunk-hooks.js:1729:8[90m)[39m
      at runSuite [90m(file:///C:/Users/minim/OneDrive/%E6%96%87%E6%A1%A3/Code/platform/makanmakan/[39mnode_modules/[4m.pnpm[24m/@vitest+runner@3.2.4/node_modules/[4m@vitest[24m/runner/dist/chunk-hooks.js:1729:8[90m)[39m
}

 [32m✓[39m [30m[42m @makanmakan/api [49m[39m src/features/menu/__tests__/feature.test.ts[2m > [22mMenu Feature Module[2m > [22mSchema Validation[2m > [22mshould validate search filters[32m 7[2mms[22m[39m
 [32m✓[39m [30m[42m @makanmakan/api [49m[39m src/features/menu/__tests__/feature.test.ts[2m > [22mMenu Feature Module[2m > [22mCache Integration[2m > [22mshould use cache when available[32m 5[2mms[22m[39m
 [32m✓[39m [30m[42m @makanmakan/api [49m[39m src/features/menu/__tests__/feature.test.ts[2m > [22mMenu Feature Module[2m > [22mCache Integration[2m > [22mshould handle cache failures gracefully[32m 37[2mms[22m[39m
[90mstdout[2m | tests/integration/cross-service/api-realtime-db.test.ts[2m > [22m[2mAPI + Realtime + Database Integration
[22m[39m🚀 Initializing Integration Test Environment...
  ⏳ Waiting for API service...

[90mstdout[2m | src/__tests__/integration/core-modules.test.ts
[22m[39m[queue] INFO: queue module initialized { version: [32m'2.0.0'[39m, description: [32m'Unified queue management system'[39m }

[90mstdout[2m | src/features/group-orders/__tests__/e2e.test.ts
[22m[39m[queue] INFO: queue module initialized { version: [32m'2.0.0'[39m, description: [32m'Unified queue management system'[39m }

[90mstdout[2m | src/__tests__/integration/core-modules.test.ts
[22m[39m[TablesRoutes] Routes module loaded, defining routes...
[TablesRoutes] Registered POST / and POST routes for creating tables

[90mstdout[2m | src/features/group-orders/__tests__/e2e.test.ts
[22m[39m[TablesRoutes] Routes module loaded, defining routes...
[TablesRoutes] Registered POST / and POST routes for creating tables

[90mstdout[2m | tests/integration/e2e-scenarios/complete-ordering-flow.test.ts[2m > [22m[2mComplete Ordering Flow - E2E Test
[22m[39m🚀 Starting Complete Ordering Flow E2E Test\n
🚀 Initializing Integration Test Environment...
  ⏳ Waiting for API service...

[90mstdout[2m | tests/performance/db-benchmarks/query-performance.test.ts[2m > [22m[2mDatabase Query Performance Benchmarks[2m > [22m[2mMenu Item Queries[2m > [22m[2mshould fetch menu items by restaurant efficiently
[22m[39m📊 Menu Items Query Performance:
   Average: 0.00ms
   P95: 0.01ms
   P99: 0.01ms

[90mstdout[2m | tests/performance/db-benchmarks/query-performance.test.ts[2m > [22m[2mDatabase Query Performance Benchmarks[2m > [22m[2mMenu Item Queries[2m > [22m[2mshould validate index usage for menu items query
[22m[39m🔍 Menu Items Index Validation:
   Index Used: ❌
   Execution Time: 0.01ms
   ⚠️ No index used. Consider adding an index for better performance.

[90mstdout[2m | tests/performance/db-benchmarks/query-performance.test.ts[2m > [22m[2mDatabase Query Performance Benchmarks[2m > [22m[2mMenu Item Queries[2m > [22m[2mshould handle menu item search efficiently
[22m[39m📊 Menu Search Performance:
   Average: 0.00ms
   P95: 0.00ms

[90mstdout[2m | tests/performance/db-benchmarks/query-performance.test.ts[2m > [22m[2mDatabase Query Performance Benchmarks[2m > [22m[2mMenu Item Queries[2m > [22m[2mshould fetch menu items with category JOIN efficiently
[22m[39m📊 Menu with Category JOIN Performance:
   Average: 0.00ms
   P95: 0.00ms

[90mstdout[2m | tests/performance/db-benchmarks/query-performance.test.ts[2m > [22m[2mDatabase Query Performance Benchmarks[2m > [22m[2mOrder Queries[2m > [22m[2mshould fetch orders list efficiently
[22m[39m📊 Orders List Performance:
   Average: 0.00ms
   P95: 0.01ms

[90mstdout[2m | tests/performance/db-benchmarks/query-performance.test.ts[2m > [22m[2mDatabase Query Performance Benchmarks[2m > [22m[2mOrder Queries[2m > [22m[2mshould validate index usage for orders query
[22m[39m🔍 Orders Index Validation:
   Index Used: ❌
   ⚠️ No index used. Consider adding an index for better performance.

[90mstdout[2m | tests/performance/db-benchmarks/query-performance.test.ts[2m > [22m[2mDatabase Query Performance Benchmarks[2m > [22m[2mOrder Queries[2m > [22m[2mshould fetch order with items efficiently (avoid N+1)
[22m[39m📊 Order with Items (JOIN) Performance:
   Average: 0.00ms
   P95: 0.00ms

[90mstdout[2m | tests/performance/db-benchmarks/query-performance.test.ts[2m > [22m[2mDatabase Query Performance Benchmarks[2m > [22m[2mOrder Queries[2m > [22m[2mshould handle order status updates efficiently
[22m[39m📊 Order Status Update Performance:
   Average: 0.00ms

[90mstdout[2m | tests/performance/db-benchmarks/query-performance.test.ts[2m > [22m[2mDatabase Query Performance Benchmarks[2m > [22m[2mTable Management Queries[2m > [22m[2mshould fetch tables list efficiently
[22m[39m📊 Tables List Performance:
   Average: 0.00ms

[90mstdout[2m | tests/performance/db-benchmarks/query-performance.test.ts[2m > [22m[2mDatabase Query Performance Benchmarks[2m > [22m[2mTable Management Queries[2m > [22m[2mshould validate table availability check performance
[22m[39m📊 Table Availability Check Performance:
   Average: 0.00ms
   P95: 0.00ms

[90mstdout[2m | tests/performance/db-benchmarks/query-performance.test.ts[2m > [22m[2mDatabase Query Performance Benchmarks[2m > [22m[2mUser/Authentication Queries[2m > [22m[2mshould fetch user by username efficiently
[22m[39m📊 User Lookup Performance:
   Average: 0.00ms

[90mstdout[2m | tests/performance/db-benchmarks/query-performance.test.ts[2m > [22m[2mDatabase Query Performance Benchmarks[2m > [22m[2mUser/Authentication Queries[2m > [22m[2mshould validate index on username
[22m[39m🔍 Username Index Validation:
   Index Used: ❌

[90mstdout[2m | tests/performance/db-benchmarks/query-performance.test.ts[2m > [22m[2mDatabase Query Performance Benchmarks[2m > [22m[2mAnalytics Queries[2m > [22m[2mshould calculate daily revenue efficiently
[22m[39m📊 Daily Revenue Analytics Performance:
   Average: 0.00ms
   P95: 0.00ms

[90mstdout[2m | tests/performance/db-benchmarks/query-performance.test.ts[2m > [22m[2mDatabase Query Performance Benchmarks[2m > [22m[2mAnalytics Queries[2m > [22m[2mshould calculate popular menu items efficiently
[22m[39m📊 Popular Items Analytics Performance:
   Average: 0.00ms

[90mstdout[2m | tests/performance/db-benchmarks/query-performance.test.ts[2m > [22m[2mDatabase Query Performance Benchmarks[2m > [22m[2mConcurrent Load Testing[2m > [22m[2mshould handle 10 concurrent menu queries
[22m[39m📊 Concurrent Load Test (10 queries):
   Total Time: 0.10ms
   Avg Query Time: 0.05ms
   Success Rate: 100.0%

[90mstdout[2m | tests/performance/db-benchmarks/query-performance.test.ts[2m > [22m[2mDatabase Query Performance Benchmarks[2m > [22m[2mConcurrent Load Testing[2m > [22m[2mshould handle 50 concurrent order queries
[22m[39m📊 High Concurrent Load Test (50 queries):
   Total Time: 0.26ms
   Success Rate: 100.0%

[90mstdout[2m | src/__tests__/integration/core-modules.test.ts[2m > [22m[2mCore Modules Integration Tests
[22m[39m[SharedDataStore] Tables created successfully

[90mstdout[2m | src/__tests__/integration/core-modules.test.ts[2m > [22m[2mCore Modules Integration Tests
[22m[39m[SharedDataStore] Initialized with sql.js

[90mstdout[2m | src/features/group-orders/__tests__/e2e.test.ts[2m > [22m[2mGroup Orders E2E Tests
[22m[39m[SharedDataStore] Tables created successfully

[90mstdout[2m | src/features/group-orders/__tests__/e2e.test.ts[2m > [22m[2mGroup Orders E2E Tests
[22m[39m[SharedDataStore] Initialized with sql.js

[90mstdout[2m | src/__tests__/integration/core-modules.test.ts[2m > [22m[2mCore Modules Integration Tests
[22m[39m[SharedMockDB] EXEC executed successfully

[90mstdout[2m | src/__tests__/integration/core-modules.test.ts[2m > [22m[2mCore Modules Integration Tests
[22m[39m[SharedMockDB] EXEC executed successfully

[90mstdout[2m | src/__tests__/integration/core-modules.test.ts[2m > [22m[2mCore Modules Integration Tests
[22m[39m[SharedMockDB] EXEC executed successfully

[90mstdout[2m | src/__tests__/integration/core-modules.test.ts[2m > [22m[2mCore Modules Integration Tests
[22m[39m[SharedMockDB] EXEC executed successfully

[90mstdout[2m | src/__tests__/integration/core-modules.test.ts[2m > [22m[2mCore Modules Integration Tests
[22m[39m[SharedMockDB] EXEC executed successfully

[90mstdout[2m | src/__tests__/integration/core-modules.test.ts[2m > [22m[2mCore Modules Integration Tests
[22m[39m[SharedMockDB] EXEC executed successfully

[90mstdout[2m | src/__tests__/integration/core-modules.test.ts[2m > [22m[2mCore Modules Integration Tests
[22m[39m[SharedMockDB] EXEC executed successfully

[90mstdout[2m | src/__tests__/integration/core-modules.test.ts[2m > [22m[2mCore Modules Integration Tests
[22m[39m[SharedMockDB] EXEC executed successfully

[90mstdout[2m | src/__tests__/integration/core-modules.test.ts[2m > [22m[2mCore Modules Integration Tests
[22m[39m[SharedMockDB] EXEC executed successfully

[90mstdout[2m | src/__tests__/integration/core-modules.test.ts[2m > [22m[2mCore Modules Integration Tests
[22m[39m[SharedMockDB] EXEC executed successfully

[90mstdout[2m | src/__tests__/integration/core-modules.test.ts[2m > [22m[2mCore Modules Integration Tests
[22m[39m[SharedMockDB] EXEC executed successfully

[90mstdout[2m | src/__tests__/integration/core-modules.test.ts[2m > [22m[2mCore Modules Integration Tests
[22m[39m[SharedMockDB] EXEC executed successfully

[90mstdout[2m | src/__tests__/integration/core-modules.test.ts[2m > [22m[2mCore Modules Integration Tests
[22m[39m[SharedMockDB] EXEC executed successfully

[90mstdout[2m | src/__tests__/integration/core-modules.test.ts[2m > [22m[2mCore Modules Integration Tests
[22m[39m[SharedMockDB] EXEC executed successfully

[90mstdout[2m | src/__tests__/integration/core-modules.test.ts[2m > [22m[2mCore Modules Integration Tests
[22m[39m[SharedMockDB] EXEC executed successfully

[90mstdout[2m | src/__tests__/integration/core-modules.test.ts[2m > [22m[2mCore Modules Integration Tests
[22m[39m[SharedMockDB] EXEC executed successfully

[90mstdout[2m | src/__tests__/integration/core-modules.test.ts[2m > [22m[2mCore Modules Integration Tests
[22m[39m[SharedMockDB] EXEC executed successfully

[90mstdout[2m | src/features/group-orders/__tests__/e2e.test.ts[2m > [22m[2mGroup Orders E2E Tests
[22m[39m[SharedMockDB] EXEC executed successfully

[90mstdout[2m | src/features/group-orders/__tests__/e2e.test.ts[2m > [22m[2mGroup Orders E2E Tests
[22m[39m[SharedMockDB] EXEC executed successfully

[90mstdout[2m | src/features/group-orders/__tests__/e2e.test.ts[2m > [22m[2mGroup Orders E2E Tests
[22m[39m[SharedMockDB] EXEC executed successfully

[90mstdout[2m | src/features/group-orders/__tests__/e2e.test.ts[2m > [22m[2mGroup Orders E2E Tests
[22m[39m[SharedMockDB] EXEC executed successfully

[90mstdout[2m | src/features/group-orders/__tests__/e2e.test.ts[2m > [22m[2mGroup Orders E2E Tests
[22m[39m[SharedMockDB] EXEC executed successfully

[90mstdout[2m | src/features/group-orders/__tests__/e2e.test.ts[2m > [22m[2mGroup Orders E2E Tests
[22m[39m[SharedMockDB] EXEC executed successfully

[90mstdout[2m | src/features/group-orders/__tests__/e2e.test.ts[2m > [22m[2mGroup Orders E2E Tests
[22m[39m[SharedMockDB] EXEC executed successfully

[90mstdout[2m | src/features/group-orders/__tests__/e2e.test.ts[2m > [22m[2mGroup Orders E2E Tests
[22m[39m[SharedMockDB] EXEC executed successfully

[90mstdout[2m | src/features/group-orders/__tests__/e2e.test.ts[2m > [22m[2mGroup Orders E2E Tests
[22m[39m[SharedMockDB] EXEC executed successfully

[90mstdout[2m | src/features/group-orders/__tests__/e2e.test.ts[2m > [22m[2mGroup Orders E2E Tests
[22m[39m[SharedMockDB] EXEC executed successfully

[90mstdout[2m | src/features/group-orders/__tests__/e2e.test.ts[2m > [22m[2mGroup Orders E2E Tests
[22m[39m[SharedMockDB] EXEC executed successfully

[90mstdout[2m | src/features/group-orders/__tests__/e2e.test.ts[2m > [22m[2mGroup Orders E2E Tests
[22m[39m[SharedMockDB] EXEC executed successfully

[90mstdout[2m | src/features/group-orders/__tests__/e2e.test.ts[2m > [22m[2mGroup Orders E2E Tests
[22m[39m[SharedMockDB] EXEC executed successfully

[90mstdout[2m | src/features/group-orders/__tests__/e2e.test.ts[2m > [22m[2mGroup Orders E2E Tests
[22m[39m[SharedMockDB] EXEC executed successfully

[90mstdout[2m | src/features/group-orders/__tests__/e2e.test.ts[2m > [22m[2mGroup Orders E2E Tests
[22m[39m[SharedMockDB] EXEC executed successfully

[90mstdout[2m | src/__tests__/integration/core-modules.test.ts[2m > [22m[2mCore Modules Integration Tests
[22m[39m[SharedMockDB] EXEC executed successfully

[90mstdout[2m | src/features/group-orders/__tests__/e2e.test.ts[2m > [22m[2mGroup Orders E2E Tests
[22m[39m[SharedMockDB] EXEC executed successfully

[90mstdout[2m | src/__tests__/integration/core-modules.test.ts[2m > [22m[2mCore Modules Integration Tests
[22m[39m[SharedMockDB] EXEC executed successfully

[90mstdout[2m | src/features/group-orders/__tests__/e2e.test.ts[2m > [22m[2mGroup Orders E2E Tests
[22m[39m[SharedMockDB] EXEC executed successfully

[90mstdout[2m | src/__tests__/integration/core-modules.test.ts[2m > [22m[2mCore Modules Integration Tests
[22m[39m[SharedMockDB] EXEC executed successfully

[90mstdout[2m | src/features/group-orders/__tests__/e2e.test.ts[2m > [22m[2mGroup Orders E2E Tests
[22m[39m[SharedMockDB] EXEC executed successfully

[90mstdout[2m | src/__tests__/integration/core-modules.test.ts[2m > [22m[2mCore Modules Integration Tests
[22m[39m[SharedMockDB] EXEC executed successfully

[90mstdout[2m | src/features/group-orders/__tests__/e2e.test.ts[2m > [22m[2mGroup Orders E2E Tests
[22m[39m[SharedMockDB] EXEC executed successfully

[90mstdout[2m | src/features/group-orders/__tests__/e2e.test.ts[2m > [22m[2mGroup Orders E2E Tests
[22m[39m[SharedMockDB] EXEC executed successfully

[90mstdout[2m | src/features/group-orders/__tests__/e2e.test.ts[2m > [22m[2mGroup Orders E2E Tests
[22m[39m[SharedMockDB] EXEC executed successfully

[90mstdout[2m | src/features/group-orders/__tests__/e2e.test.ts[2m > [22m[2mGroup Orders E2E Tests
[22m[39m[SharedMockDB] EXEC executed successfully

[90mstdout[2m | src/features/group-orders/__tests__/e2e.test.ts[2m > [22m[2mGroup Orders E2E Tests
[22m[39m[SharedMockDB] EXEC executed successfully

[90mstdout[2m | src/features/group-orders/__tests__/e2e.test.ts[2m > [22m[2mGroup Orders E2E Tests
[22m[39m[SharedMockDB] EXEC executed successfully

[90mstdout[2m | src/features/group-orders/__tests__/e2e.test.ts[2m > [22m[2mGroup Orders E2E Tests
[22m[39m[SharedMockDB] EXEC executed successfully

[90mstdout[2m | src/features/group-orders/__tests__/e2e.test.ts[2m > [22m[2mGroup Orders E2E Tests
[22m[39m[SharedMockDB] EXEC executed successfully

[90mstdout[2m | src/features/group-orders/__tests__/e2e.test.ts[2m > [22m[2mGroup Orders E2E Tests
[22m[39m[SharedMockDB] EXEC executed successfully

[90mstdout[2m | src/features/group-orders/__tests__/e2e.test.ts[2m > [22m[2mGroup Orders E2E Tests
[22m[39m[createTestApp] Reusing existing dataStore from customDB
[createTestApp] Using DB instance: [33mtrue[39m
[createTestApp] DB has prepare: function
[createTestApp] Created inline mock Drizzle with shared dataStore
[createTestApp] Registering routes...
[createTestApp] - tablesFeature type: object
[createTestApp] - tablesFeature keys: [ [32m'routes'[39m, [32m'getHealthStatus'[39m, [32m'getFeatureInfo'[39m ]
[createTestApp] - tablesFeature.routes type: object
[createTestApp] - tablesFeature.routes is Hono?: Hono
[createTestApp] - usersFeature.routes type: object
[createTestApp] - usersFeature.routes is Hono?: Hono
[authentication] INFO: authentication module initialized { version: [32m'1.0.0'[39m }
[restaurants] INFO: restaurants module initialized { version: [32m'1.0.0'[39m }
[menu] INFO: menu module initialized { version: [32m'1.0.0'[39m }
[orders] DEBUG: Orders routes mounted {
  endpoints: [
    [32m'POST /'[39m,
    [32m'GET /'[39m,
    [32m'GET /:id'[39m,
    [32m'PUT /:id/status'[39m,
    [32m'DELETE /:id'[39m,
    [32m'GET /stats'[39m,
    [32m'GET /analytics'[39m,
    [32m'POST /bulk'[39m,
    [32m'POST /export'[39m,
    [32m'GET /:id/receipt'[39m,
    [32m'GET /active'[39m,
    [32m'POST /preview-coupon'[39m
  ]
}
[orders] INFO: orders module initialized { version: [32m'1.0.0'[39m, timestamp: [32m'2025-11-16T16:51:59.150Z'[39m }
[createTestApp] Registering /tables route
[createTestApp] Registering /users route
[analytics] INFO: analytics module initialized { version: [32m'1.0.0'[39m }
[qr-codes] INFO: qr-codes module initialized { version: [32m'1.0.0'[39m }
[createTestApp] All routes registered
[createTestApp] Mounting /api/v1

[90mstdout[2m | src/__tests__/integration/core-modules.test.ts[2m > [22m[2mCore Modules Integration Tests
[22m[39m[SharedMockDB] EXEC executed successfully

[90mstdout[2m | src/__tests__/integration/core-modules.test.ts[2m > [22m[2mCore Modules Integration Tests
[22m[39m[SharedMockDB] EXEC executed successfully

[90mstdout[2m | src/__tests__/integration/core-modules.test.ts[2m > [22m[2mCore Modules Integration Tests
[22m[39m[SharedMockDB] EXEC executed successfully

[90mstdout[2m | src/__tests__/integration/core-modules.test.ts[2m > [22m[2mCore Modules Integration Tests
[22m[39m[SharedMockDB] EXEC executed successfully

[90mstdout[2m | src/__tests__/integration/core-modules.test.ts[2m > [22m[2mCore Modules Integration Tests
[22m[39m[SharedMockDB] EXEC executed successfully

[90mstdout[2m | src/__tests__/integration/core-modules.test.ts[2m > [22m[2mCore Modules Integration Tests
[22m[39m[SharedMockDB] EXEC executed successfully

[90mstdout[2m | src/__tests__/integration/core-modules.test.ts[2m > [22m[2mCore Modules Integration Tests
[22m[39m[createTestApp] Reusing existing dataStore from customDB
[createTestApp] Using DB instance: [33mtrue[39m
[createTestApp] DB has prepare: function
[createTestApp] Created inline mock Drizzle with shared dataStore
[createTestApp] Registering routes...
[createTestApp] - tablesFeature type: object
[createTestApp] - tablesFeature keys: [ [32m'routes'[39m, [32m'getHealthStatus'[39m, [32m'getFeatureInfo'[39m ]
[createTestApp] - tablesFeature.routes type: object
[createTestApp] - tablesFeature.routes is Hono?: Hono
[createTestApp] - usersFeature.routes type: object
[createTestApp] - usersFeature.routes is Hono?: Hono
[authentication] INFO: authentication module initialized { version: [32m'1.0.0'[39m }
[restaurants] INFO: restaurants module initialized { version: [32m'1.0.0'[39m }
[menu] INFO: menu module initialized { version: [32m'1.0.0'[39m }
[orders] DEBUG: Orders routes mounted {
  endpoints: [
    [32m'POST /'[39m,
    [32m'GET /'[39m,
    [32m'GET /:id'[39m,
    [32m'PUT /:id/status'[39m,
    [32m'DELETE /:id'[39m,
    [32m'GET /stats'[39m,
    [32m'GET /analytics'[39m,
    [32m'POST /bulk'[39m,
    [32m'POST /export'[39m,
    [32m'GET /:id/receipt'[39m,
    [32m'GET /active'[39m,
    [32m'POST /preview-coupon'[39m
  ]
}
[orders] INFO: orders module initialized { version: [32m'1.0.0'[39m, timestamp: [32m'2025-11-16T16:51:59.194Z'[39m }
[createTestApp] Registering /tables route
[createTestApp] Registering /users route
[analytics] INFO: analytics module initialized { version: [32m'1.0.0'[39m }
[qr-codes] INFO: qr-codes module initialized { version: [32m'1.0.0'[39m }
[createTestApp] All routes registered
[createTestApp] Mounting /api/v1

[90mstdout[2m | src/features/group-orders/__tests__/e2e.test.ts[2m > [22m[2mGroup Orders E2E Tests
[22m[39m[SharedMockDB] RUN executed: {
  sql: [32m'\n'[39m +
    [32m'      INSERT INTO restaurants (\n'[39m +
    [32m'        name, type, category, description, address, district, city,'[39m,
  changes: [33m1[39m,
  lastInsertRowid: [33m1[39m
}

[90mstdout[2m | src/features/group-orders/__tests__/e2e.test.ts[2m > [22m[2mGroup Orders E2E Tests
[22m[39m[SharedMockDB] RUN executed: {
  sql: [32m'\n'[39m +
    [32m'      INSERT INTO tables (\n'[39m +
    [32m'        restaurantId, number, name, capacity, location, qrCode,\n'[39m +
    [32m'        '[39m,
  changes: [33m1[39m,
  lastInsertRowid: [33m1[39m
}

[90mstdout[2m | src/features/group-orders/__tests__/e2e.test.ts[2m > [22m[2mGroup Orders E2E Tests
[22m[39m[SharedMockDB] RUN executed: {
  sql: [32m'\n'[39m +
    [32m'      INSERT INTO categories (\n'[39m +
    [32m'        restaurantId, name, description, sortOrder, isActive, isVisi'[39m,
  changes: [33m1[39m,
  lastInsertRowid: [33m1[39m
}

[90mstdout[2m | src/features/group-orders/__tests__/e2e.test.ts[2m > [22m[2mGroup Orders E2E Tests
[22m[39m[SharedMockDB] RUN executed: {
  sql: [32m'\n'[39m +
    [32m'      INSERT INTO menu_items (\n'[39m +
    [32m'        restaurantId, categoryId, name, description, price,\n'[39m +
    [32m'        '[39m,
  changes: [33m1[39m,
  lastInsertRowid: [33m1[39m
}

[90mstdout[2m | src/features/group-orders/__tests__/e2e.test.ts[2m > [22m[2mGroup Orders E2E Tests
[22m[39m[E2E Setup] Created test data: { restaurantId: [33m1[39m, tableId: [33m1[39m, categoryId: [33m1[39m, menuItemId: [33m1[39m }

[90mstdout[2m | src/features/group-orders/__tests__/e2e.test.ts[2m > [22m[2mGroup Orders E2E Tests[2m > [22m[2mPOST /api/v1/orders/group/create - Create Group Order[2m > [22m[2mshould create a new group order successfully
[22m[39m[SharedMockDB] EXEC executed successfully

[90mstdout[2m | src/features/group-orders/__tests__/e2e.test.ts[2m > [22m[2mGroup Orders E2E Tests[2m > [22m[2mPOST /api/v1/orders/group/create - Create Group Order[2m > [22m[2mshould create a new group order successfully
[22m[39m[SharedMockDB] EXEC executed successfully

[90mstdout[2m | src/features/group-orders/__tests__/e2e.test.ts[2m > [22m[2mGroup Orders E2E Tests[2m > [22m[2mPOST /api/v1/orders/group/create - Create Group Order[2m > [22m[2mshould create a new group order successfully
[22m[39m[SharedMockDB] EXEC executed successfully

[90mstdout[2m | src/features/group-orders/__tests__/e2e.test.ts[2m > [22m[2mGroup Orders E2E Tests[2m > [22m[2mPOST /api/v1/orders/group/create - Create Group Order[2m > [22m[2mshould create a new group order successfully
[22m[39m[SharedMockDB] EXEC executed successfully

[90mstdout[2m | src/features/group-orders/__tests__/e2e.test.ts[2m > [22m[2mGroup Orders E2E Tests[2m > [22m[2mPOST /api/v1/orders/group/create - Create Group Order[2m > [22m[2mshould create a new group order successfully
[22m[39m[SharedMockDB] EXEC executed successfully

[90mstdout[2m | src/__tests__/integration/core-modules.test.ts[2m > [22m[2mCore Modules Integration Tests[2m > [22m[2mRestaurant Management Integration[2m > [22m[2mshould create restaurant with default settings and admin user
[22m[39m[SharedMockDB] RUN executed: {
  sql: [32m'\n'[39m +
    [32m'      INSERT INTO restaurants (id, name, type, category, address, district, phone, email, isAvailab'[39m,
  changes: [33m1[39m,
  lastInsertRowid: [33m1[39m
}

[90mstdout[2m | src/__tests__/integration/core-modules.test.ts[2m > [22m[2mCore Modules Integration Tests[2m > [22m[2mRestaurant Management Integration[2m > [22m[2mshould create restaurant with default settings and admin user
[22m[39m[SharedMockDB] RUN executed: {
  sql: [32m'\n'[39m +
    [32m'      INSERT INTO users (id, username, email, fullName, passwordHash, role, restaurantId, isActive,'[39m,
  changes: [33m1[39m,
  lastInsertRowid: [33m1[39m
}

[90mstdout[2m | src/features/group-orders/__tests__/e2e.test.ts[2m > [22m[2mGroup Orders E2E Tests[2m > [22m[2mPOST /api/v1/orders/group/create - Create Group Order[2m > [22m[2mshould create a new group order successfully
[22m[39m[API_V1] POST /api/v1/orders/group/create

[90mstdout[2m | src/__tests__/integration/core-modules.test.ts[2m > [22m[2mCore Modules Integration Tests[2m > [22m[2mRestaurant Management Integration[2m > [22m[2mshould create restaurant with default settings and admin user
[22m[39m[API_V1] POST /api/v1/restaurants

[90mstdout[2m | src/features/group-orders/__tests__/e2e.test.ts[2m > [22m[2mGroup Orders E2E Tests[2m > [22m[2mPOST /api/v1/orders/group/create - Create Group Order[2m > [22m[2mshould create a new group order successfully
[22m[39m[group-orders] Creating group order { restaurantId: [33m1[39m, hostId: [33m2[39m }
[SharedMockDB] RUN executed: {
  sql: [32m'\n'[39m +
    [32m'        INSERT INTO group_orders (\n'[39m +
    [32m'          id, restaurant_id, table_id, share_code, created_by,\n'[39m +
    [32m' '[39m,
  changes: [33m1[39m,
  lastInsertRowid: [33m1[39m
}

[90mstdout[2m | src/features/group-orders/__tests__/e2e.test.ts[2m > [22m[2mGroup Orders E2E Tests[2m > [22m[2mPOST /api/v1/orders/group/create - Create Group Order[2m > [22m[2mshould create a new group order successfully
[22m[39m[SharedMockDB] RUN executed: {
  sql: [32m'\n'[39m +
    [32m'        INSERT INTO group_members (\n'[39m +
    [32m'          id, group_order_id, session_id, name, role,\n'[39m +
    [32m'         '[39m,
  changes: [33m1[39m,
  lastInsertRowid: [33m1[39m
}

[90mstdout[2m | src/features/group-orders/__tests__/e2e.test.ts[2m > [22m[2mGroup Orders E2E Tests[2m > [22m[2mPOST /api/v1/orders/group/create - Create Group Order[2m > [22m[2mshould create a new group order successfully
[22m[39m[SharedMockDB] RUN executed: {
  sql: [32m'\n'[39m +
    [32m'      INSERT INTO group_activity_logs (\n'[39m +
    [32m'        id, group_order_id, member_id, action, description,'[39m,
  changes: [33m1[39m,
  lastInsertRowid: [33m1[39m
}

[90mstdout[2m | src/features/group-orders/__tests__/e2e.test.ts[2m > [22m[2mGroup Orders E2E Tests[2m > [22m[2mPOST /api/v1/orders/group/create - Create Group Order[2m > [22m[2mshould create a new group order successfully
[22m[39m[SharedMockDB] FIRST executed: {
  sql: [32m'\n        SELECT * FROM group_members WHERE id = ?\n      '[39m,
  hasResult: [33mtrue[39m
}

[90mstdout[2m | src/__tests__/integration/core-modules.test.ts[2m > [22m[2mCore Modules Integration Tests[2m > [22m[2mRestaurant Management Integration[2m > [22m[2mshould create restaurant with default settings and admin user
[22m[39m[RestaurantsRoutes] DEBUG: Creating restaurant {
  body: {
    name: [32m'Test Restaurant'[39m,
    type: [32m'Casual Dining'[39m,
    category: [32m'Restaurant'[39m,
    address: [32m'Test Address'[39m,
    district: [32m'Test District'[39m,
    phone: [32m'012-3456789'[39m,
    email: [32m'test@restaurant.com'[39m
  }
}
[BaseService] Using mock Drizzle instance (from env)
[RestaurantsService] DEBUG: Creating restaurant { name: [32m'Test Restaurant'[39m }
[RestaurantService] Creating restaurant with data: {
  name: [32m'Test Restaurant'[39m,
  type: [32m'Casual Dining'[39m,
  category: [32m'Restaurant'[39m,
  address: [32m'Test Address'[39m,
  district: [32m'Test District'[39m,
  phone: [32m'012-3456789'[39m,
  email: [32m'test@restaurant.com'[39m
}
[MockDrizzle] insert() for table: restaurants
[MockDrizzle] values(): {
  name: [32m'Test Restaurant'[39m,
  type: [32m'Casual Dining'[39m,
  category: [32m'Restaurant'[39m,
  address: [32m'Test Address'[39m,
  district: [32m'Test District'[39m,
  phone: [32m'012-3456789'[39m,
  email: [32m'test@restaurant.com'[39m,
  city: [32m'台中市'[39m,
  isAvailable: [33mtrue[39m,
  isActive: [33mtrue[39m
}
[MockDrizzle] returning() called
[SharedDataStore] INSERT SQL: INSERT INTO restaurants (name, type, category, address, district, phone, email, city, isAvailable, isActive, createdAt, updatedAt) VALUES (?, ?, ?, ?, ?, ?, ?, ?, ?, ?, ?, ?)
[SharedDataStore] INSERT values: ["Test Restaurant","Casual Dining","Restaurant","Test Address","Test District","012-3456789","test@restaurant.com","台中市",1,1,"2025-11-16T16:51:59.604Z","2025-11-16T16:51:59.604Z"]
[SharedDataStore] Inserted into restaurants: [33m2[39m
[MockDrizzle] Stored record ID: [33m2[39m
[MockDrizzle] Returning: [
  {
    name: [32m'Test Restaurant'[39m,
    type: [32m'Casual Dining'[39m,
    category: [32m'Restaurant'[39m,
    address: [32m'Test Address'[39m,
    district: [32m'Test District'[39m,
    phone: [32m'012-3456789'[39m,
    email: [32m'test@restaurant.com'[39m,
    city: [32m'台中市'[39m,
    isAvailable: [33mtrue[39m,
    isActive: [33mtrue[39m,
    createdAt: [32m'2025-11-16T16:51:59.604Z'[39m,
    updatedAt: [32m'2025-11-16T16:51:59.604Z'[39m,
    id: [33m2[39m
  }
]

[90mstdout[2m | src/__tests__/integration/core-modules.test.ts[2m > [22m[2mCore Modules Integration Tests[2m > [22m[2mRestaurant Management Integration[2m > [22m[2mshould create restaurant with default settings and admin user
[22m[39m[RestaurantService] Insert result: [
  {
    name: [32m'Test Restaurant'[39m,
    type: [32m'Casual Dining'[39m,
    category: [32m'Restaurant'[39m,
    address: [32m'Test Address'[39m,
    district: [32m'Test District'[39m,
    phone: [32m'012-3456789'[39m,
    email: [32m'test@restaurant.com'[39m,
    city: [32m'台中市'[39m,
    isAvailable: [33mtrue[39m,
    isActive: [33mtrue[39m,
    createdAt: [32m'2025-11-16T16:51:59.604Z'[39m,
    updatedAt: [32m'2025-11-16T16:51:59.604Z'[39m,
    id: [33m2[39m
  }
]
[RestaurantService] Restaurant created with ID: [33m2[39m

[90mstdout[2m | src/__tests__/integration/core-modules.test.ts[2m > [22m[2mCore Modules Integration Tests[2m > [22m[2mRestaurant Management Integration[2m > [22m[2mshould create restaurant with default settings and admin user
[22m[39m[RestaurantsService] DEBUG: Emitting restaurant event {
  type: [32m'RESTAURANT_CREATED'[39m,
  payload: {
    id: [33m2[39m,
    name: [32m'Test Restaurant'[39m,
    type: [32m'Casual Dining'[39m,
    category: [32m'Restaurant'[39m,
    description: [90mundefined[39m,
    address: [32m'Test Address'[39m,
    district: [32m'Test District'[39m,
    city: [32m'台中市'[39m,
    phone: [32m'012-3456789'[39m,
    email: [32m'test@restaurant.com'[39m,
    website: [90mundefined[39m,
    businessHours: [90mundefined[39m,
    isAvailable: [33mtrue[39m,
    isActive: [33mtrue[39m,
    logoUrl: [90mundefined[39m,
    bannerUrl: [90mundefined[39m,
    imageUrls: [90mundefined[39m,
    settings: [90mundefined[39m,
    rating: [90mundefined[39m,
    reviewCount: [90mundefined[39m,
    totalOrders: [90mundefined[39m,
    status: [33m1[39m,
    planType: [33m0[39m,
    shopQrCode: [90mundefined[39m,
    shopQrCodeImageUrl: [90mundefined[39m,
    enableShopMode: [90mundefined[39m,
    shopQrSettings: [90mundefined[39m,
    shopQrVersion: [90mundefined[39m,
    createdAt: [32m'2025-11-16T16:51:59.604Z'[39m,
    updatedAt: [32m'2025-11-16T16:51:59.604Z'[39m
  }
}

[90mstdout[2m | src/__tests__/integration/core-modules.test.ts[2m > [22m[2mCore Modules Integration Tests[2m > [22m[2mRestaurant Management Integration[2m > [22m[2mshould create restaurant with default settings and admin user
[22m[39m[RestaurantsService] INFO: Restaurant created successfully { id: [33m2[39m, name: [32m'Test Restaurant'[39m }

[90mstdout[2m | src/features/group-orders/__tests__/e2e.test.ts[2m > [22m[2mGroup Orders E2E Tests[2m > [22m[2mPOST /api/v1/orders/group/create - Create Group Order[2m > [22m[2mshould create a new group order successfully
[22m[39m[group-orders] Group order created successfully {
  groupOrderId: [32m'3a4fa938-2616-4c9f-aacb-46d17d31c9bd'[39m,
  shareCode: [32m'ZKTU4EUQ'[39m
}
[group-orders] createGroupOrder took 50ms

[90mstdout[2m | src/__tests__/integration/core-modules.test.ts[2m > [22m[2mCore Modules Integration Tests[2m > [22m[2mRestaurant Management Integration[2m > [22m[2mshould create restaurant with default settings and admin user
[22m[39m[API_V1] Response status: 201

[90mstdout[2m | src/__tests__/integration/core-modules.test.ts[2m > [22m[2mCore Modules Integration Tests[2m > [22m[2mMenu and Order Integration[2m > [22m[2mshould create menu items and process orders end-to-end
[22m[39m[SharedMockDB] RUN executed: {
  sql: [32m'\n'[39m +
    [32m'      INSERT INTO restaurants (id, name, type, category, address, district, phone, email, isAvailab'[39m,
  changes: [33m1[39m,
  lastInsertRowid: [33m1[39m
}

[90mstdout[2m | src/__tests__/integration/core-modules.test.ts[2m > [22m[2mCore Modules Integration Tests[2m > [22m[2mMenu and Order Integration[2m > [22m[2mshould create menu items and process orders end-to-end
[22m[39m[SharedMockDB] RUN executed: {
  sql: [32m'\n'[39m +
    [32m'      INSERT INTO users (id, username, email, fullName, passwordHash, role, restaurantId, isActive,'[39m,
  changes: [33m1[39m,
  lastInsertRowid: [33m1[39m
}

[90mstdout[2m | src/__tests__/integration/core-modules.test.ts[2m > [22m[2mCore Modules Integration Tests[2m > [22m[2mMenu and Order Integration[2m > [22m[2mshould create menu items and process orders end-to-end
[22m[39m[API_V1] POST /api/v1/menu/1/categories

[90mstdout[2m | src/__tests__/integration/core-modules.test.ts[2m > [22m[2mCore Modules Integration Tests[2m > [22m[2mMenu and Order Integration[2m > [22m[2mshould create menu items and process orders end-to-end
[22m[39m[BaseService] Using mock Drizzle instance (from env)
[MenuService] INFO: Creating category {
  data: { name: [32m'主菜'[39m, description: [32m'主要餐點'[39m, sortOrder: [33m0[39m, restaurantId: [33m1[39m }
}
[MockDrizzle] insert() for table: categories
[MockDrizzle] values(): { name: [32m'主菜'[39m, description: [32m'主要餐點'[39m, sortOrder: [33m0[39m, restaurantId: [33m1[39m }
[MockDrizzle] returning() called
[SharedDataStore] INSERT SQL: INSERT INTO categories (name, description, sortOrder, restaurantId, createdAt, updatedAt) VALUES (?, ?, ?, ?, ?, ?)
[SharedDataStore] INSERT values: ["主菜","主要餐點",0,1,"2025-11-16T16:51:59.710Z","2025-11-16T16:51:59.710Z"]
[SharedDataStore] Inserted into categories: [33m1[39m
[MockDrizzle] Stored record ID: [33m1[39m
[MockDrizzle] Returning: [
  {
    name: [32m'主菜'[39m,
    description: [32m'主要餐點'[39m,
    sortOrder: [33m0[39m,
    restaurantId: [33m1[39m,
    createdAt: [32m'2025-11-16T16:51:59.710Z'[39m,
    updatedAt: [32m'2025-11-16T16:51:59.710Z'[39m,
    id: [33m1[39m
  }
]

[90mstdout[2m | src/__tests__/integration/core-modules.test.ts[2m > [22m[2mCore Modules Integration Tests[2m > [22m[2mMenu and Order Integration[2m > [22m[2mshould create menu items and process orders end-to-end
[22m[39m[MenuService] DEBUG: Menu cache invalidated { restaurantId: [33m1[39m }

[90mstdout[2m | src/__tests__/integration/core-modules.test.ts[2m > [22m[2mCore Modules Integration Tests[2m > [22m[2mMenu and Order Integration[2m > [22m[2mshould create menu items and process orders end-to-end
[22m[39m[MenuService] INFO: Category created successfully { categoryId: [33m1[39m }

[90mstdout[2m | src/__tests__/integration/core-modules.test.ts[2m > [22m[2mCore Modules Integration Tests[2m > [22m[2mMenu and Order Integration[2m > [22m[2mshould create menu items and process orders end-to-end
[22m[39m[API_V1] Response status: 201

[90mstdout[2m | src/__tests__/integration/core-modules.test.ts[2m > [22m[2mCore Modules Integration Tests[2m > [22m[2mMenu and Order Integration[2m > [22m[2mshould create menu items and process orders end-to-end
[22m[39m[API_V1] POST /api/v1/menu/1/items

[90mstdout[2m | src/__tests__/integration/core-modules.test.ts[2m > [22m[2mCore Modules Integration Tests[2m > [22m[2mMenu and Order Integration[2m > [22m[2mshould create menu items and process orders end-to-end
[22m[39m[BaseService] Using mock Drizzle instance (from env)
[MenuService] INFO: Creating menu item { data: { name: [32m'炒飯'[39m, restaurantId: [33m1[39m } }
[MockDrizzle] Normalized table name: categories -> categories
[MockDrizzle] query.findFirst() called for table: categories
[MockDrizzle] Table categories has [33m1[39m total records
[MockDrizzle] queryChunks: [{"index":0,"type":"StringChunk","hasValue":true,"value":[""],"valueType":"object"},{"index":1,"type":"SQLiteInteger","hasValue":false,"valueType":"undefined"},{"index":2,"type":"StringChunk","hasValue":true,"value":[" = "],"valueType":"object"},{"index":3,"type":"Param","hasValue":true,"value":1,"valueType":"number"},{"index":4,"type":"StringChunk","hasValue":true,"value":[""],"valueType":"object"}]
[MockDrizzle] Filtering by: id = [33m1[39m
[MockDrizzle] Found [33m1[39m matching records
[MockDrizzle] First record: {"id":1,"restaurantId":"1","name":"主菜","description":"主要餐點","sortOrder":0,"isActive":1,"isVisible":1,"imageUrl":null,"iconUrl":null,"availableHours":null,"itemCount":0,"createdAt":"2025-11-16T16:51:59.710Z","updatedAt":"2025-11-16T16:51:59.710Z"}

[90mstdout[2m | src/__tests__/integration/core-modules.test.ts[2m > [22m[2mCore Modules Integration Tests[2m > [22m[2mMenu and Order Integration[2m > [22m[2mshould create menu items and process orders end-to-end
[22m[39m[MockDrizzle] insert() for table: menu_items
[MockDrizzle] values(): {
  categoryId: [33m1[39m,
  name: [32m'炒飯'[39m,
  description: [32m'香噴噴的炒飯'[39m,
  price: [33m120[39m,
  spiceLevel: [33m0[39m,
  preparationTime: [33m15[39m,
  restaurantId: [33m1[39m,
  isAvailable: [33mtrue[39m,
  isFeatured: [33mfalse[39m,
  isPopular: [33mfalse[39m
}
[MockDrizzle] returning() called
[SharedDataStore] INSERT SQL: INSERT INTO menu_items (categoryId, name, description, price, spiceLevel, preparationTime, restaurantId, isAvailable, isFeatured, isPopular, createdAt, updatedAt) VALUES (?, ?, ?, ?, ?, ?, ?, ?, ?, ?, ?, ?)
[SharedDataStore] INSERT values: [1,"炒飯","香噴噴的炒飯",120,0,15,1,1,0,0,"2025-11-16T16:51:59.737Z","2025-11-16T16:51:59.737Z"]
[SharedDataStore] Inserted into menu_items: [33m1[39m
[MockDrizzle] Stored record ID: [33m1[39m
[MockDrizzle] Returning: [
  {
    categoryId: [33m1[39m,
    name: [32m'炒飯'[39m,
    description: [32m'香噴噴的炒飯'[39m,
    price: [33m120[39m,
    spiceLevel: [33m0[39m,
    preparationTime: [33m15[39m,
    restaurantId: [33m1[39m,
    isAvailable: [33mtrue[39m,
    isFeatured: [33mfalse[39m,
    isPopular: [33mfalse[39m,
    createdAt: [32m'2025-11-16T16:51:59.737Z'[39m,
    updatedAt: [32m'2025-11-16T16:51:59.737Z'[39m,
    id: [33m1[39m
  }
]

[90mstdout[2m | src/__tests__/integration/core-modules.test.ts[2m > [22m[2mCore Modules Integration Tests[2m > [22m[2mMenu and Order Integration[2m > [22m[2mshould create menu items and process orders end-to-end
[22m[39m[MockDrizzle] update() called for table: categories
[MockDrizzle] set() called with data: [ [32m'itemCount'[39m, [32m'updatedAt'[39m ]
[MockDrizzle] where() called for UPDATE

[90mstdout[2m | src/__tests__/integration/core-modules.test.ts[2m > [22m[2mCore Modules Integration Tests[2m > [22m[2mMenu and Order Integration[2m > [22m[2mshould create menu items and process orders end-to-end
[22m[39m[MockDrizzle] UPDATE categories WHERE id = 1, found 1 records

[90mstdout[2m | src/__tests__/integration/core-modules.test.ts[2m > [22m[2mCore Modules Integration Tests[2m > [22m[2mMenu and Order Integration[2m > [22m[2mshould create menu items and process orders end-to-end
[22m[39m[MenuService] DEBUG: Menu cache invalidated { restaurantId: [33m1[39m }

[90mstdout[2m | src/__tests__/integration/core-modules.test.ts[2m > [22m[2mCore Modules Integration Tests[2m > [22m[2mMenu and Order Integration[2m > [22m[2mshould create menu items and process orders end-to-end
[22m[39m[MenuService] INFO: Menu item created successfully { itemId: [33m1[39m }

[90mstdout[2m | src/__tests__/integration/core-modules.test.ts[2m > [22m[2mCore Modules Integration Tests[2m > [22m[2mMenu and Order Integration[2m > [22m[2mshould create menu items and process orders end-to-end
[22m[39m[API_V1] Response status: 201

[90mstdout[2m | src/__tests__/integration/core-modules.test.ts[2m > [22m[2mCore Modules Integration Tests[2m > [22m[2mMenu and Order Integration[2m > [22m[2mshould create menu items and process orders end-to-end
[22m[39m[API_V1] POST /api/v1/tables

 [32m✓[39m [30m[42m @makanmakan/api [49m[39m src/__tests__/integration/core-modules.test.ts[2m > [22mCore Modules Integration Tests[2m > [22mRestaurant Management Integration[2m > [22mshould create restaurant with default settings and admin user[32m 290[2mms[22m[39m
[90mstdout[2m | src/__tests__/integration/core-modules.test.ts[2m > [22m[2mCore Modules Integration Tests[2m > [22m[2mMenu and Order Integration[2m > [22m[2mshould create menu items and process orders end-to-end
[22m[39m[TablesRoutes] Create table handler called!
[BaseService] Using mock Drizzle instance (from env)
[MockDrizzle] where().get() - tableName: tables records: [33m0[39m

[90mstdout[2m | src/__tests__/integration/core-modules.test.ts[2m > [22m[2mCore Modules Integration Tests[2m > [22m[2mMenu and Order Integration[2m > [22m[2mshould create menu items and process orders end-to-end
[22m[39m[MockDrizzle] insert() for table: tables
[MockDrizzle] values(): {
  restaurantId: [33m1[39m,
  number: [32m'A1'[39m,
  name: [90mundefined[39m,
  capacity: [33m4[39m,
  location: [90mundefined[39m,
  floor: [33m1[39m,
  section: [90mundefined[39m,
  qrCode: [32m'https://makanmakan.com/order?data=eyJ0eXBlIjoidGFibGUiLCJyZXN0YXVyYW50SWQiOjEsInRhYmxlTnVtYmVyIjoiQTEiLCJ0aW1lc3RhbXAiOjE3NjMzMTE5MTk3ODB9'[39m,
  qrCodeVersion: [33m1[39m,
  qrMode: [32m'table'[39m,
  seatCount: [33m0[39m,
  seatNumberingStyle: [32m'numeric'[39m,
  features: [90mundefined[39m,
  isReservable: [33mtrue[39m,
  isActive: [33mtrue[39m,
  isOccupied: [33mfalse[39m
}
[MockDrizzle] returning() called
[SharedDataStore] INSERT SQL: INSERT INTO tables (restaurantId, number, capacity, floor, qrCode, qrCodeVersion, qrMode, seatCount, seatNumberingStyle, isReservable, isActive, isOccupied, createdAt, updatedAt) VALUES (?, ?, ?, ?, ?, ?, ?, ?, ?, ?, ?, ?, ?, ?)
[SharedDataStore] INSERT values: [1,"A1",4,1,"https://makanmakan.com/order?data=eyJ0eXBlIjoidGFibGUiLCJyZXN0YXVyYW50SWQiOjEsInRhYmxlTnVtYmVyIjoiQTEiLCJ0aW1lc3RhbXAiOjE3NjMzMTE5MTk3ODB9",1,"table",0,"numeric",1,1,0,"2025-11-16T16:51:59.780Z","2025-11-16T16:51:59.780Z"]
[SharedDataStore] Inserted into tables: [33m1[39m
[MockDrizzle] Stored record ID: [33m1[39m
[MockDrizzle] Returning: [
  {
    restaurantId: [33m1[39m,
    number: [32m'A1'[39m,
    name: [90mundefined[39m,
    capacity: [33m4[39m,
    location: [90mundefined[39m,
    floor: [33m1[39m,
    section: [90mundefined[39m,
    qrCode: [32m'https://makanmakan.com/order?data=eyJ0eXBlIjoidGFibGUiLCJyZXN0YXVyYW50SWQiOjEsInRhYmxlTnVtYmVyIjoiQTEiLCJ0aW1lc3RhbXAiOjE3NjMzMTE5MTk3ODB9'[39m,
    qrCodeVersion: [33m1[39m,
    qrMode: [32m'table'[39m,
    seatCount: [33m0[39m,
    seatNumberingStyle: [32m'numeric'[39m,
    features: [90mundefined[39m,
    isReservable: [33mtrue[39m,
    isActive: [33mtrue[39m,
    isOccupied: [33mfalse[39m,
    createdAt: [32m'2025-11-16T16:51:59.780Z'[39m,
    updatedAt: [32m'2025-11-16T16:51:59.780Z'[39m,
    id: [33m1[39m
  }
]

[90mstdout[2m | src/__tests__/integration/core-modules.test.ts[2m > [22m[2mCore Modules Integration Tests[2m > [22m[2mMenu and Order Integration[2m > [22m[2mshould create menu items and process orders end-to-end
[22m[39m[API_V1] Response status: 201

[90mstdout[2m | src/__tests__/integration/core-modules.test.ts[2m > [22m[2mCore Modules Integration Tests[2m > [22m[2mMenu and Order Integration[2m > [22m[2mshould create menu items and process orders end-to-end
[22m[39m[API_V1] POST /api/v1/orders

[90mstdout[2m | src/__tests__/integration/core-modules.test.ts[2m > [22m[2mCore Modules Integration Tests[2m > [22m[2mMenu and Order Integration[2m > [22m[2mshould create menu items and process orders end-to-end
[22m[39m[BaseService] Using mock Drizzle instance (from env)
[BaseService] Using mock Drizzle instance (from env)
[OrdersRoutes] INFO: Creating new order { restaurantId: [33m1[39m, userId: [33m1[39m }
[OrdersService] INFO: Creating new order { restaurantId: [33m1[39m, userId: [33m1[39m }

[90mstdout[2m | src/__tests__/integration/core-modules.test.ts[2m > [22m[2mCore Modules Integration Tests[2m > [22m[2mMenu and Order Integration[2m > [22m[2mshould create menu items and process orders end-to-end
[22m[39m[MockDrizzle] Normalized table name: restaurants -> restaurants
[MockDrizzle] query.findFirst() called for table: restaurants
[MockDrizzle] Table restaurants has [33m1[39m total records
[MockDrizzle] queryChunks: [{"index":0,"type":"StringChunk","hasValue":true,"value":[""],"valueType":"object"},{"index":1,"type":"SQLiteInteger","hasValue":false,"valueType":"undefined"},{"index":2,"type":"StringChunk","hasValue":true,"value":[" = "],"valueType":"object"},{"index":3,"type":"Param","hasValue":true,"value":1,"valueType":"number"},{"index":4,"type":"StringChunk","hasValue":true,"value":[""],"valueType":"object"}]
[MockDrizzle] Filtering by: id = [33m1[39m
[MockDrizzle] Found [33m1[39m matching records
[MockDrizzle] First record: {"id":1,"name":"Test Restaurant","type":"Casual Dining","category":"Restaurant","description":null,"address":"Test Address","district":"Test District","city":"台中市","phone":"012-3456789","email":"test@restaurant.com","website":null,"businessHours":null,"isAvailable":1,"isActive":1,"status":1,"logoUrl":null,"bannerUrl":null,"imageUrls":null,"shopQrCode":null,"shopQrCodeImageUrl":null,"enableShopMode":0,"shopQrSettings":null,"shopQrVersion":1,"settings":null,"rating":0,"reviewCount":0,"totalOrders":0,"createdAt":"2025-11-16T16:51:59.668Z","updatedAt":"2025-11-16T16:51:59.668Z"}

[90mstdout[2m | src/__tests__/integration/core-modules.test.ts[2m > [22m[2mCore Modules Integration Tests[2m > [22m[2mMenu and Order Integration[2m > [22m[2mshould create menu items and process orders end-to-end
[22m[39m[MockDrizzle] Normalized table name: tables -> tables
[MockDrizzle] query.findFirst() called for table: tables
[MockDrizzle] Table tables has [33m1[39m total records
[MockDrizzle] queryChunks: [{"index":0,"type":"StringChunk","hasValue":true,"value":[""],"valueType":"object"},{"index":1,"type":"SQLiteInteger","hasValue":false,"valueType":"undefined"},{"index":2,"type":"StringChunk","hasValue":true,"value":[" = "],"valueType":"object"},{"index":3,"type":"Param","hasValue":true,"value":1,"valueType":"number"},{"index":4,"type":"StringChunk","hasValue":true,"value":[""],"valueType":"object"}]
[MockDrizzle] Filtering by: id = [33m1[39m
[MockDrizzle] Found [33m1[39m matching records
[MockDrizzle] First record: {"id":1,"restaurantId":"1","number":"A1","name":null,"capacity":4,"location":null,"floor":1,"section":null,"qrCode":"https://makanmakan.com/order?data=eyJ0eXBlIjoidGFibGUiLCJyZXN0YXVyYW50SWQiOjEsInRhYmxlTnVtYmVyIjoiQTEiLCJ0aW1lc3RhbXAiOjE3NjMzMTE5MTk3ODB9","qrCodeImageUrl":null,"qrCodeVersion":1,"qrMode":"table","seatCount":0,"seatLayout":null,"seatNumberingStyle":"numeric","isOccupied":0,"isActive":1,"isReservable":1,"features":null,"currentOrderId":null,"occupiedAt":null,"occupiedBy":null,"estimatedFreeAt":null,"lastCleanedAt":null,"maintenanceNotes":null,"totalUsage":0,"averageOccupancyMinutes":0,"createdAt":"2025-11-16T16:51:59.780Z","updatedAt":"2025-11-16T16:51:59.780Z"}

[90mstdout[2m | src/__tests__/integration/core-modules.test.ts[2m > [22m[2mCore Modules Integration Tests[2m > [22m[2mMenu and Order Integration[2m > [22m[2mshould create menu items and process orders end-to-end
[22m[39m[MockDrizzle] Normalized table name: menuItems -> menu_items
[MockDrizzle] query.findMany() called for table: menuItems
[MockDrizzle] findMany() returning [33m1[39m records
[MockDrizzle] First record: {"id":1,"restaurantId":"1","categoryId":1,"name":"炒飯","description":"香噴噴的炒飯","ingredients":null,"price":120,"originalPrice":null,"costPrice":null,"imageUrl":null,"imageVariants":null,"isAvailable":1,"isFeatured":0,"isPopular":0,"sortOrder":0,"inventoryCount":null,"minInventoryAlert":5,"spiceLevel":0,"preparationTime":15,"calories":null,"dietaryInfo":null,"allergens":null,"options":null,"availableHours":null,"orderCount":0,"rating":0,"reviewCount":0,"viewCount":0,"tags":null,"keywords":null,"createdAt":"2025-11-16T16:51:59.737Z","updatedAt":"2025-11-16T16:51:59.737Z"}

[90mstdout[2m | src/__tests__/integration/core-modules.test.ts[2m > [22m[2mCore Modules Integration Tests[2m > [22m[2mMenu and Order Integration[2m > [22m[2mshould create menu items and process orders end-to-end
[22m[39m[MockDrizzle] insert() for table: orders
[MockDrizzle] values(): {
  restaurantId: [33m1[39m,
  tableId: [33m1[39m,
  customerId: [33m1[39m,
  orderNumber: [32m'1-MI1YE11L-U5N1'[39m,
  subtotal: [33m240[39m,
  taxAmount: [33m0[39m,
  serviceCharge: [33m0[39m,
  discountAmount: [33m0[39m,
  totalAmount: [33m240[39m,
  customerInfo: [90mundefined[39m,
  notes: [90mundefined[39m,
  couponCode: [90mundefined[39m,
  estimatedPrepTime: [33m30[39m
}
[MockDrizzle] returning() called
[SharedDataStore] INSERT SQL: INSERT INTO orders (restaurantId, tableId, customerId, orderNumber, subtotal, taxAmount, serviceCharge, discountAmount, totalAmount, estimatedPrepTime, createdAt, updatedAt) VALUES (?, ?, ?, ?, ?, ?, ?, ?, ?, ?, ?, ?)
[SharedDataStore] INSERT values: [1,1,1,"1-MI1YE11L-U5N1",240,0,0,0,240,30,"2025-11-16T16:51:59.818Z","2025-11-16T16:51:59.818Z"]
[SharedDataStore] Inserted into orders: [33m1[39m
[MockDrizzle] Stored record ID: [33m1[39m
[MockDrizzle] Returning: [
  {
    restaurantId: [33m1[39m,
    tableId: [33m1[39m,
    customerId: [33m1[39m,
    orderNumber: [32m'1-MI1YE11L-U5N1'[39m,
    subtotal: [33m240[39m,
    taxAmount: [33m0[39m,
    serviceCharge: [33m0[39m,
    discountAmount: [33m0[39m,
    totalAmount: [33m240[39m,
    customerInfo: [90mundefined[39m,
    notes: [90mundefined[39m,
    couponCode: [90mundefined[39m,
    estimatedPrepTime: [33m30[39m,
    createdAt: [32m'2025-11-16T16:51:59.818Z'[39m,
    updatedAt: [32m'2025-11-16T16:51:59.818Z'[39m,
    id: [33m1[39m
  }
]

[90mstdout[2m | src/__tests__/integration/core-modules.test.ts[2m > [22m[2mCore Modules Integration Tests[2m > [22m[2mMenu and Order Integration[2m > [22m[2mshould create menu items and process orders end-to-end
[22m[39m[MockDrizzle] insert() for table: order_items
[MockDrizzle] values(): [
  {
    menuItemId: [33m1[39m,
    quantity: [33m2[39m,
    unitPrice: [33m120[39m,
    totalPrice: [33m240[39m,
    customizations: [90mundefined[39m,
    notes: [32m'不要香菜'[39m,
    itemSnapshot: {
      name: [32m'炒飯'[39m,
      description: [32m'香噴噴的炒飯'[39m,
      imageUrl: [90mundefined[39m,
      category: [32m'category'[39m
    },
    orderId: [33m1[39m
  }
]
[MockDrizzle] returning() called
[SharedDataStore] INSERT SQL: INSERT INTO order_items (menuItemId, quantity, unitPrice, totalPrice, notes, itemSnapshot, orderId, createdAt, updatedAt) VALUES (?, ?, ?, ?, ?, ?, ?, ?, ?)
[SharedDataStore] INSERT values: [1,2,120,240,"不要香菜","{\"name\":\"炒飯\",\"description\":\"香噴噴的炒飯\",\"category\":\"category\"}",1,"2025-11-16T16:51:59.829Z","2025-11-16T16:51:59.829Z"]
[SharedDataStore] Inserted into order_items: [33m1[39m
[MockDrizzle] Stored record ID: [33m1[39m
[MockDrizzle] Returning: [
  {
    menuItemId: [33m1[39m,
    quantity: [33m2[39m,
    unitPrice: [33m120[39m,
    totalPrice: [33m240[39m,
    customizations: [90mundefined[39m,
    notes: [32m'不要香菜'[39m,
    itemSnapshot: {
      name: [32m'炒飯'[39m,
      description: [32m'香噴噴的炒飯'[39m,
      imageUrl: [90mundefined[39m,
      category: [32m'category'[39m
    },
    orderId: [33m1[39m,
    createdAt: [32m'2025-11-16T16:51:59.829Z'[39m,
    updatedAt: [32m'2025-11-16T16:51:59.829Z'[39m,
    id: [33m1[39m
  }
]

[90mstdout[2m | src/__tests__/integration/core-modules.test.ts[2m > [22m[2mCore Modules Integration Tests[2m > [22m[2mMenu and Order Integration[2m > [22m[2mshould create menu items and process orders end-to-end
[22m[39m[MockDrizzle] update() called for table: menu_items
[MockDrizzle] set() called with data: [ [32m'orderCount'[39m, [32m'inventoryCount'[39m ]
[MockDrizzle] where() called for UPDATE
[MockDrizzle] update() called for table: restaurants
[MockDrizzle] set() called with data: [ [32m'totalOrders'[39m ]
[MockDrizzle] where() called for UPDATE

[90mstdout[2m | src/__tests__/integration/core-modules.test.ts[2m > [22m[2mCore Modules Integration Tests[2m > [22m[2mMenu and Order Integration[2m > [22m[2mshould create menu items and process orders end-to-end
[22m[39m[MockDrizzle] UPDATE menu_items WHERE id = 1, found 1 records
[MockDrizzle] UPDATE restaurants WHERE id = 1, found 1 records

[90mstdout[2m | src/__tests__/integration/core-modules.test.ts[2m > [22m[2mCore Modules Integration Tests[2m > [22m[2mMenu and Order Integration[2m > [22m[2mshould create menu items and process orders end-to-end
[22m[39m[OrdersService] INFO: Order activity logged {
  orderId: [33m1[39m,
  action: [32m'ORDER_CREATED'[39m,
  userId: [33m1[39m,
  metadata: { restaurantId: [33m1[39m, itemCount: [33m1[39m, total: [33m240[39m }
}

[90mstderr[2m | src/__tests__/integration/core-modules.test.ts[2m > [22m[2mCore Modules Integration Tests[2m > [22m[2mMenu and Order Integration[2m > [22m[2mshould create menu items and process orders end-to-end
[22m[39m[realtime-broadcast] WARN: REALTIME_SESSION not configured, skipping broadcast 

[90mstdout[2m | src/__tests__/integration/core-modules.test.ts[2m > [22m[2mCore Modules Integration Tests[2m > [22m[2mMenu and Order Integration[2m > [22m[2mshould create menu items and process orders end-to-end
[22m[39m[OrdersService] INFO: New order broadcasted successfully {
  orderId: [33m1[39m,
  eventId: [32m'evt_1763311919847_qjnwtuy6h'[39m,
  recipientCount: [33m0[39m
}

[90mstdout[2m | src/__tests__/integration/core-modules.test.ts[2m > [22m[2mCore Modules Integration Tests[2m > [22m[2mMenu and Order Integration[2m > [22m[2mshould create menu items and process orders end-to-end
[22m[39m[OrdersService] INFO: Order created successfully { orderId: [33m1[39m, orderNumber: [32m'1-MI1YE11L-U5N1'[39m }

[90mstdout[2m | src/__tests__/integration/core-modules.test.ts[2m > [22m[2mCore Modules Integration Tests[2m > [22m[2mMenu and Order Integration[2m > [22m[2mshould create menu items and process orders end-to-end
[22m[39m[API_V1] Response status: 201

[90mstdout[2m | src/__tests__/integration/core-modules.test.ts[2m > [22m[2mCore Modules Integration Tests[2m > [22m[2mMenu and Order Integration[2m > [22m[2mshould create menu items and process orders end-to-end
[22m[39m[API_V1] PUT /api/v1/orders/1/status

[90mstdout[2m | src/__tests__/integration/core-modules.test.ts[2m > [22m[2mCore Modules Integration Tests[2m > [22m[2mMenu and Order Integration[2m > [22m[2mshould create menu items and process orders end-to-end
[22m[39m[BaseService] Using mock Drizzle instance (from env)
[BaseService] Using mock Drizzle instance (from env)
[OrdersRoutes] INFO: Updating order status { orderId: [33m1[39m, newStatus: [32m'confirmed'[39m, userId: [33m1[39m }

[90mstdout[2m | src/__tests__/integration/core-modules.test.ts[2m > [22m[2mCore Modules Integration Tests[2m > [22m[2mMenu and Order Integration[2m > [22m[2mshould create menu items and process orders end-to-end
[22m[39m[MockDrizzle] Normalized table name: orders -> orders
[MockDrizzle] query.findFirst() called for table: orders
[MockDrizzle] Table orders has [33m1[39m total records
[MockDrizzle] queryChunks: [{"index":0,"type":"StringChunk","hasValue":true,"value":[""],"valueType":"object"},{"index":1,"type":"SQLiteInteger","hasValue":false,"valueType":"undefined"},{"index":2,"type":"StringChunk","hasValue":true,"value":[" = "],"valueType":"object"},{"index":3,"type":"Param","hasValue":true,"value":1,"valueType":"number"},{"index":4,"type":"StringChunk","hasValue":true,"value":[""],"valueType":"object"}]
[MockDrizzle] Filtering by: id = [33m1[39m
[MockDrizzle] Found [33m1[39m matching records
[MockDrizzle] First record: {"id":1,"restaurantId":"1","tableId":1,"customerId":1,"orderNumber":"1-MI1YE11L-U5N1","status":"pending","orderType":"table","subtotal":240,"taxAmount":0,"serviceCharge":0,"discountAmount":0,"totalAmount":240,"customerInfo":null,"estimatedPrepTime":30,"actualPrepTime":null,"confirmedAt":null,"preparingAt":null,"readyAt":null,"deliveredAt":null,"paidAt":null,"cancelledAt":null,"paymentMethod":null,"paymentStatus":"pending","paymentTransactionId":null,"couponCode":null,"promotionIds":null,"rating":null,"reviewComment":null,"reviewedAt":null,"notes":null,"internalNotes":null,"cancellationReason":null,"refundAmount":null,"deliveryInfo":null,"createdAt":"2025-11-16T16:51:59.818Z","updatedAt":"2025-11-16T16:51:59.818Z"}

[90mstdout[2m | src/__tests__/integration/core-modules.test.ts[2m > [22m[2mCore Modules Integration Tests[2m > [22m[2mMenu and Order Integration[2m > [22m[2mshould create menu items and process orders end-to-end
[22m[39m[MockDrizzle] Normalized table name: orders -> orders
[MockDrizzle] query.findFirst() called for table: orders
[MockDrizzle] Table orders has [33m1[39m total records
[MockDrizzle] queryChunks: [{"index":0,"type":"StringChunk","hasValue":true,"value":[""],"valueType":"object"},{"index":1,"type":"SQLiteInteger","hasValue":false,"valueType":"undefined"},{"index":2,"type":"StringChunk","hasValue":true,"value":[" = "],"valueType":"object"},{"index":3,"type":"Param","hasValue":true,"value":1,"valueType":"number"},{"index":4,"type":"StringChunk","hasValue":true,"value":[""],"valueType":"object"}]
[MockDrizzle] Filtering by: id = [33m1[39m
[MockDrizzle] Found [33m1[39m matching records
[MockDrizzle] First record: {"id":1,"restaurantId":"1","tableId":1,"customerId":1,"orderNumber":"1-MI1YE11L-U5N1","status":"pending","orderType":"table","subtotal":240,"taxAmount":0,"serviceCharge":0,"discountAmount":0,"totalAmount":240,"customerInfo":null,"estimatedPrepTime":30,"actualPrepTime":null,"confirmedAt":null,"preparingAt":null,"readyAt":null,"deliveredAt":null,"paidAt":null,"cancelledAt":null,"paymentMethod":null,"paymentStatus":"pending","paymentTransactionId":null,"couponCode":null,"promotionIds":null,"rating":null,"reviewComment":null,"reviewedAt":null,"notes":null,"internalNotes":null,"cancellationReason":null,"refundAmount":null,"deliveryInfo":null,"createdAt":"2025-11-16T16:51:59.818Z","updatedAt":"2025-11-16T16:51:59.818Z"}

[90mstdout[2m | src/__tests__/integration/core-modules.test.ts[2m > [22m[2mCore Modules Integration Tests[2m > [22m[2mMenu and Order Integration[2m > [22m[2mshould create menu items and process orders end-to-end
[22m[39m[MockDrizzle] update() called for table: orders
[MockDrizzle] set() called with data: [ [32m'status'[39m, [32m'updatedAt'[39m, [32m'confirmedAt'[39m ]
[MockDrizzle] where() called for UPDATE
[MockDrizzle] UPDATE orders WHERE id = 1, found 1 records

[90mstdout[2m | src/__tests__/integration/core-modules.test.ts[2m > [22m[2mCore Modules Integration Tests[2m > [22m[2mMenu and Order Integration[2m > [22m[2mshould create menu items and process orders end-to-end
[22m[39m[MockDrizzle] Normalized table name: orders -> orders
[MockDrizzle] query.findFirst() called for table: orders
[MockDrizzle] Table orders has [33m1[39m total records
[MockDrizzle] queryChunks: [{"index":0,"type":"StringChunk","hasValue":true,"value":[""],"valueType":"object"},{"index":1,"type":"SQLiteInteger","hasValue":false,"valueType":"undefined"},{"index":2,"type":"StringChunk","hasValue":true,"value":[" = "],"valueType":"object"},{"index":3,"type":"Param","hasValue":true,"value":1,"valueType":"number"},{"index":4,"type":"StringChunk","hasValue":true,"value":[""],"valueType":"object"}]
[MockDrizzle] Filtering by: id = [33m1[39m
[MockDrizzle] Found [33m1[39m matching records
[MockDrizzle] First record: {"id":1,"restaurantId":"1","tableId":1,"customerId":1,"orderNumber":"1-MI1YE11L-U5N1","status":"confirmed","orderType":"table","subtotal":240,"taxAmount":0,"serviceCharge":0,"discountAmount":0,"totalAmount":240,"customerInfo":null,"estimatedPrepTime":30,"actualPrepTime":null,"confirmedAt":"2025-11-16T16:52:00.010Z","preparingAt":null,"readyAt":null,"deliveredAt":null,"paidAt":null,"cancelledAt":null,"paymentMethod":null,"paymentStatus":"pending","paymentTransactionId":null,"couponCode":null,"promotionIds":null,"rating":null,"reviewComment":null,"reviewedAt":null,"notes":null,"internalNotes":null,"cancellationReason":null,"refundAmount":null,"deliveryInfo":null,"createdAt":"2025-11-16T16:51:59.818Z","updatedAt":"2025-11-16T16:52:00.010Z"}

[90mstderr[2m | src/__tests__/integration/core-modules.test.ts[2m > [22m[2mCore Modules Integration Tests[2m > [22m[2mMenu and Order Integration[2m > [22m[2mshould create menu items and process orders end-to-end
[22m[39m[realtime-broadcast] WARN: REALTIME_SESSION not configured, skipping broadcast 

[90mstdout[2m | src/__tests__/integration/core-modules.test.ts[2m > [22m[2mCore Modules Integration Tests[2m > [22m[2mMenu and Order Integration[2m > [22m[2mshould create menu items and process orders end-to-end
[22m[39m[OrdersService] INFO: Order update broadcasted successfully {
  orderId: [33m1[39m,
  eventId: [32m'evt_1763311920016_endohkxbf'[39m,
  recipientCount: [33m0[39m
}

[90mstdout[2m | src/__tests__/integration/core-modules.test.ts[2m > [22m[2mCore Modules Integration Tests[2m > [22m[2mMenu and Order Integration[2m > [22m[2mshould create menu items and process orders end-to-end
[22m[39m[API_V1] Response status: 200

[90mstdout[2m | src/__tests__/integration/core-modules.test.ts[2m > [22m[2mCore Modules Integration Tests[2m > [22m[2mMenu and Order Integration[2m > [22m[2mshould create menu items and process orders end-to-end
[22m[39m[API_V1] GET /api/v1/kitchen/1/orders

[90mstdout[2m | src/__tests__/integration/core-modules.test.ts[2m > [22m[2mCore Modules Integration Tests[2m > [22m[2mMenu and Order Integration[2m > [22m[2mshould create menu items and process orders end-to-end
[22m[39m[KitchenService] INFO: Fetching kitchen orders { restaurantId: [33m1[39m, userId: [33m1[39m }
[BaseService] Using mock Drizzle instance (from env)
[BaseService] Using mock Drizzle instance (from env)

[90mstdout[2m | src/__tests__/integration/core-modules.test.ts[2m > [22m[2mCore Modules Integration Tests[2m > [22m[2mMenu and Order Integration[2m > [22m[2mshould create menu items and process orders end-to-end
[22m[39m[MockDrizzle] Normalized table name: orders -> orders
[MockDrizzle] query.findMany() called for table: orders
[MockDrizzle] findMany() returning [33m1[39m records
[MockDrizzle] First record: {"id":1,"restaurantId":"1","tableId":1,"customerId":1,"orderNumber":"1-MI1YE11L-U5N1","status":"confirmed","orderType":"table","subtotal":240,"taxAmount":0,"serviceCharge":0,"discountAmount":0,"totalAmount":240,"customerInfo":null,"estimatedPrepTime":30,"actualPrepTime":null,"confirmedAt":"2025-11-16T16:52:00.010Z","preparingAt":null,"readyAt":null,"deliveredAt":null,"paidAt":null,"cancelledAt":null,"paymentMethod":null,"paymentStatus":"pending","paymentTransactionId":null,"couponCode":null,"promotionIds":null,"rating":null,"reviewComment":null,"reviewedAt":null,"notes":null,"internalNotes":null,"cancellationReason":null,"refundAmount":null,"deliveryInfo":null,"createdAt":"2025-11-16T16:51:59.818Z","updatedAt":"2025-11-16T16:52:00.010Z"}

[90mstdout[2m | src/__tests__/integration/core-modules.test.ts[2m > [22m[2mCore Modules Integration Tests[2m > [22m[2mMenu and Order Integration[2m > [22m[2mshould create menu items and process orders end-to-end
[22m[39m[API_V1] Response status: 200

[90mstdout[2m | src/__tests__/integration/core-modules.test.ts[2m > [22m[2mCore Modules Integration Tests[2m > [22m[2mQueue and Table Integration[2m > [22m[2mshould integrate queue system with table management
[22m[39m[SharedMockDB] RUN executed: {
  sql: [32m'\n'[39m +
    [32m'      INSERT INTO restaurants (id, name, type, category, address, district, phone, email, isAvailab'[39m,
  changes: [33m1[39m,
  lastInsertRowid: [33m1[39m
}

[90mstdout[2m | src/__tests__/integration/core-modules.test.ts[2m > [22m[2mCore Modules Integration Tests[2m > [22m[2mQueue and Table Integration[2m > [22m[2mshould integrate queue system with table management
[22m[39m[SharedMockDB] RUN executed: {
  sql: [32m'\n'[39m +
    [32m'      INSERT INTO users (id, username, email, fullName, passwordHash, role, restaurantId, isActive,'[39m,
  changes: [33m1[39m,
  lastInsertRowid: [33m1[39m
}

[90mstdout[2m | src/__tests__/integration/core-modules.test.ts[2m > [22m[2mCore Modules Integration Tests[2m > [22m[2mQueue and Table Integration[2m > [22m[2mshould integrate queue system with table management
[22m[39m[API_V1] POST /api/v1/tables/test-no-auth
[TablesRoutes] TEST route hit!

[90mstdout[2m | src/__tests__/integration/core-modules.test.ts[2m > [22m[2mCore Modules Integration Tests[2m > [22m[2mQueue and Table Integration[2m > [22m[2mshould integrate queue system with table management
[22m[39m[API_V1] Response status: 200

[90mstdout[2m | src/__tests__/integration/core-modules.test.ts[2m > [22m[2mCore Modules Integration Tests[2m > [22m[2mQueue and Table Integration[2m > [22m[2mshould integrate queue system with table management
[22m[39m[TEST] Test route response: [33m200[39m
[API_V1] POST /api/v1/tables/test-root-no-auth
[TablesRoutes] POST /test-root-no-auth hit!

[90mstdout[2m | src/__tests__/integration/core-modules.test.ts[2m > [22m[2mCore Modules Integration Tests[2m > [22m[2mQueue and Table Integration[2m > [22m[2mshould integrate queue system with table management
[22m[39m[API_V1] Response status: 200

[90mstdout[2m | src/__tests__/integration/core-modules.test.ts[2m > [22m[2mCore Modules Integration Tests[2m > [22m[2mQueue and Table Integration[2m > [22m[2mshould integrate queue system with table management
[22m[39m[TEST] Test root route response: [33m200[39m
[API_V1] POST /api/v1/tables/test-with-auth

[90mstdout[2m | src/__tests__/integration/core-modules.test.ts[2m > [22m[2mCore Modules Integration Tests[2m > [22m[2mQueue and Table Integration[2m > [22m[2mshould integrate queue system with table management
[22m[39m[TablesRoutes] POST /test-with-auth hit!

[90mstdout[2m | src/__tests__/integration/core-modules.test.ts[2m > [22m[2mCore Modules Integration Tests[2m > [22m[2mQueue and Table Integration[2m > [22m[2mshould integrate queue system with table management
[22m[39m[API_V1] Response status: 200

[90mstderr[2m | src/__tests__/integration/core-modules.test.ts[2m > [22m[2mCore Modules Integration Tests[2m > [22m[2mQueue and Table Integration[2m > [22m[2mshould integrate queue system with table management
[22m[39m[TEST] 404 Not Found: GET /api/v1/tables/

[90mstdout[2m | src/__tests__/integration/core-modules.test.ts[2m > [22m[2mCore Modules Integration Tests[2m > [22m[2mQueue and Table Integration[2m > [22m[2mshould integrate queue system with table management
[22m[39m[TEST] Test auth route response: [33m200[39m
[API_V1] GET /api/v1/tables/

[90mstdout[2m | src/__tests__/integration/core-modules.test.ts[2m > [22m[2mCore Modules Integration Tests[2m > [22m[2mQueue and Table Integration[2m > [22m[2mshould integrate queue system with table management
[22m[39m[API_V1] Response status: 404

[90mstdout[2m | src/__tests__/integration/core-modules.test.ts[2m > [22m[2mCore Modules Integration Tests[2m > [22m[2mQueue and Table Integration[2m > [22m[2mshould integrate queue system with table management
[22m[39m[TEST] GET / route response: [33m404[39m
[API_V1] POST /api/v1/tables

[90mstdout[2m | src/__tests__/integration/core-modules.test.ts[2m > [22m[2mCore Modules Integration Tests[2m > [22m[2mQueue and Table Integration[2m > [22m[2mshould integrate queue system with table management
[22m[39m[TablesRoutes] Create table handler called!
[BaseService] Using mock Drizzle instance (from env)
[MockDrizzle] where().get() - tableName: tables records: [33m0[39m

[90mstdout[2m | src/__tests__/integration/core-modules.test.ts[2m > [22m[2mCore Modules Integration Tests[2m > [22m[2mQueue and Table Integration[2m > [22m[2mshould integrate queue system with table management
[22m[39m[MockDrizzle] insert() for table: tables
[MockDrizzle] values(): {
  restaurantId: [33m1[39m,
  number: [32m'B2'[39m,
  name: [90mundefined[39m,
  capacity: [33m2[39m,
  location: [90mundefined[39m,
  floor: [33m1[39m,
  section: [90mundefined[39m,
  qrCode: [32m'https://makanmakan.com/order?data=eyJ0eXBlIjoidGFibGUiLCJyZXN0YXVyYW50SWQiOjEsInRhYmxlTnVtYmVyIjoiQjIiLCJ0aW1lc3RhbXAiOjE3NjMzMTE5MjAxOTJ9'[39m,
  qrCodeVersion: [33m1[39m,
  qrMode: [32m'table'[39m,
  seatCount: [33m0[39m,
  seatNumberingStyle: [32m'numeric'[39m,
  features: [90mundefined[39m,
  isReservable: [33mtrue[39m,
  isActive: [33mtrue[39m,
  isOccupied: [33mfalse[39m
}
[MockDrizzle] returning() called
[SharedDataStore] INSERT SQL: INSERT INTO tables (restaurantId, number, capacity, floor, qrCode, qrCodeVersion, qrMode, seatCount, seatNumberingStyle, isReservable, isActive, isOccupied, createdAt, updatedAt) VALUES (?, ?, ?, ?, ?, ?, ?, ?, ?, ?, ?, ?, ?, ?)
[SharedDataStore] INSERT values: [1,"B2",2,1,"https://makanmakan.com/order?data=eyJ0eXBlIjoidGFibGUiLCJyZXN0YXVyYW50SWQiOjEsInRhYmxlTnVtYmVyIjoiQjIiLCJ0aW1lc3RhbXAiOjE3NjMzMTE5MjAxOTJ9",1,"table",0,"numeric",1,1,0,"2025-11-16T16:52:00.193Z","2025-11-16T16:52:00.193Z"]
[SharedDataStore] Inserted into tables: [33m2[39m
[MockDrizzle] Stored record ID: [33m2[39m
[MockDrizzle] Returning: [
  {
    restaurantId: [33m1[39m,
    number: [32m'B2'[39m,
    name: [90mundefined[39m,
    capacity: [33m2[39m,
    location: [90mundefined[39m,
    floor: [33m1[39m,
    section: [90mundefined[39m,
    qrCode: [32m'https://makanmakan.com/order?data=eyJ0eXBlIjoidGFibGUiLCJyZXN0YXVyYW50SWQiOjEsInRhYmxlTnVtYmVyIjoiQjIiLCJ0aW1lc3RhbXAiOjE3NjMzMTE5MjAxOTJ9'[39m,
    qrCodeVersion: [33m1[39m,
    qrMode: [32m'table'[39m,
    seatCount: [33m0[39m,
    seatNumberingStyle: [32m'numeric'[39m,
    features: [90mundefined[39m,
    isReservable: [33mtrue[39m,
    isActive: [33mtrue[39m,
    isOccupied: [33mfalse[39m,
    createdAt: [32m'2025-11-16T16:52:00.193Z'[39m,
    updatedAt: [32m'2025-11-16T16:52:00.193Z'[39m,
    id: [33m2[39m
  }
]

[90mstdout[2m | src/__tests__/integration/core-modules.test.ts[2m > [22m[2mCore Modules Integration Tests[2m > [22m[2mQueue and Table Integration[2m > [22m[2mshould integrate queue system with table management
[22m[39m[API_V1] Response status: 201

[90mstdout[2m | src/__tests__/integration/core-modules.test.ts[2m > [22m[2mCore Modules Integration Tests[2m > [22m[2mQueue and Table Integration[2m > [22m[2mshould integrate queue system with table management
[22m[39m[TEST] Table created, tableId: [33m2[39m
[TEST] Added table to MockTableStore for lookup
[API_V1] POST /api/v1/queue/join

[90mstdout[2m | src/__tests__/integration/core-modules.test.ts[2m > [22m[2mCore Modules Integration Tests[2m > [22m[2mQueue and Table Integration[2m > [22m[2mshould integrate queue system with table management
[22m[39m[MockDrizzle] Normalized table name: restaurants -> restaurants
[MockDrizzle] query.findFirst() called for table: restaurants
[MockDrizzle] Table restaurants has [33m1[39m total records
[MockDrizzle] queryChunks: [{"index":0,"type":"StringChunk","hasValue":true,"value":[""],"valueType":"object"},{"index":1,"type":"SQLiteInteger","hasValue":false,"valueType":"undefined"},{"index":2,"type":"StringChunk","hasValue":true,"value":[" = "],"valueType":"object"},{"index":3,"type":"Param","hasValue":true,"value":1,"valueType":"number"},{"index":4,"type":"StringChunk","hasValue":true,"value":[""],"valueType":"object"}]
[MockDrizzle] Filtering by: id = [33m1[39m
[MockDrizzle] Found [33m1[39m matching records
[MockDrizzle] First record: {"id":1,"name":"Test Restaurant","type":"Casual Dining","category":"Restaurant","description":null,"address":"Test Address","district":"Test District","city":"台中市","phone":"012-3456789","email":"test@restaurant.com","website":null,"businessHours":null,"isAvailable":1,"isActive":1,"status":1,"logoUrl":null,"bannerUrl":null,"imageUrls":null,"shopQrCode":null,"shopQrCodeImageUrl":null,"enableShopMode":0,"shopQrSettings":null,"shopQrVersion":1,"settings":null,"rating":0,"reviewCount":0,"totalOrders":0,"createdAt":"2025-11-16T16:52:00.117Z","updatedAt":"2025-11-16T16:52:00.117Z"}

[90mstdout[2m | src/__tests__/integration/core-modules.test.ts[2m > [22m[2mCore Modules Integration Tests[2m > [22m[2mQueue and Table Integration[2m > [22m[2mshould integrate queue system with table management
[22m[39m[UnifiedQueueService] INFO: Legacy queue entry created { id: [33m1763311920226[39m, restaurantId: [33m1[39m }

 [31m×[39m [30m[42m @makanmakan/api [49m[39m src/__tests__/integration/core-modules.test.ts[2m > [22mCore Modules Integration Tests[2m > [22mMenu and Order Integration[2m > [22mshould create menu items and process orders end-to-end[33m 414[2mms[22m[39m
[31m   → Cannot read properties of undefined (reading 'length')[39m
[90mstdout[2m | src/features/group-orders/__tests__/e2e.test.ts[2m > [22m[2mGroup Orders E2E Tests[2m > [22m[2mPOST /api/v1/orders/group/create - Create Group Order[2m > [22m[2mshould create a new group order successfully
[22m[39m[orders] INFO: Orders API request completed {
  method: [32m'POST'[39m,
  path: [32m'/api/v1/orders/group/create'[39m,
  status: [33m200[39m,
  duration: [32m'820ms'[39m,
  userAgent: [32m'unknown'[39m
}

[90mstdout[2m | src/features/group-orders/__tests__/e2e.test.ts[2m > [22m[2mGroup Orders E2E Tests[2m > [22m[2mPOST /api/v1/orders/group/create - Create Group Order[2m > [22m[2mshould create a new group order successfully
[22m[39m[API_V1] Response status: 200

 [32m✓[39m [30m[42m @makanmakan/api [49m[39m src/features/group-orders/__tests__/e2e.test.ts[2m > [22mGroup Orders E2E Tests[2m > [22mPOST /api/v1/orders/group/create - Create Group Order[2m > [22mshould create a new group order successfully[33m 974[2mms[22m[39m
[90mstdout[2m | src/features/group-orders/__tests__/e2e.test.ts[2m > [22m[2mGroup Orders E2E Tests[2m > [22m[2mPOST /api/v1/orders/group/create - Create Group Order[2m > [22m[2mshould reject group order creation without authentication
[22m[39m[SharedMockDB] EXEC executed successfully

[90mstdout[2m | src/features/group-orders/__tests__/e2e.test.ts[2m > [22m[2mGroup Orders E2E Tests[2m > [22m[2mPOST /api/v1/orders/group/create - Create Group Order[2m > [22m[2mshould reject group order creation without authentication
[22m[39m[SharedMockDB] EXEC executed successfully

[90mstdout[2m | src/features/group-orders/__tests__/e2e.test.ts[2m > [22m[2mGroup Orders E2E Tests[2m > [22m[2mPOST /api/v1/orders/group/create - Create Group Order[2m > [22m[2mshould reject group order creation without authentication
[22m[39m[SharedMockDB] EXEC executed successfully

[90mstdout[2m | src/features/group-orders/__tests__/e2e.test.ts[2m > [22m[2mGroup Orders E2E Tests[2m > [22m[2mPOST /api/v1/orders/group/create - Create Group Order[2m > [22m[2mshould reject group order creation without authentication
[22m[39m[SharedMockDB] EXEC executed successfully

[90mstdout[2m | src/features/group-orders/__tests__/e2e.test.ts[2m > [22m[2mGroup Orders E2E Tests[2m > [22m[2mPOST /api/v1/orders/group/create - Create Group Order[2m > [22m[2mshould reject group order creation without authentication
[22m[39m[SharedMockDB] EXEC executed successfully

[90mstdout[2m | src/features/group-orders/__tests__/e2e.test.ts[2m > [22m[2mGroup Orders E2E Tests[2m > [22m[2mPOST /api/v1/orders/group/create - Create Group Order[2m > [22m[2mshould reject group order creation without authentication
[22m[39m[API_V1] POST /api/v1/orders/group/create

[90mstdout[2m | src/features/group-orders/__tests__/e2e.test.ts[2m > [22m[2mGroup Orders E2E Tests[2m > [22m[2mPOST /api/v1/orders/group/create - Create Group Order[2m > [22m[2mshould reject group order creation without authentication
[22m[39m[orders] INFO: Orders API request completed {
  method: [32m'POST'[39m,
  path: [32m'/api/v1/orders/group/create'[39m,
  status: [33m401[39m,
  duration: [32m'2ms'[39m,
  userAgent: [32m'unknown'[39m
}

[90mstdout[2m | src/features/group-orders/__tests__/e2e.test.ts[2m > [22m[2mGroup Orders E2E Tests[2m > [22m[2mPOST /api/v1/orders/group/create - Create Group Order[2m > [22m[2mshould reject group order creation without authentication
[22m[39m[API_V1] Response status: 401

[90mstdout[2m | src/features/group-orders/__tests__/e2e.test.ts[2m > [22m[2mGroup Orders E2E Tests[2m > [22m[2mPOST /api/v1/orders/group/create - Create Group Order[2m > [22m[2mshould reject group order creation with missing required fields
[22m[39m[SharedMockDB] EXEC executed successfully

[90mstdout[2m | src/features/group-orders/__tests__/e2e.test.ts[2m > [22m[2mGroup Orders E2E Tests[2m > [22m[2mPOST /api/v1/orders/group/create - Create Group Order[2m > [22m[2mshould reject group order creation with missing required fields
[22m[39m[SharedMockDB] EXEC executed successfully

[90mstdout[2m | src/features/group-orders/__tests__/e2e.test.ts[2m > [22m[2mGroup Orders E2E Tests[2m > [22m[2mPOST /api/v1/orders/group/create - Create Group Order[2m > [22m[2mshould reject group order creation with missing required fields
[22m[39m[SharedMockDB] EXEC executed successfully

[90mstdout[2m | src/features/group-orders/__tests__/e2e.test.ts[2m > [22m[2mGroup Orders E2E Tests[2m > [22m[2mPOST /api/v1/orders/group/create - Create Group Order[2m > [22m[2mshould reject group order creation with missing required fields
[22m[39m[SharedMockDB] EXEC executed successfully

[90mstdout[2m | src/features/group-orders/__tests__/e2e.test.ts[2m > [22m[2mGroup Orders E2E Tests[2m > [22m[2mPOST /api/v1/orders/group/create - Create Group Order[2m > [22m[2mshould reject group order creation with missing required fields
[22m[39m[SharedMockDB] EXEC executed successfully

[90mstdout[2m | src/features/group-orders/__tests__/e2e.test.ts[2m > [22m[2mGroup Orders E2E Tests[2m > [22m[2mPOST /api/v1/orders/group/create - Create Group Order[2m > [22m[2mshould reject group order creation with missing required fields
[22m[39m[API_V1] POST /api/v1/orders/group/create

[90mstdout[2m | src/features/group-orders/__tests__/e2e.test.ts[2m > [22m[2mGroup Orders E2E Tests[2m > [22m[2mPOST /api/v1/orders/group/create - Create Group Order[2m > [22m[2mshould reject group order creation with missing required fields
[22m[39m[orders] INFO: Orders API request completed {
  method: [32m'POST'[39m,
  path: [32m'/api/v1/orders/group/create'[39m,
  status: [33m400[39m,
  duration: [32m'31ms'[39m,
  userAgent: [32m'unknown'[39m
}

[90mstdout[2m | src/features/group-orders/__tests__/e2e.test.ts[2m > [22m[2mGroup Orders E2E Tests[2m > [22m[2mPOST /api/v1/orders/group/create - Create Group Order[2m > [22m[2mshould reject group order creation with missing required fields
[22m[39m[API_V1] Response status: 400

[90mstdout[2m | src/features/group-orders/__tests__/e2e.test.ts[2m > [22m[2mGroup Orders E2E Tests[2m > [22m[2mPOST /api/v1/orders/group/join/:shareCode - Join Group[2m > [22m[2mshould allow a new member to join group successfully
[22m[39m[SharedMockDB] EXEC executed successfully

[90mstdout[2m | src/features/group-orders/__tests__/e2e.test.ts[2m > [22m[2mGroup Orders E2E Tests[2m > [22m[2mPOST /api/v1/orders/group/join/:shareCode - Join Group[2m > [22m[2mshould allow a new member to join group successfully
[22m[39m[SharedMockDB] EXEC executed successfully

[90mstdout[2m | src/features/group-orders/__tests__/e2e.test.ts[2m > [22m[2mGroup Orders E2E Tests[2m > [22m[2mPOST /api/v1/orders/group/join/:shareCode - Join Group[2m > [22m[2mshould allow a new member to join group successfully
[22m[39m[SharedMockDB] EXEC executed successfully

[90mstdout[2m | src/features/group-orders/__tests__/e2e.test.ts[2m > [22m[2mGroup Orders E2E Tests[2m > [22m[2mPOST /api/v1/orders/group/join/:shareCode - Join Group[2m > [22m[2mshould allow a new member to join group successfully
[22m[39m[SharedMockDB] EXEC executed successfully

[90mstdout[2m | src/features/group-orders/__tests__/e2e.test.ts[2m > [22m[2mGroup Orders E2E Tests[2m > [22m[2mPOST /api/v1/orders/group/join/:shareCode - Join Group[2m > [22m[2mshould allow a new member to join group successfully
[22m[39m[SharedMockDB] EXEC executed successfully

[90mstdout[2m | src/features/group-orders/__tests__/e2e.test.ts[2m > [22m[2mGroup Orders E2E Tests[2m > [22m[2mPOST /api/v1/orders/group/join/:shareCode - Join Group[2m > [22m[2mshould allow a new member to join group successfully
[22m[39m[API_V1] POST /api/v1/orders/group/create

[90mstdout[2m | src/features/group-orders/__tests__/e2e.test.ts[2m > [22m[2mGroup Orders E2E Tests[2m > [22m[2mPOST /api/v1/orders/group/join/:shareCode - Join Group[2m > [22m[2mshould allow a new member to join group successfully
[22m[39m[group-orders] Creating group order { restaurantId: [33m1[39m, hostId: [33m2[39m }
[SharedMockDB] RUN executed: {
  sql: [32m'\n'[39m +
    [32m'        INSERT INTO group_orders (\n'[39m +
    [32m'          id, restaurant_id, table_id, share_code, created_by,\n'[39m +
    [32m' '[39m,
  changes: [33m1[39m,
  lastInsertRowid: [33m1[39m
}

[90mstdout[2m | src/features/group-orders/__tests__/e2e.test.ts[2m > [22m[2mGroup Orders E2E Tests[2m > [22m[2mPOST /api/v1/orders/group/join/:shareCode - Join Group[2m > [22m[2mshould allow a new member to join group successfully
[22m[39m[SharedMockDB] RUN executed: {
  sql: [32m'\n'[39m +
    [32m'        INSERT INTO group_members (\n'[39m +
    [32m'          id, group_order_id, session_id, name, role,\n'[39m +
    [32m'         '[39m,
  changes: [33m1[39m,
  lastInsertRowid: [33m1[39m
}

[90mstdout[2m | src/features/group-orders/__tests__/e2e.test.ts[2m > [22m[2mGroup Orders E2E Tests[2m > [22m[2mPOST /api/v1/orders/group/join/:shareCode - Join Group[2m > [22m[2mshould allow a new member to join group successfully
[22m[39m[SharedMockDB] RUN executed: {
  sql: [32m'\n'[39m +
    [32m'      INSERT INTO group_activity_logs (\n'[39m +
    [32m'        id, group_order_id, member_id, action, description,'[39m,
  changes: [33m1[39m,
  lastInsertRowid: [33m1[39m
}

[90mstdout[2m | src/features/group-orders/__tests__/e2e.test.ts[2m > [22m[2mGroup Orders E2E Tests[2m > [22m[2mPOST /api/v1/orders/group/join/:shareCode - Join Group[2m > [22m[2mshould allow a new member to join group successfully
[22m[39m[SharedMockDB] FIRST executed: {
  sql: [32m'\n        SELECT * FROM group_members WHERE id = ?\n      '[39m,
  hasResult: [33mtrue[39m
}

[90mstdout[2m | src/features/group-orders/__tests__/e2e.test.ts[2m > [22m[2mGroup Orders E2E Tests[2m > [22m[2mPOST /api/v1/orders/group/join/:shareCode - Join Group[2m > [22m[2mshould allow a new member to join group successfully
[22m[39m[group-orders] Group order created successfully {
  groupOrderId: [32m'6deafb31-63ae-450a-9503-2a6a6a1a4911'[39m,
  shareCode: [32m'M2N3V4DY'[39m
}
[group-orders] createGroupOrder took 7ms

 [32m✓[39m [30m[42m @makanmakan/api [49m[39m src/features/group-orders/__tests__/e2e.test.ts[2m > [22mGroup Orders E2E Tests[2m > [22mPOST /api/v1/orders/group/create - Create Group Order[2m > [22mshould reject group order creation without authentication[32m 12[2mms[22m[39m
 [32m✓[39m [30m[42m @makanmakan/api [49m[39m src/features/group-orders/__tests__/e2e.test.ts[2m > [22mGroup Orders E2E Tests[2m > [22mPOST /api/v1/orders/group/create - Create Group Order[2m > [22mshould reject group order creation with missing required fields[32m 40[2mms[22m[39m
[90mstderr[2m | src/__tests__/integration/core-modules.test.ts[2m > [22m[2mCore Modules Integration Tests[2m > [22m[2mQueue and Table Integration[2m > [22m[2mshould integrate queue system with table management
[22m[39m[OrdersRoutes] ERROR: Failed to broadcast order update via SSE Error: SSE broadcast failed: 401
    at broadcastOrderUpdate (C:\Users\minim\OneDrive\文档\Code\platform\makanmakan\apps\api\src\features\orders\routes\index.ts:110:13)
    at processTicksAndRejections (node:internal/process/task_queues:105:5) {}

[90mstderr[2m | src/__tests__/integration/core-modules.test.ts[2m > [22m[2mCore Modules Integration Tests[2m > [22m[2mQueue and Table Integration[2m > [22m[2mshould integrate queue system with table management
[22m[39m[OrdersRoutes] ERROR: Failed to broadcast order update via SSE Error: SSE broadcast failed: 401
    at broadcastOrderUpdate (C:\Users\minim\OneDrive\文档\Code\platform\makanmakan\apps\api\src\features\orders\routes\index.ts:110:13)
    at processTicksAndRejections (node:internal/process/task_queues:105:5) {}

[90mstdout[2m | src/__tests__/integration/core-modules.test.ts[2m > [22m[2mCore Modules Integration Tests[2m > [22m[2mQueue and Table Integration[2m > [22m[2mshould integrate queue system with table management
[22m[39m[API_V1] Response status: 200

[90mstdout[2m | src/__tests__/integration/core-modules.test.ts[2m > [22m[2mCore Modules Integration Tests[2m > [22m[2mQueue and Table Integration[2m > [22m[2mshould integrate queue system with table management
[22m[39m[TEST] Queue join success, queueId: 1763311920226
[API_V1] POST /api/v1/queue/1/call-next

[90mstdout[2m | src/__tests__/integration/core-modules.test.ts[2m > [22m[2mCore Modules Integration Tests[2m > [22m[2mQueue and Table Integration[2m > [22m[2mshould integrate queue system with table management
[22m[39m[UnifiedQueueService] INFO: Getting legacy queue { restaurantId: [33m1[39m }

[90mstdout[2m | src/__tests__/integration/core-modules.test.ts[2m > [22m[2mCore Modules Integration Tests[2m > [22m[2mQueue and Table Integration[2m > [22m[2mshould integrate queue system with table management
[22m[39m[UnifiedQueueService] INFO: Called next customer { restaurantId: [33m1[39m, queueId: [32m'1'[39m, customerName: [32m'Mock Customer'[39m }

 [32m✓[39m [30m[42m @makanmakan/database [49m[39m src/services/__tests__/LeaveService.test.ts[2m > [22mLeaveService[2m > [22mLeave Type Management[2m > [22mshould get leave types for a restaurant[32m 17[2mms[22m[39m
 [32m✓[39m [30m[42m @makanmakan/database [49m[39m src/services/__tests__/LeaveService.test.ts[2m > [22mLeaveService[2m > [22mLeave Type Management[2m > [22mshould create a new leave type[32m 4[2mms[22m[39m
 [32m✓[39m [30m[42m @makanmakan/database [49m[39m src/services/__tests__/LeaveService.test.ts[2m > [22mLeaveService[2m > [22mLeave Type Management[2m > [22mshould update a leave type[32m 9[2mms[22m[39m
 [32m✓[39m [30m[42m @makanmakan/database [49m[39m src/services/__tests__/LeaveService.test.ts[2m > [22mLeaveService[2m > [22mLeave Type Management[2m > [22mshould soft delete a leave type[32m 29[2mms[22m[39m
 [32m✓[39m [30m[42m @makanmakan/database [49m[39m src/services/__tests__/LeaveService.test.ts[2m > [22mLeaveService[2m > [22mLeave Balance Management[2m > [22mshould get employee leave balances for a year[32m 8[2mms[22m[39m
 [32m✓[39m [30m[42m @makanmakan/database [49m[39m src/services/__tests__/LeaveService.test.ts[2m > [22mLeaveService[2m > [22mLeave Balance Management[2m > [22mshould adjust leave balance manually[32m 7[2mms[22m[39m
 [32m✓[39m [30m[42m @makanmakan/database [49m[39m src/services/__tests__/LeaveService.test.ts[2m > [22mLeaveService[2m > [22mLeave Request Management[2m > [22mshould create a leave request with pending status[32m 26[2mms[22m[39m
 [32m✓[39m [30m[42m @makanmakan/database [49m[39m src/services/__tests__/LeaveService.test.ts[2m > [22mLeaveService[2m > [22mLeave Request Management[2m > [22mshould approve leave request and update balance[32m 13[2mms[22m[39m
 [32m✓[39m [30m[42m @makanmakan/database [49m[39m src/services/__tests__/LeaveService.test.ts[2m > [22mLeaveService[2m > [22mLeave Request Management[2m > [22mshould reject leave request with reason[32m 16[2mms[22m[39m
 [32m✓[39m [30m[42m @makanmakan/database [49m[39m src/services/__tests__/LeaveService.test.ts[2m > [22mLeaveService[2m > [22mLeave Request Management[2m > [22mshould cancel leave request[32m 29[2mms[22m[39m
 [32m✓[39m [30m[42m @makanmakan/database [49m[39m src/services/__tests__/LeaveService.test.ts[2m > [22mLeaveService[2m > [22mWorking Day Calculation[2m > [22mshould identify weekday as working day[32m 8[2mms[22m[39m
 [32m✓[39m [30m[42m @makanmakan/database [49m[39m src/services/__tests__/LeaveService.test.ts[2m > [22mLeaveService[2m > [22mWorking Day Calculation[2m > [22mshould identify weekend as non-working day[32m 7[2mms[22m[39m
 [32m✓[39m [30m[42m @makanmakan/database [49m[39m src/services/__tests__/LeaveService.test.ts[2m > [22mLeaveService[2m > [22mWorking Day Calculation[2m > [22mshould identify holiday as non-working day[32m 14[2mms[22m[39m
 [32m✓[39m [30m[42m @makanmakan/database [49m[39m src/services/__tests__/LeaveService.test.ts[2m > [22mLeaveService[2m > [22mLeave Accrual[2m > [22mshould accrue yearly leave balances for all employees[32m 20[2mms[22m[39m
[90mstdout[2m | src/features/group-orders/__tests__/e2e.test.ts[2m > [22m[2mGroup Orders E2E Tests[2m > [22m[2mPOST /api/v1/orders/group/join/:shareCode - Join Group[2m > [22m[2mshould allow a new member to join group successfully
[22m[39m[orders] INFO: Orders API request completed {
  method: [32m'POST'[39m,
  path: [32m'/api/v1/orders/group/create'[39m,
  status: [33m200[39m,
  duration: [32m'976ms'[39m,
  userAgent: [32m'unknown'[39m
}

[90mstdout[2m | src/features/group-orders/__tests__/e2e.test.ts[2m > [22m[2mGroup Orders E2E Tests[2m > [22m[2mPOST /api/v1/orders/group/join/:shareCode - Join Group[2m > [22m[2mshould allow a new member to join group successfully
[22m[39m[API_V1] Response status: 200

[90mstdout[2m | src/features/group-orders/__tests__/e2e.test.ts[2m > [22m[2mGroup Orders E2E Tests[2m > [22m[2mPOST /api/v1/orders/group/join/:shareCode - Join Group[2m > [22m[2mshould allow a new member to join group successfully
[22m[39m[API_V1] POST /api/v1/orders/group/join/M2N3V4DY

[90mstdout[2m | src/features/group-orders/__tests__/e2e.test.ts[2m > [22m[2mGroup Orders E2E Tests[2m > [22m[2mPOST /api/v1/orders/group/join/:shareCode - Join Group[2m > [22m[2mshould allow a new member to join group successfully
[22m[39m[group-orders] Member joining group { shareCode: [32m'M2N3V4DY'[39m, memberName: [32m'John Doe'[39m }
[SharedMockDB] FIRST executed: {
  sql: [32m'\n'[39m +
    [32m'        SELECT * FROM group_orders\n'[39m +
    [32m'        WHERE share_code = ?\n'[39m +
    [32m"        AND status = 'active'\n"[39m +
    [32m'     '[39m,
  hasResult: [33mtrue[39m
}

[90mstdout[2m | src/features/group-orders/__tests__/e2e.test.ts[2m > [22m[2mGroup Orders E2E Tests[2m > [22m[2mPOST /api/v1/orders/group/join/:shareCode - Join Group[2m > [22m[2mshould allow a new member to join group successfully
[22m[39m[SharedMockDB] FIRST executed: {
  sql: [32m'\n'[39m +
    [32m'        SELECT COUNT(*) as count FROM group_members\n'[39m +
    [32m'        WHERE group_order_id = ? AND left_at IS'[39m,
  hasResult: [33mtrue[39m
}

[90mstdout[2m | src/features/group-orders/__tests__/e2e.test.ts[2m > [22m[2mGroup Orders E2E Tests[2m > [22m[2mPOST /api/v1/orders/group/join/:shareCode - Join Group[2m > [22m[2mshould allow a new member to join group successfully
[22m[39m[SharedMockDB] FIRST executed: {
  sql: [32m'\n'[39m +
    [32m'        SELECT * FROM group_members\n'[39m +
    [32m'        WHERE group_order_id = ? AND name = ? AND left_at IS NU'[39m,
  hasResult: [33mfalse[39m
}

[90mstdout[2m | src/features/group-orders/__tests__/e2e.test.ts[2m > [22m[2mGroup Orders E2E Tests[2m > [22m[2mPOST /api/v1/orders/group/join/:shareCode - Join Group[2m > [22m[2mshould allow a new member to join group successfully
[22m[39m[SharedMockDB] RUN executed: {
  sql: [32m'\n'[39m +
    [32m'        INSERT INTO group_members (\n'[39m +
    [32m'          id, group_order_id, session_id, name, phone, email, r'[39m,
  changes: [33m1[39m,
  lastInsertRowid: [33m2[39m
}

[90mstdout[2m | src/features/group-orders/__tests__/e2e.test.ts[2m > [22m[2mGroup Orders E2E Tests[2m > [22m[2mPOST /api/v1/orders/group/join/:shareCode - Join Group[2m > [22m[2mshould allow a new member to join group successfully
[22m[39m[SharedMockDB] RUN executed: {
  sql: [32m'\n'[39m +
    [32m'      INSERT INTO group_activity_logs (\n'[39m +
    [32m'        id, group_order_id, member_id, action, description,'[39m,
  changes: [33m1[39m,
  lastInsertRowid: [33m2[39m
}

[90mstdout[2m | src/features/group-orders/__tests__/e2e.test.ts[2m > [22m[2mGroup Orders E2E Tests[2m > [22m[2mPOST /api/v1/orders/group/join/:shareCode - Join Group[2m > [22m[2mshould allow a new member to join group successfully
[22m[39m[SharedMockDB] FIRST executed: {
  sql: [32m'\n        SELECT * FROM group_members WHERE id = ?\n      '[39m,
  hasResult: [33mtrue[39m
}

[90mstdout[2m | src/features/group-orders/__tests__/e2e.test.ts[2m > [22m[2mGroup Orders E2E Tests[2m > [22m[2mPOST /api/v1/orders/group/join/:shareCode - Join Group[2m > [22m[2mshould allow a new member to join group successfully
[22m[39m[group-orders] Member joined group successfully {
  groupOrderId: [32m'6deafb31-63ae-450a-9503-2a6a6a1a4911'[39m,
  memberId: [32m'8181d82e-51d6-4ae1-b9c1-7a752a2e8d84'[39m,
  memberName: [32m'John Doe'[39m
}
[group-orders] joinGroup took 10ms

[90mstdout[2m | src/__tests__/integration/core-modules.test.ts[2m > [22m[2mCore Modules Integration Tests[2m > [22m[2mQueue and Table Integration[2m > [22m[2mshould integrate queue system with table management
[22m[39m[API_V1] Response status: 200

[90mstdout[2m | src/__tests__/integration/core-modules.test.ts[2m > [22m[2mCore Modules Integration Tests[2m > [22m[2mQueue and Table Integration[2m > [22m[2mshould integrate queue system with table management
[22m[39m[API_V1] GET /api/v1/tables/2

[90mstdout[2m | src/__tests__/integration/core-modules.test.ts[2m > [22m[2mCore Modules Integration Tests[2m > [22m[2mQueue and Table Integration[2m > [22m[2mshould integrate queue system with table management
[22m[39m[BaseService] Using mock Drizzle instance (from env)
[MockDrizzle] where().get() - tableName: tables records: [33m1[39m
[MockDrizzle] Condition type: SQL
[MockDrizzle] Condition keys: [ [32m'decoder'[39m, [32m'shouldInlineParams'[39m, [32m'usedTables'[39m, [32m'queryChunks'[39m ]
[MockDrizzle] Found queryChunks, length: [33m5[39m
[MockDrizzle] Processing [33m5[39m chunks
[MockDrizzle] Searching for record with id = 2
[MockDrizzle] Found matching record: [33m2[39m

[90mstdout[2m | src/__tests__/integration/core-modules.test.ts[2m > [22m[2mCore Modules Integration Tests[2m > [22m[2mQueue and Table Integration[2m > [22m[2mshould integrate queue system with table management
[22m[39m[API_V1] Response status: 200

[90mstdout[2m | src/__tests__/integration/core-modules.test.ts[2m > [22m[2mCore Modules Integration Tests[2m > [22m[2mQueue and Table Integration[2m > [22m[2mshould integrate queue system with table management
[22m[39m[TEST] Table check BEFORE seat, status: [33m200[39m
[TEST] Table ID being checked: [33m2[39m
[API_V1] POST /api/v1/queue/1763311920226/seat

[90mstdout[2m | src/__tests__/integration/core-modules.test.ts[2m > [22m[2mCore Modules Integration Tests[2m > [22m[2mQueue and Table Integration[2m > [22m[2mshould integrate queue system with table management
[22m[39m[UnifiedQueueService] INFO: Seating customer { queueId: [33m1763311920226[39m, tableId: [33m2[39m, operatorId: [33m1[39m }
[MockDrizzle] update() called for table: tables
[MockDrizzle] set() called with data: [ [32m'isOccupied'[39m, [32m'updatedAt'[39m ]
[MockDrizzle] where() called for UPDATE
[MockDrizzle] UPDATE tables WHERE id = 2, found 1 records

[90mstdout[2m | src/features/group-orders/__tests__/e2e.test.ts[2m > [22m[2mGroup Orders E2E Tests[2m > [22m[2mPOST /api/v1/orders/group/join/:shareCode - Join Group[2m > [22m[2mshould allow a new member to join group successfully
[22m[39m[orders] INFO: Orders API request completed {
  method: [32m'POST'[39m,
  path: [32m'/api/v1/orders/group/join/M2N3V4DY'[39m,
  status: [33m200[39m,
  duration: [32m'579ms'[39m,
  userAgent: [32m'unknown'[39m
}

[90mstdout[2m | src/features/group-orders/__tests__/e2e.test.ts[2m > [22m[2mGroup Orders E2E Tests[2m > [22m[2mPOST /api/v1/orders/group/join/:shareCode - Join Group[2m > [22m[2mshould allow a new member to join group successfully
[22m[39m[API_V1] Response status: 200

 [32m✓[39m [30m[42m @makanmakan/api [49m[39m src/features/group-orders/__tests__/e2e.test.ts[2m > [22mGroup Orders E2E Tests[2m > [22mPOST /api/v1/orders/group/join/:shareCode - Join Group[2m > [22mshould allow a new member to join group successfully[33m 1577[2mms[22m[39m
[90mstdout[2m | src/features/group-orders/__tests__/e2e.test.ts[2m > [22m[2mGroup Orders E2E Tests[2m > [22m[2mPOST /api/v1/orders/group/join/:shareCode - Join Group[2m > [22m[2mshould reject joining with invalid share code
[22m[39m[SharedMockDB] EXEC executed successfully

[90mstdout[2m | src/features/group-orders/__tests__/e2e.test.ts[2m > [22m[2mGroup Orders E2E Tests[2m > [22m[2mPOST /api/v1/orders/group/join/:shareCode - Join Group[2m > [22m[2mshould reject joining with invalid share code
[22m[39m[SharedMockDB] EXEC executed successfully

[90mstdout[2m | src/features/group-orders/__tests__/e2e.test.ts[2m > [22m[2mGroup Orders E2E Tests[2m > [22m[2mPOST /api/v1/orders/group/join/:shareCode - Join Group[2m > [22m[2mshould reject joining with invalid share code
[22m[39m[SharedMockDB] EXEC executed successfully

[90mstdout[2m | src/features/group-orders/__tests__/e2e.test.ts[2m > [22m[2mGroup Orders E2E Tests[2m > [22m[2mPOST /api/v1/orders/group/join/:shareCode - Join Group[2m > [22m[2mshould reject joining with invalid share code
[22m[39m[SharedMockDB] EXEC executed successfully

[90mstdout[2m | src/features/group-orders/__tests__/e2e.test.ts[2m > [22m[2mGroup Orders E2E Tests[2m > [22m[2mPOST /api/v1/orders/group/join/:shareCode - Join Group[2m > [22m[2mshould reject joining with invalid share code
[22m[39m[SharedMockDB] EXEC executed successfully

[90mstdout[2m | src/features/group-orders/__tests__/e2e.test.ts[2m > [22m[2mGroup Orders E2E Tests[2m > [22m[2mPOST /api/v1/orders/group/join/:shareCode - Join Group[2m > [22m[2mshould reject joining with invalid share code
[22m[39m[API_V1] POST /api/v1/orders/group/create

[90mstdout[2m | src/features/group-orders/__tests__/e2e.test.ts[2m > [22m[2mGroup Orders E2E Tests[2m > [22m[2mPOST /api/v1/orders/group/join/:shareCode - Join Group[2m > [22m[2mshould reject joining with invalid share code
[22m[39m[group-orders] Creating group order { restaurantId: [33m1[39m, hostId: [33m2[39m }
[SharedMockDB] RUN executed: {
  sql: [32m'\n'[39m +
    [32m'        INSERT INTO group_orders (\n'[39m +
    [32m'          id, restaurant_id, table_id, share_code, created_by,\n'[39m +
    [32m' '[39m,
  changes: [33m1[39m,
  lastInsertRowid: [33m1[39m
}

[90mstdout[2m | src/features/group-orders/__tests__/e2e.test.ts[2m > [22m[2mGroup Orders E2E Tests[2m > [22m[2mPOST /api/v1/orders/group/join/:shareCode - Join Group[2m > [22m[2mshould reject joining with invalid share code
[22m[39m[SharedMockDB] RUN executed: {
  sql: [32m'\n'[39m +
    [32m'        INSERT INTO group_members (\n'[39m +
    [32m'          id, group_order_id, session_id, name, role,\n'[39m +
    [32m'         '[39m,
  changes: [33m1[39m,
  lastInsertRowid: [33m1[39m
}

[90mstdout[2m | src/features/group-orders/__tests__/e2e.test.ts[2m > [22m[2mGroup Orders E2E Tests[2m > [22m[2mPOST /api/v1/orders/group/join/:shareCode - Join Group[2m > [22m[2mshould reject joining with invalid share code
[22m[39m[SharedMockDB] RUN executed: {
  sql: [32m'\n'[39m +
    [32m'      INSERT INTO group_activity_logs (\n'[39m +
    [32m'        id, group_order_id, member_id, action, description,'[39m,
  changes: [33m1[39m,
  lastInsertRowid: [33m1[39m
}

[90mstdout[2m | src/features/group-orders/__tests__/e2e.test.ts[2m > [22m[2mGroup Orders E2E Tests[2m > [22m[2mPOST /api/v1/orders/group/join/:shareCode - Join Group[2m > [22m[2mshould reject joining with invalid share code
[22m[39m[SharedMockDB] FIRST executed: {
  sql: [32m'\n        SELECT * FROM group_members WHERE id = ?\n      '[39m,
  hasResult: [33mtrue[39m
}

[90mstdout[2m | src/features/group-orders/__tests__/e2e.test.ts[2m > [22m[2mGroup Orders E2E Tests[2m > [22m[2mPOST /api/v1/orders/group/join/:shareCode - Join Group[2m > [22m[2mshould reject joining with invalid share code
[22m[39m[group-orders] Group order created successfully {
  groupOrderId: [32m'8fea4b1e-0e95-47d8-9287-5d10f3208403'[39m,
  shareCode: [32m'J9GMVE9X'[39m
}
[group-orders] createGroupOrder took 5ms

[90mstdout[2m | src/__tests__/integration/core-modules.test.ts[2m > [22m[2mCore Modules Integration Tests[2m > [22m[2mQueue and Table Integration[2m > [22m[2mshould integrate queue system with table management
[22m[39m[API_V1] Response status: 200

[90mstdout[2m | src/__tests__/integration/core-modules.test.ts[2m > [22m[2mCore Modules Integration Tests[2m > [22m[2mQueue and Table Integration[2m > [22m[2mshould integrate queue system with table management
[22m[39m[API_V1] GET /api/v1/tables/2

[90mstdout[2m | src/__tests__/integration/core-modules.test.ts[2m > [22m[2mCore Modules Integration Tests[2m > [22m[2mQueue and Table Integration[2m > [22m[2mshould integrate queue system with table management
[22m[39m[BaseService] Using mock Drizzle instance (from env)
[MockDrizzle] where().get() - tableName: tables records: [33m1[39m
[MockDrizzle] Condition type: SQL
[MockDrizzle] Condition keys: [ [32m'decoder'[39m, [32m'shouldInlineParams'[39m, [32m'usedTables'[39m, [32m'queryChunks'[39m ]
[MockDrizzle] Found queryChunks, length: [33m5[39m
[MockDrizzle] Processing [33m5[39m chunks
[MockDrizzle] Searching for record with id = 2
[MockDrizzle] Found matching record: [33m2[39m

[90mstdout[2m | src/__tests__/integration/core-modules.test.ts[2m > [22m[2mCore Modules Integration Tests[2m > [22m[2mQueue and Table Integration[2m > [22m[2mshould integrate queue system with table management
[22m[39m[API_V1] Response status: 200

 [32m✓[39m [30m[42m @makanmakan/api [49m[39m src/__tests__/integration/core-modules.test.ts[2m > [22mCore Modules Integration Tests[2m > [22mQueue and Table Integration[2m > [22mshould integrate queue system with table management[33m 2039[2mms[22m[39m
[90mstdout[2m | src/__tests__/integration/core-modules.test.ts[2m > [22m[2mCore Modules Integration Tests[2m > [22m[2mAnalytics and Reporting Integration[2m > [22m[2mshould generate analytics from order and queue data
[22m[39m[SharedMockDB] RUN executed: {
  sql: [32m'\n'[39m +
    [32m'      INSERT INTO restaurants (id, name, type, category, address, district, phone, email, isAvailab'[39m,
  changes: [33m1[39m,
  lastInsertRowid: [33m1[39m
}

[90mstdout[2m | src/__tests__/integration/core-modules.test.ts[2m > [22m[2mCore Modules Integration Tests[2m > [22m[2mAnalytics and Reporting Integration[2m > [22m[2mshould generate analytics from order and queue data
[22m[39m[SharedMockDB] RUN executed: {
  sql: [32m'\n'[39m +
    [32m'      INSERT INTO users (id, username, email, fullName, passwordHash, role, restaurantId, isActive,'[39m,
  changes: [33m1[39m,
  lastInsertRowid: [33m1[39m
}

[90mstdout[2m | src/__tests__/integration/core-modules.test.ts[2m > [22m[2mCore Modules Integration Tests[2m > [22m[2mAnalytics and Reporting Integration[2m > [22m[2mshould generate analytics from order and queue data
[22m[39m[API_V1] POST /api/v1/menu/1/categories

[90mstdout[2m | src/__tests__/integration/core-modules.test.ts[2m > [22m[2mCore Modules Integration Tests[2m > [22m[2mAnalytics and Reporting Integration[2m > [22m[2mshould generate analytics from order and queue data
[22m[39m[BaseService] Using mock Drizzle instance (from env)
[MenuService] INFO: Creating category { data: { name: [32m'Test Category'[39m, sortOrder: [33m0[39m, restaurantId: [33m1[39m } }
[MockDrizzle] insert() for table: categories
[MockDrizzle] values(): { name: [32m'Test Category'[39m, sortOrder: [33m0[39m, restaurantId: [33m1[39m }
[MockDrizzle] returning() called
[SharedDataStore] INSERT SQL: INSERT INTO categories (name, sortOrder, restaurantId, createdAt, updatedAt) VALUES (?, ?, ?, ?, ?)
[SharedDataStore] INSERT values: ["Test Category",0,1,"2025-11-16T16:52:02.130Z","2025-11-16T16:52:02.130Z"]
[SharedDataStore] Inserted into categories: [33m2[39m
[MockDrizzle] Stored record ID: [33m2[39m
[MockDrizzle] Returning: [
  {
    name: [32m'Test Category'[39m,
    sortOrder: [33m0[39m,
    restaurantId: [33m1[39m,
    createdAt: [32m'2025-11-16T16:52:02.130Z'[39m,
    updatedAt: [32m'2025-11-16T16:52:02.130Z'[39m,
    id: [33m2[39m
  }
]

[90mstdout[2m | src/__tests__/integration/core-modules.test.ts[2m > [22m[2mCore Modules Integration Tests[2m > [22m[2mAnalytics and Reporting Integration[2m > [22m[2mshould generate analytics from order and queue data
[22m[39m[MenuService] DEBUG: Menu cache invalidated { restaurantId: [33m1[39m }

[90mstdout[2m | src/__tests__/integration/core-modules.test.ts[2m > [22m[2mCore Modules Integration Tests[2m > [22m[2mAnalytics and Reporting Integration[2m > [22m[2mshould generate analytics from order and queue data
[22m[39m[MenuService] INFO: Category created successfully { categoryId: [33m2[39m }

[90mstdout[2m | src/__tests__/integration/core-modules.test.ts[2m > [22m[2mCore Modules Integration Tests[2m > [22m[2mAnalytics and Reporting Integration[2m > [22m[2mshould generate analytics from order and queue data
[22m[39m[API_V1] Response status: 201

[90mstdout[2m | src/__tests__/integration/core-modules.test.ts[2m > [22m[2mCore Modules Integration Tests[2m > [22m[2mAnalytics and Reporting Integration[2m > [22m[2mshould generate analytics from order and queue data
[22m[39m[API_V1] POST /api/v1/queue/join

[90mstdout[2m | src/__tests__/integration/core-modules.test.ts[2m > [22m[2mCore Modules Integration Tests[2m > [22m[2mAnalytics and Reporting Integration[2m > [22m[2mshould generate analytics from order and queue data
[22m[39m[MockDrizzle] Normalized table name: restaurants -> restaurants
[MockDrizzle] query.findFirst() called for table: restaurants
[MockDrizzle] Table restaurants has [33m1[39m total records
[MockDrizzle] queryChunks: [{"index":0,"type":"StringChunk","hasValue":true,"value":[""],"valueType":"object"},{"index":1,"type":"SQLiteInteger","hasValue":false,"valueType":"undefined"},{"index":2,"type":"StringChunk","hasValue":true,"value":[" = "],"valueType":"object"},{"index":3,"type":"Param","hasValue":true,"value":1,"valueType":"number"},{"index":4,"type":"StringChunk","hasValue":true,"value":[""],"valueType":"object"}]
[MockDrizzle] Filtering by: id = [33m1[39m
[MockDrizzle] Found [33m1[39m matching records
[MockDrizzle] First record: {"id":1,"name":"Test Restaurant","type":"Casual Dining","category":"Restaurant","description":null,"address":"Test Address","district":"Test District","city":"台中市","phone":"012-3456789","email":"test@restaurant.com","website":null,"businessHours":null,"isAvailable":1,"isActive":1,"status":1,"logoUrl":null,"bannerUrl":null,"imageUrls":null,"shopQrCode":null,"shopQrCodeImageUrl":null,"enableShopMode":0,"shopQrSettings":null,"shopQrVersion":1,"settings":null,"rating":0,"reviewCount":0,"totalOrders":0,"createdAt":"2025-11-16T16:52:02.120Z","updatedAt":"2025-11-16T16:52:02.120Z"}

[90mstdout[2m | src/__tests__/integration/core-modules.test.ts[2m > [22m[2mCore Modules Integration Tests[2m > [22m[2mAnalytics and Reporting Integration[2m > [22m[2mshould generate analytics from order and queue data
[22m[39m[UnifiedQueueService] INFO: Legacy queue entry created { id: [33m1763311922137[39m, restaurantId: [33m1[39m }

[90mstdout[2m | src/features/group-orders/__tests__/e2e.test.ts[2m > [22m[2mGroup Orders E2E Tests[2m > [22m[2mPOST /api/v1/orders/group/join/:shareCode - Join Group[2m > [22m[2mshould reject joining with invalid share code
[22m[39m[orders] INFO: Orders API request completed {
  method: [32m'POST'[39m,
  path: [32m'/api/v1/orders/group/create'[39m,
  status: [33m200[39m,
  duration: [32m'365ms'[39m,
  userAgent: [32m'unknown'[39m
}

[90mstdout[2m | src/features/group-orders/__tests__/e2e.test.ts[2m > [22m[2mGroup Orders E2E Tests[2m > [22m[2mPOST /api/v1/orders/group/join/:shareCode - Join Group[2m > [22m[2mshould reject joining with invalid share code
[22m[39m[API_V1] Response status: 200

[90mstdout[2m | src/features/group-orders/__tests__/e2e.test.ts[2m > [22m[2mGroup Orders E2E Tests[2m > [22m[2mPOST /api/v1/orders/group/join/:shareCode - Join Group[2m > [22m[2mshould reject joining with invalid share code
[22m[39m[API_V1] POST /api/v1/orders/group/join/INVALID1

[90mstdout[2m | src/features/group-orders/__tests__/e2e.test.ts[2m > [22m[2mGroup Orders E2E Tests[2m > [22m[2mPOST /api/v1/orders/group/join/:shareCode - Join Group[2m > [22m[2mshould reject joining with invalid share code
[22m[39m[group-orders] Member joining group { shareCode: [32m'INVALID1'[39m, memberName: [32m'John Doe'[39m }
[SharedMockDB] FIRST executed: {
  sql: [32m'\n'[39m +
    [32m'        SELECT * FROM group_orders\n'[39m +
    [32m'        WHERE share_code = ?\n'[39m +
    [32m"        AND status = 'active'\n"[39m +
    [32m'     '[39m,
  hasResult: [33mfalse[39m
}

[90mstdout[2m | src/features/group-orders/__tests__/e2e.test.ts[2m > [22m[2mGroup Orders E2E Tests[2m > [22m[2mPOST /api/v1/orders/group/join/:shareCode - Join Group[2m > [22m[2mshould reject joining with invalid share code
[22m[39m[group-orders] joinGroup took 1ms

[90mstdout[2m | src/features/group-orders/__tests__/e2e.test.ts[2m > [22m[2mGroup Orders E2E Tests[2m > [22m[2mPOST /api/v1/orders/group/join/:shareCode - Join Group[2m > [22m[2mshould reject joining with invalid share code
[22m[39m[orders] INFO: Orders API request completed {
  method: [32m'POST'[39m,
  path: [32m'/api/v1/orders/group/join/INVALID1'[39m,
  status: [33m400[39m,
  duration: [32m'3ms'[39m,
  userAgent: [32m'unknown'[39m
}

[90mstdout[2m | src/features/group-orders/__tests__/e2e.test.ts[2m > [22m[2mGroup Orders E2E Tests[2m > [22m[2mPOST /api/v1/orders/group/join/:shareCode - Join Group[2m > [22m[2mshould reject joining with invalid share code
[22m[39m[API_V1] Response status: 400

[90mstdout[2m | src/features/group-orders/__tests__/e2e.test.ts[2m > [22m[2mGroup Orders E2E Tests[2m > [22m[2mPOST /api/v1/orders/group/join/:shareCode - Join Group[2m > [22m[2mshould reject duplicate member names in the same group
[22m[39m[SharedMockDB] EXEC executed successfully

[90mstdout[2m | src/features/group-orders/__tests__/e2e.test.ts[2m > [22m[2mGroup Orders E2E Tests[2m > [22m[2mPOST /api/v1/orders/group/join/:shareCode - Join Group[2m > [22m[2mshould reject duplicate member names in the same group
[22m[39m[SharedMockDB] EXEC executed successfully

[90mstdout[2m | src/features/group-orders/__tests__/e2e.test.ts[2m > [22m[2mGroup Orders E2E Tests[2m > [22m[2mPOST /api/v1/orders/group/join/:shareCode - Join Group[2m > [22m[2mshould reject duplicate member names in the same group
[22m[39m[SharedMockDB] EXEC executed successfully

[90mstdout[2m | src/features/group-orders/__tests__/e2e.test.ts[2m > [22m[2mGroup Orders E2E Tests[2m > [22m[2mPOST /api/v1/orders/group/join/:shareCode - Join Group[2m > [22m[2mshould reject duplicate member names in the same group
[22m[39m[SharedMockDB] EXEC executed successfully

[90mstdout[2m | src/features/group-orders/__tests__/e2e.test.ts[2m > [22m[2mGroup Orders E2E Tests[2m > [22m[2mPOST /api/v1/orders/group/join/:shareCode - Join Group[2m > [22m[2mshould reject duplicate member names in the same group
[22m[39m[SharedMockDB] EXEC executed successfully

[90mstdout[2m | src/features/group-orders/__tests__/e2e.test.ts[2m > [22m[2mGroup Orders E2E Tests[2m > [22m[2mPOST /api/v1/orders/group/join/:shareCode - Join Group[2m > [22m[2mshould reject duplicate member names in the same group
[22m[39m[API_V1] POST /api/v1/orders/group/create

[90mstdout[2m | src/features/group-orders/__tests__/e2e.test.ts[2m > [22m[2mGroup Orders E2E Tests[2m > [22m[2mPOST /api/v1/orders/group/join/:shareCode - Join Group[2m > [22m[2mshould reject duplicate member names in the same group
[22m[39m[group-orders] Creating group order { restaurantId: [33m1[39m, hostId: [33m2[39m }
[SharedMockDB] RUN executed: {
  sql: [32m'\n'[39m +
    [32m'        INSERT INTO group_orders (\n'[39m +
    [32m'          id, restaurant_id, table_id, share_code, created_by,\n'[39m +
    [32m' '[39m,
  changes: [33m1[39m,
  lastInsertRowid: [33m1[39m
}

[90mstdout[2m | src/features/group-orders/__tests__/e2e.test.ts[2m > [22m[2mGroup Orders E2E Tests[2m > [22m[2mPOST /api/v1/orders/group/join/:shareCode - Join Group[2m > [22m[2mshould reject duplicate member names in the same group
[22m[39m[SharedMockDB] RUN executed: {
  sql: [32m'\n'[39m +
    [32m'        INSERT INTO group_members (\n'[39m +
    [32m'          id, group_order_id, session_id, name, role,\n'[39m +
    [32m'         '[39m,
  changes: [33m1[39m,
  lastInsertRowid: [33m1[39m
}

[90mstdout[2m | src/features/group-orders/__tests__/e2e.test.ts[2m > [22m[2mGroup Orders E2E Tests[2m > [22m[2mPOST /api/v1/orders/group/join/:shareCode - Join Group[2m > [22m[2mshould reject duplicate member names in the same group
[22m[39m[SharedMockDB] RUN executed: {
  sql: [32m'\n'[39m +
    [32m'      INSERT INTO group_activity_logs (\n'[39m +
    [32m'        id, group_order_id, member_id, action, description,'[39m,
  changes: [33m1[39m,
  lastInsertRowid: [33m1[39m
}

[90mstdout[2m | src/features/group-orders/__tests__/e2e.test.ts[2m > [22m[2mGroup Orders E2E Tests[2m > [22m[2mPOST /api/v1/orders/group/join/:shareCode - Join Group[2m > [22m[2mshould reject duplicate member names in the same group
[22m[39m[SharedMockDB] FIRST executed: {
  sql: [32m'\n        SELECT * FROM group_members WHERE id = ?\n      '[39m,
  hasResult: [33mtrue[39m
}

[90mstdout[2m | src/features/group-orders/__tests__/e2e.test.ts[2m > [22m[2mGroup Orders E2E Tests[2m > [22m[2mPOST /api/v1/orders/group/join/:shareCode - Join Group[2m > [22m[2mshould reject duplicate member names in the same group
[22m[39m[group-orders] Group order created successfully {
  groupOrderId: [32m'43def5bc-f36b-41fa-9fdf-00aba2667936'[39m,
  shareCode: [32m'UXXZDLG7'[39m
}
[group-orders] createGroupOrder took 7ms

 [32m✓[39m [30m[42m @makanmakan/api [49m[39m src/features/group-orders/__tests__/e2e.test.ts[2m > [22mGroup Orders E2E Tests[2m > [22mPOST /api/v1/orders/group/join/:shareCode - Join Group[2m > [22mshould reject joining with invalid share code[33m 378[2mms[22m[39m
[90mstdout[2m | src/__tests__/integration/core-modules.test.ts[2m > [22m[2mCore Modules Integration Tests[2m > [22m[2mAnalytics and Reporting Integration[2m > [22m[2mshould generate analytics from order and queue data
[22m[39m[API_V1] Response status: 200

[90mstdout[2m | src/__tests__/integration/core-modules.test.ts[2m > [22m[2mCore Modules Integration Tests[2m > [22m[2mAnalytics and Reporting Integration[2m > [22m[2mshould generate analytics from order and queue data
[22m[39m[API_V1] GET /api/v1/analytics/dashboard

[90mstdout[2m | src/__tests__/integration/core-modules.test.ts[2m > [22m[2mCore Modules Integration Tests[2m > [22m[2mAnalytics and Reporting Integration[2m > [22m[2mshould generate analytics from order and queue data
[22m[39m[BaseService] Using mock Drizzle instance (from env)
[AnalyticsService] DEBUG: Getting dashboard data { restaurantId: [33m1[39m, period: [32m'today'[39m }

[90mstdout[2m | src/__tests__/integration/core-modules.test.ts[2m > [22m[2mCore Modules Integration Tests[2m > [22m[2mAnalytics and Reporting Integration[2m > [22m[2mshould generate analytics from order and queue data
[22m[39m[AnalyticsService] INFO: Dashboard data retrieved successfully { restaurantId: [33m1[39m, period: [32m'today'[39m, todayRevenue: [33m0[39m, todayOrders: [33m0[39m }

[90mstdout[2m | src/__tests__/integration/core-modules.test.ts[2m > [22m[2mCore Modules Integration Tests[2m > [22m[2mAnalytics and Reporting Integration[2m > [22m[2mshould generate analytics from order and queue data
[22m[39m[API_V1] Response status: 200

[90mstdout[2m | src/__tests__/integration/core-modules.test.ts[2m > [22m[2mCore Modules Integration Tests[2m > [22m[2mAnalytics and Reporting Integration[2m > [22m[2mshould generate analytics from order and queue data
[22m[39m[API_V1] GET /api/v1/analytics/revenue

[90mstdout[2m | src/__tests__/integration/core-modules.test.ts[2m > [22m[2mCore Modules Integration Tests[2m > [22m[2mAnalytics and Reporting Integration[2m > [22m[2mshould generate analytics from order and queue data
[22m[39m[BaseService] Using mock Drizzle instance (from env)
[AnalyticsService] DEBUG: Getting revenue analytics {
  restaurantId: [33m1[39m,
  groupBy: [32m'day'[39m,
  limit: [33m30[39m,
  includeComparison: [33mfalse[39m
}

[90mstdout[2m | src/__tests__/integration/core-modules.test.ts[2m > [22m[2mCore Modules Integration Tests[2m > [22m[2mAnalytics and Reporting Integration[2m > [22m[2mshould generate analytics from order and queue data
[22m[39m[AnalyticsService] INFO: Revenue analytics retrieved successfully { restaurantId: [33m1[39m, recordCount: [33m1[39m }

[90mstdout[2m | src/__tests__/integration/core-modules.test.ts[2m > [22m[2mCore Modules Integration Tests[2m > [22m[2mAnalytics and Reporting Integration[2m > [22m[2mshould generate analytics from order and queue data
[22m[39m[API_V1] Response status: 200

 [32m✓[39m [30m[42m @makanmakan/api [49m[39m src/__tests__/integration/core-modules.test.ts[2m > [22mCore Modules Integration Tests[2m > [22mAnalytics and Reporting Integration[2m > [22mshould generate analytics from order and queue data[33m 388[2mms[22m[39m
[90mstdout[2m | src/__tests__/integration/core-modules.test.ts[2m > [22m[2mCore Modules Integration Tests[2m > [22m[2mUser Management and Authentication Integration[2m > [22m[2mshould manage multi-role users across modules
[22m[39m[SharedMockDB] RUN executed: {
  sql: [32m'\n'[39m +
    [32m'      INSERT INTO restaurants (id, name, type, category, address, district, phone, email, isAvailab'[39m,
  changes: [33m1[39m,
  lastInsertRowid: [33m1[39m
}

[90mstdout[2m | src/__tests__/integration/core-modules.test.ts[2m > [22m[2mCore Modules Integration Tests[2m > [22m[2mUser Management and Authentication Integration[2m > [22m[2mshould manage multi-role users across modules
[22m[39m[SharedMockDB] RUN executed: {
  sql: [32m'\n'[39m +
    [32m'      INSERT INTO users (id, username, email, fullName, passwordHash, role, restaurantId, isActive,'[39m,
  changes: [33m1[39m,
  lastInsertRowid: [33m1[39m
}

[90mstdout[2m | src/__tests__/integration/core-modules.test.ts[2m > [22m[2mCore Modules Integration Tests[2m > [22m[2mUser Management and Authentication Integration[2m > [22m[2mshould manage multi-role users across modules
[22m[39m[API_V1] POST /api/v1/users

[90mstdout[2m | src/__tests__/integration/core-modules.test.ts[2m > [22m[2mCore Modules Integration Tests[2m > [22m[2mUser Management and Authentication Integration[2m > [22m[2mshould manage multi-role users across modules
[22m[39m[BaseService] Using mock Drizzle instance (from env)
[BaseService] Using mock Drizzle instance (from env)
[MockDrizzle] where().get() - tableName: users records: [33m1[39m
[MockDrizzle] Condition type: SQL
[MockDrizzle] Condition keys: [ [32m'decoder'[39m, [32m'shouldInlineParams'[39m, [32m'usedTables'[39m, [32m'queryChunks'[39m ]
[MockDrizzle] Found queryChunks, length: [33m5[39m
[MockDrizzle] Processing [33m5[39m chunks
[MockDrizzle] Searching for record with id = user_1
[MockDrizzle] No matching record found for id: user_1

[90mstdout[2m | src/__tests__/integration/core-modules.test.ts[2m > [22m[2mCore Modules Integration Tests[2m > [22m[2mUser Management and Authentication Integration[2m > [22m[2mshould manage multi-role users across modules
[22m[39m[MockDrizzle] where().get() - tableName: users records: [33m1[39m
[MockDrizzle] Condition type: SQL
[MockDrizzle] Condition keys: [ [32m'decoder'[39m, [32m'shouldInlineParams'[39m, [32m'usedTables'[39m, [32m'queryChunks'[39m ]
[MockDrizzle] Found queryChunks, length: [33m5[39m
[MockDrizzle] Processing [33m5[39m chunks
[MockDrizzle] Searching for record with id = user1@test.com
[MockDrizzle] No matching record found for id: user1@test.com

[90mstdout[2m | src/features/group-orders/__tests__/e2e.test.ts[2m > [22m[2mGroup Orders E2E Tests[2m > [22m[2mPOST /api/v1/orders/group/join/:shareCode - Join Group[2m > [22m[2mshould reject duplicate member names in the same group
[22m[39m[orders] INFO: Orders API request completed {
  method: [32m'POST'[39m,
  path: [32m'/api/v1/orders/group/create'[39m,
  status: [33m200[39m,
  duration: [32m'470ms'[39m,
  userAgent: [32m'unknown'[39m
}

[90mstdout[2m | src/features/group-orders/__tests__/e2e.test.ts[2m > [22m[2mGroup Orders E2E Tests[2m > [22m[2mPOST /api/v1/orders/group/join/:shareCode - Join Group[2m > [22m[2mshould reject duplicate member names in the same group
[22m[39m[API_V1] Response status: 200

[90mstdout[2m | src/features/group-orders/__tests__/e2e.test.ts[2m > [22m[2mGroup Orders E2E Tests[2m > [22m[2mPOST /api/v1/orders/group/join/:shareCode - Join Group[2m > [22m[2mshould reject duplicate member names in the same group
[22m[39m[API_V1] POST /api/v1/orders/group/join/UXXZDLG7

[90mstdout[2m | src/features/group-orders/__tests__/e2e.test.ts[2m > [22m[2mGroup Orders E2E Tests[2m > [22m[2mPOST /api/v1/orders/group/join/:shareCode - Join Group[2m > [22m[2mshould reject duplicate member names in the same group
[22m[39m[group-orders] Member joining group { shareCode: [32m'UXXZDLG7'[39m, memberName: [32m'John Doe'[39m }
[SharedMockDB] FIRST executed: {
  sql: [32m'\n'[39m +
    [32m'        SELECT * FROM group_orders\n'[39m +
    [32m'        WHERE share_code = ?\n'[39m +
    [32m"        AND status = 'active'\n"[39m +
    [32m'     '[39m,
  hasResult: [33mtrue[39m
}

[90mstdout[2m | src/features/group-orders/__tests__/e2e.test.ts[2m > [22m[2mGroup Orders E2E Tests[2m > [22m[2mPOST /api/v1/orders/group/join/:shareCode - Join Group[2m > [22m[2mshould reject duplicate member names in the same group
[22m[39m[SharedMockDB] FIRST executed: {
  sql: [32m'\n'[39m +
    [32m'        SELECT COUNT(*) as count FROM group_members\n'[39m +
    [32m'        WHERE group_order_id = ? AND left_at IS'[39m,
  hasResult: [33mtrue[39m
}

[90mstdout[2m | src/features/group-orders/__tests__/e2e.test.ts[2m > [22m[2mGroup Orders E2E Tests[2m > [22m[2mPOST /api/v1/orders/group/join/:shareCode - Join Group[2m > [22m[2mshould reject duplicate member names in the same group
[22m[39m[SharedMockDB] FIRST executed: {
  sql: [32m'\n'[39m +
    [32m'        SELECT * FROM group_members\n'[39m +
    [32m'        WHERE group_order_id = ? AND name = ? AND left_at IS NU'[39m,
  hasResult: [33mfalse[39m
}

[90mstdout[2m | src/features/group-orders/__tests__/e2e.test.ts[2m > [22m[2mGroup Orders E2E Tests[2m > [22m[2mPOST /api/v1/orders/group/join/:shareCode - Join Group[2m > [22m[2mshould reject duplicate member names in the same group
[22m[39m[SharedMockDB] RUN executed: {
  sql: [32m'\n'[39m +
    [32m'        INSERT INTO group_members (\n'[39m +
    [32m'          id, group_order_id, session_id, name, phone, email, r'[39m,
  changes: [33m1[39m,
  lastInsertRowid: [33m2[39m
}

[90mstdout[2m | src/features/group-orders/__tests__/e2e.test.ts[2m > [22m[2mGroup Orders E2E Tests[2m > [22m[2mPOST /api/v1/orders/group/join/:shareCode - Join Group[2m > [22m[2mshould reject duplicate member names in the same group
[22m[39m[SharedMockDB] RUN executed: {
  sql: [32m'\n'[39m +
    [32m'      INSERT INTO group_activity_logs (\n'[39m +
    [32m'        id, group_order_id, member_id, action, description,'[39m,
  changes: [33m1[39m,
  lastInsertRowid: [33m2[39m
}

[90mstdout[2m | src/features/group-orders/__tests__/e2e.test.ts[2m > [22m[2mGroup Orders E2E Tests[2m > [22m[2mPOST /api/v1/orders/group/join/:shareCode - Join Group[2m > [22m[2mshould reject duplicate member names in the same group
[22m[39m[SharedMockDB] FIRST executed: {
  sql: [32m'\n        SELECT * FROM group_members WHERE id = ?\n      '[39m,
  hasResult: [33mtrue[39m
}

[90mstdout[2m | src/features/group-orders/__tests__/e2e.test.ts[2m > [22m[2mGroup Orders E2E Tests[2m > [22m[2mPOST /api/v1/orders/group/join/:shareCode - Join Group[2m > [22m[2mshould reject duplicate member names in the same group
[22m[39m[group-orders] Member joined group successfully {
  groupOrderId: [32m'43def5bc-f36b-41fa-9fdf-00aba2667936'[39m,
  memberId: [32m'dd9099bb-6458-42ce-a100-17deb441c286'[39m,
  memberName: [32m'John Doe'[39m
}
[group-orders] joinGroup took 6ms

[90mstdout[2m | src/__tests__/integration/core-modules.test.ts[2m > [22m[2mCore Modules Integration Tests[2m > [22m[2mUser Management and Authentication Integration[2m > [22m[2mshould manage multi-role users across modules
[22m[39m[MockDrizzle] insert() for table: users
[MockDrizzle] values(): {
  username: [32m'user_1'[39m,
  email: [32m'user1@test.com'[39m,
  phone: [90mundefined[39m,
  fullName: [32m'Restaurant Owner'[39m,
  passwordHash: [32m'$2a$10$e/cWclIHAiA3prHrCVfmOOCPz9Y3HX.BN7twI4UtOyWi/M0B9Wklq'[39m,
  role: [33m1[39m,
  restaurantId: [33m1[39m,
  address: [90mundefined[39m,
  dateOfBirth: [90mundefined[39m,
  profileImageUrl: [90mundefined[39m,
  preferences: [90mundefined[39m,
  isActive: [33mtrue[39m,
  isVerified: [33mfalse[39m
}
[MockDrizzle] returning() called
[SharedDataStore] INSERT SQL: INSERT INTO users (username, email, fullName, passwordHash, role, restaurantId, isActive, isVerified, createdAt, updatedAt) VALUES (?, ?, ?, ?, ?, ?, ?, ?, ?, ?)
[SharedDataStore] INSERT values: ["user_1","user1@test.com","Restaurant Owner","$2a$10$e/cWclIHAiA3prHrCVfmOOCPz9Y3HX.BN7twI4UtOyWi/M0B9Wklq",1,1,1,0,"2025-11-16T16:52:02.980Z","2025-11-16T16:52:02.980Z"]
[SharedDataStore] Inserted into users: [33m2[39m
[MockDrizzle] Stored record ID: [33m2[39m
[MockDrizzle] Returning: [
  {
    username: [32m'user_1'[39m,
    email: [32m'user1@test.com'[39m,
    phone: [90mundefined[39m,
    fullName: [32m'Restaurant Owner'[39m,
    passwordHash: [32m'$2a$10$e/cWclIHAiA3prHrCVfmOOCPz9Y3HX.BN7twI4UtOyWi/M0B9Wklq'[39m,
    role: [33m1[39m,
    restaurantId: [33m1[39m,
    address: [90mundefined[39m,
    dateOfBirth: [90mundefined[39m,
    profileImageUrl: [90mundefined[39m,
    preferences: [90mundefined[39m,
    isActive: [33mtrue[39m,
    isVerified: [33mfalse[39m,
    createdAt: [32m'2025-11-16T16:52:02.980Z'[39m,
    updatedAt: [32m'2025-11-16T16:52:02.980Z'[39m,
    id: [33m2[39m
  }
]

[90mstdout[2m | src/__tests__/integration/core-modules.test.ts[2m > [22m[2mCore Modules Integration Tests[2m > [22m[2mUser Management and Authentication Integration[2m > [22m[2mshould manage multi-role users across modules
[22m[39m[API_V1] Response status: 201

[90mstdout[2m | src/__tests__/integration/core-modules.test.ts[2m > [22m[2mCore Modules Integration Tests[2m > [22m[2mUser Management and Authentication Integration[2m > [22m[2mshould manage multi-role users across modules
[22m[39m[API_V1] POST /api/v1/users

[90mstdout[2m | src/__tests__/integration/core-modules.test.ts[2m > [22m[2mCore Modules Integration Tests[2m > [22m[2mUser Management and Authentication Integration[2m > [22m[2mshould manage multi-role users across modules
[22m[39m[BaseService] Using mock Drizzle instance (from env)
[BaseService] Using mock Drizzle instance (from env)
[MockDrizzle] where().get() - tableName: users records: [33m2[39m
[MockDrizzle] Condition type: SQL
[MockDrizzle] Condition keys: [ [32m'decoder'[39m, [32m'shouldInlineParams'[39m, [32m'usedTables'[39m, [32m'queryChunks'[39m ]
[MockDrizzle] Found queryChunks, length: [33m5[39m
[MockDrizzle] Processing [33m5[39m chunks
[MockDrizzle] Searching for record with id = user_2
[MockDrizzle] No matching record found for id: user_2

[90mstdout[2m | src/__tests__/integration/core-modules.test.ts[2m > [22m[2mCore Modules Integration Tests[2m > [22m[2mUser Management and Authentication Integration[2m > [22m[2mshould manage multi-role users across modules
[22m[39m[MockDrizzle] where().get() - tableName: users records: [33m2[39m
[MockDrizzle] Condition type: SQL
[MockDrizzle] Condition keys: [ [32m'decoder'[39m, [32m'shouldInlineParams'[39m, [32m'usedTables'[39m, [32m'queryChunks'[39m ]
[MockDrizzle] Found queryChunks, length: [33m5[39m
[MockDrizzle] Processing [33m5[39m chunks
[MockDrizzle] Searching for record with id = user2@test.com
[MockDrizzle] No matching record found for id: user2@test.com

[90mstdout[2m | src/features/group-orders/__tests__/e2e.test.ts[2m > [22m[2mGroup Orders E2E Tests[2m > [22m[2mPOST /api/v1/orders/group/join/:shareCode - Join Group[2m > [22m[2mshould reject duplicate member names in the same group
[22m[39m[orders] INFO: Orders API request completed {
  method: [32m'POST'[39m,
  path: [32m'/api/v1/orders/group/join/UXXZDLG7'[39m,
  status: [33m200[39m,
  duration: [32m'333ms'[39m,
  userAgent: [32m'unknown'[39m
}

[90mstdout[2m | src/features/group-orders/__tests__/e2e.test.ts[2m > [22m[2mGroup Orders E2E Tests[2m > [22m[2mPOST /api/v1/orders/group/join/:shareCode - Join Group[2m > [22m[2mshould reject duplicate member names in the same group
[22m[39m[API_V1] Response status: 200

[90mstdout[2m | src/features/group-orders/__tests__/e2e.test.ts[2m > [22m[2mGroup Orders E2E Tests[2m > [22m[2mPOST /api/v1/orders/group/join/:shareCode - Join Group[2m > [22m[2mshould reject duplicate member names in the same group
[22m[39m[API_V1] POST /api/v1/orders/group/join/UXXZDLG7

[90mstdout[2m | src/features/group-orders/__tests__/e2e.test.ts[2m > [22m[2mGroup Orders E2E Tests[2m > [22m[2mPOST /api/v1/orders/group/join/:shareCode - Join Group[2m > [22m[2mshould reject duplicate member names in the same group
[22m[39m[group-orders] Member joining group { shareCode: [32m'UXXZDLG7'[39m, memberName: [32m'John Doe'[39m }
[SharedMockDB] FIRST executed: {
  sql: [32m'\n'[39m +
    [32m'        SELECT * FROM group_orders\n'[39m +
    [32m'        WHERE share_code = ?\n'[39m +
    [32m"        AND status = 'active'\n"[39m +
    [32m'     '[39m,
  hasResult: [33mtrue[39m
}

[90mstdout[2m | src/features/group-orders/__tests__/e2e.test.ts[2m > [22m[2mGroup Orders E2E Tests[2m > [22m[2mPOST /api/v1/orders/group/join/:shareCode - Join Group[2m > [22m[2mshould reject duplicate member names in the same group
[22m[39m[SharedMockDB] FIRST executed: {
  sql: [32m'\n'[39m +
    [32m'        SELECT COUNT(*) as count FROM group_members\n'[39m +
    [32m'        WHERE group_order_id = ? AND left_at IS'[39m,
  hasResult: [33mtrue[39m
}

[90mstdout[2m | src/features/group-orders/__tests__/e2e.test.ts[2m > [22m[2mGroup Orders E2E Tests[2m > [22m[2mPOST /api/v1/orders/group/join/:shareCode - Join Group[2m > [22m[2mshould reject duplicate member names in the same group
[22m[39m[SharedMockDB] FIRST executed: {
  sql: [32m'\n'[39m +
    [32m'        SELECT * FROM group_members\n'[39m +
    [32m'        WHERE group_order_id = ? AND name = ? AND left_at IS NU'[39m,
  hasResult: [33mtrue[39m
}

[90mstdout[2m | src/features/group-orders/__tests__/e2e.test.ts[2m > [22m[2mGroup Orders E2E Tests[2m > [22m[2mPOST /api/v1/orders/group/join/:shareCode - Join Group[2m > [22m[2mshould reject duplicate member names in the same group
[22m[39m[group-orders] joinGroup took 3ms

[90mstdout[2m | src/features/group-orders/__tests__/e2e.test.ts[2m > [22m[2mGroup Orders E2E Tests[2m > [22m[2mPOST /api/v1/orders/group/join/:shareCode - Join Group[2m > [22m[2mshould reject duplicate member names in the same group
[22m[39m[orders] INFO: Orders API request completed {
  method: [32m'POST'[39m,
  path: [32m'/api/v1/orders/group/join/UXXZDLG7'[39m,
  status: [33m400[39m,
  duration: [32m'5ms'[39m,
  userAgent: [32m'unknown'[39m
}

[90mstdout[2m | src/features/group-orders/__tests__/e2e.test.ts[2m > [22m[2mGroup Orders E2E Tests[2m > [22m[2mPOST /api/v1/orders/group/join/:shareCode - Join Group[2m > [22m[2mshould reject duplicate member names in the same group
[22m[39m[API_V1] Response status: 400

[90mstdout[2m | tests/performance/db-benchmarks/n-plus-one-detection.test.ts[2m > [22m[2mN+1 Query Detection[2m > [22m[2mOrder Listing Endpoint Simulation[2m > [22m[2mshould detect N+1 problem in naive order listing
[22m[39m🔴 N+1 Detection - Naive Approach:
   Total Queries: 1
   Unique Queries: 1
   Has N+1 Problem: ✅ NO
   Suggestions:

 [32m✓[39m [30m[42m @makanmakan/api [49m[39m src/features/group-orders/__tests__/e2e.test.ts[2m > [22mGroup Orders E2E Tests[2m > [22mPOST /api/v1/orders/group/join/:shareCode - Join Group[2m > [22mshould reject duplicate member names in the same group[33m 818[2mms[22m[39m
[90mstdout[2m | src/features/group-orders/__tests__/e2e.test.ts[2m > [22m[2mGroup Orders E2E Tests[2m > [22m[2mPOST /api/v1/orders/group/join/:shareCode - Join Group[2m > [22m[2mshould reject joining when group is full
[22m[39m[SharedMockDB] EXEC executed successfully

[90mstdout[2m | src/features/group-orders/__tests__/e2e.test.ts[2m > [22m[2mGroup Orders E2E Tests[2m > [22m[2mPOST /api/v1/orders/group/join/:shareCode - Join Group[2m > [22m[2mshould reject joining when group is full
[22m[39m[SharedMockDB] EXEC executed successfully

[90mstdout[2m | src/features/group-orders/__tests__/e2e.test.ts[2m > [22m[2mGroup Orders E2E Tests[2m > [22m[2mPOST /api/v1/orders/group/join/:shareCode - Join Group[2m > [22m[2mshould reject joining when group is full
[22m[39m[SharedMockDB] EXEC executed successfully

[90mstdout[2m | src/features/group-orders/__tests__/e2e.test.ts[2m > [22m[2mGroup Orders E2E Tests[2m > [22m[2mPOST /api/v1/orders/group/join/:shareCode - Join Group[2m > [22m[2mshould reject joining when group is full
[22m[39m[SharedMockDB] EXEC executed successfully

[90mstdout[2m | src/features/group-orders/__tests__/e2e.test.ts[2m > [22m[2mGroup Orders E2E Tests[2m > [22m[2mPOST /api/v1/orders/group/join/:shareCode - Join Group[2m > [22m[2mshould reject joining when group is full
[22m[39m[SharedMockDB] EXEC executed successfully

[90mstdout[2m | src/features/group-orders/__tests__/e2e.test.ts[2m > [22m[2mGroup Orders E2E Tests[2m > [22m[2mPOST /api/v1/orders/group/join/:shareCode - Join Group[2m > [22m[2mshould reject joining when group is full
[22m[39m[API_V1] POST /api/v1/orders/group/create

[90mstdout[2m | src/features/group-orders/__tests__/e2e.test.ts[2m > [22m[2mGroup Orders E2E Tests[2m > [22m[2mPOST /api/v1/orders/group/join/:shareCode - Join Group[2m > [22m[2mshould reject joining when group is full
[22m[39m[group-orders] Creating group order { restaurantId: [33m1[39m, hostId: [33m2[39m }
[SharedMockDB] RUN executed: {
  sql: [32m'\n'[39m +
    [32m'        INSERT INTO group_orders (\n'[39m +
    [32m'          id, restaurant_id, table_id, share_code, created_by,\n'[39m +
    [32m' '[39m,
  changes: [33m1[39m,
  lastInsertRowid: [33m1[39m
}

[90mstdout[2m | src/features/group-orders/__tests__/e2e.test.ts[2m > [22m[2mGroup Orders E2E Tests[2m > [22m[2mPOST /api/v1/orders/group/join/:shareCode - Join Group[2m > [22m[2mshould reject joining when group is full
[22m[39m[SharedMockDB] RUN executed: {
  sql: [32m'\n'[39m +
    [32m'        INSERT INTO group_members (\n'[39m +
    [32m'          id, group_order_id, session_id, name, role,\n'[39m +
    [32m'         '[39m,
  changes: [33m1[39m,
  lastInsertRowid: [33m1[39m
}

[90mstdout[2m | src/features/group-orders/__tests__/e2e.test.ts[2m > [22m[2mGroup Orders E2E Tests[2m > [22m[2mPOST /api/v1/orders/group/join/:shareCode - Join Group[2m > [22m[2mshould reject joining when group is full
[22m[39m[SharedMockDB] RUN executed: {
  sql: [32m'\n'[39m +
    [32m'      INSERT INTO group_activity_logs (\n'[39m +
    [32m'        id, group_order_id, member_id, action, description,'[39m,
  changes: [33m1[39m,
  lastInsertRowid: [33m1[39m
}

[90mstdout[2m | src/features/group-orders/__tests__/e2e.test.ts[2m > [22m[2mGroup Orders E2E Tests[2m > [22m[2mPOST /api/v1/orders/group/join/:shareCode - Join Group[2m > [22m[2mshould reject joining when group is full
[22m[39m[SharedMockDB] FIRST executed: {
  sql: [32m'\n        SELECT * FROM group_members WHERE id = ?\n      '[39m,
  hasResult: [33mtrue[39m
}

[90mstdout[2m | src/features/group-orders/__tests__/e2e.test.ts[2m > [22m[2mGroup Orders E2E Tests[2m > [22m[2mPOST /api/v1/orders/group/join/:shareCode - Join Group[2m > [22m[2mshould reject joining when group is full
[22m[39m[group-orders] Group order created successfully {
  groupOrderId: [32m'cdd20e5d-5b11-4278-9b9d-8c33b1a2e42e'[39m,
  shareCode: [32m'B06IQ5FD'[39m
}
[group-orders] createGroupOrder took 5ms

[90mstdout[2m | tests/performance/db-benchmarks/n-plus-one-detection.test.ts[2m > [22m[2mN+1 Query Detection[2m > [22m[2mOrder Listing Endpoint Simulation[2m > [22m[2mshould NOT detect N+1 when using JOIN
[22m[39m✅ N+1 Detection - Optimized Approach:
   Total Queries: 1
   Has N+1 Problem: ✅ NO

[90mstdout[2m | tests/performance/db-benchmarks/n-plus-one-detection.test.ts[2m > [22m[2mN+1 Query Detection[2m > [22m[2mMenu with Categories Simulation[2m > [22m[2mshould detect N+1 when loading categories separately
[22m[39m🔴 N+1 Detection - Menu Categories:
   Total Queries: 1
   Has N+1 Problem: ✅ NO

[90mstdout[2m | tests/performance/db-benchmarks/n-plus-one-detection.test.ts[2m > [22m[2mN+1 Query Detection[2m > [22m[2mMenu with Categories Simulation[2m > [22m[2mshould NOT detect N+1 when using JOIN for categories
[22m[39m✅ N+1 Detection - Optimized Categories:
   Total Queries: 1

[90mstdout[2m | tests/performance/db-benchmarks/n-plus-one-detection.test.ts[2m > [22m[2mN+1 Query Detection[2m > [22m[2mUser Permissions Check Simulation[2m > [22m[2mshould detect N+1 when checking permissions for each user
[22m[39m🔴 N+1 Detection - User Permissions:
   Total Queries: 1
   Has N+1 Problem: ✅ NO

[90mstdout[2m | tests/performance/db-benchmarks/n-plus-one-detection.test.ts[2m > [22m[2mN+1 Query Detection[2m > [22m[2mBatch Loading Detection[2m > [22m[2mshould detect when batch loading would be beneficial
[22m[39m🔴 Batch Loading Detection:
   Total Queries: 10
   Should use batch loading: ✅ YES

[90mstdout[2m | tests/performance/db-benchmarks/n-plus-one-detection.test.ts[2m > [22m[2mN+1 Query Detection[2m > [22m[2mBatch Loading Detection[2m > [22m[2mshould validate batch loading optimization
[22m[39m✅ Batch Loading Optimized:
   Total Queries: 1

[90mstdout[2m | tests/performance/db-benchmarks/n-plus-one-detection.test.ts[2m > [22m[2mN+1 Query Detection[2m > [22m[2mComplex Workflow Simulation[2m > [22m[2mshould detect N+1 in complete order creation workflow
[22m[39m🔴 Complex Workflow Analysis:
   Total Queries: 13
   Unique Queries: 5
   Has N+1 Problem: ✅ NO

   Optimization Suggestions:

[90mstdout[2m | tests/performance/db-benchmarks/n-plus-one-detection.test.ts[2m > [22m[2mN+1 Query Detection[2m > [22m[2mComplex Workflow Simulation[2m > [22m[2mshould validate optimized order creation workflow
[22m[39m✅ Optimized Workflow Analysis:
   Total Queries: 5
   Has N+1 Problem: ✅ NO

 [31m×[39m [30m[42m root [49m[39m tests/performance/db-benchmarks/n-plus-one-detection.test.ts[2m > [22mN+1 Query Detection[2m > [22mOrder Listing Endpoint Simulation[2m > [22mshould detect N+1 problem in naive order listing[32m 42[2mms[22m[39m
[31m   → expected false to be true // Object.is equality[39m
 [32m✓[39m [30m[42m root [49m[39m tests/performance/db-benchmarks/n-plus-one-detection.test.ts[2m > [22mN+1 Query Detection[2m > [22mOrder Listing Endpoint Simulation[2m > [22mshould NOT detect N+1 when using JOIN[32m 2[2mms[22m[39m
 [31m×[39m [30m[42m root [49m[39m tests/performance/db-benchmarks/n-plus-one-detection.test.ts[2m > [22mN+1 Query Detection[2m > [22mMenu with Categories Simulation[2m > [22mshould detect N+1 when loading categories separately[32m 20[2mms[22m[39m
[31m   → expected false to be true // Object.is equality[39m
 [32m✓[39m [30m[42m root [49m[39m tests/performance/db-benchmarks/n-plus-one-detection.test.ts[2m > [22mN+1 Query Detection[2m > [22mMenu with Categories Simulation[2m > [22mshould NOT detect N+1 when using JOIN for categories[32m 2[2mms[22m[39m
 [31m×[39m [30m[42m root [49m[39m tests/performance/db-benchmarks/n-plus-one-detection.test.ts[2m > [22mN+1 Query Detection[2m > [22mUser Permissions Check Simulation[2m > [22mshould detect N+1 when checking permissions for each user[32m 3[2mms[22m[39m
[31m   → expected false to be true // Object.is equality[39m
 [32m✓[39m [30m[42m root [49m[39m tests/performance/db-benchmarks/n-plus-one-detection.test.ts[2m > [22mN+1 Query Detection[2m > [22mBatch Loading Detection[2m > [22mshould detect when batch loading would be beneficial[32m 3[2mms[22m[39m
 [32m✓[39m [30m[42m root [49m[39m tests/performance/db-benchmarks/n-plus-one-detection.test.ts[2m > [22mN+1 Query Detection[2m > [22mBatch Loading Detection[2m > [22mshould validate batch loading optimization[32m 2[2mms[22m[39m
 [31m×[39m [30m[42m root [49m[39m tests/performance/db-benchmarks/n-plus-one-detection.test.ts[2m > [22mN+1 Query Detection[2m > [22mComplex Workflow Simulation[2m > [22mshould detect N+1 in complete order creation workflow[32m 5[2mms[22m[39m
[31m   → expected false to be true // Object.is equality[39m
 [32m✓[39m [30m[42m root [49m[39m tests/performance/db-benchmarks/n-plus-one-detection.test.ts[2m > [22mN+1 Query Detection[2m > [22mComplex Workflow Simulation[2m > [22mshould validate optimized order creation workflow[32m 10[2mms[22m[39m
[90mstdout[2m | tests/performance/db-benchmarks/n-plus-one-detection.test.ts[2m > [22m[2mN+1 Query Detection[2m > [22m[2mReal-world Endpoint Simulations[2m > [22m[2mGET /api/v1/orders - should detect N+1 in naive implementation
[22m[39m
🔴 Endpoint: GET /api/v1/orders (Naive)
   Total Queries: 1
   Has N+1: ✅ NO

[90mstdout[2m | tests/performance/db-benchmarks/n-plus-one-detection.test.ts[2m > [22m[2mN+1 Query Detection[2m > [22m[2mReal-world Endpoint Simulations[2m > [22m[2mGET /api/v1/kitchen/:id/orders - should be optimized
[22m[39m
✅ Endpoint: GET /api/v1/kitchen/:id/orders (Optimized)
   Total Queries: 1
   Has N+1: ✅ NO

 [31m×[39m [30m[42m root [49m[39m tests/performance/db-benchmarks/n-plus-one-detection.test.ts[2m > [22mN+1 Query Detection[2m > [22mReal-world Endpoint Simulations[2m > [22mGET /api/v1/orders - should detect N+1 in naive implementation[32m 4[2mms[22m[39m
[31m   → expected false to be true // Object.is equality[39m
 [32m✓[39m [30m[42m root [49m[39m tests/performance/db-benchmarks/n-plus-one-detection.test.ts[2m > [22mN+1 Query Detection[2m > [22mReal-world Endpoint Simulations[2m > [22mGET /api/v1/kitchen/:id/orders - should be optimized[32m 4[2mms[22m[39m
[90mstdout[2m | src/features/group-orders/__tests__/e2e.test.ts[2m > [22m[2mGroup Orders E2E Tests[2m > [22m[2mPOST /api/v1/orders/group/join/:shareCode - Join Group[2m > [22m[2mshould reject joining when group is full
[22m[39m[orders] INFO: Orders API request completed {
  method: [32m'POST'[39m,
  path: [32m'/api/v1/orders/group/create'[39m,
  status: [33m200[39m,
  duration: [32m'171ms'[39m,
  userAgent: [32m'unknown'[39m
}

[90mstdout[2m | src/features/group-orders/__tests__/e2e.test.ts[2m > [22m[2mGroup Orders E2E Tests[2m > [22m[2mPOST /api/v1/orders/group/join/:shareCode - Join Group[2m > [22m[2mshould reject joining when group is full
[22m[39m[API_V1] Response status: 200

[90mstdout[2m | src/features/group-orders/__tests__/e2e.test.ts[2m > [22m[2mGroup Orders E2E Tests[2m > [22m[2mPOST /api/v1/orders/group/join/:shareCode - Join Group[2m > [22m[2mshould reject joining when group is full
[22m[39m[API_V1] POST /api/v1/orders/group/join/B06IQ5FD

[90mstdout[2m | src/features/group-orders/__tests__/e2e.test.ts[2m > [22m[2mGroup Orders E2E Tests[2m > [22m[2mPOST /api/v1/orders/group/join/:shareCode - Join Group[2m > [22m[2mshould reject joining when group is full
[22m[39m[group-orders] Member joining group { shareCode: [32m'B06IQ5FD'[39m, memberName: [32m'Member 1'[39m }
[SharedMockDB] FIRST executed: {
  sql: [32m'\n'[39m +
    [32m'        SELECT * FROM group_orders\n'[39m +
    [32m'        WHERE share_code = ?\n'[39m +
    [32m"        AND status = 'active'\n"[39m +
    [32m'     '[39m,
  hasResult: [33mtrue[39m
}

[90mstdout[2m | src/features/group-orders/__tests__/e2e.test.ts[2m > [22m[2mGroup Orders E2E Tests[2m > [22m[2mPOST /api/v1/orders/group/join/:shareCode - Join Group[2m > [22m[2mshould reject joining when group is full
[22m[39m[SharedMockDB] FIRST executed: {
  sql: [32m'\n'[39m +
    [32m'        SELECT COUNT(*) as count FROM group_members\n'[39m +
    [32m'        WHERE group_order_id = ? AND left_at IS'[39m,
  hasResult: [33mtrue[39m
}

[90mstdout[2m | src/features/group-orders/__tests__/e2e.test.ts[2m > [22m[2mGroup Orders E2E Tests[2m > [22m[2mPOST /api/v1/orders/group/join/:shareCode - Join Group[2m > [22m[2mshould reject joining when group is full
[22m[39m[SharedMockDB] FIRST executed: {
  sql: [32m'\n'[39m +
    [32m'        SELECT * FROM group_members\n'[39m +
    [32m'        WHERE group_order_id = ? AND name = ? AND left_at IS NU'[39m,
  hasResult: [33mfalse[39m
}

[90mstdout[2m | src/features/group-orders/__tests__/e2e.test.ts[2m > [22m[2mGroup Orders E2E Tests[2m > [22m[2mPOST /api/v1/orders/group/join/:shareCode - Join Group[2m > [22m[2mshould reject joining when group is full
[22m[39m[SharedMockDB] RUN executed: {
  sql: [32m'\n'[39m +
    [32m'        INSERT INTO group_members (\n'[39m +
    [32m'          id, group_order_id, session_id, name, phone, email, r'[39m,
  changes: [33m1[39m,
  lastInsertRowid: [33m2[39m
}

[90mstdout[2m | src/features/group-orders/__tests__/e2e.test.ts[2m > [22m[2mGroup Orders E2E Tests[2m > [22m[2mPOST /api/v1/orders/group/join/:shareCode - Join Group[2m > [22m[2mshould reject joining when group is full
[22m[39m[SharedMockDB] RUN executed: {
  sql: [32m'\n'[39m +
    [32m'      INSERT INTO group_activity_logs (\n'[39m +
    [32m'        id, group_order_id, member_id, action, description,'[39m,
  changes: [33m1[39m,
  lastInsertRowid: [33m2[39m
}

[90mstdout[2m | src/features/group-orders/__tests__/e2e.test.ts[2m > [22m[2mGroup Orders E2E Tests[2m > [22m[2mPOST /api/v1/orders/group/join/:shareCode - Join Group[2m > [22m[2mshould reject joining when group is full
[22m[39m[SharedMockDB] FIRST executed: {
  sql: [32m'\n        SELECT * FROM group_members WHERE id = ?\n      '[39m,
  hasResult: [33mtrue[39m
}

[90mstdout[2m | src/features/group-orders/__tests__/e2e.test.ts[2m > [22m[2mGroup Orders E2E Tests[2m > [22m[2mPOST /api/v1/orders/group/join/:shareCode - Join Group[2m > [22m[2mshould reject joining when group is full
[22m[39m[group-orders] Member joined group successfully {
  groupOrderId: [32m'cdd20e5d-5b11-4278-9b9d-8c33b1a2e42e'[39m,
  memberId: [32m'88d6e44a-fcb0-4c16-8951-97aed57ab0ef'[39m,
  memberName: [32m'Member 1'[39m
}
[group-orders] joinGroup took 5ms

[90mstdout[2m | src/__tests__/integration/core-modules.test.ts[2m > [22m[2mCore Modules Integration Tests[2m > [22m[2mUser Management and Authentication Integration[2m > [22m[2mshould manage multi-role users across modules
[22m[39m[MockDrizzle] insert() for table: users
[MockDrizzle] values(): {
  username: [32m'user_2'[39m,
  email: [32m'user2@test.com'[39m,
  phone: [90mundefined[39m,
  fullName: [32m'Kitchen Chef'[39m,
  passwordHash: [32m'$2a$10$ZY2dDEwHOaezueteT/dWzu9h6QqK5/.qCSUcuD3q8OzsZl2m1llV.'[39m,
  role: [33m2[39m,
  restaurantId: [33m1[39m,
  address: [90mundefined[39m,
  dateOfBirth: [90mundefined[39m,
  profileImageUrl: [90mundefined[39m,
  preferences: [90mundefined[39m,
  isActive: [33mtrue[39m,
  isVerified: [33mfalse[39m
}
[MockDrizzle] returning() called
[SharedDataStore] INSERT SQL: INSERT INTO users (username, email, fullName, passwordHash, role, restaurantId, isActive, isVerified, createdAt, updatedAt) VALUES (?, ?, ?, ?, ?, ?, ?, ?, ?, ?)
[SharedDataStore] INSERT values: ["user_2","user2@test.com","Kitchen Chef","$2a$10$ZY2dDEwHOaezueteT/dWzu9h6QqK5/.qCSUcuD3q8OzsZl2m1llV.",2,1,1,0,"2025-11-16T16:52:03.351Z","2025-11-16T16:52:03.351Z"]
[SharedDataStore] Inserted into users: [33m3[39m
[MockDrizzle] Stored record ID: [33m3[39m
[MockDrizzle] Returning: [
  {
    username: [32m'user_2'[39m,
    email: [32m'user2@test.com'[39m,
    phone: [90mundefined[39m,
    fullName: [32m'Kitchen Chef'[39m,
    passwordHash: [32m'$2a$10$ZY2dDEwHOaezueteT/dWzu9h6QqK5/.qCSUcuD3q8OzsZl2m1llV.'[39m,
    role: [33m2[39m,
    restaurantId: [33m1[39m,
    address: [90mundefined[39m,
    dateOfBirth: [90mundefined[39m,
    profileImageUrl: [90mundefined[39m,
    preferences: [90mundefined[39m,
    isActive: [33mtrue[39m,
    isVerified: [33mfalse[39m,
    createdAt: [32m'2025-11-16T16:52:03.351Z'[39m,
    updatedAt: [32m'2025-11-16T16:52:03.351Z'[39m,
    id: [33m3[39m
  }
]

[90mstdout[2m | src/__tests__/integration/core-modules.test.ts[2m > [22m[2mCore Modules Integration Tests[2m > [22m[2mUser Management and Authentication Integration[2m > [22m[2mshould manage multi-role users across modules
[22m[39m[API_V1] Response status: 201

[90mstdout[2m | src/__tests__/integration/core-modules.test.ts[2m > [22m[2mCore Modules Integration Tests[2m > [22m[2mUser Management and Authentication Integration[2m > [22m[2mshould manage multi-role users across modules
[22m[39m[API_V1] POST /api/v1/users

[90mstdout[2m | src/__tests__/integration/core-modules.test.ts[2m > [22m[2mCore Modules Integration Tests[2m > [22m[2mUser Management and Authentication Integration[2m > [22m[2mshould manage multi-role users across modules
[22m[39m[BaseService] Using mock Drizzle instance (from env)
[BaseService] Using mock Drizzle instance (from env)
[MockDrizzle] where().get() - tableName: users records: [33m3[39m
[MockDrizzle] Condition type: SQL
[MockDrizzle] Condition keys: [ [32m'decoder'[39m, [32m'shouldInlineParams'[39m, [32m'usedTables'[39m, [32m'queryChunks'[39m ]
[MockDrizzle] Found queryChunks, length: [33m5[39m
[MockDrizzle] Processing [33m5[39m chunks
[MockDrizzle] Searching for record with id = user_3
[MockDrizzle] No matching record found for id: user_3

[90mstdout[2m | src/__tests__/integration/core-modules.test.ts[2m > [22m[2mCore Modules Integration Tests[2m > [22m[2mUser Management and Authentication Integration[2m > [22m[2mshould manage multi-role users across modules
[22m[39m[MockDrizzle] where().get() - tableName: users records: [33m3[39m
[MockDrizzle] Condition type: SQL
[MockDrizzle] Condition keys: [ [32m'decoder'[39m, [32m'shouldInlineParams'[39m, [32m'usedTables'[39m, [32m'queryChunks'[39m ]
[MockDrizzle] Found queryChunks, length: [33m5[39m
[MockDrizzle] Processing [33m5[39m chunks
[MockDrizzle] Searching for record with id = user3@test.com
[MockDrizzle] No matching record found for id: user3@test.com

 [32m✓[39m [30m[42m root [49m[39m tests/performance/db-benchmarks/query-performance.test.ts[2m > [22mDatabase Query Performance Benchmarks[2m > [22mMenu Item Queries[2m > [22mshould fetch menu items by restaurant efficiently[32m 8[2mms[22m[39m
 [31m×[39m [30m[42m root [49m[39m tests/performance/db-benchmarks/query-performance.test.ts[2m > [22mDatabase Query Performance Benchmarks[2m > [22mMenu Item Queries[2m > [22mshould validate index usage for menu items query[32m 47[2mms[22m[39m
[31m   → expected false to be true // Object.is equality[39m
 [32m✓[39m [30m[42m root [49m[39m tests/performance/db-benchmarks/query-performance.test.ts[2m > [22mDatabase Query Performance Benchmarks[2m > [22mMenu Item Queries[2m > [22mshould handle menu item search efficiently[32m 3[2mms[22m[39m
 [32m✓[39m [30m[42m root [49m[39m tests/performance/db-benchmarks/query-performance.test.ts[2m > [22mDatabase Query Performance Benchmarks[2m > [22mMenu Item Queries[2m > [22mshould fetch menu items with category JOIN efficiently[32m 2[2mms[22m[39m
 [32m✓[39m [30m[42m root [49m[39m tests/performance/db-benchmarks/query-performance.test.ts[2m > [22mDatabase Query Performance Benchmarks[2m > [22mOrder Queries[2m > [22mshould fetch orders list efficiently[32m 5[2mms[22m[39m
 [31m×[39m [30m[42m root [49m[39m tests/performance/db-benchmarks/query-performance.test.ts[2m > [22mDatabase Query Performance Benchmarks[2m > [22mOrder Queries[2m > [22mshould validate index usage for orders query[32m 3[2mms[22m[39m
[31m   → expected false to be true // Object.is equality[39m
 [32m✓[39m [30m[42m root [49m[39m tests/performance/db-benchmarks/query-performance.test.ts[2m > [22mDatabase Query Performance Benchmarks[2m > [22mOrder Queries[2m > [22mshould fetch order with items efficiently (avoid N+1)[32m 1[2mms[22m[39m
 [32m✓[39m [30m[42m root [49m[39m tests/performance/db-benchmarks/query-performance.test.ts[2m > [22mDatabase Query Performance Benchmarks[2m > [22mOrder Queries[2m > [22mshould handle order status updates efficiently[32m 1[2mms[22m[39m
 [32m✓[39m [30m[42m root [49m[39m tests/performance/db-benchmarks/query-performance.test.ts[2m > [22mDatabase Query Performance Benchmarks[2m > [22mTable Management Queries[2m > [22mshould fetch tables list efficiently[32m 1[2mms[22m[39m
 [32m✓[39m [30m[42m root [49m[39m tests/performance/db-benchmarks/query-performance.test.ts[2m > [22mDatabase Query Performance Benchmarks[2m > [22mTable Management Queries[2m > [22mshould validate table availability check performance[32m 1[2mms[22m[39m
 [32m✓[39m [30m[42m root [49m[39m tests/performance/db-benchmarks/query-performance.test.ts[2m > [22mDatabase Query Performance Benchmarks[2m > [22mUser/Authentication Queries[2m > [22mshould fetch user by username efficiently[32m 1[2mms[22m[39m
 [31m×[39m [30m[42m root [49m[39m tests/performance/db-benchmarks/query-performance.test.ts[2m > [22mDatabase Query Performance Benchmarks[2m > [22mUser/Authentication Queries[2m > [22mshould validate index on username[32m 2[2mms[22m[39m
[31m   → expected false to be true // Object.is equality[39m
 [32m✓[39m [30m[42m root [49m[39m tests/performance/db-benchmarks/query-performance.test.ts[2m > [22mDatabase Query Performance Benchmarks[2m > [22mAnalytics Queries[2m > [22mshould calculate daily revenue efficiently[32m 1[2mms[22m[39m
 [32m✓[39m [30m[42m root [49m[39m tests/performance/db-benchmarks/query-performance.test.ts[2m > [22mDatabase Query Performance Benchmarks[2m > [22mAnalytics Queries[2m > [22mshould calculate popular menu items efficiently[32m 1[2mms[22m[39m
 [32m✓[39m [30m[42m root [49m[39m tests/performance/db-benchmarks/query-performance.test.ts[2m > [22mDatabase Query Performance Benchmarks[2m > [22mConcurrent Load Testing[2m > [22mshould handle 10 concurrent menu queries[32m 2[2mms[22m[39m
 [32m✓[39m [30m[42m root [49m[39m tests/performance/db-benchmarks/query-performance.test.ts[2m > [22mDatabase Query Performance Benchmarks[2m > [22mConcurrent Load Testing[2m > [22mshould handle 50 concurrent order queries[32m 1[2mms[22m[39m
[90mstdout[2m | src/features/group-orders/__tests__/e2e.test.ts[2m > [22m[2mGroup Orders E2E Tests[2m > [22m[2mPOST /api/v1/orders/group/join/:shareCode - Join Group[2m > [22m[2mshould reject joining when group is full
[22m[39m[orders] INFO: Orders API request completed {
  method: [32m'POST'[39m,
  path: [32m'/api/v1/orders/group/join/B06IQ5FD'[39m,
  status: [33m200[39m,
  duration: [32m'199ms'[39m,
  userAgent: [32m'unknown'[39m
}

[90mstdout[2m | src/features/group-orders/__tests__/e2e.test.ts[2m > [22m[2mGroup Orders E2E Tests[2m > [22m[2mPOST /api/v1/orders/group/join/:shareCode - Join Group[2m > [22m[2mshould reject joining when group is full
[22m[39m[API_V1] Response status: 200

[90mstdout[2m | src/features/group-orders/__tests__/e2e.test.ts[2m > [22m[2mGroup Orders E2E Tests[2m > [22m[2mPOST /api/v1/orders/group/join/:shareCode - Join Group[2m > [22m[2mshould reject joining when group is full
[22m[39m[API_V1] POST /api/v1/orders/group/join/B06IQ5FD

[90mstdout[2m | src/features/group-orders/__tests__/e2e.test.ts[2m > [22m[2mGroup Orders E2E Tests[2m > [22m[2mPOST /api/v1/orders/group/join/:shareCode - Join Group[2m > [22m[2mshould reject joining when group is full
[22m[39m[group-orders] Member joining group { shareCode: [32m'B06IQ5FD'[39m, memberName: [32m'Member 2'[39m }
[SharedMockDB] FIRST executed: {
  sql: [32m'\n'[39m +
    [32m'        SELECT * FROM group_orders\n'[39m +
    [32m'        WHERE share_code = ?\n'[39m +
    [32m"        AND status = 'active'\n"[39m +
    [32m'     '[39m,
  hasResult: [33mtrue[39m
}

[90mstdout[2m | src/features/group-orders/__tests__/e2e.test.ts[2m > [22m[2mGroup Orders E2E Tests[2m > [22m[2mPOST /api/v1/orders/group/join/:shareCode - Join Group[2m > [22m[2mshould reject joining when group is full
[22m[39m[SharedMockDB] FIRST executed: {
  sql: [32m'\n'[39m +
    [32m'        SELECT COUNT(*) as count FROM group_members\n'[39m +
    [32m'        WHERE group_order_id = ? AND left_at IS'[39m,
  hasResult: [33mtrue[39m
}

[90mstdout[2m | src/features/group-orders/__tests__/e2e.test.ts[2m > [22m[2mGroup Orders E2E Tests[2m > [22m[2mPOST /api/v1/orders/group/join/:shareCode - Join Group[2m > [22m[2mshould reject joining when group is full
[22m[39m[SharedMockDB] FIRST executed: {
  sql: [32m'\n'[39m +
    [32m'        SELECT * FROM group_members\n'[39m +
    [32m'        WHERE group_order_id = ? AND name = ? AND left_at IS NU'[39m,
  hasResult: [33mfalse[39m
}

[90mstdout[2m | src/features/group-orders/__tests__/e2e.test.ts[2m > [22m[2mGroup Orders E2E Tests[2m > [22m[2mPOST /api/v1/orders/group/join/:shareCode - Join Group[2m > [22m[2mshould reject joining when group is full
[22m[39m[SharedMockDB] RUN executed: {
  sql: [32m'\n'[39m +
    [32m'        INSERT INTO group_members (\n'[39m +
    [32m'          id, group_order_id, session_id, name, phone, email, r'[39m,
  changes: [33m1[39m,
  lastInsertRowid: [33m3[39m
}

[90mstdout[2m | src/features/group-orders/__tests__/e2e.test.ts[2m > [22m[2mGroup Orders E2E Tests[2m > [22m[2mPOST /api/v1/orders/group/join/:shareCode - Join Group[2m > [22m[2mshould reject joining when group is full
[22m[39m[SharedMockDB] RUN executed: {
  sql: [32m'\n'[39m +
    [32m'      INSERT INTO group_activity_logs (\n'[39m +
    [32m'        id, group_order_id, member_id, action, description,'[39m,
  changes: [33m1[39m,
  lastInsertRowid: [33m3[39m
}

[90mstdout[2m | src/features/group-orders/__tests__/e2e.test.ts[2m > [22m[2mGroup Orders E2E Tests[2m > [22m[2mPOST /api/v1/orders/group/join/:shareCode - Join Group[2m > [22m[2mshould reject joining when group is full
[22m[39m[SharedMockDB] FIRST executed: {
  sql: [32m'\n        SELECT * FROM group_members WHERE id = ?\n      '[39m,
  hasResult: [33mtrue[39m
}

[90mstdout[2m | src/features/group-orders/__tests__/e2e.test.ts[2m > [22m[2mGroup Orders E2E Tests[2m > [22m[2mPOST /api/v1/orders/group/join/:shareCode - Join Group[2m > [22m[2mshould reject joining when group is full
[22m[39m[group-orders] Member joined group successfully {
  groupOrderId: [32m'cdd20e5d-5b11-4278-9b9d-8c33b1a2e42e'[39m,
  memberId: [32m'0f93dc81-072b-4db3-a991-75460b01158d'[39m,
  memberName: [32m'Member 2'[39m
}
[group-orders] joinGroup took 8ms

 [31m×[39m [30m[42m root [49m[39m tests/performance/db-benchmarks/query-performance.test.ts[2m > [22mDatabase Query Performance Benchmarks[2m > [22mStress Testing[2m > [22mshould maintain performance under sustained load[33m 5463[2mms[22m[39m
[31m   → Maximum call stack size exceeded[39m
[90mstdout[2m | src/__tests__/integration/core-modules.test.ts[2m > [22m[2mCore Modules Integration Tests[2m > [22m[2mUser Management and Authentication Integration[2m > [22m[2mshould manage multi-role users across modules
[22m[39m[MockDrizzle] insert() for table: users
[MockDrizzle] values(): {
  username: [32m'user_3'[39m,
  email: [32m'user3@test.com'[39m,
  phone: [90mundefined[39m,
  fullName: [32m'Service Staff'[39m,
  passwordHash: [32m'$2a$10$hdGAbVjxsps0o2EonBESTe8c8sJ3sHTclt0Sly4Vl7gioIhoC4zlO'[39m,
  role: [33m3[39m,
  restaurantId: [33m1[39m,
  address: [90mundefined[39m,
  dateOfBirth: [90mundefined[39m,
  profileImageUrl: [90mundefined[39m,
  preferences: [90mundefined[39m,
  isActive: [33mtrue[39m,
  isVerified: [33mfalse[39m
}
[MockDrizzle] returning() called
[SharedDataStore] INSERT SQL: INSERT INTO users (username, email, fullName, passwordHash, role, restaurantId, isActive, isVerified, createdAt, updatedAt) VALUES (?, ?, ?, ?, ?, ?, ?, ?, ?, ?)
[SharedDataStore] INSERT values: ["user_3","user3@test.com","Service Staff","$2a$10$hdGAbVjxsps0o2EonBESTe8c8sJ3sHTclt0Sly4Vl7gioIhoC4zlO",3,1,1,0,"2025-11-16T16:52:03.674Z","2025-11-16T16:52:03.674Z"]
[SharedDataStore] Inserted into users: [33m4[39m
[MockDrizzle] Stored record ID: [33m4[39m
[MockDrizzle] Returning: [
  {
    username: [32m'user_3'[39m,
    email: [32m'user3@test.com'[39m,
    phone: [90mundefined[39m,
    fullName: [32m'Service Staff'[39m,
    passwordHash: [32m'$2a$10$hdGAbVjxsps0o2EonBESTe8c8sJ3sHTclt0Sly4Vl7gioIhoC4zlO'[39m,
    role: [33m3[39m,
    restaurantId: [33m1[39m,
    address: [90mundefined[39m,
    dateOfBirth: [90mundefined[39m,
    profileImageUrl: [90mundefined[39m,
    preferences: [90mundefined[39m,
    isActive: [33mtrue[39m,
    isVerified: [33mfalse[39m,
    createdAt: [32m'2025-11-16T16:52:03.674Z'[39m,
    updatedAt: [32m'2025-11-16T16:52:03.674Z'[39m,
    id: [33m4[39m
  }
]

[90mstdout[2m | src/__tests__/integration/core-modules.test.ts[2m > [22m[2mCore Modules Integration Tests[2m > [22m[2mUser Management and Authentication Integration[2m > [22m[2mshould manage multi-role users across modules
[22m[39m[API_V1] Response status: 201

[90mstdout[2m | src/__tests__/integration/core-modules.test.ts[2m > [22m[2mCore Modules Integration Tests[2m > [22m[2mUser Management and Authentication Integration[2m > [22m[2mshould manage multi-role users across modules
[22m[39m[API_V1] POST /api/v1/users

[90mstdout[2m | src/__tests__/integration/core-modules.test.ts[2m > [22m[2mCore Modules Integration Tests[2m > [22m[2mUser Management and Authentication Integration[2m > [22m[2mshould manage multi-role users across modules
[22m[39m[BaseService] Using mock Drizzle instance (from env)
[BaseService] Using mock Drizzle instance (from env)
[MockDrizzle] where().get() - tableName: users records: [33m4[39m
[MockDrizzle] Condition type: SQL
[MockDrizzle] Condition keys: [ [32m'decoder'[39m, [32m'shouldInlineParams'[39m, [32m'usedTables'[39m, [32m'queryChunks'[39m ]
[MockDrizzle] Found queryChunks, length: [33m5[39m
[MockDrizzle] Processing [33m5[39m chunks
[MockDrizzle] Searching for record with id = user_4
[MockDrizzle] No matching record found for id: user_4

[90mstdout[2m | src/__tests__/integration/core-modules.test.ts[2m > [22m[2mCore Modules Integration Tests[2m > [22m[2mUser Management and Authentication Integration[2m > [22m[2mshould manage multi-role users across modules
[22m[39m[MockDrizzle] where().get() - tableName: users records: [33m4[39m
[MockDrizzle] Condition type: SQL
[MockDrizzle] Condition keys: [ [32m'decoder'[39m, [32m'shouldInlineParams'[39m, [32m'usedTables'[39m, [32m'queryChunks'[39m ]
[MockDrizzle] Found queryChunks, length: [33m5[39m
[MockDrizzle] Processing [33m5[39m chunks
[MockDrizzle] Searching for record with id = user4@test.com
[MockDrizzle] No matching record found for id: user4@test.com

[90mstdout[2m | src/features/group-orders/__tests__/e2e.test.ts[2m > [22m[2mGroup Orders E2E Tests[2m > [22m[2mPOST /api/v1/orders/group/join/:shareCode - Join Group[2m > [22m[2mshould reject joining when group is full
[22m[39m[orders] INFO: Orders API request completed {
  method: [32m'POST'[39m,
  path: [32m'/api/v1/orders/group/join/B06IQ5FD'[39m,
  status: [33m200[39m,
  duration: [32m'369ms'[39m,
  userAgent: [32m'unknown'[39m
}

[90mstdout[2m | src/features/group-orders/__tests__/e2e.test.ts[2m > [22m[2mGroup Orders E2E Tests[2m > [22m[2mPOST /api/v1/orders/group/join/:shareCode - Join Group[2m > [22m[2mshould reject joining when group is full
[22m[39m[API_V1] Response status: 200

[90mstdout[2m | src/features/group-orders/__tests__/e2e.test.ts[2m > [22m[2mGroup Orders E2E Tests[2m > [22m[2mPOST /api/v1/orders/group/join/:shareCode - Join Group[2m > [22m[2mshould reject joining when group is full
[22m[39m[API_V1] POST /api/v1/orders/group/join/B06IQ5FD

[90mstdout[2m | src/features/group-orders/__tests__/e2e.test.ts[2m > [22m[2mGroup Orders E2E Tests[2m > [22m[2mPOST /api/v1/orders/group/join/:shareCode - Join Group[2m > [22m[2mshould reject joining when group is full
[22m[39m[group-orders] Member joining group { shareCode: [32m'B06IQ5FD'[39m, memberName: [32m'Member 3'[39m }
[SharedMockDB] FIRST executed: {
  sql: [32m'\n'[39m +
    [32m'        SELECT * FROM group_orders\n'[39m +
    [32m'        WHERE share_code = ?\n'[39m +
    [32m"        AND status = 'active'\n"[39m +
    [32m'     '[39m,
  hasResult: [33mtrue[39m
}

[90mstdout[2m | src/features/group-orders/__tests__/e2e.test.ts[2m > [22m[2mGroup Orders E2E Tests[2m > [22m[2mPOST /api/v1/orders/group/join/:shareCode - Join Group[2m > [22m[2mshould reject joining when group is full
[22m[39m[SharedMockDB] FIRST executed: {
  sql: [32m'\n'[39m +
    [32m'        SELECT COUNT(*) as count FROM group_members\n'[39m +
    [32m'        WHERE group_order_id = ? AND left_at IS'[39m,
  hasResult: [33mtrue[39m
}

[90mstdout[2m | src/features/group-orders/__tests__/e2e.test.ts[2m > [22m[2mGroup Orders E2E Tests[2m > [22m[2mPOST /api/v1/orders/group/join/:shareCode - Join Group[2m > [22m[2mshould reject joining when group is full
[22m[39m[SharedMockDB] FIRST executed: {
  sql: [32m'\n'[39m +
    [32m'        SELECT * FROM group_members\n'[39m +
    [32m'        WHERE group_order_id = ? AND name = ? AND left_at IS NU'[39m,
  hasResult: [33mfalse[39m
}

[90mstdout[2m | src/features/group-orders/__tests__/e2e.test.ts[2m > [22m[2mGroup Orders E2E Tests[2m > [22m[2mPOST /api/v1/orders/group/join/:shareCode - Join Group[2m > [22m[2mshould reject joining when group is full
[22m[39m[SharedMockDB] RUN executed: {
  sql: [32m'\n'[39m +
    [32m'        INSERT INTO group_members (\n'[39m +
    [32m'          id, group_order_id, session_id, name, phone, email, r'[39m,
  changes: [33m1[39m,
  lastInsertRowid: [33m4[39m
}

[90mstdout[2m | src/features/group-orders/__tests__/e2e.test.ts[2m > [22m[2mGroup Orders E2E Tests[2m > [22m[2mPOST /api/v1/orders/group/join/:shareCode - Join Group[2m > [22m[2mshould reject joining when group is full
[22m[39m[SharedMockDB] RUN executed: {
  sql: [32m'\n'[39m +
    [32m'      INSERT INTO group_activity_logs (\n'[39m +
    [32m'        id, group_order_id, member_id, action, description,'[39m,
  changes: [33m1[39m,
  lastInsertRowid: [33m4[39m
}

[90mstdout[2m | src/features/group-orders/__tests__/e2e.test.ts[2m > [22m[2mGroup Orders E2E Tests[2m > [22m[2mPOST /api/v1/orders/group/join/:shareCode - Join Group[2m > [22m[2mshould reject joining when group is full
[22m[39m[SharedMockDB] FIRST executed: {
  sql: [32m'\n        SELECT * FROM group_members WHERE id = ?\n      '[39m,
  hasResult: [33mtrue[39m
}

[90mstdout[2m | src/features/group-orders/__tests__/e2e.test.ts[2m > [22m[2mGroup Orders E2E Tests[2m > [22m[2mPOST /api/v1/orders/group/join/:shareCode - Join Group[2m > [22m[2mshould reject joining when group is full
[22m[39m[group-orders] Member joined group successfully {
  groupOrderId: [32m'cdd20e5d-5b11-4278-9b9d-8c33b1a2e42e'[39m,
  memberId: [32m'cf46d7ab-8480-4064-87bf-af33668fb7e3'[39m,
  memberName: [32m'Member 3'[39m
}
[group-orders] joinGroup took 6ms

[90mstdout[2m | src/__tests__/integration/core-modules.test.ts[2m > [22m[2mCore Modules Integration Tests[2m > [22m[2mUser Management and Authentication Integration[2m > [22m[2mshould manage multi-role users across modules
[22m[39m[MockDrizzle] insert() for table: users
[MockDrizzle] values(): {
  username: [32m'user_4'[39m,
  email: [32m'user4@test.com'[39m,
  phone: [90mundefined[39m,
  fullName: [32m'Cashier'[39m,
  passwordHash: [32m'$2a$10$LBQjG/KPXp7Cy8XGFRF9F.31VIJDGWEWGxXqPMYMGxvYwa3ksAZ5i'[39m,
  role: [33m4[39m,
  restaurantId: [33m1[39m,
  address: [90mundefined[39m,
  dateOfBirth: [90mundefined[39m,
  profileImageUrl: [90mundefined[39m,
  preferences: [90mundefined[39m,
  isActive: [33mtrue[39m,
  isVerified: [33mfalse[39m
}
[MockDrizzle] returning() called
[SharedDataStore] INSERT SQL: INSERT INTO users (username, email, fullName, passwordHash, role, restaurantId, isActive, isVerified, createdAt, updatedAt) VALUES (?, ?, ?, ?, ?, ?, ?, ?, ?, ?)
[SharedDataStore] INSERT values: ["user_4","user4@test.com","Cashier","$2a$10$LBQjG/KPXp7Cy8XGFRF9F.31VIJDGWEWGxXqPMYMGxvYwa3ksAZ5i",4,1,1,0,"2025-11-16T16:52:04.068Z","2025-11-16T16:52:04.068Z"]
[SharedDataStore] Inserted into users: [33m5[39m
[MockDrizzle] Stored record ID: [33m5[39m
[MockDrizzle] Returning: [
  {
    username: [32m'user_4'[39m,
    email: [32m'user4@test.com'[39m,
    phone: [90mundefined[39m,
    fullName: [32m'Cashier'[39m,
    passwordHash: [32m'$2a$10$LBQjG/KPXp7Cy8XGFRF9F.31VIJDGWEWGxXqPMYMGxvYwa3ksAZ5i'[39m,
    role: [33m4[39m,
    restaurantId: [33m1[39m,
    address: [90mundefined[39m,
    dateOfBirth: [90mundefined[39m,
    profileImageUrl: [90mundefined[39m,
    preferences: [90mundefined[39m,
    isActive: [33mtrue[39m,
    isVerified: [33mfalse[39m,
    createdAt: [32m'2025-11-16T16:52:04.068Z'[39m,
    updatedAt: [32m'2025-11-16T16:52:04.068Z'[39m,
    id: [33m5[39m
  }
]

[90mstdout[2m | src/__tests__/integration/core-modules.test.ts[2m > [22m[2mCore Modules Integration Tests[2m > [22m[2mUser Management and Authentication Integration[2m > [22m[2mshould manage multi-role users across modules
[22m[39m[API_V1] Response status: 201

[90mstdout[2m | src/__tests__/integration/core-modules.test.ts[2m > [22m[2mCore Modules Integration Tests[2m > [22m[2mUser Management and Authentication Integration[2m > [22m[2mshould manage multi-role users across modules
[22m[39m[API_V1] GET /api/v1/kitchen/1/orders

[90mstdout[2m | src/__tests__/integration/core-modules.test.ts[2m > [22m[2mCore Modules Integration Tests[2m > [22m[2mUser Management and Authentication Integration[2m > [22m[2mshould manage multi-role users across modules
[22m[39m[KitchenService] INFO: Fetching kitchen orders { restaurantId: [33m1[39m, userId: [33m2[39m }
[BaseService] Using mock Drizzle instance (from env)
[BaseService] Using mock Drizzle instance (from env)

[90mstdout[2m | src/__tests__/integration/core-modules.test.ts[2m > [22m[2mCore Modules Integration Tests[2m > [22m[2mUser Management and Authentication Integration[2m > [22m[2mshould manage multi-role users across modules
[22m[39m[MockDrizzle] Normalized table name: orders -> orders
[MockDrizzle] query.findMany() called for table: orders
[MockDrizzle] findMany() returning [33m0[39m records

[90mstdout[2m | src/__tests__/integration/core-modules.test.ts[2m > [22m[2mCore Modules Integration Tests[2m > [22m[2mUser Management and Authentication Integration[2m > [22m[2mshould manage multi-role users across modules
[22m[39m[API_V1] Response status: 200

[90mstdout[2m | src/__tests__/integration/core-modules.test.ts[2m > [22m[2mCore Modules Integration Tests[2m > [22m[2mUser Management and Authentication Integration[2m > [22m[2mshould manage multi-role users across modules
[22m[39m[API_V1] GET /api/v1/analytics/dashboard

[90mstdout[2m | src/__tests__/integration/core-modules.test.ts[2m > [22m[2mCore Modules Integration Tests[2m > [22m[2mUser Management and Authentication Integration[2m > [22m[2mshould manage multi-role users across modules
[22m[39m[BaseService] Using mock Drizzle instance (from env)
[AnalyticsService] DEBUG: Getting dashboard data { restaurantId: [33m1[39m, period: [32m'today'[39m }

[90mstdout[2m | src/__tests__/integration/core-modules.test.ts[2m > [22m[2mCore Modules Integration Tests[2m > [22m[2mUser Management and Authentication Integration[2m > [22m[2mshould manage multi-role users across modules
[22m[39m[AnalyticsService] INFO: Dashboard data retrieved successfully { restaurantId: [33m1[39m, period: [32m'today'[39m, todayRevenue: [33m0[39m, todayOrders: [33m0[39m }

[90mstdout[2m | src/__tests__/integration/core-modules.test.ts[2m > [22m[2mCore Modules Integration Tests[2m > [22m[2mUser Management and Authentication Integration[2m > [22m[2mshould manage multi-role users across modules
[22m[39m[API_V1] Response status: 200

[90mstdout[2m | src/__tests__/integration/core-modules.test.ts[2m > [22m[2mCore Modules Integration Tests[2m > [22m[2mUser Management and Authentication Integration[2m > [22m[2mshould manage multi-role users across modules
[22m[39m[API_V1] GET /api/v1/kitchen/1/orders

[90mstdout[2m | src/__tests__/integration/core-modules.test.ts[2m > [22m[2mCore Modules Integration Tests[2m > [22m[2mUser Management and Authentication Integration[2m > [22m[2mshould manage multi-role users across modules
[22m[39m[KitchenService] INFO: Fetching kitchen orders { restaurantId: [33m1[39m, userId: [33m3[39m }
[BaseService] Using mock Drizzle instance (from env)
[BaseService] Using mock Drizzle instance (from env)

[90mstdout[2m | src/__tests__/integration/core-modules.test.ts[2m > [22m[2mCore Modules Integration Tests[2m > [22m[2mUser Management and Authentication Integration[2m > [22m[2mshould manage multi-role users across modules
[22m[39m[MockDrizzle] Normalized table name: orders -> orders
[MockDrizzle] query.findMany() called for table: orders
[MockDrizzle] findMany() returning [33m0[39m records

[90mstdout[2m | src/__tests__/integration/core-modules.test.ts[2m > [22m[2mCore Modules Integration Tests[2m > [22m[2mUser Management and Authentication Integration[2m > [22m[2mshould manage multi-role users across modules
[22m[39m[API_V1] Response status: 200

[90mstdout[2m | src/__tests__/integration/core-modules.test.ts[2m > [22m[2mCore Modules Integration Tests[2m > [22m[2mUser Management and Authentication Integration[2m > [22m[2mshould manage multi-role users across modules
[22m[39m[API_V1] GET /api/v1/analytics/dashboard

[90mstdout[2m | src/__tests__/integration/core-modules.test.ts[2m > [22m[2mCore Modules Integration Tests[2m > [22m[2mUser Management and Authentication Integration[2m > [22m[2mshould manage multi-role users across modules
[22m[39m[API_V1] Response status: 403

[90mstdout[2m | src/__tests__/integration/core-modules.test.ts[2m > [22m[2mCore Modules Integration Tests[2m > [22m[2mUser Management and Authentication Integration[2m > [22m[2mshould manage multi-role users across modules
[22m[39m[API_V1] GET /api/v1/kitchen/1/orders

[90mstdout[2m | src/__tests__/integration/core-modules.test.ts[2m > [22m[2mCore Modules Integration Tests[2m > [22m[2mUser Management and Authentication Integration[2m > [22m[2mshould manage multi-role users across modules
[22m[39m[KitchenService] INFO: Fetching kitchen orders { restaurantId: [33m1[39m, userId: [33m4[39m }
[BaseService] Using mock Drizzle instance (from env)
[BaseService] Using mock Drizzle instance (from env)

[90mstdout[2m | src/__tests__/integration/core-modules.test.ts[2m > [22m[2mCore Modules Integration Tests[2m > [22m[2mUser Management and Authentication Integration[2m > [22m[2mshould manage multi-role users across modules
[22m[39m[MockDrizzle] Normalized table name: orders -> orders
[MockDrizzle] query.findMany() called for table: orders
[MockDrizzle] findMany() returning [33m0[39m records

[90mstdout[2m | src/__tests__/integration/core-modules.test.ts[2m > [22m[2mCore Modules Integration Tests[2m > [22m[2mUser Management and Authentication Integration[2m > [22m[2mshould manage multi-role users across modules
[22m[39m[API_V1] Response status: 200

[90mstdout[2m | src/__tests__/integration/core-modules.test.ts[2m > [22m[2mCore Modules Integration Tests[2m > [22m[2mUser Management and Authentication Integration[2m > [22m[2mshould manage multi-role users across modules
[22m[39m[API_V1] GET /api/v1/analytics/dashboard

[90mstdout[2m | src/__tests__/integration/core-modules.test.ts[2m > [22m[2mCore Modules Integration Tests[2m > [22m[2mUser Management and Authentication Integration[2m > [22m[2mshould manage multi-role users across modules
[22m[39m[API_V1] Response status: 403

[90mstdout[2m | src/__tests__/integration/core-modules.test.ts[2m > [22m[2mCore Modules Integration Tests[2m > [22m[2mUser Management and Authentication Integration[2m > [22m[2mshould manage multi-role users across modules
[22m[39m[API_V1] GET /api/v1/kitchen/1/orders

[90mstderr[2m | src/__tests__/integration/core-modules.test.ts[2m > [22m[2mCore Modules Integration Tests[2m > [22m[2mUser Management and Authentication Integration[2m > [22m[2mshould manage multi-role users across modules
[22m[39m[KitchenService] WARN: Access denied - insufficient kitchen permissions {
  userId: [33m5[39m,
  userRole: [33m4[39m,
  restaurantId: [33m1[39m,
  allowedRoles: [ [33m0[39m, [33m1[39m, [33m2[39m, [33m3[39m ]
}

[90mstdout[2m | src/__tests__/integration/core-modules.test.ts[2m > [22m[2mCore Modules Integration Tests[2m > [22m[2mUser Management and Authentication Integration[2m > [22m[2mshould manage multi-role users across modules
[22m[39m[API_V1] Response status: 403

[90mstdout[2m | src/__tests__/integration/core-modules.test.ts[2m > [22m[2mCore Modules Integration Tests[2m > [22m[2mUser Management and Authentication Integration[2m > [22m[2mshould manage multi-role users across modules
[22m[39m[API_V1] GET /api/v1/analytics/dashboard

[90mstdout[2m | src/__tests__/integration/core-modules.test.ts[2m > [22m[2mCore Modules Integration Tests[2m > [22m[2mUser Management and Authentication Integration[2m > [22m[2mshould manage multi-role users across modules
[22m[39m[API_V1] Response status: 403

 [32m✓[39m [30m[42m @makanmakan/api [49m[39m src/__tests__/integration/core-modules.test.ts[2m > [22mCore Modules Integration Tests[2m > [22mUser Management and Authentication Integration[2m > [22mshould manage multi-role users across modules[33m 1640[2mms[22m[39m
[90mstdout[2m | src/__tests__/integration/core-modules.test.ts[2m > [22m[2mCore Modules Integration Tests[2m > [22m[2mReal-time Integration[2m > [22m[2mshould handle real-time events across modules
[22m[39m[SharedMockDB] RUN executed: {
  sql: [32m'\n'[39m +
    [32m'      INSERT INTO restaurants (id, name, type, category, address, district, phone, email, isAvailab'[39m,
  changes: [33m1[39m,
  lastInsertRowid: [33m1[39m
}

[90mstdout[2m | src/__tests__/integration/core-modules.test.ts[2m > [22m[2mCore Modules Integration Tests[2m > [22m[2mReal-time Integration[2m > [22m[2mshould handle real-time events across modules
[22m[39m[SharedMockDB] RUN executed: {
  sql: [32m'\n'[39m +
    [32m'      INSERT INTO users (id, username, email, fullName, passwordHash, role, restaurantId, isActive,'[39m,
  changes: [33m1[39m,
  lastInsertRowid: [33m1[39m
}

[90mstdout[2m | src/__tests__/integration/core-modules.test.ts[2m > [22m[2mCore Modules Integration Tests[2m > [22m[2mError Handling Integration[2m > [22m[2mshould handle cross-module errors gracefully
[22m[39m[SharedMockDB] RUN executed: {
  sql: [32m'\n'[39m +
    [32m'      INSERT INTO restaurants (id, name, type, category, address, district, phone, email, isAvailab'[39m,
  changes: [33m1[39m,
  lastInsertRowid: [33m1[39m
}

[90mstdout[2m | src/__tests__/integration/core-modules.test.ts[2m > [22m[2mCore Modules Integration Tests[2m > [22m[2mError Handling Integration[2m > [22m[2mshould handle cross-module errors gracefully
[22m[39m[SharedMockDB] RUN executed: {
  sql: [32m'\n'[39m +
    [32m'      INSERT INTO users (id, username, email, fullName, passwordHash, role, restaurantId, isActive,'[39m,
  changes: [33m1[39m,
  lastInsertRowid: [33m1[39m
}

[90mstdout[2m | src/__tests__/integration/core-modules.test.ts[2m > [22m[2mCore Modules Integration Tests[2m > [22m[2mError Handling Integration[2m > [22m[2mshould handle cross-module errors gracefully
[22m[39m[API_V1] POST /api/v1/orders

[90mstdout[2m | src/__tests__/integration/core-modules.test.ts[2m > [22m[2mCore Modules Integration Tests[2m > [22m[2mError Handling Integration[2m > [22m[2mshould handle cross-module errors gracefully
[22m[39m[BaseService] Using mock Drizzle instance (from env)
[BaseService] Using mock Drizzle instance (from env)
[OrdersRoutes] INFO: Creating new order { restaurantId: [33m1[39m, userId: [33m1[39m }
[OrdersService] INFO: Creating new order { restaurantId: [33m1[39m, userId: [33m1[39m }

[90mstdout[2m | src/__tests__/integration/core-modules.test.ts[2m > [22m[2mCore Modules Integration Tests[2m > [22m[2mError Handling Integration[2m > [22m[2mshould handle cross-module errors gracefully
[22m[39m[MockDrizzle] Normalized table name: restaurants -> restaurants
[MockDrizzle] query.findFirst() called for table: restaurants
[MockDrizzle] Table restaurants has [33m1[39m total records
[MockDrizzle] queryChunks: [{"index":0,"type":"StringChunk","hasValue":true,"value":[""],"valueType":"object"},{"index":1,"type":"SQLiteInteger","hasValue":false,"valueType":"undefined"},{"index":2,"type":"StringChunk","hasValue":true,"value":[" = "],"valueType":"object"},{"index":3,"type":"Param","hasValue":true,"value":1,"valueType":"number"},{"index":4,"type":"StringChunk","hasValue":true,"value":[""],"valueType":"object"}]
[MockDrizzle] Filtering by: id = [33m1[39m
[MockDrizzle] Found [33m1[39m matching records
[MockDrizzle] First record: {"id":1,"name":"Test Restaurant","type":"Casual Dining","category":"Restaurant","description":null,"address":"Test Address","district":"Test District","city":"台中市","phone":"012-3456789","email":"test@restaurant.com","website":null,"businessHours":null,"isAvailable":1,"isActive":1,"status":1,"logoUrl":null,"bannerUrl":null,"imageUrls":null,"shopQrCode":null,"shopQrCodeImageUrl":null,"enableShopMode":0,"shopQrSettings":null,"shopQrVersion":1,"settings":null,"rating":0,"reviewCount":0,"totalOrders":0,"createdAt":"2025-11-16T16:52:04.192Z","updatedAt":"2025-11-16T16:52:04.192Z"}

[90mstdout[2m | src/__tests__/integration/core-modules.test.ts[2m > [22m[2mCore Modules Integration Tests[2m > [22m[2mError Handling Integration[2m > [22m[2mshould handle cross-module errors gracefully
[22m[39m[MockDrizzle] Normalized table name: tables -> tables
[MockDrizzle] query.findFirst() called for table: tables
[MockDrizzle] Table tables has [33m0[39m total records
[MockDrizzle] queryChunks: [{"index":0,"type":"StringChunk","hasValue":true,"value":[""],"valueType":"object"},{"index":1,"type":"SQLiteInteger","hasValue":false,"valueType":"undefined"},{"index":2,"type":"StringChunk","hasValue":true,"value":[" = "],"valueType":"object"},{"index":3,"type":"Param","hasValue":true,"value":999999,"valueType":"number"},{"index":4,"type":"StringChunk","hasValue":true,"value":[""],"valueType":"object"}]
[MockDrizzle] Filtering by: id = [33m999999[39m
[MockDrizzle] Found [33m0[39m matching records
[MockDrizzle] No records found

[90mstderr[2m | src/__tests__/integration/core-modules.test.ts[2m > [22m[2mCore Modules Integration Tests[2m > [22m[2mError Handling Integration[2m > [22m[2mshould handle cross-module errors gracefully
[22m[39mDatabase error in createOrder: Table is not available
Stack trace: Error: Table is not available
    at OrderService.createOrder (C:\Users\minim\OneDrive\文档\Code\platform\makanmakan\packages\database\src\services\order.ts:106:15)
    at OrdersService.createOrder (C:\Users\minim\OneDrive\文档\Code\platform\makanmakan\apps\api\src\features\orders\services\OrdersService.ts:139:21)
    at Object.handler (C:\Users\minim\OneDrive\文档\Code\platform\makanmakan\apps\api\src\features\orders\routes\index.ts:201:21)
    at dispatch (file:///C:/Users/minim/OneDrive/%E6%96%87%E6%A1%A3/Code/platform/makanmakan/node_modules/.pnpm/hono@4.9.6/node_modules/hono/dist/compose.js:22:17)
    at handler (file:///C:/Users/minim/OneDrive/%E6%96%87%E6%A1%A3/Code/platform/makanmakan/node_modules/.pnpm/hono@4.9.6/node_modules/hono/dist/hono-base.js:94:39)
    at dispatch (file:///C:/Users/minim/OneDrive/%E6%96%87%E6%A1%A3/Code/platform/makanmakan/node_modules/.pnpm/hono@4.9.6/node_modules/hono/dist/compose.js:22:17)
    at Object.handler (C:\Users\minim\OneDrive\文档\Code\platform\makanmakan\apps\api\src\middleware\validation.ts:29:7)
    at dispatch (file:///C:/Users/minim/OneDrive/%E6%96%87%E6%A1%A3/Code/platform/makanmakan/node_modules/.pnpm/hono@4.9.6/node_modules/hono/dist/compose.js:22:17)
    at handler (file:///C:/Users/minim/OneDrive/%E6%96%87%E6%A1%A3/Code/platform/makanmakan/node_modules/.pnpm/hono@4.9.6/node_modules/hono/dist/hono-base.js:94:39)
    at dispatch (file:///C:/Users/minim/OneDrive/%E6%96%87%E6%A1%A3/Code/platform/makanmakan/node_modules/.pnpm/hono@4.9.6/node_modules/hono/dist/compose.js:22:17)

[90mstderr[2m | src/__tests__/integration/core-modules.test.ts[2m > [22m[2mCore Modules Integration Tests[2m > [22m[2mError Handling Integration[2m > [22m[2mshould handle cross-module errors gracefully
[22m[39m[OrdersService] ERROR: Failed to create order Error: Table is not available
    at OrderService.handleError (C:\Users\minim\OneDrive\文档\Code\platform\makanmakan\packages\database\src\services\base.ts:130:11)
    at OrderService.createOrder (C:\Users\minim\OneDrive\文档\Code\platform\makanmakan\packages\database\src\services\order.ts:295:12)
    at OrdersService.createOrder (C:\Users\minim\OneDrive\文档\Code\platform\makanmakan\apps\api\src\features\orders\services\OrdersService.ts:139:21)
    at Object.handler (C:\Users\minim\OneDrive\文档\Code\platform\makanmakan\apps\api\src\features\orders\routes\index.ts:201:21)
    at dispatch (file:///C:/Users/minim/OneDrive/%E6%96%87%E6%A1%A3/Code/platform/makanmakan/node_modules/.pnpm/hono@4.9.6/node_modules/hono/dist/compose.js:22:17)
    at handler (file:///C:/Users/minim/OneDrive/%E6%96%87%E6%A1%A3/Code/platform/makanmakan/node_modules/.pnpm/hono@4.9.6/node_modules/hono/dist/hono-base.js:94:39)
    at dispatch (file:///C:/Users/minim/OneDrive/%E6%96%87%E6%A1%A3/Code/platform/makanmakan/node_modules/.pnpm/hono@4.9.6/node_modules/hono/dist/compose.js:22:17)
    at Object.handler (C:\Users\minim\OneDrive\文档\Code\platform\makanmakan\apps\api\src\middleware\validation.ts:29:7)
    at dispatch (file:///C:/Users/minim/OneDrive/%E6%96%87%E6%A1%A3/Code/platform/makanmakan/node_modules/.pnpm/hono@4.9.6/node_modules/hono/dist/compose.js:22:17)
    at handler (file:///C:/Users/minim/OneDrive/%E6%96%87%E6%A1%A3/Code/platform/makanmakan/node_modules/.pnpm/hono@4.9.6/node_modules/hono/dist/hono-base.js:94:39) {
  data: {
    restaurantId: [33m1[39m,
    tableId: [33m999999[39m,
    customerId: [33m1[39m,
    customerName: [90mundefined[39m,
    customerPhone: [90mundefined[39m,
    customerEmail: [90mundefined[39m,
    items: [ [36m[Object][39m ],
    notes: [90mundefined[39m,
    orderType: [32m'dine_in'[39m,
    scheduledTime: [90mundefined[39m,
    couponCode: [90mundefined[39m
  }
}

[90mstderr[2m | src/__tests__/integration/core-modules.test.ts[2m > [22m[2mCore Modules Integration Tests[2m > [22m[2mError Handling Integration[2m > [22m[2mshould handle cross-module errors gracefully
[22m[39m[OrdersRoutes] ERROR: Create order error Error: Table is not available
    at OrderService.handleError (C:\Users\minim\OneDrive\文档\Code\platform\makanmakan\packages\database\src\services\base.ts:130:11)
    at OrderService.createOrder (C:\Users\minim\OneDrive\文档\Code\platform\makanmakan\packages\database\src\services\order.ts:295:12)
    at OrdersService.createOrder (C:\Users\minim\OneDrive\文档\Code\platform\makanmakan\apps\api\src\features\orders\services\OrdersService.ts:139:21)
    at Object.handler (C:\Users\minim\OneDrive\文档\Code\platform\makanmakan\apps\api\src\features\orders\routes\index.ts:201:21)
    at dispatch (file:///C:/Users/minim/OneDrive/%E6%96%87%E6%A1%A3/Code/platform/makanmakan/node_modules/.pnpm/hono@4.9.6/node_modules/hono/dist/compose.js:22:17)
    at handler (file:///C:/Users/minim/OneDrive/%E6%96%87%E6%A1%A3/Code/platform/makanmakan/node_modules/.pnpm/hono@4.9.6/node_modules/hono/dist/hono-base.js:94:39)
    at dispatch (file:///C:/Users/minim/OneDrive/%E6%96%87%E6%A1%A3/Code/platform/makanmakan/node_modules/.pnpm/hono@4.9.6/node_modules/hono/dist/compose.js:22:17)
    at Object.handler (C:\Users\minim\OneDrive\文档\Code\platform\makanmakan\apps\api\src\middleware\validation.ts:29:7)
    at dispatch (file:///C:/Users/minim/OneDrive/%E6%96%87%E6%A1%A3/Code/platform/makanmakan/node_modules/.pnpm/hono@4.9.6/node_modules/hono/dist/compose.js:22:17)
    at handler (file:///C:/Users/minim/OneDrive/%E6%96%87%E6%A1%A3/Code/platform/makanmakan/node_modules/.pnpm/hono@4.9.6/node_modules/hono/dist/hono-base.js:94:39) {}

[90mstdout[2m | src/__tests__/integration/core-modules.test.ts[2m > [22m[2mCore Modules Integration Tests[2m > [22m[2mError Handling Integration[2m > [22m[2mshould handle cross-module errors gracefully
[22m[39m[API_V1] Response status: 400

[90mstdout[2m | src/__tests__/integration/core-modules.test.ts[2m > [22m[2mCore Modules Integration Tests[2m > [22m[2mError Handling Integration[2m > [22m[2mshould handle cross-module errors gracefully
[22m[39m[API_V1] POST /api/v1/queue/join

[90mstdout[2m | src/__tests__/integration/core-modules.test.ts[2m > [22m[2mCore Modules Integration Tests[2m > [22m[2mError Handling Integration[2m > [22m[2mshould handle cross-module errors gracefully
[22m[39m[MockDrizzle] Normalized table name: restaurants -> restaurants
[MockDrizzle] query.findFirst() called for table: restaurants
[MockDrizzle] Table restaurants has [33m1[39m total records
[MockDrizzle] queryChunks: [{"index":0,"type":"StringChunk","hasValue":true,"value":[""],"valueType":"object"},{"index":1,"type":"SQLiteInteger","hasValue":false,"valueType":"undefined"},{"index":2,"type":"StringChunk","hasValue":true,"value":[" = "],"valueType":"object"},{"index":3,"type":"Param","hasValue":true,"value":999999,"valueType":"number"},{"index":4,"type":"StringChunk","hasValue":true,"value":[""],"valueType":"object"}]
[MockDrizzle] Filtering by: id = [33m999999[39m
[MockDrizzle] Found [33m0[39m matching records
[MockDrizzle] No records found

[90mstderr[2m | src/__tests__/integration/core-modules.test.ts[2m > [22m[2mCore Modules Integration Tests[2m > [22m[2mError Handling Integration[2m > [22m[2mshould handle cross-module errors gracefully
[22m[39mQueue join error: Error: Restaurant not found
    at UnifiedQueueService.joinQueueLegacy [90m(C:\Users\minim\OneDrive\文档\Code\platform\makanmakan\[39mapps\api\src\features\queue\services\UnifiedQueueService.ts:195:13[90m)[39m
    at UnifiedQueueService.joinQueue [90m(C:\Users\minim\OneDrive\文档\Code\platform\makanmakan\[39mapps\api\src\features\queue\services\UnifiedQueueService.ts:55:26[90m)[39m
    at [90mC:\Users\minim\OneDrive\文档\Code\platform\makanmakan\[39mapps\api\src\features\queue\routes\index.ts:41:20
    at dispatch [90m(file:///C:/Users/minim/OneDrive/%E6%96%87%E6%A1%A3/Code/platform/makanmakan/[39mnode_modules/[4m.pnpm[24m/hono@4.9.6/node_modules/[4mhono[24m/dist/compose.js:22:17[90m)[39m
    at optionalAuth [90m(C:\Users\minim\OneDrive\文档\Code\platform\makanmakan\[39mapps\api\src\middleware\auth.ts:206:5[90m)[39m
    at dispatch [90m(file:///C:/Users/minim/OneDrive/%E6%96%87%E6%A1%A3/Code/platform/makanmakan/[39mnode_modules/[4m.pnpm[24m/hono@4.9.6/node_modules/[4mhono[24m/dist/compose.js:22:17[90m)[39m
    at [90mC:\Users\minim\OneDrive\文档\Code\platform\makanmakan\[39mapps\api\src\__tests__\helpers\test-utils.ts:748:5
    at dispatch [90m(file:///C:/Users/minim/OneDrive/%E6%96%87%E6%A1%A3/Code/platform/makanmakan/[39mnode_modules/[4m.pnpm[24m/hono@4.9.6/node_modules/[4mhono[24m/dist/compose.js:22:17[90m)[39m
    at [90mC:\Users\minim\OneDrive\文档\Code\platform\makanmakan\[39mapps\api\src\__tests__\helpers\test-utils.ts:736:5
    at dispatch [90m(file:///C:/Users/minim/OneDrive/%E6%96%87%E6%A1%A3/Code/platform/makanmakan/[39mnode_modules/[4m.pnpm[24m/hono@4.9.6/node_modules/[4mhono[24m/dist/compose.js:22:17[90m)[39m

[90mstdout[2m | src/__tests__/integration/core-modules.test.ts[2m > [22m[2mCore Modules Integration Tests[2m > [22m[2mError Handling Integration[2m > [22m[2mshould handle cross-module errors gracefully
[22m[39m[API_V1] Response status: 400

 [32m✓[39m [30m[42m @makanmakan/api [49m[39m src/__tests__/integration/core-modules.test.ts[2m > [22mCore Modules Integration Tests[2m > [22mReal-time Integration[2m > [22mshould handle real-time events across modules[32m 14[2mms[22m[39m
 [32m✓[39m [30m[42m @makanmakan/api [49m[39m src/__tests__/integration/core-modules.test.ts[2m > [22mCore Modules Integration Tests[2m > [22mError Handling Integration[2m > [22mshould handle cross-module errors gracefully[32m 171[2mms[22m[39m
[90mstdout[2m | src/__tests__/integration/core-modules.test.ts[2m > [22m[2mCore Modules Integration Tests[2m > [22m[2mData Consistency Integration[2m > [22m[2mshould maintain data consistency across module operations
[22m[39m[SharedMockDB] RUN executed: {
  sql: [32m'\n'[39m +
    [32m'      INSERT INTO restaurants (id, name, type, category, address, district, phone, email, isAvailab'[39m,
  changes: [33m1[39m,
  lastInsertRowid: [33m1[39m
}

[90mstdout[2m | src/__tests__/integration/core-modules.test.ts[2m > [22m[2mCore Modules Integration Tests[2m > [22m[2mData Consistency Integration[2m > [22m[2mshould maintain data consistency across module operations
[22m[39m[SharedMockDB] RUN executed: {
  sql: [32m'\n'[39m +
    [32m'      INSERT INTO users (id, username, email, fullName, passwordHash, role, restaurantId, isActive,'[39m,
  changes: [33m1[39m,
  lastInsertRowid: [33m1[39m
}

[90mstdout[2m | src/__tests__/integration/core-modules.test.ts[2m > [22m[2mCore Modules Integration Tests[2m > [22m[2mData Consistency Integration[2m > [22m[2mshould maintain data consistency across module operations
[22m[39m[API_V1] POST /api/v1/menu/1/categories

[90mstdout[2m | src/__tests__/integration/core-modules.test.ts[2m > [22m[2mCore Modules Integration Tests[2m > [22m[2mData Consistency Integration[2m > [22m[2mshould maintain data consistency across module operations
[22m[39m[BaseService] Using mock Drizzle instance (from env)
[MenuService] INFO: Creating category { data: { name: [32m'測試分類'[39m, sortOrder: [33m0[39m, restaurantId: [33m1[39m } }
[MockDrizzle] insert() for table: categories
[MockDrizzle] values(): { name: [32m'測試分類'[39m, sortOrder: [33m0[39m, restaurantId: [33m1[39m }
[MockDrizzle] returning() called
[SharedDataStore] INSERT SQL: INSERT INTO categories (name, sortOrder, restaurantId, createdAt, updatedAt) VALUES (?, ?, ?, ?, ?)
[SharedDataStore] INSERT values: ["測試分類",0,1,"2025-11-16T16:52:04.367Z","2025-11-16T16:52:04.367Z"]
[SharedDataStore] Inserted into categories: [33m3[39m
[MockDrizzle] Stored record ID: [33m3[39m
[MockDrizzle] Returning: [
  {
    name: [32m'測試分類'[39m,
    sortOrder: [33m0[39m,
    restaurantId: [33m1[39m,
    createdAt: [32m'2025-11-16T16:52:04.367Z'[39m,
    updatedAt: [32m'2025-11-16T16:52:04.367Z'[39m,
    id: [33m3[39m
  }
]

[90mstdout[2m | src/__tests__/integration/core-modules.test.ts[2m > [22m[2mCore Modules Integration Tests[2m > [22m[2mData Consistency Integration[2m > [22m[2mshould maintain data consistency across module operations
[22m[39m[MenuService] DEBUG: Menu cache invalidated { restaurantId: [33m1[39m }

[90mstdout[2m | src/__tests__/integration/core-modules.test.ts[2m > [22m[2mCore Modules Integration Tests[2m > [22m[2mData Consistency Integration[2m > [22m[2mshould maintain data consistency across module operations
[22m[39m[MenuService] INFO: Category created successfully { categoryId: [33m3[39m }

[90mstdout[2m | src/__tests__/integration/core-modules.test.ts[2m > [22m[2mCore Modules Integration Tests[2m > [22m[2mData Consistency Integration[2m > [22m[2mshould maintain data consistency across module operations
[22m[39m[API_V1] Response status: 201

[90mstdout[2m | src/__tests__/integration/core-modules.test.ts[2m > [22m[2mCore Modules Integration Tests[2m > [22m[2mData Consistency Integration[2m > [22m[2mshould maintain data consistency across module operations
[22m[39m[API_V1] POST /api/v1/menu/1/items

[90mstdout[2m | src/__tests__/integration/core-modules.test.ts[2m > [22m[2mCore Modules Integration Tests[2m > [22m[2mData Consistency Integration[2m > [22m[2mshould maintain data consistency across module operations
[22m[39m[BaseService] Using mock Drizzle instance (from env)
[MenuService] INFO: Creating menu item { data: { name: [32m'測試餐點'[39m, restaurantId: [33m1[39m } }
[MockDrizzle] Normalized table name: categories -> categories
[MockDrizzle] query.findFirst() called for table: categories
[MockDrizzle] Table categories has [33m1[39m total records
[MockDrizzle] queryChunks: [{"index":0,"type":"StringChunk","hasValue":true,"value":[""],"valueType":"object"},{"index":1,"type":"SQLiteInteger","hasValue":false,"valueType":"undefined"},{"index":2,"type":"StringChunk","hasValue":true,"value":[" = "],"valueType":"object"},{"index":3,"type":"Param","hasValue":true,"value":3,"valueType":"number"},{"index":4,"type":"StringChunk","hasValue":true,"value":[""],"valueType":"object"}]
[MockDrizzle] Filtering by: id = [33m3[39m
[MockDrizzle] Found [33m1[39m matching records
[MockDrizzle] First record: {"id":3,"restaurantId":"1","name":"測試分類","description":null,"sortOrder":0,"isActive":1,"isVisible":1,"imageUrl":null,"iconUrl":null,"availableHours":null,"itemCount":0,"createdAt":"2025-11-16T16:52:04.367Z","updatedAt":"2025-11-16T16:52:04.367Z"}

[90mstdout[2m | src/__tests__/integration/core-modules.test.ts[2m > [22m[2mCore Modules Integration Tests[2m > [22m[2mData Consistency Integration[2m > [22m[2mshould maintain data consistency across module operations
[22m[39m[MockDrizzle] insert() for table: menu_items
[MockDrizzle] values(): {
  categoryId: [33m3[39m,
  name: [32m'測試餐點'[39m,
  price: [33m100[39m,
  spiceLevel: [33m0[39m,
  preparationTime: [33m15[39m,
  restaurantId: [33m1[39m,
  isAvailable: [33mtrue[39m,
  isFeatured: [33mfalse[39m,
  isPopular: [33mfalse[39m
}
[MockDrizzle] returning() called
[SharedDataStore] INSERT SQL: INSERT INTO menu_items (categoryId, name, price, spiceLevel, preparationTime, restaurantId, isAvailable, isFeatured, isPopular, createdAt, updatedAt) VALUES (?, ?, ?, ?, ?, ?, ?, ?, ?, ?, ?)
[SharedDataStore] INSERT values: [3,"測試餐點",100,0,15,1,1,0,0,"2025-11-16T16:52:04.379Z","2025-11-16T16:52:04.379Z"]
[SharedDataStore] Inserted into menu_items: [33m2[39m
[MockDrizzle] Stored record ID: [33m2[39m
[MockDrizzle] Returning: [
  {
    categoryId: [33m3[39m,
    name: [32m'測試餐點'[39m,
    price: [33m100[39m,
    spiceLevel: [33m0[39m,
    preparationTime: [33m15[39m,
    restaurantId: [33m1[39m,
    isAvailable: [33mtrue[39m,
    isFeatured: [33mfalse[39m,
    isPopular: [33mfalse[39m,
    createdAt: [32m'2025-11-16T16:52:04.379Z'[39m,
    updatedAt: [32m'2025-11-16T16:52:04.379Z'[39m,
    id: [33m2[39m
  }
]

[90mstdout[2m | src/__tests__/integration/core-modules.test.ts[2m > [22m[2mCore Modules Integration Tests[2m > [22m[2mData Consistency Integration[2m > [22m[2mshould maintain data consistency across module operations
[22m[39m[MockDrizzle] update() called for table: categories
[MockDrizzle] set() called with data: [ [32m'itemCount'[39m, [32m'updatedAt'[39m ]
[MockDrizzle] where() called for UPDATE

[90mstdout[2m | src/__tests__/integration/core-modules.test.ts[2m > [22m[2mCore Modules Integration Tests[2m > [22m[2mData Consistency Integration[2m > [22m[2mshould maintain data consistency across module operations
[22m[39m[MockDrizzle] UPDATE categories WHERE id = 3, found 1 records

[90mstdout[2m | src/__tests__/integration/core-modules.test.ts[2m > [22m[2mCore Modules Integration Tests[2m > [22m[2mData Consistency Integration[2m > [22m[2mshould maintain data consistency across module operations
[22m[39m[MenuService] DEBUG: Menu cache invalidated { restaurantId: [33m1[39m }

[90mstdout[2m | src/__tests__/integration/core-modules.test.ts[2m > [22m[2mCore Modules Integration Tests[2m > [22m[2mData Consistency Integration[2m > [22m[2mshould maintain data consistency across module operations
[22m[39m[MenuService] INFO: Menu item created successfully { itemId: [33m2[39m }

[90mstdout[2m | src/__tests__/integration/core-modules.test.ts[2m > [22m[2mCore Modules Integration Tests[2m > [22m[2mData Consistency Integration[2m > [22m[2mshould maintain data consistency across module operations
[22m[39m[API_V1] Response status: 201

[90mstdout[2m | src/__tests__/integration/core-modules.test.ts[2m > [22m[2mCore Modules Integration Tests[2m > [22m[2mData Consistency Integration[2m > [22m[2mshould maintain data consistency across module operations
[22m[39m[API_V1] POST /api/v1/tables

[90mstdout[2m | src/__tests__/integration/core-modules.test.ts[2m > [22m[2mCore Modules Integration Tests[2m > [22m[2mData Consistency Integration[2m > [22m[2mshould maintain data consistency across module operations
[22m[39m[TablesRoutes] Create table handler called!
[BaseService] Using mock Drizzle instance (from env)
[MockDrizzle] where().get() - tableName: tables records: [33m0[39m

[90mstdout[2m | src/__tests__/integration/core-modules.test.ts[2m > [22m[2mCore Modules Integration Tests[2m > [22m[2mData Consistency Integration[2m > [22m[2mshould maintain data consistency across module operations
[22m[39m[MockDrizzle] insert() for table: tables
[MockDrizzle] values(): {
  restaurantId: [33m1[39m,
  number: [32m'T1'[39m,
  name: [90mundefined[39m,
  capacity: [33m4[39m,
  location: [90mundefined[39m,
  floor: [33m1[39m,
  section: [90mundefined[39m,
  qrCode: [32m'https://makanmakan.com/order?data=eyJ0eXBlIjoidGFibGUiLCJyZXN0YXVyYW50SWQiOjEsInRhYmxlTnVtYmVyIjoiVDEiLCJ0aW1lc3RhbXAiOjE3NjMzMTE5MjQzOTB9'[39m,
  qrCodeVersion: [33m1[39m,
  qrMode: [32m'table'[39m,
  seatCount: [33m0[39m,
  seatNumberingStyle: [32m'numeric'[39m,
  features: [90mundefined[39m,
  isReservable: [33mtrue[39m,
  isActive: [33mtrue[39m,
  isOccupied: [33mfalse[39m
}
[MockDrizzle] returning() called
[SharedDataStore] INSERT SQL: INSERT INTO tables (restaurantId, number, capacity, floor, qrCode, qrCodeVersion, qrMode, seatCount, seatNumberingStyle, isReservable, isActive, isOccupied, createdAt, updatedAt) VALUES (?, ?, ?, ?, ?, ?, ?, ?, ?, ?, ?, ?, ?, ?)
[SharedDataStore] INSERT values: [1,"T1",4,1,"https://makanmakan.com/order?data=eyJ0eXBlIjoidGFibGUiLCJyZXN0YXVyYW50SWQiOjEsInRhYmxlTnVtYmVyIjoiVDEiLCJ0aW1lc3RhbXAiOjE3NjMzMTE5MjQzOTB9",1,"table",0,"numeric",1,1,0,"2025-11-16T16:52:04.391Z","2025-11-16T16:52:04.391Z"]
[SharedDataStore] Inserted into tables: [33m3[39m
[MockDrizzle] Stored record ID: [33m3[39m
[MockDrizzle] Returning: [
  {
    restaurantId: [33m1[39m,
    number: [32m'T1'[39m,
    name: [90mundefined[39m,
    capacity: [33m4[39m,
    location: [90mundefined[39m,
    floor: [33m1[39m,
    section: [90mundefined[39m,
    qrCode: [32m'https://makanmakan.com/order?data=eyJ0eXBlIjoidGFibGUiLCJyZXN0YXVyYW50SWQiOjEsInRhYmxlTnVtYmVyIjoiVDEiLCJ0aW1lc3RhbXAiOjE3NjMzMTE5MjQzOTB9'[39m,
    qrCodeVersion: [33m1[39m,
    qrMode: [32m'table'[39m,
    seatCount: [33m0[39m,
    seatNumberingStyle: [32m'numeric'[39m,
    features: [90mundefined[39m,
    isReservable: [33mtrue[39m,
    isActive: [33mtrue[39m,
    isOccupied: [33mfalse[39m,
    createdAt: [32m'2025-11-16T16:52:04.391Z'[39m,
    updatedAt: [32m'2025-11-16T16:52:04.391Z'[39m,
    id: [33m3[39m
  }
]

[90mstdout[2m | src/__tests__/integration/core-modules.test.ts[2m > [22m[2mCore Modules Integration Tests[2m > [22m[2mData Consistency Integration[2m > [22m[2mshould maintain data consistency across module operations
[22m[39m[API_V1] Response status: 201

[90mstdout[2m | src/__tests__/integration/core-modules.test.ts[2m > [22m[2mCore Modules Integration Tests[2m > [22m[2mData Consistency Integration[2m > [22m[2mshould maintain data consistency across module operations
[22m[39m[API_V1] POST /api/v1/orders

[90mstdout[2m | src/__tests__/integration/core-modules.test.ts[2m > [22m[2mCore Modules Integration Tests[2m > [22m[2mData Consistency Integration[2m > [22m[2mshould maintain data consistency across module operations
[22m[39m[BaseService] Using mock Drizzle instance (from env)
[BaseService] Using mock Drizzle instance (from env)
[OrdersRoutes] INFO: Creating new order { restaurantId: [33m1[39m, userId: [33m1[39m }
[OrdersService] INFO: Creating new order { restaurantId: [33m1[39m, userId: [33m1[39m }

[90mstdout[2m | src/__tests__/integration/core-modules.test.ts[2m > [22m[2mCore Modules Integration Tests[2m > [22m[2mData Consistency Integration[2m > [22m[2mshould maintain data consistency across module operations
[22m[39m[MockDrizzle] Normalized table name: restaurants -> restaurants
[MockDrizzle] query.findFirst() called for table: restaurants
[MockDrizzle] Table restaurants has [33m1[39m total records
[MockDrizzle] queryChunks: [{"index":0,"type":"StringChunk","hasValue":true,"value":[""],"valueType":"object"},{"index":1,"type":"SQLiteInteger","hasValue":false,"valueType":"undefined"},{"index":2,"type":"StringChunk","hasValue":true,"value":[" = "],"valueType":"object"},{"index":3,"type":"Param","hasValue":true,"value":1,"valueType":"number"},{"index":4,"type":"StringChunk","hasValue":true,"value":[""],"valueType":"object"}]
[MockDrizzle] Filtering by: id = [33m1[39m
[MockDrizzle] Found [33m1[39m matching records
[MockDrizzle] First record: {"id":1,"name":"Test Restaurant","type":"Casual Dining","category":"Restaurant","description":null,"address":"Test Address","district":"Test District","city":"台中市","phone":"012-3456789","email":"test@restaurant.com","website":null,"businessHours":null,"isAvailable":1,"isActive":1,"status":1,"logoUrl":null,"bannerUrl":null,"imageUrls":null,"shopQrCode":null,"shopQrCodeImageUrl":null,"enableShopMode":0,"shopQrSettings":null,"shopQrVersion":1,"settings":null,"rating":0,"reviewCount":0,"totalOrders":0,"createdAt":"2025-11-16T16:52:04.357Z","updatedAt":"2025-11-16T16:52:04.357Z"}

[90mstdout[2m | src/__tests__/integration/core-modules.test.ts[2m > [22m[2mCore Modules Integration Tests[2m > [22m[2mData Consistency Integration[2m > [22m[2mshould maintain data consistency across module operations
[22m[39m[MockDrizzle] Normalized table name: tables -> tables
[MockDrizzle] query.findFirst() called for table: tables
[MockDrizzle] Table tables has [33m1[39m total records
[MockDrizzle] queryChunks: [{"index":0,"type":"StringChunk","hasValue":true,"value":[""],"valueType":"object"},{"index":1,"type":"SQLiteInteger","hasValue":false,"valueType":"undefined"},{"index":2,"type":"StringChunk","hasValue":true,"value":[" = "],"valueType":"object"},{"index":3,"type":"Param","hasValue":true,"value":3,"valueType":"number"},{"index":4,"type":"StringChunk","hasValue":true,"value":[""],"valueType":"object"}]
[MockDrizzle] Filtering by: id = [33m3[39m
[MockDrizzle] Found [33m1[39m matching records
[MockDrizzle] First record: {"id":3,"restaurantId":"1","number":"T1","name":null,"capacity":4,"location":null,"floor":1,"section":null,"qrCode":"https://makanmakan.com/order?data=eyJ0eXBlIjoidGFibGUiLCJyZXN0YXVyYW50SWQiOjEsInRhYmxlTnVtYmVyIjoiVDEiLCJ0aW1lc3RhbXAiOjE3NjMzMTE5MjQzOTB9","qrCodeImageUrl":null,"qrCodeVersion":1,"qrMode":"table","seatCount":0,"seatLayout":null,"seatNumberingStyle":"numeric","isOccupied":0,"isActive":1,"isReservable":1,"features":null,"currentOrderId":null,"occupiedAt":null,"occupiedBy":null,"estimatedFreeAt":null,"lastCleanedAt":null,"maintenanceNotes":null,"totalUsage":0,"averageOccupancyMinutes":0,"createdAt":"2025-11-16T16:52:04.391Z","updatedAt":"2025-11-16T16:52:04.391Z"}

[90mstdout[2m | src/__tests__/integration/core-modules.test.ts[2m > [22m[2mCore Modules Integration Tests[2m > [22m[2mData Consistency Integration[2m > [22m[2mshould maintain data consistency across module operations
[22m[39m[MockDrizzle] Normalized table name: menuItems -> menu_items
[MockDrizzle] query.findMany() called for table: menuItems
[MockDrizzle] findMany() returning [33m1[39m records
[MockDrizzle] First record: {"id":2,"restaurantId":"1","categoryId":3,"name":"測試餐點","description":null,"ingredients":null,"price":100,"originalPrice":null,"costPrice":null,"imageUrl":null,"imageVariants":null,"isAvailable":1,"isFeatured":0,"isPopular":0,"sortOrder":0,"inventoryCount":null,"minInventoryAlert":5,"spiceLevel":0,"preparationTime":15,"calories":null,"dietaryInfo":null,"allergens":null,"options":null,"availableHours":null,"orderCount":0,"rating":0,"reviewCount":0,"viewCount":0,"tags":null,"keywords":null,"createdAt":"2025-11-16T16:52:04.379Z","updatedAt":"2025-11-16T16:52:04.379Z"}

[90mstdout[2m | src/__tests__/integration/core-modules.test.ts[2m > [22m[2mCore Modules Integration Tests[2m > [22m[2mData Consistency Integration[2m > [22m[2mshould maintain data consistency across module operations
[22m[39m[MockDrizzle] insert() for table: orders
[MockDrizzle] values(): {
  restaurantId: [33m1[39m,
  tableId: [33m3[39m,
  customerId: [33m1[39m,
  orderNumber: [32m'1-MI1YE4KX-LJBS'[39m,
  subtotal: [33m100[39m,
  taxAmount: [33m0[39m,
  serviceCharge: [33m0[39m,
  discountAmount: [33m0[39m,
  totalAmount: [33m100[39m,
  customerInfo: [90mundefined[39m,
  notes: [90mundefined[39m,
  couponCode: [90mundefined[39m,
  estimatedPrepTime: [33m15[39m
}
[MockDrizzle] returning() called
[SharedDataStore] INSERT SQL: INSERT INTO orders (restaurantId, tableId, customerId, orderNumber, subtotal, taxAmount, serviceCharge, discountAmount, totalAmount, estimatedPrepTime, createdAt, updatedAt) VALUES (?, ?, ?, ?, ?, ?, ?, ?, ?, ?, ?, ?)
[SharedDataStore] INSERT values: [1,3,1,"1-MI1YE4KX-LJBS",100,0,0,0,100,15,"2025-11-16T16:52:04.403Z","2025-11-16T16:52:04.403Z"]
[SharedDataStore] Inserted into orders: [33m2[39m
[MockDrizzle] Stored record ID: [33m2[39m
[MockDrizzle] Returning: [
  {
    restaurantId: [33m1[39m,
    tableId: [33m3[39m,
    customerId: [33m1[39m,
    orderNumber: [32m'1-MI1YE4KX-LJBS'[39m,
    subtotal: [33m100[39m,
    taxAmount: [33m0[39m,
    serviceCharge: [33m0[39m,
    discountAmount: [33m0[39m,
    totalAmount: [33m100[39m,
    customerInfo: [90mundefined[39m,
    notes: [90mundefined[39m,
    couponCode: [90mundefined[39m,
    estimatedPrepTime: [33m15[39m,
    createdAt: [32m'2025-11-16T16:52:04.403Z'[39m,
    updatedAt: [32m'2025-11-16T16:52:04.403Z'[39m,
    id: [33m2[39m
  }
]

[90mstdout[2m | src/__tests__/integration/core-modules.test.ts[2m > [22m[2mCore Modules Integration Tests[2m > [22m[2mData Consistency Integration[2m > [22m[2mshould maintain data consistency across module operations
[22m[39m[MockDrizzle] insert() for table: order_items
[MockDrizzle] values(): [
  {
    menuItemId: [33m2[39m,
    quantity: [33m1[39m,
    unitPrice: [33m100[39m,
    totalPrice: [33m100[39m,
    customizations: [90mundefined[39m,
    notes: [90mundefined[39m,
    itemSnapshot: {
      name: [32m'測試餐點'[39m,
      description: [90mundefined[39m,
      imageUrl: [90mundefined[39m,
      category: [32m'category'[39m
    },
    orderId: [33m2[39m
  }
]
[MockDrizzle] returning() called
[SharedDataStore] INSERT SQL: INSERT INTO order_items (menuItemId, quantity, unitPrice, totalPrice, itemSnapshot, orderId, createdAt, updatedAt) VALUES (?, ?, ?, ?, ?, ?, ?, ?)
[SharedDataStore] INSERT values: [2,1,100,100,"{\"name\":\"測試餐點\",\"category\":\"category\"}",2,"2025-11-16T16:52:04.413Z","2025-11-16T16:52:04.413Z"]
[SharedDataStore] Inserted into order_items: [33m2[39m
[MockDrizzle] Stored record ID: [33m2[39m
[MockDrizzle] Returning: [
  {
    menuItemId: [33m2[39m,
    quantity: [33m1[39m,
    unitPrice: [33m100[39m,
    totalPrice: [33m100[39m,
    customizations: [90mundefined[39m,
    notes: [90mundefined[39m,
    itemSnapshot: {
      name: [32m'測試餐點'[39m,
      description: [90mundefined[39m,
      imageUrl: [90mundefined[39m,
      category: [32m'category'[39m
    },
    orderId: [33m2[39m,
    createdAt: [32m'2025-11-16T16:52:04.413Z'[39m,
    updatedAt: [32m'2025-11-16T16:52:04.413Z'[39m,
    id: [33m2[39m
  }
]

[90mstdout[2m | src/__tests__/integration/core-modules.test.ts[2m > [22m[2mCore Modules Integration Tests[2m > [22m[2mData Consistency Integration[2m > [22m[2mshould maintain data consistency across module operations
[22m[39m[MockDrizzle] update() called for table: menu_items
[MockDrizzle] set() called with data: [ [32m'orderCount'[39m, [32m'inventoryCount'[39m ]
[MockDrizzle] where() called for UPDATE
[MockDrizzle] update() called for table: restaurants
[MockDrizzle] set() called with data: [ [32m'totalOrders'[39m ]
[MockDrizzle] where() called for UPDATE

[90mstdout[2m | src/__tests__/integration/core-modules.test.ts[2m > [22m[2mCore Modules Integration Tests[2m > [22m[2mData Consistency Integration[2m > [22m[2mshould maintain data consistency across module operations
[22m[39m[MockDrizzle] UPDATE menu_items WHERE id = 2, found 1 records
[MockDrizzle] UPDATE restaurants WHERE id = 1, found 1 records

[90mstdout[2m | src/__tests__/integration/core-modules.test.ts[2m > [22m[2mCore Modules Integration Tests[2m > [22m[2mData Consistency Integration[2m > [22m[2mshould maintain data consistency across module operations
[22m[39m[OrdersService] INFO: Order activity logged {
  orderId: [33m2[39m,
  action: [32m'ORDER_CREATED'[39m,
  userId: [33m1[39m,
  metadata: { restaurantId: [33m1[39m, itemCount: [33m1[39m, total: [33m100[39m }
}

[90mstderr[2m | src/__tests__/integration/core-modules.test.ts[2m > [22m[2mCore Modules Integration Tests[2m > [22m[2mData Consistency Integration[2m > [22m[2mshould maintain data consistency across module operations
[22m[39m[realtime-broadcast] WARN: REALTIME_SESSION not configured, skipping broadcast 

[90mstdout[2m | src/__tests__/integration/core-modules.test.ts[2m > [22m[2mCore Modules Integration Tests[2m > [22m[2mData Consistency Integration[2m > [22m[2mshould maintain data consistency across module operations
[22m[39m[OrdersService] INFO: New order broadcasted successfully {
  orderId: [33m2[39m,
  eventId: [32m'evt_1763311924450_uxxe7p8wo'[39m,
  recipientCount: [33m0[39m
}

[90mstdout[2m | src/__tests__/integration/core-modules.test.ts[2m > [22m[2mCore Modules Integration Tests[2m > [22m[2mData Consistency Integration[2m > [22m[2mshould maintain data consistency across module operations
[22m[39m[OrdersService] INFO: Order created successfully { orderId: [33m2[39m, orderNumber: [32m'1-MI1YE4KX-LJBS'[39m }

[90mstdout[2m | src/__tests__/integration/core-modules.test.ts[2m > [22m[2mCore Modules Integration Tests[2m > [22m[2mData Consistency Integration[2m > [22m[2mshould maintain data consistency across module operations
[22m[39m[API_V1] Response status: 201

[90mstdout[2m | src/__tests__/integration/core-modules.test.ts[2m > [22m[2mCore Modules Integration Tests[2m > [22m[2mData Consistency Integration[2m > [22m[2mshould maintain data consistency across module operations
[22m[39m[API_V1] PUT /api/v1/orders/2/status

[90mstdout[2m | src/__tests__/integration/core-modules.test.ts[2m > [22m[2mCore Modules Integration Tests[2m > [22m[2mData Consistency Integration[2m > [22m[2mshould maintain data consistency across module operations
[22m[39m[BaseService] Using mock Drizzle instance (from env)
[BaseService] Using mock Drizzle instance (from env)
[OrdersRoutes] INFO: Updating order status { orderId: [33m2[39m, newStatus: [32m'confirmed'[39m, userId: [33m1[39m }

[90mstdout[2m | src/__tests__/integration/core-modules.test.ts[2m > [22m[2mCore Modules Integration Tests[2m > [22m[2mData Consistency Integration[2m > [22m[2mshould maintain data consistency across module operations
[22m[39m[MockDrizzle] Normalized table name: orders -> orders
[MockDrizzle] query.findFirst() called for table: orders
[MockDrizzle] Table orders has [33m1[39m total records
[MockDrizzle] queryChunks: [{"index":0,"type":"StringChunk","hasValue":true,"value":[""],"valueType":"object"},{"index":1,"type":"SQLiteInteger","hasValue":false,"valueType":"undefined"},{"index":2,"type":"StringChunk","hasValue":true,"value":[" = "],"valueType":"object"},{"index":3,"type":"Param","hasValue":true,"value":2,"valueType":"number"},{"index":4,"type":"StringChunk","hasValue":true,"value":[""],"valueType":"object"}]
[MockDrizzle] Filtering by: id = [33m2[39m
[MockDrizzle] Found [33m1[39m matching records
[MockDrizzle] First record: {"id":2,"restaurantId":"1","tableId":3,"customerId":1,"orderNumber":"1-MI1YE4KX-LJBS","status":"pending","orderType":"table","subtotal":100,"taxAmount":0,"serviceCharge":0,"discountAmount":0,"totalAmount":100,"customerInfo":null,"estimatedPrepTime":15,"actualPrepTime":null,"confirmedAt":null,"preparingAt":null,"readyAt":null,"deliveredAt":null,"paidAt":null,"cancelledAt":null,"paymentMethod":null,"paymentStatus":"pending","paymentTransactionId":null,"couponCode":null,"promotionIds":null,"rating":null,"reviewComment":null,"reviewedAt":null,"notes":null,"internalNotes":null,"cancellationReason":null,"refundAmount":null,"deliveryInfo":null,"createdAt":"2025-11-16T16:52:04.403Z","updatedAt":"2025-11-16T16:52:04.403Z"}

[90mstdout[2m | src/__tests__/integration/core-modules.test.ts[2m > [22m[2mCore Modules Integration Tests[2m > [22m[2mData Consistency Integration[2m > [22m[2mshould maintain data consistency across module operations
[22m[39m[MockDrizzle] Normalized table name: orders -> orders
[MockDrizzle] query.findFirst() called for table: orders
[MockDrizzle] Table orders has [33m1[39m total records
[MockDrizzle] queryChunks: [{"index":0,"type":"StringChunk","hasValue":true,"value":[""],"valueType":"object"},{"index":1,"type":"SQLiteInteger","hasValue":false,"valueType":"undefined"},{"index":2,"type":"StringChunk","hasValue":true,"value":[" = "],"valueType":"object"},{"index":3,"type":"Param","hasValue":true,"value":2,"valueType":"number"},{"index":4,"type":"StringChunk","hasValue":true,"value":[""],"valueType":"object"}]
[MockDrizzle] Filtering by: id = [33m2[39m
[MockDrizzle] Found [33m1[39m matching records
[MockDrizzle] First record: {"id":2,"restaurantId":"1","tableId":3,"customerId":1,"orderNumber":"1-MI1YE4KX-LJBS","status":"pending","orderType":"table","subtotal":100,"taxAmount":0,"serviceCharge":0,"discountAmount":0,"totalAmount":100,"customerInfo":null,"estimatedPrepTime":15,"actualPrepTime":null,"confirmedAt":null,"preparingAt":null,"readyAt":null,"deliveredAt":null,"paidAt":null,"cancelledAt":null,"paymentMethod":null,"paymentStatus":"pending","paymentTransactionId":null,"couponCode":null,"promotionIds":null,"rating":null,"reviewComment":null,"reviewedAt":null,"notes":null,"internalNotes":null,"cancellationReason":null,"refundAmount":null,"deliveryInfo":null,"createdAt":"2025-11-16T16:52:04.403Z","updatedAt":"2025-11-16T16:52:04.403Z"}

[90mstdout[2m | src/__tests__/integration/core-modules.test.ts[2m > [22m[2mCore Modules Integration Tests[2m > [22m[2mData Consistency Integration[2m > [22m[2mshould maintain data consistency across module operations
[22m[39m[MockDrizzle] update() called for table: orders
[MockDrizzle] set() called with data: [ [32m'status'[39m, [32m'updatedAt'[39m, [32m'confirmedAt'[39m ]
[MockDrizzle] where() called for UPDATE
[MockDrizzle] UPDATE orders WHERE id = 2, found 1 records

[90mstdout[2m | src/__tests__/integration/core-modules.test.ts[2m > [22m[2mCore Modules Integration Tests[2m > [22m[2mData Consistency Integration[2m > [22m[2mshould maintain data consistency across module operations
[22m[39m[MockDrizzle] Normalized table name: orders -> orders
[MockDrizzle] query.findFirst() called for table: orders
[MockDrizzle] Table orders has [33m1[39m total records
[MockDrizzle] queryChunks: [{"index":0,"type":"StringChunk","hasValue":true,"value":[""],"valueType":"object"},{"index":1,"type":"SQLiteInteger","hasValue":false,"valueType":"undefined"},{"index":2,"type":"StringChunk","hasValue":true,"value":[" = "],"valueType":"object"},{"index":3,"type":"Param","hasValue":true,"value":2,"valueType":"number"},{"index":4,"type":"StringChunk","hasValue":true,"value":[""],"valueType":"object"}]
[MockDrizzle] Filtering by: id = [33m2[39m
[MockDrizzle] Found [33m1[39m matching records
[MockDrizzle] First record: {"id":2,"restaurantId":"1","tableId":3,"customerId":1,"orderNumber":"1-MI1YE4KX-LJBS","status":"confirmed","orderType":"table","subtotal":100,"taxAmount":0,"serviceCharge":0,"discountAmount":0,"totalAmount":100,"customerInfo":null,"estimatedPrepTime":15,"actualPrepTime":null,"confirmedAt":"2025-11-16T16:52:04.500Z","preparingAt":null,"readyAt":null,"deliveredAt":null,"paidAt":null,"cancelledAt":null,"paymentMethod":null,"paymentStatus":"pending","paymentTransactionId":null,"couponCode":null,"promotionIds":null,"rating":null,"reviewComment":null,"reviewedAt":null,"notes":null,"internalNotes":null,"cancellationReason":null,"refundAmount":null,"deliveryInfo":null,"createdAt":"2025-11-16T16:52:04.403Z","updatedAt":"2025-11-16T16:52:04.500Z"}

[90mstderr[2m | src/__tests__/integration/core-modules.test.ts[2m > [22m[2mCore Modules Integration Tests[2m > [22m[2mData Consistency Integration[2m > [22m[2mshould maintain data consistency across module operations
[22m[39m[realtime-broadcast] WARN: REALTIME_SESSION not configured, skipping broadcast 

[90mstdout[2m | src/__tests__/integration/core-modules.test.ts[2m > [22m[2mCore Modules Integration Tests[2m > [22m[2mData Consistency Integration[2m > [22m[2mshould maintain data consistency across module operations
[22m[39m[OrdersService] INFO: Order update broadcasted successfully {
  orderId: [33m2[39m,
  eventId: [32m'evt_1763311924505_x8psy2q0s'[39m,
  recipientCount: [33m0[39m
}

[90mstdout[2m | src/__tests__/integration/core-modules.test.ts[2m > [22m[2mCore Modules Integration Tests[2m > [22m[2mData Consistency Integration[2m > [22m[2mshould maintain data consistency across module operations
[22m[39m[API_V1] Response status: 200

[90mstdout[2m | src/__tests__/integration/core-modules.test.ts[2m > [22m[2mCore Modules Integration Tests[2m > [22m[2mData Consistency Integration[2m > [22m[2mshould maintain data consistency across module operations
[22m[39m[API_V1] GET /api/v1/analytics/dashboard

[90mstdout[2m | src/__tests__/integration/core-modules.test.ts[2m > [22m[2mCore Modules Integration Tests[2m > [22m[2mData Consistency Integration[2m > [22m[2mshould maintain data consistency across module operations
[22m[39m[BaseService] Using mock Drizzle instance (from env)
[AnalyticsService] DEBUG: Getting dashboard data { restaurantId: [33m1[39m, period: [32m'today'[39m }

[90mstdout[2m | src/__tests__/integration/core-modules.test.ts[2m > [22m[2mCore Modules Integration Tests[2m > [22m[2mData Consistency Integration[2m > [22m[2mshould maintain data consistency across module operations
[22m[39m[AnalyticsService] INFO: Dashboard data retrieved successfully {
  restaurantId: [33m1[39m,
  period: [32m'today'[39m,
  todayRevenue: [33m0[39m,
  todayOrders: [90mundefined[39m
}

[90mstdout[2m | src/__tests__/integration/core-modules.test.ts[2m > [22m[2mCore Modules Integration Tests[2m > [22m[2mData Consistency Integration[2m > [22m[2mshould maintain data consistency across module operations
[22m[39m[API_V1] Response status: 200

[90mstdout[2m | src/__tests__/integration/core-modules.test.ts[2m > [22m[2mCore Modules Integration Tests[2m > [22m[2mData Consistency Integration[2m > [22m[2mshould maintain data consistency across module operations
[22m[39m[API_V1] GET /api/v1/kitchen/1/orders

[90mstdout[2m | src/__tests__/integration/core-modules.test.ts[2m > [22m[2mCore Modules Integration Tests[2m > [22m[2mData Consistency Integration[2m > [22m[2mshould maintain data consistency across module operations
[22m[39m[KitchenService] INFO: Fetching kitchen orders { restaurantId: [33m1[39m, userId: [33m1[39m }
[BaseService] Using mock Drizzle instance (from env)
[BaseService] Using mock Drizzle instance (from env)

[90mstdout[2m | src/__tests__/integration/core-modules.test.ts[2m > [22m[2mCore Modules Integration Tests[2m > [22m[2mData Consistency Integration[2m > [22m[2mshould maintain data consistency across module operations
[22m[39m[MockDrizzle] Normalized table name: orders -> orders
[MockDrizzle] query.findMany() called for table: orders
[MockDrizzle] findMany() returning [33m1[39m records
[MockDrizzle] First record: {"id":2,"restaurantId":"1","tableId":3,"customerId":1,"orderNumber":"1-MI1YE4KX-LJBS","status":"confirmed","orderType":"table","subtotal":100,"taxAmount":0,"serviceCharge":0,"discountAmount":0,"totalAmount":100,"customerInfo":null,"estimatedPrepTime":15,"actualPrepTime":null,"confirmedAt":"2025-11-16T16:52:04.500Z","preparingAt":null,"readyAt":null,"deliveredAt":null,"paidAt":null,"cancelledAt":null,"paymentMethod":null,"paymentStatus":"pending","paymentTransactionId":null,"couponCode":null,"promotionIds":null,"rating":null,"reviewComment":null,"reviewedAt":null,"notes":null,"internalNotes":null,"cancellationReason":null,"refundAmount":null,"deliveryInfo":null,"createdAt":"2025-11-16T16:52:04.403Z","updatedAt":"2025-11-16T16:52:04.500Z"}

[90mstdout[2m | src/__tests__/integration/core-modules.test.ts[2m > [22m[2mCore Modules Integration Tests[2m > [22m[2mData Consistency Integration[2m > [22m[2mshould maintain data consistency across module operations
[22m[39m[API_V1] Response status: 200

[90mstdout[2m | src/__tests__/integration/core-modules.test.ts[2m > [22m[2mCore Modules Integration Tests
[22m[39m[SharedMockDB] Database closed

 [31m×[39m [30m[42m @makanmakan/api [49m[39m src/__tests__/integration/core-modules.test.ts[2m > [22mCore Modules Integration Tests[2m > [22mData Consistency Integration[2m > [22mshould maintain data consistency across module operations[32m 290[2mms[22m[39m
[31m   → Cannot read properties of undefined (reading 'length')[39m
[90mstderr[2m | src/features/group-orders/__tests__/e2e.test.ts[2m > [22m[2mGroup Orders E2E Tests[2m > [22m[2mPOST /api/v1/orders/group/join/:shareCode - Join Group[2m > [22m[2mshould reject joining when group is full
[22m[39m[orders] WARN: Slow orders API request detected {
  method: [32m'POST'[39m,
  path: [32m'/api/v1/orders/group/join/B06IQ5FD'[39m,
  duration: [32m'1496.50ms'[39m
}

[90mstdout[2m | src/features/group-orders/__tests__/e2e.test.ts[2m > [22m[2mGroup Orders E2E Tests[2m > [22m[2mPOST /api/v1/orders/group/join/:shareCode - Join Group[2m > [22m[2mshould reject joining when group is full
[22m[39m[orders] INFO: Orders API request completed {
  method: [32m'POST'[39m,
  path: [32m'/api/v1/orders/group/join/B06IQ5FD'[39m,
  status: [33m200[39m,
  duration: [32m'1498ms'[39m,
  userAgent: [32m'unknown'[39m
}

[90mstdout[2m | src/features/group-orders/__tests__/e2e.test.ts[2m > [22m[2mGroup Orders E2E Tests[2m > [22m[2mPOST /api/v1/orders/group/join/:shareCode - Join Group[2m > [22m[2mshould reject joining when group is full
[22m[39m[API_V1] Response status: 200

[90mstdout[2m | src/features/group-orders/__tests__/e2e.test.ts[2m > [22m[2mGroup Orders E2E Tests[2m > [22m[2mPOST /api/v1/orders/group/join/:shareCode - Join Group[2m > [22m[2mshould reject joining when group is full
[22m[39m[API_V1] POST /api/v1/orders/group/join/B06IQ5FD

[90mstdout[2m | src/features/group-orders/__tests__/e2e.test.ts[2m > [22m[2mGroup Orders E2E Tests[2m > [22m[2mPOST /api/v1/orders/group/join/:shareCode - Join Group[2m > [22m[2mshould reject joining when group is full
[22m[39m[group-orders] Member joining group { shareCode: [32m'B06IQ5FD'[39m, memberName: [32m'Member 4'[39m }
[SharedMockDB] FIRST executed: {
  sql: [32m'\n'[39m +
    [32m'        SELECT * FROM group_orders\n'[39m +
    [32m'        WHERE share_code = ?\n'[39m +
    [32m"        AND status = 'active'\n"[39m +
    [32m'     '[39m,
  hasResult: [33mtrue[39m
}

[90mstdout[2m | src/features/group-orders/__tests__/e2e.test.ts[2m > [22m[2mGroup Orders E2E Tests[2m > [22m[2mPOST /api/v1/orders/group/join/:shareCode - Join Group[2m > [22m[2mshould reject joining when group is full
[22m[39m[SharedMockDB] FIRST executed: {
  sql: [32m'\n'[39m +
    [32m'        SELECT COUNT(*) as count FROM group_members\n'[39m +
    [32m'        WHERE group_order_id = ? AND left_at IS'[39m,
  hasResult: [33mtrue[39m
}

[90mstdout[2m | src/features/group-orders/__tests__/e2e.test.ts[2m > [22m[2mGroup Orders E2E Tests[2m > [22m[2mPOST /api/v1/orders/group/join/:shareCode - Join Group[2m > [22m[2mshould reject joining when group is full
[22m[39m[group-orders] joinGroup took 2ms

[90mstdout[2m | src/features/group-orders/__tests__/e2e.test.ts[2m > [22m[2mGroup Orders E2E Tests[2m > [22m[2mPOST /api/v1/orders/group/join/:shareCode - Join Group[2m > [22m[2mshould reject joining when group is full
[22m[39m[orders] INFO: Orders API request completed {
  method: [32m'POST'[39m,
  path: [32m'/api/v1/orders/group/join/B06IQ5FD'[39m,
  status: [33m400[39m,
  duration: [32m'4ms'[39m,
  userAgent: [32m'unknown'[39m
}

[90mstdout[2m | src/features/group-orders/__tests__/e2e.test.ts[2m > [22m[2mGroup Orders E2E Tests[2m > [22m[2mPOST /api/v1/orders/group/join/:shareCode - Join Group[2m > [22m[2mshould reject joining when group is full
[22m[39m[API_V1] Response status: 400

 [32m✓[39m [30m[42m @makanmakan/api [49m[39m src/features/group-orders/__tests__/e2e.test.ts[2m > [22mGroup Orders E2E Tests[2m > [22mPOST /api/v1/orders/group/join/:shareCode - Join Group[2m > [22mshould reject joining when group is full[33m 2254[2mms[22m[39m
[90mstdout[2m | src/features/group-orders/__tests__/e2e.test.ts[2m > [22m[2mGroup Orders E2E Tests[2m > [22m[2mPOST /api/v1/orders/group/:groupOrderId/cart - Add Cart Item[2m > [22m[2mshould add item to cart successfully
[22m[39m[SharedMockDB] EXEC executed successfully

[90mstdout[2m | src/features/group-orders/__tests__/e2e.test.ts[2m > [22m[2mGroup Orders E2E Tests[2m > [22m[2mPOST /api/v1/orders/group/:groupOrderId/cart - Add Cart Item[2m > [22m[2mshould add item to cart successfully
[22m[39m[SharedMockDB] EXEC executed successfully

[90mstdout[2m | src/features/group-orders/__tests__/e2e.test.ts[2m > [22m[2mGroup Orders E2E Tests[2m > [22m[2mPOST /api/v1/orders/group/:groupOrderId/cart - Add Cart Item[2m > [22m[2mshould add item to cart successfully
[22m[39m[SharedMockDB] EXEC executed successfully

[90mstdout[2m | src/features/group-orders/__tests__/e2e.test.ts[2m > [22m[2mGroup Orders E2E Tests[2m > [22m[2mPOST /api/v1/orders/group/:groupOrderId/cart - Add Cart Item[2m > [22m[2mshould add item to cart successfully
[22m[39m[SharedMockDB] EXEC executed successfully

[90mstdout[2m | src/features/group-orders/__tests__/e2e.test.ts[2m > [22m[2mGroup Orders E2E Tests[2m > [22m[2mPOST /api/v1/orders/group/:groupOrderId/cart - Add Cart Item[2m > [22m[2mshould add item to cart successfully
[22m[39m[SharedMockDB] EXEC executed successfully

[90mstdout[2m | src/features/group-orders/__tests__/e2e.test.ts[2m > [22m[2mGroup Orders E2E Tests[2m > [22m[2mPOST /api/v1/orders/group/:groupOrderId/cart - Add Cart Item[2m > [22m[2mshould add item to cart successfully
[22m[39m[API_V1] POST /api/v1/orders/group/create

[90mstdout[2m | src/features/group-orders/__tests__/e2e.test.ts[2m > [22m[2mGroup Orders E2E Tests[2m > [22m[2mPOST /api/v1/orders/group/:groupOrderId/cart - Add Cart Item[2m > [22m[2mshould add item to cart successfully
[22m[39m[group-orders] Creating group order { restaurantId: [33m1[39m, hostId: [33m2[39m }
[SharedMockDB] RUN executed: {
  sql: [32m'\n'[39m +
    [32m'        INSERT INTO group_orders (\n'[39m +
    [32m'          id, restaurant_id, table_id, share_code, created_by,\n'[39m +
    [32m' '[39m,
  changes: [33m1[39m,
  lastInsertRowid: [33m1[39m
}

[90mstdout[2m | src/features/group-orders/__tests__/e2e.test.ts[2m > [22m[2mGroup Orders E2E Tests[2m > [22m[2mPOST /api/v1/orders/group/:groupOrderId/cart - Add Cart Item[2m > [22m[2mshould add item to cart successfully
[22m[39m[SharedMockDB] RUN executed: {
  sql: [32m'\n'[39m +
    [32m'        INSERT INTO group_members (\n'[39m +
    [32m'          id, group_order_id, session_id, name, role,\n'[39m +
    [32m'         '[39m,
  changes: [33m1[39m,
  lastInsertRowid: [33m1[39m
}

[90mstdout[2m | src/features/group-orders/__tests__/e2e.test.ts[2m > [22m[2mGroup Orders E2E Tests[2m > [22m[2mPOST /api/v1/orders/group/:groupOrderId/cart - Add Cart Item[2m > [22m[2mshould add item to cart successfully
[22m[39m[SharedMockDB] RUN executed: {
  sql: [32m'\n'[39m +
    [32m'      INSERT INTO group_activity_logs (\n'[39m +
    [32m'        id, group_order_id, member_id, action, description,'[39m,
  changes: [33m1[39m,
  lastInsertRowid: [33m1[39m
}

[90mstdout[2m | src/features/group-orders/__tests__/e2e.test.ts[2m > [22m[2mGroup Orders E2E Tests[2m > [22m[2mPOST /api/v1/orders/group/:groupOrderId/cart - Add Cart Item[2m > [22m[2mshould add item to cart successfully
[22m[39m[SharedMockDB] FIRST executed: {
  sql: [32m'\n        SELECT * FROM group_members WHERE id = ?\n      '[39m,
  hasResult: [33mtrue[39m
}

[90mstdout[2m | src/features/group-orders/__tests__/e2e.test.ts[2m > [22m[2mGroup Orders E2E Tests[2m > [22m[2mPOST /api/v1/orders/group/:groupOrderId/cart - Add Cart Item[2m > [22m[2mshould add item to cart successfully
[22m[39m[group-orders] Group order created successfully {
  groupOrderId: [32m'a68b92cb-d745-41c3-a929-8270f7b709c9'[39m,
  shareCode: [32m'CHTR4XZN'[39m
}
[group-orders] createGroupOrder took 5ms

[90mstdout[2m | src/features/group-orders/__tests__/e2e.test.ts[2m > [22m[2mGroup Orders E2E Tests[2m > [22m[2mPOST /api/v1/orders/group/:groupOrderId/cart - Add Cart Item[2m > [22m[2mshould add item to cart successfully
[22m[39m[orders] INFO: Orders API request completed {
  method: [32m'POST'[39m,
  path: [32m'/api/v1/orders/group/create'[39m,
  status: [33m200[39m,
  duration: [32m'775ms'[39m,
  userAgent: [32m'unknown'[39m
}

[90mstdout[2m | src/features/group-orders/__tests__/e2e.test.ts[2m > [22m[2mGroup Orders E2E Tests[2m > [22m[2mPOST /api/v1/orders/group/:groupOrderId/cart - Add Cart Item[2m > [22m[2mshould add item to cart successfully
[22m[39m[API_V1] Response status: 200

[90mstdout[2m | src/features/group-orders/__tests__/e2e.test.ts[2m > [22m[2mGroup Orders E2E Tests[2m > [22m[2mPOST /api/v1/orders/group/:groupOrderId/cart - Add Cart Item[2m > [22m[2mshould add item to cart successfully
[22m[39m[API_V1] POST /api/v1/orders/group/join/CHTR4XZN

[90mstdout[2m | src/features/group-orders/__tests__/e2e.test.ts[2m > [22m[2mGroup Orders E2E Tests[2m > [22m[2mPOST /api/v1/orders/group/:groupOrderId/cart - Add Cart Item[2m > [22m[2mshould add item to cart successfully
[22m[39m[group-orders] Member joining group { shareCode: [32m'CHTR4XZN'[39m, memberName: [32m'Jane Doe'[39m }
[SharedMockDB] FIRST executed: {
  sql: [32m'\n'[39m +
    [32m'        SELECT * FROM group_orders\n'[39m +
    [32m'        WHERE share_code = ?\n'[39m +
    [32m"        AND status = 'active'\n"[39m +
    [32m'     '[39m,
  hasResult: [33mtrue[39m
}

[90mstdout[2m | src/features/group-orders/__tests__/e2e.test.ts[2m > [22m[2mGroup Orders E2E Tests[2m > [22m[2mPOST /api/v1/orders/group/:groupOrderId/cart - Add Cart Item[2m > [22m[2mshould add item to cart successfully
[22m[39m[SharedMockDB] FIRST executed: {
  sql: [32m'\n'[39m +
    [32m'        SELECT COUNT(*) as count FROM group_members\n'[39m +
    [32m'        WHERE group_order_id = ? AND left_at IS'[39m,
  hasResult: [33mtrue[39m
}

[90mstdout[2m | src/features/group-orders/__tests__/e2e.test.ts[2m > [22m[2mGroup Orders E2E Tests[2m > [22m[2mPOST /api/v1/orders/group/:groupOrderId/cart - Add Cart Item[2m > [22m[2mshould add item to cart successfully
[22m[39m[SharedMockDB] FIRST executed: {
  sql: [32m'\n'[39m +
    [32m'        SELECT * FROM group_members\n'[39m +
    [32m'        WHERE group_order_id = ? AND name = ? AND left_at IS NU'[39m,
  hasResult: [33mfalse[39m
}

[90mstdout[2m | src/features/group-orders/__tests__/e2e.test.ts[2m > [22m[2mGroup Orders E2E Tests[2m > [22m[2mPOST /api/v1/orders/group/:groupOrderId/cart - Add Cart Item[2m > [22m[2mshould add item to cart successfully
[22m[39m[SharedMockDB] RUN executed: {
  sql: [32m'\n'[39m +
    [32m'        INSERT INTO group_members (\n'[39m +
    [32m'          id, group_order_id, session_id, name, phone, email, r'[39m,
  changes: [33m1[39m,
  lastInsertRowid: [33m2[39m
}

[90mstdout[2m | src/features/group-orders/__tests__/e2e.test.ts[2m > [22m[2mGroup Orders E2E Tests[2m > [22m[2mPOST /api/v1/orders/group/:groupOrderId/cart - Add Cart Item[2m > [22m[2mshould add item to cart successfully
[22m[39m[SharedMockDB] RUN executed: {
  sql: [32m'\n'[39m +
    [32m'      INSERT INTO group_activity_logs (\n'[39m +
    [32m'        id, group_order_id, member_id, action, description,'[39m,
  changes: [33m1[39m,
  lastInsertRowid: [33m2[39m
}

[90mstdout[2m | src/features/group-orders/__tests__/e2e.test.ts[2m > [22m[2mGroup Orders E2E Tests[2m > [22m[2mPOST /api/v1/orders/group/:groupOrderId/cart - Add Cart Item[2m > [22m[2mshould add item to cart successfully
[22m[39m[SharedMockDB] FIRST executed: {
  sql: [32m'\n        SELECT * FROM group_members WHERE id = ?\n      '[39m,
  hasResult: [33mtrue[39m
}

[90mstdout[2m | src/features/group-orders/__tests__/e2e.test.ts[2m > [22m[2mGroup Orders E2E Tests[2m > [22m[2mPOST /api/v1/orders/group/:groupOrderId/cart - Add Cart Item[2m > [22m[2mshould add item to cart successfully
[22m[39m[group-orders] Member joined group successfully {
  groupOrderId: [32m'a68b92cb-d745-41c3-a929-8270f7b709c9'[39m,
  memberId: [32m'e775481e-43fc-4635-983b-153d70f14fb9'[39m,
  memberName: [32m'Jane Doe'[39m
}
[group-orders] joinGroup took 6ms

[90mstdout[2m | src/features/group-orders/__tests__/e2e.test.ts[2m > [22m[2mGroup Orders E2E Tests[2m > [22m[2mPOST /api/v1/orders/group/:groupOrderId/cart - Add Cart Item[2m > [22m[2mshould add item to cart successfully
[22m[39m[orders] INFO: Orders API request completed {
  method: [32m'POST'[39m,
  path: [32m'/api/v1/orders/group/join/CHTR4XZN'[39m,
  status: [33m200[39m,
  duration: [32m'303ms'[39m,
  userAgent: [32m'unknown'[39m
}

[90mstdout[2m | src/features/group-orders/__tests__/e2e.test.ts[2m > [22m[2mGroup Orders E2E Tests[2m > [22m[2mPOST /api/v1/orders/group/:groupOrderId/cart - Add Cart Item[2m > [22m[2mshould add item to cart successfully
[22m[39m[API_V1] Response status: 200

[90mstdout[2m | src/features/group-orders/__tests__/e2e.test.ts[2m > [22m[2mGroup Orders E2E Tests[2m > [22m[2mPOST /api/v1/orders/group/:groupOrderId/cart - Add Cart Item[2m > [22m[2mshould add item to cart successfully
[22m[39m[API_V1] POST /api/v1/orders/group/a68b92cb-d745-41c3-a929-8270f7b709c9/cart

[90mstdout[2m | src/features/group-orders/__tests__/e2e.test.ts[2m > [22m[2mGroup Orders E2E Tests[2m > [22m[2mPOST /api/v1/orders/group/:groupOrderId/cart - Add Cart Item[2m > [22m[2mshould add item to cart successfully
[22m[39m[SharedMockDB] FIRST executed: {
  sql: [32m'\n      SELECT * FROM group_orders WHERE id = ?\n    '[39m,
  hasResult: [33mtrue[39m
}

[90mstdout[2m | src/features/group-orders/__tests__/e2e.test.ts[2m > [22m[2mGroup Orders E2E Tests[2m > [22m[2mPOST /api/v1/orders/group/:groupOrderId/cart - Add Cart Item[2m > [22m[2mshould add item to cart successfully
[22m[39m[SharedMockDB] FIRST executed: {
  sql: [32m'\n'[39m +
    [32m'      SELECT * FROM group_members\n'[39m +
    [32m'      WHERE id = ? AND group_order_id = ? AND left_at IS NULL\n'[39m +
    [32m'   '[39m,
  hasResult: [33mtrue[39m
}

[90mstdout[2m | src/features/group-orders/__tests__/e2e.test.ts[2m > [22m[2mGroup Orders E2E Tests[2m > [22m[2mPOST /api/v1/orders/group/:groupOrderId/cart - Add Cart Item[2m > [22m[2mshould add item to cart successfully
[22m[39m[SharedMockDB] FIRST executed: {
  sql: [32m'\n        SELECT * FROM menu_items WHERE id = ? AND restaurantId = ?\n      '[39m,
  hasResult: [33mtrue[39m
}

[90mstdout[2m | src/features/group-orders/__tests__/e2e.test.ts[2m > [22m[2mGroup Orders E2E Tests[2m > [22m[2mPOST /api/v1/orders/group/:groupOrderId/cart - Add Cart Item[2m > [22m[2mshould add item to cart successfully
[22m[39m[SharedMockDB] RUN executed: {
  sql: [32m'\n'[39m +
    [32m'        INSERT INTO group_cart_items (\n'[39m +
    [32m'          id, group_order_id, member_id, menu_item_id, quant'[39m,
  changes: [33m1[39m,
  lastInsertRowid: [33m1[39m
}

[90mstdout[2m | src/features/group-orders/__tests__/e2e.test.ts[2m > [22m[2mGroup Orders E2E Tests[2m > [22m[2mPOST /api/v1/orders/group/:groupOrderId/cart - Add Cart Item[2m > [22m[2mshould add item to cart successfully
[22m[39m[SharedMockDB] FIRST executed: {
  sql: [32m'\n'[39m +
    [32m'      SELECT COALESCE(SUM(total_price), 0) as total\n'[39m +
    [32m'      FROM group_cart_items\n'[39m +
    [32m'      WHERE group_o'[39m,
  hasResult: [33mtrue[39m
}

[90mstdout[2m | src/features/group-orders/__tests__/e2e.test.ts[2m > [22m[2mGroup Orders E2E Tests[2m > [22m[2mPOST /api/v1/orders/group/:groupOrderId/cart - Add Cart Item[2m > [22m[2mshould add item to cart successfully
[22m[39m[SharedMockDB] RUN executed: {
  sql: [32m'\n'[39m +
    [32m'      INSERT INTO split_bills (\n'[39m +
    [32m'        id, group_order_id, member_id, subtotal, total_amount,\n'[39m +
    [32m'    '[39m,
  changes: [33m1[39m,
  lastInsertRowid: [33m1[39m
}

[90mstdout[2m | src/features/group-orders/__tests__/e2e.test.ts[2m > [22m[2mGroup Orders E2E Tests[2m > [22m[2mPOST /api/v1/orders/group/:groupOrderId/cart - Add Cart Item[2m > [22m[2mshould add item to cart successfully
[22m[39m[SharedMockDB] FIRST executed: {
  sql: [32m'\n'[39m +
    [32m'      SELECT COALESCE(SUM(total_price), 0) as total\n'[39m +
    [32m'      FROM group_cart_items\n'[39m +
    [32m'      WHERE group_o'[39m,
  hasResult: [33mtrue[39m
}

[90mstdout[2m | src/features/group-orders/__tests__/e2e.test.ts[2m > [22m[2mGroup Orders E2E Tests[2m > [22m[2mPOST /api/v1/orders/group/:groupOrderId/cart - Add Cart Item[2m > [22m[2mshould add item to cart successfully
[22m[39m[SharedMockDB] RUN executed: {
  sql: [32m'\n'[39m +
    [32m'      UPDATE group_orders\n'[39m +
    [32m"      SET total_amount = ?, updated_at = unixepoch('now')\n"[39m +
    [32m'      WHERE id '[39m,
  changes: [33m1[39m,
  lastInsertRowid: [33m1[39m
}

[90mstdout[2m | src/features/group-orders/__tests__/e2e.test.ts[2m > [22m[2mGroup Orders E2E Tests[2m > [22m[2mPOST /api/v1/orders/group/:groupOrderId/cart - Add Cart Item[2m > [22m[2mshould add item to cart successfully
[22m[39m[SharedMockDB] RUN executed: {
  sql: [32m'\n'[39m +
    [32m'      INSERT INTO group_activity_logs (\n'[39m +
    [32m'        id, group_order_id, member_id, action, description,'[39m,
  changes: [33m1[39m,
  lastInsertRowid: [33m3[39m
}

[90mstdout[2m | src/features/group-orders/__tests__/e2e.test.ts[2m > [22m[2mGroup Orders E2E Tests[2m > [22m[2mPOST /api/v1/orders/group/:groupOrderId/cart - Add Cart Item[2m > [22m[2mshould add item to cart successfully
[22m[39m[SharedMockDB] FIRST executed: {
  sql: [32m'\n        SELECT * FROM group_cart_items WHERE id = ?\n      '[39m,
  hasResult: [33mtrue[39m
}

[90mstdout[2m | src/features/group-orders/__tests__/e2e.test.ts[2m > [22m[2mGroup Orders E2E Tests[2m > [22m[2mPOST /api/v1/orders/group/:groupOrderId/cart - Add Cart Item[2m > [22m[2mshould add item to cart successfully
[22m[39m[group-orders] addCartItem took 23ms

 [32m✓[39m [30m[43m @makanmakan/utils [49m[39m src/__tests__/performance-monitor.test.ts[2m > [22mPerformanceMonitor[2m > [22mMetric Tracking[2m > [22mshould track custom metric[32m 24[2mms[22m[39m
 [32m✓[39m [30m[43m @makanmakan/utils [49m[39m src/__tests__/performance-monitor.test.ts[2m > [22mPerformanceMonitor[2m > [22mMetric Tracking[2m > [22mshould track metric with tags[32m 3[2mms[22m[39m
 [32m✓[39m [30m[43m @makanmakan/utils [49m[39m src/__tests__/performance-monitor.test.ts[2m > [22mPerformanceMonitor[2m > [22mMetric Tracking[2m > [22mshould not track metrics when disabled[32m 2[2mms[22m[39m
 [32m✓[39m [30m[43m @makanmakan/utils [49m[39m src/__tests__/performance-monitor.test.ts[2m > [22mPerformanceMonitor[2m > [22mMetric Tracking[2m > [22mshould track multiple metrics[32m 2[2mms[22m[39m
 [32m✓[39m [30m[43m @makanmakan/utils [49m[39m src/__tests__/performance-monitor.test.ts[2m > [22mPerformanceMonitor[2m > [22mFunction Measurement[2m > [22mshould measure synchronous function execution[32m 4[2mms[22m[39m
 [32m✓[39m [30m[43m @makanmakan/utils [49m[39m src/__tests__/performance-monitor.test.ts[2m > [22mPerformanceMonitor[2m > [22mFunction Measurement[2m > [22mshould measure async function execution[32m 2[2mms[22m[39m
 [32m✓[39m [30m[43m @makanmakan/utils [49m[39m src/__tests__/performance-monitor.test.ts[2m > [22mPerformanceMonitor[2m > [22mFunction Measurement[2m > [22mshould track error metrics when function throws[32m 5[2mms[22m[39m
 [32m✓[39m [30m[43m @makanmakan/utils [49m[39m src/__tests__/performance-monitor.test.ts[2m > [22mPerformanceMonitor[2m > [22mFunction Measurement[2m > [22mshould measure with tags[32m 1[2mms[22m[39m
 [32m✓[39m [30m[43m @makanmakan/utils [49m[39m src/__tests__/performance-monitor.test.ts[2m > [22mPerformanceMonitor[2m > [22mPerformance Marks and Measures[2m > [22mshould create performance mark[32m 3[2mms[22m[39m
 [32m✓[39m [30m[43m @makanmakan/utils [49m[39m src/__tests__/performance-monitor.test.ts[2m > [22mPerformanceMonitor[2m > [22mPerformance Marks and Measures[2m > [22mshould measure between marks[32m 2[2mms[22m[39m
 [32m✓[39m [30m[43m @makanmakan/utils [49m[39m src/__tests__/performance-monitor.test.ts[2m > [22mPerformanceMonitor[2m > [22mPerformance Marks and Measures[2m > [22mshould handle measure errors gracefully[32m 3[2mms[22m[39m
 [32m✓[39m [30m[43m @makanmakan/utils [49m[39m src/__tests__/performance-monitor.test.ts[2m > [22mPerformanceMonitor[2m > [22mPerformance Marks and Measures[2m > [22mshould not create marks when disabled[32m 1[2mms[22m[39m
 [32m✓[39m [30m[43m @makanmakan/utils [49m[39m src/__tests__/performance-monitor.test.ts[2m > [22mPerformanceMonitor[2m > [22mWeb Vitals[2m > [22mshould return empty web vitals initially[32m 2[2mms[22m[39m
 [32m✓[39m [30m[43m @makanmakan/utils [49m[39m src/__tests__/performance-monitor.test.ts[2m > [22mPerformanceMonitor[2m > [22mWeb Vitals[2m > [22mshould return copy of web vitals[32m 2[2mms[22m[39m
 [32m✓[39m [30m[43m @makanmakan/utils [49m[39m src/__tests__/performance-monitor.test.ts[2m > [22mPerformanceMonitor[2m > [22mClear and Reset[2m > [22mshould clear all metrics[32m 36[2mms[22m[39m
 [32m✓[39m [30m[43m @makanmakan/utils [49m[39m src/__tests__/performance-monitor.test.ts[2m > [22mPerformanceMonitor[2m > [22mReport Generation[2m > [22mshould generate performance report[32m 5[2mms[22m[39m
 [32m✓[39m [30m[43m @makanmakan/utils [49m[39m src/__tests__/performance-monitor.test.ts[2m > [22mPerformanceMonitor[2m > [22mReport Generation[2m > [22mshould include web vitals in report[32m 2[2mms[22m[39m
 [32m✓[39m [30m[43m @makanmakan/utils [49m[39m src/__tests__/performance-monitor.test.ts[2m > [22mPerformanceMonitor[2m > [22mReport Generation[2m > [22mshould call onReport callback when sending report[32m 3[2mms[22m[39m
 [32m✓[39m [30m[43m @makanmakan/utils [49m[39m src/__tests__/performance-monitor.test.ts[2m > [22mPerformanceMonitor[2m > [22mReport Generation[2m > [22mshould respect sample rate when sending report[32m 1[2mms[22m[39m
 [32m✓[39m [30m[43m @makanmakan/utils [49m[39m src/__tests__/performance-monitor.test.ts[2m > [22mPerformanceMonitor[2m > [22mReport Generation[2m > [22mshould handle report callback errors[32m 3[2mms[22m[39m
 [32m✓[39m [30m[43m @makanmakan/utils [49m[39m src/__tests__/performance-monitor.test.ts[2m > [22mPerformanceMonitor[2m > [22mResource Timing[2m > [22mshould get resource timings[32m 3[2mms[22m[39m
 [32m✓[39m [30m[43m @makanmakan/utils [49m[39m src/__tests__/performance-monitor.test.ts[2m > [22mPerformanceMonitor[2m > [22mResource Timing[2m > [22mshould return empty array when resource tracking disabled[32m 1[2mms[22m[39m
 [32m✓[39m [30m[43m @makanmakan/utils [49m[39m src/__tests__/performance-monitor.test.ts[2m > [22mPerformanceMonitor[2m > [22mResource Timing[2m > [22mshould categorize resources correctly[32m 2[2mms[22m[39m
 [32m✓[39m [30m[43m @makanmakan/utils [49m[39m src/__tests__/performance-monitor.test.ts[2m > [22mPerformanceMonitor[2m > [22mDebug Mode[2m > [22mshould log metrics in debug mode[32m 18[2mms[22m[39m
 [32m✓[39m [30m[43m @makanmakan/utils [49m[39m src/__tests__/performance-monitor.test.ts[2m > [22mPerformanceMonitor[2m > [22mDebug Mode[2m > [22mshould not log when debug is disabled[32m 3[2mms[22m[39m
 [32m✓[39m [30m[43m @makanmakan/utils [49m[39m src/__tests__/performance-monitor.test.ts[2m > [22mPerformanceMonitor[2m > [22mOptions[2m > [22mshould respect enabled option[32m 4[2mms[22m[39m
 [32m✓[39m [30m[43m @makanmakan/utils [49m[39m src/__tests__/performance-monitor.test.ts[2m > [22mPerformanceMonitor[2m > [22mOptions[2m > [22mshould apply default options[32m 4[2mms[22m[39m
 [32m✓[39m [30m[43m @makanmakan/utils [49m[39m src/__tests__/performance-monitor.test.ts[2m > [22mGlobal Performance Monitor[2m > [22mshould return same instance on multiple calls[32m 1[2mms[22m[39m
 [32m✓[39m [30m[43m @makanmakan/utils [49m[39m src/__tests__/performance-monitor.test.ts[2m > [22mGlobal Performance Monitor[2m > [22mshould create new instance after reset[32m 1[2mms[22m[39m
 [32m✓[39m [30m[43m @makanmakan/utils [49m[39m src/__tests__/performance-monitor.test.ts[2m > [22mGlobal Performance Monitor[2m > [22mshould disconnect observer on reset[32m 1[2mms[22m[39m
[90mstdout[2m | src/features/group-orders/__tests__/e2e.test.ts[2m > [22m[2mGroup Orders E2E Tests[2m > [22m[2mPOST /api/v1/orders/group/:groupOrderId/cart - Add Cart Item[2m > [22m[2mshould add item to cart successfully
[22m[39m[orders] INFO: Orders API request completed {
  method: [32m'POST'[39m,
  path: [32m'/api/v1/orders/group/a68b92cb-d745-41c3-a929-8270f7b709c9/cart'[39m,
  status: [33m200[39m,
  duration: [32m'300ms'[39m,
  userAgent: [32m'unknown'[39m
}

[90mstdout[2m | src/features/group-orders/__tests__/e2e.test.ts[2m > [22m[2mGroup Orders E2E Tests[2m > [22m[2mPOST /api/v1/orders/group/:groupOrderId/cart - Add Cart Item[2m > [22m[2mshould add item to cart successfully
[22m[39m[API_V1] Response status: 200

 [32m✓[39m [30m[42m @makanmakan/api [49m[39m src/features/group-orders/__tests__/e2e.test.ts[2m > [22mGroup Orders E2E Tests[2m > [22mPOST /api/v1/orders/group/:groupOrderId/cart - Add Cart Item[2m > [22mshould add item to cart successfully[33m 1400[2mms[22m[39m
[90mstdout[2m | src/features/group-orders/__tests__/e2e.test.ts[2m > [22m[2mGroup Orders E2E Tests[2m > [22m[2mPOST /api/v1/orders/group/:groupOrderId/cart - Add Cart Item[2m > [22m[2mshould reject adding item with invalid member ID
[22m[39m[SharedMockDB] EXEC executed successfully

[90mstdout[2m | src/features/group-orders/__tests__/e2e.test.ts[2m > [22m[2mGroup Orders E2E Tests[2m > [22m[2mPOST /api/v1/orders/group/:groupOrderId/cart - Add Cart Item[2m > [22m[2mshould reject adding item with invalid member ID
[22m[39m[SharedMockDB] EXEC executed successfully

[90mstdout[2m | src/features/group-orders/__tests__/e2e.test.ts[2m > [22m[2mGroup Orders E2E Tests[2m > [22m[2mPOST /api/v1/orders/group/:groupOrderId/cart - Add Cart Item[2m > [22m[2mshould reject adding item with invalid member ID
[22m[39m[SharedMockDB] EXEC executed successfully

[90mstdout[2m | src/features/group-orders/__tests__/e2e.test.ts[2m > [22m[2mGroup Orders E2E Tests[2m > [22m[2mPOST /api/v1/orders/group/:groupOrderId/cart - Add Cart Item[2m > [22m[2mshould reject adding item with invalid member ID
[22m[39m[SharedMockDB] EXEC executed successfully

[90mstdout[2m | src/features/group-orders/__tests__/e2e.test.ts[2m > [22m[2mGroup Orders E2E Tests[2m > [22m[2mPOST /api/v1/orders/group/:groupOrderId/cart - Add Cart Item[2m > [22m[2mshould reject adding item with invalid member ID
[22m[39m[SharedMockDB] EXEC executed successfully

[90mstdout[2m | src/features/group-orders/__tests__/e2e.test.ts[2m > [22m[2mGroup Orders E2E Tests[2m > [22m[2mPOST /api/v1/orders/group/:groupOrderId/cart - Add Cart Item[2m > [22m[2mshould reject adding item with invalid member ID
[22m[39m[API_V1] POST /api/v1/orders/group/create

[90mstdout[2m | src/features/group-orders/__tests__/e2e.test.ts[2m > [22m[2mGroup Orders E2E Tests[2m > [22m[2mPOST /api/v1/orders/group/:groupOrderId/cart - Add Cart Item[2m > [22m[2mshould reject adding item with invalid member ID
[22m[39m[group-orders] Creating group order { restaurantId: [33m1[39m, hostId: [33m2[39m }
[SharedMockDB] RUN executed: {
  sql: [32m'\n'[39m +
    [32m'        INSERT INTO group_orders (\n'[39m +
    [32m'          id, restaurant_id, table_id, share_code, created_by,\n'[39m +
    [32m' '[39m,
  changes: [33m1[39m,
  lastInsertRowid: [33m1[39m
}

[90mstdout[2m | src/features/group-orders/__tests__/e2e.test.ts[2m > [22m[2mGroup Orders E2E Tests[2m > [22m[2mPOST /api/v1/orders/group/:groupOrderId/cart - Add Cart Item[2m > [22m[2mshould reject adding item with invalid member ID
[22m[39m[SharedMockDB] RUN executed: {
  sql: [32m'\n'[39m +
    [32m'        INSERT INTO group_members (\n'[39m +
    [32m'          id, group_order_id, session_id, name, role,\n'[39m +
    [32m'         '[39m,
  changes: [33m1[39m,
  lastInsertRowid: [33m1[39m
}

[90mstdout[2m | src/features/group-orders/__tests__/e2e.test.ts[2m > [22m[2mGroup Orders E2E Tests[2m > [22m[2mPOST /api/v1/orders/group/:groupOrderId/cart - Add Cart Item[2m > [22m[2mshould reject adding item with invalid member ID
[22m[39m[SharedMockDB] RUN executed: {
  sql: [32m'\n'[39m +
    [32m'      INSERT INTO group_activity_logs (\n'[39m +
    [32m'        id, group_order_id, member_id, action, description,'[39m,
  changes: [33m1[39m,
  lastInsertRowid: [33m1[39m
}

[90mstdout[2m | src/features/group-orders/__tests__/e2e.test.ts[2m > [22m[2mGroup Orders E2E Tests[2m > [22m[2mPOST /api/v1/orders/group/:groupOrderId/cart - Add Cart Item[2m > [22m[2mshould reject adding item with invalid member ID
[22m[39m[SharedMockDB] FIRST executed: {
  sql: [32m'\n        SELECT * FROM group_members WHERE id = ?\n      '[39m,
  hasResult: [33mtrue[39m
}

[90mstdout[2m | src/features/group-orders/__tests__/e2e.test.ts[2m > [22m[2mGroup Orders E2E Tests[2m > [22m[2mPOST /api/v1/orders/group/:groupOrderId/cart - Add Cart Item[2m > [22m[2mshould reject adding item with invalid member ID
[22m[39m[group-orders] Group order created successfully {
  groupOrderId: [32m'c7874c6f-b74c-4ccc-b6bc-15f0c810e476'[39m,
  shareCode: [32m'UTG51NZL'[39m
}
[group-orders] createGroupOrder took 6ms

[90mstdout[2m | src/features/group-orders/__tests__/e2e.test.ts[2m > [22m[2mGroup Orders E2E Tests[2m > [22m[2mPOST /api/v1/orders/group/:groupOrderId/cart - Add Cart Item[2m > [22m[2mshould reject adding item with invalid member ID
[22m[39m[orders] INFO: Orders API request completed {
  method: [32m'POST'[39m,
  path: [32m'/api/v1/orders/group/create'[39m,
  status: [33m200[39m,
  duration: [32m'225ms'[39m,
  userAgent: [32m'unknown'[39m
}

[90mstdout[2m | src/features/group-orders/__tests__/e2e.test.ts[2m > [22m[2mGroup Orders E2E Tests[2m > [22m[2mPOST /api/v1/orders/group/:groupOrderId/cart - Add Cart Item[2m > [22m[2mshould reject adding item with invalid member ID
[22m[39m[API_V1] Response status: 200

[90mstdout[2m | src/features/group-orders/__tests__/e2e.test.ts[2m > [22m[2mGroup Orders E2E Tests[2m > [22m[2mPOST /api/v1/orders/group/:groupOrderId/cart - Add Cart Item[2m > [22m[2mshould reject adding item with invalid member ID
[22m[39m[API_V1] POST /api/v1/orders/group/join/UTG51NZL

[90mstdout[2m | src/features/group-orders/__tests__/e2e.test.ts[2m > [22m[2mGroup Orders E2E Tests[2m > [22m[2mPOST /api/v1/orders/group/:groupOrderId/cart - Add Cart Item[2m > [22m[2mshould reject adding item with invalid member ID
[22m[39m[group-orders] Member joining group { shareCode: [32m'UTG51NZL'[39m, memberName: [32m'Jane Doe'[39m }
[SharedMockDB] FIRST executed: {
  sql: [32m'\n'[39m +
    [32m'        SELECT * FROM group_orders\n'[39m +
    [32m'        WHERE share_code = ?\n'[39m +
    [32m"        AND status = 'active'\n"[39m +
    [32m'     '[39m,
  hasResult: [33mtrue[39m
}

[90mstdout[2m | src/features/group-orders/__tests__/e2e.test.ts[2m > [22m[2mGroup Orders E2E Tests[2m > [22m[2mPOST /api/v1/orders/group/:groupOrderId/cart - Add Cart Item[2m > [22m[2mshould reject adding item with invalid member ID
[22m[39m[SharedMockDB] FIRST executed: {
  sql: [32m'\n'[39m +
    [32m'        SELECT COUNT(*) as count FROM group_members\n'[39m +
    [32m'        WHERE group_order_id = ? AND left_at IS'[39m,
  hasResult: [33mtrue[39m
}

[90mstdout[2m | src/features/group-orders/__tests__/e2e.test.ts[2m > [22m[2mGroup Orders E2E Tests[2m > [22m[2mPOST /api/v1/orders/group/:groupOrderId/cart - Add Cart Item[2m > [22m[2mshould reject adding item with invalid member ID
[22m[39m[SharedMockDB] FIRST executed: {
  sql: [32m'\n'[39m +
    [32m'        SELECT * FROM group_members\n'[39m +
    [32m'        WHERE group_order_id = ? AND name = ? AND left_at IS NU'[39m,
  hasResult: [33mfalse[39m
}

[90mstdout[2m | src/features/group-orders/__tests__/e2e.test.ts[2m > [22m[2mGroup Orders E2E Tests[2m > [22m[2mPOST /api/v1/orders/group/:groupOrderId/cart - Add Cart Item[2m > [22m[2mshould reject adding item with invalid member ID
[22m[39m[SharedMockDB] RUN executed: {
  sql: [32m'\n'[39m +
    [32m'        INSERT INTO group_members (\n'[39m +
    [32m'          id, group_order_id, session_id, name, phone, email, r'[39m,
  changes: [33m1[39m,
  lastInsertRowid: [33m2[39m
}

[90mstdout[2m | src/features/group-orders/__tests__/e2e.test.ts[2m > [22m[2mGroup Orders E2E Tests[2m > [22m[2mPOST /api/v1/orders/group/:groupOrderId/cart - Add Cart Item[2m > [22m[2mshould reject adding item with invalid member ID
[22m[39m[SharedMockDB] RUN executed: {
  sql: [32m'\n'[39m +
    [32m'      INSERT INTO group_activity_logs (\n'[39m +
    [32m'        id, group_order_id, member_id, action, description,'[39m,
  changes: [33m1[39m,
  lastInsertRowid: [33m2[39m
}

[90mstdout[2m | src/features/group-orders/__tests__/e2e.test.ts[2m > [22m[2mGroup Orders E2E Tests[2m > [22m[2mPOST /api/v1/orders/group/:groupOrderId/cart - Add Cart Item[2m > [22m[2mshould reject adding item with invalid member ID
[22m[39m[SharedMockDB] FIRST executed: {
  sql: [32m'\n        SELECT * FROM group_members WHERE id = ?\n      '[39m,
  hasResult: [33mtrue[39m
}

[90mstdout[2m | src/features/group-orders/__tests__/e2e.test.ts[2m > [22m[2mGroup Orders E2E Tests[2m > [22m[2mPOST /api/v1/orders/group/:groupOrderId/cart - Add Cart Item[2m > [22m[2mshould reject adding item with invalid member ID
[22m[39m[group-orders] Member joined group successfully {
  groupOrderId: [32m'c7874c6f-b74c-4ccc-b6bc-15f0c810e476'[39m,
  memberId: [32m'1b2a4e3e-7a4f-4949-83ed-3bfe0f1c1f97'[39m,
  memberName: [32m'Jane Doe'[39m
}
[group-orders] joinGroup took 6ms

[90mstdout[2m | src/features/group-orders/__tests__/e2e.test.ts[2m > [22m[2mGroup Orders E2E Tests[2m > [22m[2mPOST /api/v1/orders/group/:groupOrderId/cart - Add Cart Item[2m > [22m[2mshould reject adding item with invalid member ID
[22m[39m[orders] INFO: Orders API request completed {
  method: [32m'POST'[39m,
  path: [32m'/api/v1/orders/group/join/UTG51NZL'[39m,
  status: [33m200[39m,
  duration: [32m'318ms'[39m,
  userAgent: [32m'unknown'[39m
}

[90mstdout[2m | src/features/group-orders/__tests__/e2e.test.ts[2m > [22m[2mGroup Orders E2E Tests[2m > [22m[2mPOST /api/v1/orders/group/:groupOrderId/cart - Add Cart Item[2m > [22m[2mshould reject adding item with invalid member ID
[22m[39m[API_V1] Response status: 200

[90mstdout[2m | src/features/group-orders/__tests__/e2e.test.ts[2m > [22m[2mGroup Orders E2E Tests[2m > [22m[2mPOST /api/v1/orders/group/:groupOrderId/cart - Add Cart Item[2m > [22m[2mshould reject adding item with invalid member ID
[22m[39m[API_V1] POST /api/v1/orders/group/c7874c6f-b74c-4ccc-b6bc-15f0c810e476/cart

[90mstdout[2m | src/features/group-orders/__tests__/e2e.test.ts[2m > [22m[2mGroup Orders E2E Tests[2m > [22m[2mPOST /api/v1/orders/group/:groupOrderId/cart - Add Cart Item[2m > [22m[2mshould reject adding item with invalid member ID
[22m[39m[orders] INFO: Orders API request completed {
  method: [32m'POST'[39m,
  path: [32m'/api/v1/orders/group/c7874c6f-b74c-4ccc-b6bc-15f0c810e476/cart'[39m,
  status: [33m400[39m,
  duration: [32m'1ms'[39m,
  userAgent: [32m'unknown'[39m
}

[90mstdout[2m | src/features/group-orders/__tests__/e2e.test.ts[2m > [22m[2mGroup Orders E2E Tests[2m > [22m[2mPOST /api/v1/orders/group/:groupOrderId/cart - Add Cart Item[2m > [22m[2mshould reject adding item with invalid member ID
[22m[39m[API_V1] Response status: 400

[90mstdout[2m | src/features/group-orders/__tests__/e2e.test.ts[2m > [22m[2mGroup Orders E2E Tests[2m > [22m[2mPOST /api/v1/orders/group/:groupOrderId/cart - Add Cart Item[2m > [22m[2mshould reject adding item with invalid menu item ID
[22m[39m[SharedMockDB] EXEC executed successfully

[90mstdout[2m | src/features/group-orders/__tests__/e2e.test.ts[2m > [22m[2mGroup Orders E2E Tests[2m > [22m[2mPOST /api/v1/orders/group/:groupOrderId/cart - Add Cart Item[2m > [22m[2mshould reject adding item with invalid menu item ID
[22m[39m[SharedMockDB] EXEC executed successfully

[90mstdout[2m | src/features/group-orders/__tests__/e2e.test.ts[2m > [22m[2mGroup Orders E2E Tests[2m > [22m[2mPOST /api/v1/orders/group/:groupOrderId/cart - Add Cart Item[2m > [22m[2mshould reject adding item with invalid menu item ID
[22m[39m[SharedMockDB] EXEC executed successfully

[90mstdout[2m | src/features/group-orders/__tests__/e2e.test.ts[2m > [22m[2mGroup Orders E2E Tests[2m > [22m[2mPOST /api/v1/orders/group/:groupOrderId/cart - Add Cart Item[2m > [22m[2mshould reject adding item with invalid menu item ID
[22m[39m[SharedMockDB] EXEC executed successfully

[90mstdout[2m | src/features/group-orders/__tests__/e2e.test.ts[2m > [22m[2mGroup Orders E2E Tests[2m > [22m[2mPOST /api/v1/orders/group/:groupOrderId/cart - Add Cart Item[2m > [22m[2mshould reject adding item with invalid menu item ID
[22m[39m[SharedMockDB] EXEC executed successfully

[90mstdout[2m | src/features/group-orders/__tests__/e2e.test.ts[2m > [22m[2mGroup Orders E2E Tests[2m > [22m[2mPOST /api/v1/orders/group/:groupOrderId/cart - Add Cart Item[2m > [22m[2mshould reject adding item with invalid menu item ID
[22m[39m[API_V1] POST /api/v1/orders/group/create

[90mstdout[2m | src/features/group-orders/__tests__/e2e.test.ts[2m > [22m[2mGroup Orders E2E Tests[2m > [22m[2mPOST /api/v1/orders/group/:groupOrderId/cart - Add Cart Item[2m > [22m[2mshould reject adding item with invalid menu item ID
[22m[39m[group-orders] Creating group order { restaurantId: [33m1[39m, hostId: [33m2[39m }
[SharedMockDB] RUN executed: {
  sql: [32m'\n'[39m +
    [32m'        INSERT INTO group_orders (\n'[39m +
    [32m'          id, restaurant_id, table_id, share_code, created_by,\n'[39m +
    [32m' '[39m,
  changes: [33m1[39m,
  lastInsertRowid: [33m1[39m
}

[90mstdout[2m | src/features/group-orders/__tests__/e2e.test.ts[2m > [22m[2mGroup Orders E2E Tests[2m > [22m[2mPOST /api/v1/orders/group/:groupOrderId/cart - Add Cart Item[2m > [22m[2mshould reject adding item with invalid menu item ID
[22m[39m[SharedMockDB] RUN executed: {
  sql: [32m'\n'[39m +
    [32m'        INSERT INTO group_members (\n'[39m +
    [32m'          id, group_order_id, session_id, name, role,\n'[39m +
    [32m'         '[39m,
  changes: [33m1[39m,
  lastInsertRowid: [33m1[39m
}

[90mstdout[2m | src/features/group-orders/__tests__/e2e.test.ts[2m > [22m[2mGroup Orders E2E Tests[2m > [22m[2mPOST /api/v1/orders/group/:groupOrderId/cart - Add Cart Item[2m > [22m[2mshould reject adding item with invalid menu item ID
[22m[39m[SharedMockDB] RUN executed: {
  sql: [32m'\n'[39m +
    [32m'      INSERT INTO group_activity_logs (\n'[39m +
    [32m'        id, group_order_id, member_id, action, description,'[39m,
  changes: [33m1[39m,
  lastInsertRowid: [33m1[39m
}

[90mstdout[2m | src/features/group-orders/__tests__/e2e.test.ts[2m > [22m[2mGroup Orders E2E Tests[2m > [22m[2mPOST /api/v1/orders/group/:groupOrderId/cart - Add Cart Item[2m > [22m[2mshould reject adding item with invalid menu item ID
[22m[39m[SharedMockDB] FIRST executed: {
  sql: [32m'\n        SELECT * FROM group_members WHERE id = ?\n      '[39m,
  hasResult: [33mtrue[39m
}

[90mstdout[2m | src/features/group-orders/__tests__/e2e.test.ts[2m > [22m[2mGroup Orders E2E Tests[2m > [22m[2mPOST /api/v1/orders/group/:groupOrderId/cart - Add Cart Item[2m > [22m[2mshould reject adding item with invalid menu item ID
[22m[39m[group-orders] Group order created successfully {
  groupOrderId: [32m'd3b8d46d-be4b-4eb7-ad90-477c22d22dc9'[39m,
  shareCode: [32m'FJK3KBF3'[39m
}
[group-orders] createGroupOrder took 13ms

 [32m✓[39m [30m[42m @makanmakan/api [49m[39m src/features/group-orders/__tests__/e2e.test.ts[2m > [22mGroup Orders E2E Tests[2m > [22mPOST /api/v1/orders/group/:groupOrderId/cart - Add Cart Item[2m > [22mshould reject adding item with invalid member ID[33m 558[2mms[22m[39m
[90mstdout[2m | src/features/group-orders/__tests__/e2e.test.ts[2m > [22m[2mGroup Orders E2E Tests[2m > [22m[2mPOST /api/v1/orders/group/:groupOrderId/cart - Add Cart Item[2m > [22m[2mshould reject adding item with invalid menu item ID
[22m[39m[orders] INFO: Orders API request completed {
  method: [32m'POST'[39m,
  path: [32m'/api/v1/orders/group/create'[39m,
  status: [33m200[39m,
  duration: [32m'224ms'[39m,
  userAgent: [32m'unknown'[39m
}

[90mstdout[2m | src/features/group-orders/__tests__/e2e.test.ts[2m > [22m[2mGroup Orders E2E Tests[2m > [22m[2mPOST /api/v1/orders/group/:groupOrderId/cart - Add Cart Item[2m > [22m[2mshould reject adding item with invalid menu item ID
[22m[39m[API_V1] Response status: 200

[90mstdout[2m | src/features/group-orders/__tests__/e2e.test.ts[2m > [22m[2mGroup Orders E2E Tests[2m > [22m[2mPOST /api/v1/orders/group/:groupOrderId/cart - Add Cart Item[2m > [22m[2mshould reject adding item with invalid menu item ID
[22m[39m[API_V1] POST /api/v1/orders/group/join/FJK3KBF3

[90mstdout[2m | src/features/group-orders/__tests__/e2e.test.ts[2m > [22m[2mGroup Orders E2E Tests[2m > [22m[2mPOST /api/v1/orders/group/:groupOrderId/cart - Add Cart Item[2m > [22m[2mshould reject adding item with invalid menu item ID
[22m[39m[group-orders] Member joining group { shareCode: [32m'FJK3KBF3'[39m, memberName: [32m'Jane Doe'[39m }
[SharedMockDB] FIRST executed: {
  sql: [32m'\n'[39m +
    [32m'        SELECT * FROM group_orders\n'[39m +
    [32m'        WHERE share_code = ?\n'[39m +
    [32m"        AND status = 'active'\n"[39m +
    [32m'     '[39m,
  hasResult: [33mtrue[39m
}

[90mstdout[2m | src/features/group-orders/__tests__/e2e.test.ts[2m > [22m[2mGroup Orders E2E Tests[2m > [22m[2mPOST /api/v1/orders/group/:groupOrderId/cart - Add Cart Item[2m > [22m[2mshould reject adding item with invalid menu item ID
[22m[39m[SharedMockDB] FIRST executed: {
  sql: [32m'\n'[39m +
    [32m'        SELECT COUNT(*) as count FROM group_members\n'[39m +
    [32m'        WHERE group_order_id = ? AND left_at IS'[39m,
  hasResult: [33mtrue[39m
}

[90mstdout[2m | src/features/group-orders/__tests__/e2e.test.ts[2m > [22m[2mGroup Orders E2E Tests[2m > [22m[2mPOST /api/v1/orders/group/:groupOrderId/cart - Add Cart Item[2m > [22m[2mshould reject adding item with invalid menu item ID
[22m[39m[SharedMockDB] FIRST executed: {
  sql: [32m'\n'[39m +
    [32m'        SELECT * FROM group_members\n'[39m +
    [32m'        WHERE group_order_id = ? AND name = ? AND left_at IS NU'[39m,
  hasResult: [33mfalse[39m
}

[90mstdout[2m | src/features/group-orders/__tests__/e2e.test.ts[2m > [22m[2mGroup Orders E2E Tests[2m > [22m[2mPOST /api/v1/orders/group/:groupOrderId/cart - Add Cart Item[2m > [22m[2mshould reject adding item with invalid menu item ID
[22m[39m[SharedMockDB] RUN executed: {
  sql: [32m'\n'[39m +
    [32m'        INSERT INTO group_members (\n'[39m +
    [32m'          id, group_order_id, session_id, name, phone, email, r'[39m,
  changes: [33m1[39m,
  lastInsertRowid: [33m2[39m
}

[90mstdout[2m | src/features/group-orders/__tests__/e2e.test.ts[2m > [22m[2mGroup Orders E2E Tests[2m > [22m[2mPOST /api/v1/orders/group/:groupOrderId/cart - Add Cart Item[2m > [22m[2mshould reject adding item with invalid menu item ID
[22m[39m[SharedMockDB] RUN executed: {
  sql: [32m'\n'[39m +
    [32m'      INSERT INTO group_activity_logs (\n'[39m +
    [32m'        id, group_order_id, member_id, action, description,'[39m,
  changes: [33m1[39m,
  lastInsertRowid: [33m2[39m
}

[90mstdout[2m | src/features/group-orders/__tests__/e2e.test.ts[2m > [22m[2mGroup Orders E2E Tests[2m > [22m[2mPOST /api/v1/orders/group/:groupOrderId/cart - Add Cart Item[2m > [22m[2mshould reject adding item with invalid menu item ID
[22m[39m[SharedMockDB] FIRST executed: {
  sql: [32m'\n        SELECT * FROM group_members WHERE id = ?\n      '[39m,
  hasResult: [33mtrue[39m
}

[90mstdout[2m | src/features/group-orders/__tests__/e2e.test.ts[2m > [22m[2mGroup Orders E2E Tests[2m > [22m[2mPOST /api/v1/orders/group/:groupOrderId/cart - Add Cart Item[2m > [22m[2mshould reject adding item with invalid menu item ID
[22m[39m[group-orders] Member joined group successfully {
  groupOrderId: [32m'd3b8d46d-be4b-4eb7-ad90-477c22d22dc9'[39m,
  memberId: [32m'5a80d8dc-53c0-4a4c-9cea-9887c9de3b84'[39m,
  memberName: [32m'Jane Doe'[39m
}
[group-orders] joinGroup took 5ms

 [32m✓[39m [30m[43m @makanmakan/utils [49m[39m src/__tests__/request-deduplication.test.ts[2m > [22mRequestDeduplicator[2m > [22mBasic Deduplication[2m > [22mshould deduplicate identical concurrent requests[32m 31[2mms[22m[39m
 [32m✓[39m [30m[43m @makanmakan/utils [49m[39m src/__tests__/request-deduplication.test.ts[2m > [22mRequestDeduplicator[2m > [22mBasic Deduplication[2m > [22mshould not deduplicate requests with different keys[32m 4[2mms[22m[39m
 [32m✓[39m [30m[43m @makanmakan/utils [49m[39m src/__tests__/request-deduplication.test.ts[2m > [22mRequestDeduplicator[2m > [22mBasic Deduplication[2m > [22mshould return cached result within TTL window[32m 2[2mms[22m[39m
 [32m✓[39m [30m[43m @makanmakan/utils [49m[39m src/__tests__/request-deduplication.test.ts[2m > [22mRequestDeduplicator[2m > [22mBasic Deduplication[2m > [22mshould execute new request after TTL expires[32m 3[2mms[22m[39m
 [32m✓[39m [30m[43m @makanmakan/utils [49m[39m src/__tests__/request-deduplication.test.ts[2m > [22mRequestDeduplicator[2m > [22mTTL and Custom Options[2m > [22mshould respect custom TTL option[32m 3[2mms[22m[39m
 [32m✓[39m [30m[43m @makanmakan/utils [49m[39m src/__tests__/request-deduplication.test.ts[2m > [22mRequestDeduplicator[2m > [22mTTL and Custom Options[2m > [22mshould use custom cache duration from constructor[32m 2[2mms[22m[39m
 [32m✓[39m [30m[43m @makanmakan/utils [49m[39m src/__tests__/request-deduplication.test.ts[2m > [22mRequestDeduplicator[2m > [22mTTL and Custom Options[2m > [22mshould use custom key generator[32m 3[2mms[22m[39m
 [32m✓[39m [30m[43m @makanmakan/utils [49m[39m src/__tests__/request-deduplication.test.ts[2m > [22mRequestDeduplicator[2m > [22mCache Size Management[2m > [22mshould enforce maximum cache size[32m 2[2mms[22m[39m
 [32m✓[39m [30m[43m @makanmakan/utils [49m[39m src/__tests__/request-deduplication.test.ts[2m > [22mRequestDeduplicator[2m > [22mCache Size Management[2m > [22mshould evict oldest entry when cache is full[32m 3[2mms[22m[39m
 [32m✓[39m [30m[43m @makanmakan/utils [49m[39m src/__tests__/request-deduplication.test.ts[2m > [22mRequestDeduplicator[2m > [22mError Handling[2m > [22mshould not cache failed requests[32m 5[2mms[22m[39m
 [32m✓[39m [30m[43m @makanmakan/utils [49m[39m src/__tests__/request-deduplication.test.ts[2m > [22mRequestDeduplicator[2m > [22mError Handling[2m > [22mshould deduplicate concurrent requests even if they fail[32m 10[2mms[22m[39m
 [32m✓[39m [30m[43m @makanmakan/utils [49m[39m src/__tests__/request-deduplication.test.ts[2m > [22mRequestDeduplicator[2m > [22mCache Invalidation[2m > [22mshould invalidate specific cache entry[32m 4[2mms[22m[39m
 [32m✓[39m [30m[43m @makanmakan/utils [49m[39m src/__tests__/request-deduplication.test.ts[2m > [22mRequestDeduplicator[2m > [22mCache Invalidation[2m > [22mshould invalidate entries matching pattern[32m 10[2mms[22m[39m
 [32m✓[39m [30m[43m @makanmakan/utils [49m[39m src/__tests__/request-deduplication.test.ts[2m > [22mRequestDeduplicator[2m > [22mCache Invalidation[2m > [22mshould clear all cache entries[32m 24[2mms[22m[39m
 [32m✓[39m [30m[43m @makanmakan/utils [49m[39m src/__tests__/request-deduplication.test.ts[2m > [22mRequestDeduplicator[2m > [22mStatistics[2m > [22mshould track subscriber count[32m 4[2mms[22m[39m
 [32m✓[39m [30m[43m @makanmakan/utils [49m[39m src/__tests__/request-deduplication.test.ts[2m > [22mRequestDeduplicator[2m > [22mStatistics[2m > [22mshould calculate average cache age[32m 2[2mms[22m[39m
 [32m✓[39m [30m[43m @makanmakan/utils [49m[39m src/__tests__/request-deduplication.test.ts[2m > [22mRequestDeduplicator[2m > [22mStatistics[2m > [22mshould report cache size and max size[32m 1[2mms[22m[39m
 [32m✓[39m [30m[43m @makanmakan/utils [49m[39m src/__tests__/request-deduplication.test.ts[2m > [22mRequestDeduplicator[2m > [22mdedupeByArgs[2m > [22mshould auto-generate key from arguments[32m 1[2mms[22m[39m
 [32m✓[39m [30m[43m @makanmakan/utils [49m[39m src/__tests__/request-deduplication.test.ts[2m > [22mRequestDeduplicator[2m > [22mdedupeByArgs[2m > [22mshould treat different arguments as different keys[32m 1[2mms[22m[39m
 [32m✓[39m [30m[43m @makanmakan/utils [49m[39m src/__tests__/request-deduplication.test.ts[2m > [22mRequestDeduplicator[2m > [22mCleanup[2m > [22mshould automatically cleanup expired entries[32m 1[2mms[22m[39m
 [32m✓[39m [30m[43m @makanmakan/utils [49m[39m src/__tests__/request-deduplication.test.ts[2m > [22mGlobal Deduplicator[2m > [22mshould return same instance on multiple calls[32m 0[2mms[22m[39m
 [32m✓[39m [30m[43m @makanmakan/utils [49m[39m src/__tests__/request-deduplication.test.ts[2m > [22mGlobal Deduplicator[2m > [22mshould create new instance after reset[32m 1[2mms[22m[39m
 [32m✓[39m [30m[43m @makanmakan/utils [49m[39m src/__tests__/request-deduplication.test.ts[2m > [22mGlobal Deduplicator[2m > [22mshould accept options on first call[32m 1[2mms[22m[39m
 [32m✓[39m [30m[43m @makanmakan/utils [49m[39m src/__tests__/request-deduplication.test.ts[2m > [22mwithDeduplication HOF[2m > [22mshould wrap function with deduplication[32m 1[2mms[22m[39m
 [32m✓[39m [30m[43m @makanmakan/utils [49m[39m src/__tests__/request-deduplication.test.ts[2m > [22mwithDeduplication HOF[2m > [22mshould preserve function signature[32m 15[2mms[22m[39m
 [32m✓[39m [30m[43m @makanmakan/utils [49m[39m src/__tests__/request-deduplication.test.ts[2m > [22mbatchDedupe[2m > [22mshould deduplicate identical requests in batch[32m 4[2mms[22m[39m
 [32m✓[39m [30m[43m @makanmakan/utils [49m[39m src/__tests__/request-deduplication.test.ts[2m > [22mbatchDedupe[2m > [22mshould handle empty batch[32m 2[2mms[22m[39m
 [32m✓[39m [30m[43m @makanmakan/utils [49m[39m src/__tests__/request-deduplication.test.ts[2m > [22mbatchDedupe[2m > [22mshould preserve request order in results[32m 2[2mms[22m[39m
 [32m✓[39m [30m[43m @makanmakan/utils [49m[39m src/__tests__/request-deduplication.test.ts[2m > [22mDebug Mode[2m > [22mshould log cache hits in debug mode[32m 7[2mms[22m[39m
 [32m✓[39m [30m[43m @makanmakan/utils [49m[39m src/__tests__/request-deduplication.test.ts[2m > [22mDebug Mode[2m > [22mshould log cache misses in debug mode[32m 2[2mms[22m[39m
 [32m✓[39m [30m[43m @makanmakan/utils [49m[39m src/__tests__/request-deduplication.test.ts[2m > [22mDebug Mode[2m > [22mshould log errors in debug mode[32m 3[2mms[22m[39m
[90mstdout[2m | src/features/group-orders/__tests__/e2e.test.ts[2m > [22m[2mGroup Orders E2E Tests[2m > [22m[2mPOST /api/v1/orders/group/:groupOrderId/cart - Add Cart Item[2m > [22m[2mshould reject adding item with invalid menu item ID
[22m[39m[orders] INFO: Orders API request completed {
  method: [32m'POST'[39m,
  path: [32m'/api/v1/orders/group/join/FJK3KBF3'[39m,
  status: [33m200[39m,
  duration: [32m'325ms'[39m,
  userAgent: [32m'unknown'[39m
}

[90mstdout[2m | src/features/group-orders/__tests__/e2e.test.ts[2m > [22m[2mGroup Orders E2E Tests[2m > [22m[2mPOST /api/v1/orders/group/:groupOrderId/cart - Add Cart Item[2m > [22m[2mshould reject adding item with invalid menu item ID
[22m[39m[API_V1] Response status: 200

[90mstdout[2m | src/features/group-orders/__tests__/e2e.test.ts[2m > [22m[2mGroup Orders E2E Tests[2m > [22m[2mPOST /api/v1/orders/group/:groupOrderId/cart - Add Cart Item[2m > [22m[2mshould reject adding item with invalid menu item ID
[22m[39m[API_V1] POST /api/v1/orders/group/d3b8d46d-be4b-4eb7-ad90-477c22d22dc9/cart

[90mstdout[2m | src/features/group-orders/__tests__/e2e.test.ts[2m > [22m[2mGroup Orders E2E Tests[2m > [22m[2mPOST /api/v1/orders/group/:groupOrderId/cart - Add Cart Item[2m > [22m[2mshould reject adding item with invalid menu item ID
[22m[39m[SharedMockDB] FIRST executed: {
  sql: [32m'\n      SELECT * FROM group_orders WHERE id = ?\n    '[39m,
  hasResult: [33mtrue[39m
}

[90mstdout[2m | src/features/group-orders/__tests__/e2e.test.ts[2m > [22m[2mGroup Orders E2E Tests[2m > [22m[2mPOST /api/v1/orders/group/:groupOrderId/cart - Add Cart Item[2m > [22m[2mshould reject adding item with invalid menu item ID
[22m[39m[SharedMockDB] FIRST executed: {
  sql: [32m'\n'[39m +
    [32m'      SELECT * FROM group_members\n'[39m +
    [32m'      WHERE id = ? AND group_order_id = ? AND left_at IS NULL\n'[39m +
    [32m'   '[39m,
  hasResult: [33mtrue[39m
}

[90mstdout[2m | src/features/group-orders/__tests__/e2e.test.ts[2m > [22m[2mGroup Orders E2E Tests[2m > [22m[2mPOST /api/v1/orders/group/:groupOrderId/cart - Add Cart Item[2m > [22m[2mshould reject adding item with invalid menu item ID
[22m[39m[SharedMockDB] FIRST executed: {
  sql: [32m'\n        SELECT * FROM menu_items WHERE id = ? AND restaurantId = ?\n      '[39m,
  hasResult: [33mfalse[39m
}

[90mstdout[2m | src/features/group-orders/__tests__/e2e.test.ts[2m > [22m[2mGroup Orders E2E Tests[2m > [22m[2mPOST /api/v1/orders/group/:groupOrderId/cart - Add Cart Item[2m > [22m[2mshould reject adding item with invalid menu item ID
[22m[39m[group-orders] addCartItem took 3ms

[90mstdout[2m | src/features/group-orders/__tests__/e2e.test.ts[2m > [22m[2mGroup Orders E2E Tests[2m > [22m[2mPOST /api/v1/orders/group/:groupOrderId/cart - Add Cart Item[2m > [22m[2mshould reject adding item with invalid menu item ID
[22m[39m[orders] INFO: Orders API request completed {
  method: [32m'POST'[39m,
  path: [32m'/api/v1/orders/group/d3b8d46d-be4b-4eb7-ad90-477c22d22dc9/cart'[39m,
  status: [33m400[39m,
  duration: [32m'4ms'[39m,
  userAgent: [32m'unknown'[39m
}

[90mstdout[2m | src/features/group-orders/__tests__/e2e.test.ts[2m > [22m[2mGroup Orders E2E Tests[2m > [22m[2mPOST /api/v1/orders/group/:groupOrderId/cart - Add Cart Item[2m > [22m[2mshould reject adding item with invalid menu item ID
[22m[39m[API_V1] Response status: 400

[90mstdout[2m | src/features/group-orders/__tests__/e2e.test.ts[2m > [22m[2mGroup Orders E2E Tests[2m > [22m[2mPOST /api/v1/orders/group/:groupOrderId/cart - Add Cart Item[2m > [22m[2mshould reject adding item with invalid quantity
[22m[39m[SharedMockDB] EXEC executed successfully

[90mstdout[2m | src/features/group-orders/__tests__/e2e.test.ts[2m > [22m[2mGroup Orders E2E Tests[2m > [22m[2mPOST /api/v1/orders/group/:groupOrderId/cart - Add Cart Item[2m > [22m[2mshould reject adding item with invalid quantity
[22m[39m[SharedMockDB] EXEC executed successfully

[90mstdout[2m | src/features/group-orders/__tests__/e2e.test.ts[2m > [22m[2mGroup Orders E2E Tests[2m > [22m[2mPOST /api/v1/orders/group/:groupOrderId/cart - Add Cart Item[2m > [22m[2mshould reject adding item with invalid quantity
[22m[39m[SharedMockDB] EXEC executed successfully

[90mstdout[2m | src/features/group-orders/__tests__/e2e.test.ts[2m > [22m[2mGroup Orders E2E Tests[2m > [22m[2mPOST /api/v1/orders/group/:groupOrderId/cart - Add Cart Item[2m > [22m[2mshould reject adding item with invalid quantity
[22m[39m[SharedMockDB] EXEC executed successfully

[90mstdout[2m | src/features/group-orders/__tests__/e2e.test.ts[2m > [22m[2mGroup Orders E2E Tests[2m > [22m[2mPOST /api/v1/orders/group/:groupOrderId/cart - Add Cart Item[2m > [22m[2mshould reject adding item with invalid quantity
[22m[39m[SharedMockDB] EXEC executed successfully

[90mstdout[2m | src/features/group-orders/__tests__/e2e.test.ts[2m > [22m[2mGroup Orders E2E Tests[2m > [22m[2mPOST /api/v1/orders/group/:groupOrderId/cart - Add Cart Item[2m > [22m[2mshould reject adding item with invalid quantity
[22m[39m[API_V1] POST /api/v1/orders/group/create

[90mstdout[2m | src/features/group-orders/__tests__/e2e.test.ts[2m > [22m[2mGroup Orders E2E Tests[2m > [22m[2mPOST /api/v1/orders/group/:groupOrderId/cart - Add Cart Item[2m > [22m[2mshould reject adding item with invalid quantity
[22m[39m[group-orders] Creating group order { restaurantId: [33m1[39m, hostId: [33m2[39m }
[SharedMockDB] RUN executed: {
  sql: [32m'\n'[39m +
    [32m'        INSERT INTO group_orders (\n'[39m +
    [32m'          id, restaurant_id, table_id, share_code, created_by,\n'[39m +
    [32m' '[39m,
  changes: [33m1[39m,
  lastInsertRowid: [33m1[39m
}

[90mstdout[2m | src/features/group-orders/__tests__/e2e.test.ts[2m > [22m[2mGroup Orders E2E Tests[2m > [22m[2mPOST /api/v1/orders/group/:groupOrderId/cart - Add Cart Item[2m > [22m[2mshould reject adding item with invalid quantity
[22m[39m[SharedMockDB] RUN executed: {
  sql: [32m'\n'[39m +
    [32m'        INSERT INTO group_members (\n'[39m +
    [32m'          id, group_order_id, session_id, name, role,\n'[39m +
    [32m'         '[39m,
  changes: [33m1[39m,
  lastInsertRowid: [33m1[39m
}

[90mstdout[2m | src/features/group-orders/__tests__/e2e.test.ts[2m > [22m[2mGroup Orders E2E Tests[2m > [22m[2mPOST /api/v1/orders/group/:groupOrderId/cart - Add Cart Item[2m > [22m[2mshould reject adding item with invalid quantity
[22m[39m[SharedMockDB] RUN executed: {
  sql: [32m'\n'[39m +
    [32m'      INSERT INTO group_activity_logs (\n'[39m +
    [32m'        id, group_order_id, member_id, action, description,'[39m,
  changes: [33m1[39m,
  lastInsertRowid: [33m1[39m
}

[90mstdout[2m | src/features/group-orders/__tests__/e2e.test.ts[2m > [22m[2mGroup Orders E2E Tests[2m > [22m[2mPOST /api/v1/orders/group/:groupOrderId/cart - Add Cart Item[2m > [22m[2mshould reject adding item with invalid quantity
[22m[39m[SharedMockDB] FIRST executed: {
  sql: [32m'\n        SELECT * FROM group_members WHERE id = ?\n      '[39m,
  hasResult: [33mtrue[39m
}

[90mstdout[2m | src/features/group-orders/__tests__/e2e.test.ts[2m > [22m[2mGroup Orders E2E Tests[2m > [22m[2mPOST /api/v1/orders/group/:groupOrderId/cart - Add Cart Item[2m > [22m[2mshould reject adding item with invalid quantity
[22m[39m[group-orders] Group order created successfully {
  groupOrderId: [32m'0ea2d618-9794-44f3-9370-0d91526abe29'[39m,
  shareCode: [32m'1JD9Q53T'[39m
}
[group-orders] createGroupOrder took 6ms

 [32m✓[39m [30m[42m @makanmakan/api [49m[39m src/features/group-orders/__tests__/e2e.test.ts[2m > [22mGroup Orders E2E Tests[2m > [22mPOST /api/v1/orders/group/:groupOrderId/cart - Add Cart Item[2m > [22mshould reject adding item with invalid menu item ID[33m 563[2mms[22m[39m
[90mstdout[2m | src/features/group-orders/__tests__/e2e.test.ts[2m > [22m[2mGroup Orders E2E Tests[2m > [22m[2mPOST /api/v1/orders/group/:groupOrderId/cart - Add Cart Item[2m > [22m[2mshould reject adding item with invalid quantity
[22m[39m[orders] INFO: Orders API request completed {
  method: [32m'POST'[39m,
  path: [32m'/api/v1/orders/group/create'[39m,
  status: [33m200[39m,
  duration: [32m'209ms'[39m,
  userAgent: [32m'unknown'[39m
}

[90mstdout[2m | src/features/group-orders/__tests__/e2e.test.ts[2m > [22m[2mGroup Orders E2E Tests[2m > [22m[2mPOST /api/v1/orders/group/:groupOrderId/cart - Add Cart Item[2m > [22m[2mshould reject adding item with invalid quantity
[22m[39m[API_V1] Response status: 200

[90mstdout[2m | src/features/group-orders/__tests__/e2e.test.ts[2m > [22m[2mGroup Orders E2E Tests[2m > [22m[2mPOST /api/v1/orders/group/:groupOrderId/cart - Add Cart Item[2m > [22m[2mshould reject adding item with invalid quantity
[22m[39m[API_V1] POST /api/v1/orders/group/join/1JD9Q53T

[90mstdout[2m | src/features/group-orders/__tests__/e2e.test.ts[2m > [22m[2mGroup Orders E2E Tests[2m > [22m[2mPOST /api/v1/orders/group/:groupOrderId/cart - Add Cart Item[2m > [22m[2mshould reject adding item with invalid quantity
[22m[39m[group-orders] Member joining group { shareCode: [32m'1JD9Q53T'[39m, memberName: [32m'Jane Doe'[39m }
[SharedMockDB] FIRST executed: {
  sql: [32m'\n'[39m +
    [32m'        SELECT * FROM group_orders\n'[39m +
    [32m'        WHERE share_code = ?\n'[39m +
    [32m"        AND status = 'active'\n"[39m +
    [32m'     '[39m,
  hasResult: [33mtrue[39m
}

[90mstdout[2m | src/features/group-orders/__tests__/e2e.test.ts[2m > [22m[2mGroup Orders E2E Tests[2m > [22m[2mPOST /api/v1/orders/group/:groupOrderId/cart - Add Cart Item[2m > [22m[2mshould reject adding item with invalid quantity
[22m[39m[SharedMockDB] FIRST executed: {
  sql: [32m'\n'[39m +
    [32m'        SELECT COUNT(*) as count FROM group_members\n'[39m +
    [32m'        WHERE group_order_id = ? AND left_at IS'[39m,
  hasResult: [33mtrue[39m
}

[90mstdout[2m | src/features/group-orders/__tests__/e2e.test.ts[2m > [22m[2mGroup Orders E2E Tests[2m > [22m[2mPOST /api/v1/orders/group/:groupOrderId/cart - Add Cart Item[2m > [22m[2mshould reject adding item with invalid quantity
[22m[39m[SharedMockDB] FIRST executed: {
  sql: [32m'\n'[39m +
    [32m'        SELECT * FROM group_members\n'[39m +
    [32m'        WHERE group_order_id = ? AND name = ? AND left_at IS NU'[39m,
  hasResult: [33mfalse[39m
}

[90mstdout[2m | src/features/group-orders/__tests__/e2e.test.ts[2m > [22m[2mGroup Orders E2E Tests[2m > [22m[2mPOST /api/v1/orders/group/:groupOrderId/cart - Add Cart Item[2m > [22m[2mshould reject adding item with invalid quantity
[22m[39m[SharedMockDB] RUN executed: {
  sql: [32m'\n'[39m +
    [32m'        INSERT INTO group_members (\n'[39m +
    [32m'          id, group_order_id, session_id, name, phone, email, r'[39m,
  changes: [33m1[39m,
  lastInsertRowid: [33m2[39m
}

[90mstdout[2m | src/features/group-orders/__tests__/e2e.test.ts[2m > [22m[2mGroup Orders E2E Tests[2m > [22m[2mPOST /api/v1/orders/group/:groupOrderId/cart - Add Cart Item[2m > [22m[2mshould reject adding item with invalid quantity
[22m[39m[SharedMockDB] RUN executed: {
  sql: [32m'\n'[39m +
    [32m'      INSERT INTO group_activity_logs (\n'[39m +
    [32m'        id, group_order_id, member_id, action, description,'[39m,
  changes: [33m1[39m,
  lastInsertRowid: [33m2[39m
}

[90mstdout[2m | src/features/group-orders/__tests__/e2e.test.ts[2m > [22m[2mGroup Orders E2E Tests[2m > [22m[2mPOST /api/v1/orders/group/:groupOrderId/cart - Add Cart Item[2m > [22m[2mshould reject adding item with invalid quantity
[22m[39m[SharedMockDB] FIRST executed: {
  sql: [32m'\n        SELECT * FROM group_members WHERE id = ?\n      '[39m,
  hasResult: [33mtrue[39m
}

[90mstdout[2m | src/features/group-orders/__tests__/e2e.test.ts[2m > [22m[2mGroup Orders E2E Tests[2m > [22m[2mPOST /api/v1/orders/group/:groupOrderId/cart - Add Cart Item[2m > [22m[2mshould reject adding item with invalid quantity
[22m[39m[group-orders] Member joined group successfully {
  groupOrderId: [32m'0ea2d618-9794-44f3-9370-0d91526abe29'[39m,
  memberId: [32m'16faa563-ecef-45f1-ad76-90aaa2041b4f'[39m,
  memberName: [32m'Jane Doe'[39m
}
[group-orders] joinGroup took 29ms

[90mstdout[2m | src/features/group-orders/__tests__/e2e.test.ts[2m > [22m[2mGroup Orders E2E Tests[2m > [22m[2mPOST /api/v1/orders/group/:groupOrderId/cart - Add Cart Item[2m > [22m[2mshould reject adding item with invalid quantity
[22m[39m[orders] INFO: Orders API request completed {
  method: [32m'POST'[39m,
  path: [32m'/api/v1/orders/group/join/1JD9Q53T'[39m,
  status: [33m200[39m,
  duration: [32m'319ms'[39m,
  userAgent: [32m'unknown'[39m
}

[90mstdout[2m | src/features/group-orders/__tests__/e2e.test.ts[2m > [22m[2mGroup Orders E2E Tests[2m > [22m[2mPOST /api/v1/orders/group/:groupOrderId/cart - Add Cart Item[2m > [22m[2mshould reject adding item with invalid quantity
[22m[39m[API_V1] Response status: 200

[90mstdout[2m | src/features/group-orders/__tests__/e2e.test.ts[2m > [22m[2mGroup Orders E2E Tests[2m > [22m[2mPOST /api/v1/orders/group/:groupOrderId/cart - Add Cart Item[2m > [22m[2mshould reject adding item with invalid quantity
[22m[39m[API_V1] POST /api/v1/orders/group/0ea2d618-9794-44f3-9370-0d91526abe29/cart

[90mstdout[2m | src/features/group-orders/__tests__/e2e.test.ts[2m > [22m[2mGroup Orders E2E Tests[2m > [22m[2mPOST /api/v1/orders/group/:groupOrderId/cart - Add Cart Item[2m > [22m[2mshould reject adding item with invalid quantity
[22m[39m[orders] INFO: Orders API request completed {
  method: [32m'POST'[39m,
  path: [32m'/api/v1/orders/group/0ea2d618-9794-44f3-9370-0d91526abe29/cart'[39m,
  status: [33m400[39m,
  duration: [32m'1ms'[39m,
  userAgent: [32m'unknown'[39m
}

[90mstdout[2m | src/features/group-orders/__tests__/e2e.test.ts[2m > [22m[2mGroup Orders E2E Tests[2m > [22m[2mPOST /api/v1/orders/group/:groupOrderId/cart - Add Cart Item[2m > [22m[2mshould reject adding item with invalid quantity
[22m[39m[API_V1] Response status: 400

[90mstdout[2m | src/features/group-orders/__tests__/e2e.test.ts[2m > [22m[2mGroup Orders E2E Tests[2m > [22m[2mPUT /api/v1/orders/group/:groupOrderId/cart/:itemId - Update Cart Item[2m > [22m[2mshould update cart item quantity successfully
[22m[39m[SharedMockDB] EXEC executed successfully

[90mstdout[2m | src/features/group-orders/__tests__/e2e.test.ts[2m > [22m[2mGroup Orders E2E Tests[2m > [22m[2mPUT /api/v1/orders/group/:groupOrderId/cart/:itemId - Update Cart Item[2m > [22m[2mshould update cart item quantity successfully
[22m[39m[SharedMockDB] EXEC executed successfully

[90mstdout[2m | src/features/group-orders/__tests__/e2e.test.ts[2m > [22m[2mGroup Orders E2E Tests[2m > [22m[2mPUT /api/v1/orders/group/:groupOrderId/cart/:itemId - Update Cart Item[2m > [22m[2mshould update cart item quantity successfully
[22m[39m[SharedMockDB] EXEC executed successfully

[90mstdout[2m | src/features/group-orders/__tests__/e2e.test.ts[2m > [22m[2mGroup Orders E2E Tests[2m > [22m[2mPUT /api/v1/orders/group/:groupOrderId/cart/:itemId - Update Cart Item[2m > [22m[2mshould update cart item quantity successfully
[22m[39m[SharedMockDB] EXEC executed successfully

[90mstdout[2m | src/features/group-orders/__tests__/e2e.test.ts[2m > [22m[2mGroup Orders E2E Tests[2m > [22m[2mPUT /api/v1/orders/group/:groupOrderId/cart/:itemId - Update Cart Item[2m > [22m[2mshould update cart item quantity successfully
[22m[39m[SharedMockDB] EXEC executed successfully

[90mstdout[2m | src/features/group-orders/__tests__/e2e.test.ts[2m > [22m[2mGroup Orders E2E Tests[2m > [22m[2mPUT /api/v1/orders/group/:groupOrderId/cart/:itemId - Update Cart Item[2m > [22m[2mshould update cart item quantity successfully
[22m[39m[API_V1] POST /api/v1/orders/group/create

[90mstdout[2m | src/features/group-orders/__tests__/e2e.test.ts[2m > [22m[2mGroup Orders E2E Tests[2m > [22m[2mPUT /api/v1/orders/group/:groupOrderId/cart/:itemId - Update Cart Item[2m > [22m[2mshould update cart item quantity successfully
[22m[39m[group-orders] Creating group order { restaurantId: [33m1[39m, hostId: [33m2[39m }
[SharedMockDB] RUN executed: {
  sql: [32m'\n'[39m +
    [32m'        INSERT INTO group_orders (\n'[39m +
    [32m'          id, restaurant_id, table_id, share_code, created_by,\n'[39m +
    [32m' '[39m,
  changes: [33m1[39m,
  lastInsertRowid: [33m1[39m
}

[90mstdout[2m | src/features/group-orders/__tests__/e2e.test.ts[2m > [22m[2mGroup Orders E2E Tests[2m > [22m[2mPUT /api/v1/orders/group/:groupOrderId/cart/:itemId - Update Cart Item[2m > [22m[2mshould update cart item quantity successfully
[22m[39m[SharedMockDB] RUN executed: {
  sql: [32m'\n'[39m +
    [32m'        INSERT INTO group_members (\n'[39m +
    [32m'          id, group_order_id, session_id, name, role,\n'[39m +
    [32m'         '[39m,
  changes: [33m1[39m,
  lastInsertRowid: [33m1[39m
}

[90mstdout[2m | src/features/group-orders/__tests__/e2e.test.ts[2m > [22m[2mGroup Orders E2E Tests[2m > [22m[2mPUT /api/v1/orders/group/:groupOrderId/cart/:itemId - Update Cart Item[2m > [22m[2mshould update cart item quantity successfully
[22m[39m[SharedMockDB] RUN executed: {
  sql: [32m'\n'[39m +
    [32m'      INSERT INTO group_activity_logs (\n'[39m +
    [32m'        id, group_order_id, member_id, action, description,'[39m,
  changes: [33m1[39m,
  lastInsertRowid: [33m1[39m
}

[90mstdout[2m | src/features/group-orders/__tests__/e2e.test.ts[2m > [22m[2mGroup Orders E2E Tests[2m > [22m[2mPUT /api/v1/orders/group/:groupOrderId/cart/:itemId - Update Cart Item[2m > [22m[2mshould update cart item quantity successfully
[22m[39m[SharedMockDB] FIRST executed: {
  sql: [32m'\n        SELECT * FROM group_members WHERE id = ?\n      '[39m,
  hasResult: [33mtrue[39m
}

[90mstdout[2m | src/features/group-orders/__tests__/e2e.test.ts[2m > [22m[2mGroup Orders E2E Tests[2m > [22m[2mPUT /api/v1/orders/group/:groupOrderId/cart/:itemId - Update Cart Item[2m > [22m[2mshould update cart item quantity successfully
[22m[39m[group-orders] Group order created successfully {
  groupOrderId: [32m'f2e61666-57c9-4897-99f5-d6db70ff686b'[39m,
  shareCode: [32m'QUMR8LSE'[39m
}
[group-orders] createGroupOrder took 6ms

 [32m✓[39m [30m[42m @makanmakan/api [49m[39m src/features/group-orders/__tests__/e2e.test.ts[2m > [22mGroup Orders E2E Tests[2m > [22mPOST /api/v1/orders/group/:groupOrderId/cart - Add Cart Item[2m > [22mshould reject adding item with invalid quantity[33m 539[2mms[22m[39m
 [32m✓[39m [30m[42m root [49m[39m tests/e2e/simple-e2e.test.ts[2m > [22mSimple E2E Test Simulation[2m > [22m完整點餐流程測試[2m > [22m應該成功完成完整的點餐流程[32m 84[2mms[22m[39m
 [32m✓[39m [30m[42m root [49m[39m tests/e2e/simple-e2e.test.ts[2m > [22mSimple E2E Test Simulation[2m > [22m完整點餐流程測試[2m > [22m應該正確處理表單驗證[32m 1[2mms[22m[39m
 [32m✓[39m [30m[42m root [49m[39m tests/e2e/simple-e2e.test.ts[2m > [22mSimple E2E Test Simulation[2m > [22m完整點餐流程測試[2m > [22m應該正確處理購物車管理[32m 1[2mms[22m[39m
 [32m✓[39m [30m[42m root [49m[39m tests/e2e/simple-e2e.test.ts[2m > [22mSimple E2E Test Simulation[2m > [22m邊界情況測試[2m > [22m應該處理空購物車情況[32m 1[2mms[22m[39m
 [32m✓[39m [30m[42m root [49m[39m tests/e2e/simple-e2e.test.ts[2m > [22mSimple E2E Test Simulation[2m > [22m邊界情況測試[2m > [22m應該處理不可用商品[32m 3[2mms[22m[39m
 [32m✓[39m [30m[42m root [49m[39m tests/e2e/simple-e2e.test.ts[2m > [22mSimple E2E Test Simulation[2m > [22m邊界情況測試[2m > [22m應該處理極值情況[32m 7[2mms[22m[39m
[90mstdout[2m | src/features/group-orders/__tests__/e2e.test.ts[2m > [22m[2mGroup Orders E2E Tests[2m > [22m[2mPUT /api/v1/orders/group/:groupOrderId/cart/:itemId - Update Cart Item[2m > [22m[2mshould update cart item quantity successfully
[22m[39m[orders] INFO: Orders API request completed {
  method: [32m'POST'[39m,
  path: [32m'/api/v1/orders/group/create'[39m,
  status: [33m200[39m,
  duration: [32m'252ms'[39m,
  userAgent: [32m'unknown'[39m
}

[90mstdout[2m | src/features/group-orders/__tests__/e2e.test.ts[2m > [22m[2mGroup Orders E2E Tests[2m > [22m[2mPUT /api/v1/orders/group/:groupOrderId/cart/:itemId - Update Cart Item[2m > [22m[2mshould update cart item quantity successfully
[22m[39m[API_V1] Response status: 200

[90mstdout[2m | src/features/group-orders/__tests__/e2e.test.ts[2m > [22m[2mGroup Orders E2E Tests[2m > [22m[2mPUT /api/v1/orders/group/:groupOrderId/cart/:itemId - Update Cart Item[2m > [22m[2mshould update cart item quantity successfully
[22m[39m[API_V1] POST /api/v1/orders/group/join/QUMR8LSE

[90mstdout[2m | src/features/group-orders/__tests__/e2e.test.ts[2m > [22m[2mGroup Orders E2E Tests[2m > [22m[2mPUT /api/v1/orders/group/:groupOrderId/cart/:itemId - Update Cart Item[2m > [22m[2mshould update cart item quantity successfully
[22m[39m[group-orders] Member joining group { shareCode: [32m'QUMR8LSE'[39m, memberName: [32m'Jane Doe'[39m }
[SharedMockDB] FIRST executed: {
  sql: [32m'\n'[39m +
    [32m'        SELECT * FROM group_orders\n'[39m +
    [32m'        WHERE share_code = ?\n'[39m +
    [32m"        AND status = 'active'\n"[39m +
    [32m'     '[39m,
  hasResult: [33mtrue[39m
}

[90mstdout[2m | src/features/group-orders/__tests__/e2e.test.ts[2m > [22m[2mGroup Orders E2E Tests[2m > [22m[2mPUT /api/v1/orders/group/:groupOrderId/cart/:itemId - Update Cart Item[2m > [22m[2mshould update cart item quantity successfully
[22m[39m[SharedMockDB] FIRST executed: {
  sql: [32m'\n'[39m +
    [32m'        SELECT COUNT(*) as count FROM group_members\n'[39m +
    [32m'        WHERE group_order_id = ? AND left_at IS'[39m,
  hasResult: [33mtrue[39m
}

[90mstdout[2m | src/features/group-orders/__tests__/e2e.test.ts[2m > [22m[2mGroup Orders E2E Tests[2m > [22m[2mPUT /api/v1/orders/group/:groupOrderId/cart/:itemId - Update Cart Item[2m > [22m[2mshould update cart item quantity successfully
[22m[39m[SharedMockDB] FIRST executed: {
  sql: [32m'\n'[39m +
    [32m'        SELECT * FROM group_members\n'[39m +
    [32m'        WHERE group_order_id = ? AND name = ? AND left_at IS NU'[39m,
  hasResult: [33mfalse[39m
}

[90mstdout[2m | src/features/group-orders/__tests__/e2e.test.ts[2m > [22m[2mGroup Orders E2E Tests[2m > [22m[2mPUT /api/v1/orders/group/:groupOrderId/cart/:itemId - Update Cart Item[2m > [22m[2mshould update cart item quantity successfully
[22m[39m[SharedMockDB] RUN executed: {
  sql: [32m'\n'[39m +
    [32m'        INSERT INTO group_members (\n'[39m +
    [32m'          id, group_order_id, session_id, name, phone, email, r'[39m,
  changes: [33m1[39m,
  lastInsertRowid: [33m2[39m
}

[90mstdout[2m | src/features/group-orders/__tests__/e2e.test.ts[2m > [22m[2mGroup Orders E2E Tests[2m > [22m[2mPUT /api/v1/orders/group/:groupOrderId/cart/:itemId - Update Cart Item[2m > [22m[2mshould update cart item quantity successfully
[22m[39m[SharedMockDB] RUN executed: {
  sql: [32m'\n'[39m +
    [32m'      INSERT INTO group_activity_logs (\n'[39m +
    [32m'        id, group_order_id, member_id, action, description,'[39m,
  changes: [33m1[39m,
  lastInsertRowid: [33m2[39m
}

[90mstdout[2m | src/features/group-orders/__tests__/e2e.test.ts[2m > [22m[2mGroup Orders E2E Tests[2m > [22m[2mPUT /api/v1/orders/group/:groupOrderId/cart/:itemId - Update Cart Item[2m > [22m[2mshould update cart item quantity successfully
[22m[39m[SharedMockDB] FIRST executed: {
  sql: [32m'\n        SELECT * FROM group_members WHERE id = ?\n      '[39m,
  hasResult: [33mtrue[39m
}

[90mstdout[2m | src/features/group-orders/__tests__/e2e.test.ts[2m > [22m[2mGroup Orders E2E Tests[2m > [22m[2mPUT /api/v1/orders/group/:groupOrderId/cart/:itemId - Update Cart Item[2m > [22m[2mshould update cart item quantity successfully
[22m[39m[group-orders] Member joined group successfully {
  groupOrderId: [32m'f2e61666-57c9-4897-99f5-d6db70ff686b'[39m,
  memberId: [32m'8923ef56-d619-4222-b141-18e3cc648d3d'[39m,
  memberName: [32m'Jane Doe'[39m
}
[group-orders] joinGroup took 6ms

[90mstdout[2m | src/features/group-orders/__tests__/e2e.test.ts[2m > [22m[2mGroup Orders E2E Tests[2m > [22m[2mPUT /api/v1/orders/group/:groupOrderId/cart/:itemId - Update Cart Item[2m > [22m[2mshould update cart item quantity successfully
[22m[39m[orders] INFO: Orders API request completed {
  method: [32m'POST'[39m,
  path: [32m'/api/v1/orders/group/join/QUMR8LSE'[39m,
  status: [33m200[39m,
  duration: [32m'298ms'[39m,
  userAgent: [32m'unknown'[39m
}

[90mstdout[2m | src/features/group-orders/__tests__/e2e.test.ts[2m > [22m[2mGroup Orders E2E Tests[2m > [22m[2mPUT /api/v1/orders/group/:groupOrderId/cart/:itemId - Update Cart Item[2m > [22m[2mshould update cart item quantity successfully
[22m[39m[API_V1] Response status: 200

[90mstdout[2m | src/features/group-orders/__tests__/e2e.test.ts[2m > [22m[2mGroup Orders E2E Tests[2m > [22m[2mPUT /api/v1/orders/group/:groupOrderId/cart/:itemId - Update Cart Item[2m > [22m[2mshould update cart item quantity successfully
[22m[39m[API_V1] POST /api/v1/orders/group/f2e61666-57c9-4897-99f5-d6db70ff686b/cart

[90mstdout[2m | src/features/group-orders/__tests__/e2e.test.ts[2m > [22m[2mGroup Orders E2E Tests[2m > [22m[2mPUT /api/v1/orders/group/:groupOrderId/cart/:itemId - Update Cart Item[2m > [22m[2mshould update cart item quantity successfully
[22m[39m[SharedMockDB] FIRST executed: {
  sql: [32m'\n      SELECT * FROM group_orders WHERE id = ?\n    '[39m,
  hasResult: [33mtrue[39m
}

[90mstdout[2m | src/features/group-orders/__tests__/e2e.test.ts[2m > [22m[2mGroup Orders E2E Tests[2m > [22m[2mPUT /api/v1/orders/group/:groupOrderId/cart/:itemId - Update Cart Item[2m > [22m[2mshould update cart item quantity successfully
[22m[39m[SharedMockDB] FIRST executed: {
  sql: [32m'\n'[39m +
    [32m'      SELECT * FROM group_members\n'[39m +
    [32m'      WHERE id = ? AND group_order_id = ? AND left_at IS NULL\n'[39m +
    [32m'   '[39m,
  hasResult: [33mtrue[39m
}

[90mstdout[2m | src/features/group-orders/__tests__/e2e.test.ts[2m > [22m[2mGroup Orders E2E Tests[2m > [22m[2mPUT /api/v1/orders/group/:groupOrderId/cart/:itemId - Update Cart Item[2m > [22m[2mshould update cart item quantity successfully
[22m[39m[SharedMockDB] FIRST executed: {
  sql: [32m'\n        SELECT * FROM menu_items WHERE id = ? AND restaurantId = ?\n      '[39m,
  hasResult: [33mtrue[39m
}

[90mstdout[2m | src/features/group-orders/__tests__/e2e.test.ts[2m > [22m[2mGroup Orders E2E Tests[2m > [22m[2mPUT /api/v1/orders/group/:groupOrderId/cart/:itemId - Update Cart Item[2m > [22m[2mshould update cart item quantity successfully
[22m[39m[SharedMockDB] RUN executed: {
  sql: [32m'\n'[39m +
    [32m'        INSERT INTO group_cart_items (\n'[39m +
    [32m'          id, group_order_id, member_id, menu_item_id, quant'[39m,
  changes: [33m1[39m,
  lastInsertRowid: [33m1[39m
}

[90mstdout[2m | src/features/group-orders/__tests__/e2e.test.ts[2m > [22m[2mGroup Orders E2E Tests[2m > [22m[2mPUT /api/v1/orders/group/:groupOrderId/cart/:itemId - Update Cart Item[2m > [22m[2mshould update cart item quantity successfully
[22m[39m[SharedMockDB] FIRST executed: {
  sql: [32m'\n'[39m +
    [32m'      SELECT COALESCE(SUM(total_price), 0) as total\n'[39m +
    [32m'      FROM group_cart_items\n'[39m +
    [32m'      WHERE group_o'[39m,
  hasResult: [33mtrue[39m
}

[90mstdout[2m | src/features/group-orders/__tests__/e2e.test.ts[2m > [22m[2mGroup Orders E2E Tests[2m > [22m[2mPUT /api/v1/orders/group/:groupOrderId/cart/:itemId - Update Cart Item[2m > [22m[2mshould update cart item quantity successfully
[22m[39m[SharedMockDB] RUN executed: {
  sql: [32m'\n'[39m +
    [32m'      INSERT INTO split_bills (\n'[39m +
    [32m'        id, group_order_id, member_id, subtotal, total_amount,\n'[39m +
    [32m'    '[39m,
  changes: [33m1[39m,
  lastInsertRowid: [33m1[39m
}

[90mstdout[2m | src/features/group-orders/__tests__/e2e.test.ts[2m > [22m[2mGroup Orders E2E Tests[2m > [22m[2mPUT /api/v1/orders/group/:groupOrderId/cart/:itemId - Update Cart Item[2m > [22m[2mshould update cart item quantity successfully
[22m[39m[SharedMockDB] FIRST executed: {
  sql: [32m'\n'[39m +
    [32m'      SELECT COALESCE(SUM(total_price), 0) as total\n'[39m +
    [32m'      FROM group_cart_items\n'[39m +
    [32m'      WHERE group_o'[39m,
  hasResult: [33mtrue[39m
}

[90mstdout[2m | src/features/group-orders/__tests__/e2e.test.ts[2m > [22m[2mGroup Orders E2E Tests[2m > [22m[2mPUT /api/v1/orders/group/:groupOrderId/cart/:itemId - Update Cart Item[2m > [22m[2mshould update cart item quantity successfully
[22m[39m[SharedMockDB] RUN executed: {
  sql: [32m'\n'[39m +
    [32m'      UPDATE group_orders\n'[39m +
    [32m"      SET total_amount = ?, updated_at = unixepoch('now')\n"[39m +
    [32m'      WHERE id '[39m,
  changes: [33m1[39m,
  lastInsertRowid: [33m1[39m
}

[90mstdout[2m | src/features/group-orders/__tests__/e2e.test.ts[2m > [22m[2mGroup Orders E2E Tests[2m > [22m[2mPUT /api/v1/orders/group/:groupOrderId/cart/:itemId - Update Cart Item[2m > [22m[2mshould update cart item quantity successfully
[22m[39m[SharedMockDB] RUN executed: {
  sql: [32m'\n'[39m +
    [32m'      INSERT INTO group_activity_logs (\n'[39m +
    [32m'        id, group_order_id, member_id, action, description,'[39m,
  changes: [33m1[39m,
  lastInsertRowid: [33m3[39m
}

[90mstdout[2m | src/features/group-orders/__tests__/e2e.test.ts[2m > [22m[2mGroup Orders E2E Tests[2m > [22m[2mPUT /api/v1/orders/group/:groupOrderId/cart/:itemId - Update Cart Item[2m > [22m[2mshould update cart item quantity successfully
[22m[39m[SharedMockDB] FIRST executed: {
  sql: [32m'\n        SELECT * FROM group_cart_items WHERE id = ?\n      '[39m,
  hasResult: [33mtrue[39m
}

[90mstdout[2m | src/features/group-orders/__tests__/e2e.test.ts[2m > [22m[2mGroup Orders E2E Tests[2m > [22m[2mPUT /api/v1/orders/group/:groupOrderId/cart/:itemId - Update Cart Item[2m > [22m[2mshould update cart item quantity successfully
[22m[39m[group-orders] addCartItem took 19ms

[90mstdout[2m | src/features/group-orders/__tests__/e2e.test.ts[2m > [22m[2mGroup Orders E2E Tests[2m > [22m[2mPUT /api/v1/orders/group/:groupOrderId/cart/:itemId - Update Cart Item[2m > [22m[2mshould update cart item quantity successfully
[22m[39m[orders] INFO: Orders API request completed {
  method: [32m'POST'[39m,
  path: [32m'/api/v1/orders/group/f2e61666-57c9-4897-99f5-d6db70ff686b/cart'[39m,
  status: [33m200[39m,
  duration: [32m'349ms'[39m,
  userAgent: [32m'unknown'[39m
}

[90mstdout[2m | src/features/group-orders/__tests__/e2e.test.ts[2m > [22m[2mGroup Orders E2E Tests[2m > [22m[2mPUT /api/v1/orders/group/:groupOrderId/cart/:itemId - Update Cart Item[2m > [22m[2mshould update cart item quantity successfully
[22m[39m[API_V1] Response status: 200

[90mstdout[2m | src/features/group-orders/__tests__/e2e.test.ts[2m > [22m[2mGroup Orders E2E Tests[2m > [22m[2mPUT /api/v1/orders/group/:groupOrderId/cart/:itemId - Update Cart Item[2m > [22m[2mshould update cart item quantity successfully
[22m[39m[API_V1] PUT /api/v1/orders/group/f2e61666-57c9-4897-99f5-d6db70ff686b/cart/00b7f384-9720-4424-9449-2d771d02db56

[90mstdout[2m | src/features/group-orders/__tests__/e2e.test.ts[2m > [22m[2mGroup Orders E2E Tests[2m > [22m[2mPUT /api/v1/orders/group/:groupOrderId/cart/:itemId - Update Cart Item[2m > [22m[2mshould update cart item quantity successfully
[22m[39m[SharedMockDB] FIRST executed: {
  sql: [32m'\n'[39m +
    [32m'        SELECT * FROM group_cart_items WHERE id = ? AND group_order_id = ?\n'[39m +
    [32m'      '[39m,
  hasResult: [33mtrue[39m
}

[90mstdout[2m | src/features/group-orders/__tests__/e2e.test.ts[2m > [22m[2mGroup Orders E2E Tests[2m > [22m[2mPUT /api/v1/orders/group/:groupOrderId/cart/:itemId - Update Cart Item[2m > [22m[2mshould update cart item quantity successfully
[22m[39m[SharedMockDB] RUN executed: {
  sql: [32m'\n'[39m +
    [32m'        UPDATE group_cart_items\n'[39m +
    [32m"        SET quantity = ?, total_price = ?, updated_at = unixepoch('"[39m,
  changes: [33m1[39m,
  lastInsertRowid: [33m3[39m
}

[90mstdout[2m | src/features/group-orders/__tests__/e2e.test.ts[2m > [22m[2mGroup Orders E2E Tests[2m > [22m[2mPUT /api/v1/orders/group/:groupOrderId/cart/:itemId - Update Cart Item[2m > [22m[2mshould update cart item quantity successfully
[22m[39m[SharedMockDB] FIRST executed: {
  sql: [32m'\n'[39m +
    [32m'      SELECT COALESCE(SUM(total_price), 0) as total\n'[39m +
    [32m'      FROM group_cart_items\n'[39m +
    [32m'      WHERE group_o'[39m,
  hasResult: [33mtrue[39m
}

[90mstdout[2m | src/features/group-orders/__tests__/e2e.test.ts[2m > [22m[2mGroup Orders E2E Tests[2m > [22m[2mPUT /api/v1/orders/group/:groupOrderId/cart/:itemId - Update Cart Item[2m > [22m[2mshould update cart item quantity successfully
[22m[39m[SharedMockDB] RUN executed: {
  sql: [32m'\n'[39m +
    [32m'      INSERT INTO split_bills (\n'[39m +
    [32m'        id, group_order_id, member_id, subtotal, total_amount,\n'[39m +
    [32m'    '[39m,
  changes: [33m1[39m,
  lastInsertRowid: [33m3[39m
}

[90mstdout[2m | src/features/group-orders/__tests__/e2e.test.ts[2m > [22m[2mGroup Orders E2E Tests[2m > [22m[2mPUT /api/v1/orders/group/:groupOrderId/cart/:itemId - Update Cart Item[2m > [22m[2mshould update cart item quantity successfully
[22m[39m[SharedMockDB] FIRST executed: {
  sql: [32m'\n'[39m +
    [32m'      SELECT COALESCE(SUM(total_price), 0) as total\n'[39m +
    [32m'      FROM group_cart_items\n'[39m +
    [32m'      WHERE group_o'[39m,
  hasResult: [33mtrue[39m
}

[90mstdout[2m | src/features/group-orders/__tests__/e2e.test.ts[2m > [22m[2mGroup Orders E2E Tests[2m > [22m[2mPUT /api/v1/orders/group/:groupOrderId/cart/:itemId - Update Cart Item[2m > [22m[2mshould update cart item quantity successfully
[22m[39m[SharedMockDB] RUN executed: {
  sql: [32m'\n'[39m +
    [32m'      UPDATE group_orders\n'[39m +
    [32m"      SET total_amount = ?, updated_at = unixepoch('now')\n"[39m +
    [32m'      WHERE id '[39m,
  changes: [33m1[39m,
  lastInsertRowid: [33m3[39m
}

[90mstdout[2m | src/features/group-orders/__tests__/e2e.test.ts[2m > [22m[2mGroup Orders E2E Tests[2m > [22m[2mPUT /api/v1/orders/group/:groupOrderId/cart/:itemId - Update Cart Item[2m > [22m[2mshould update cart item quantity successfully
[22m[39m[SharedMockDB] RUN executed: {
  sql: [32m'\n'[39m +
    [32m'      INSERT INTO group_activity_logs (\n'[39m +
    [32m'        id, group_order_id, member_id, action, description,'[39m,
  changes: [33m1[39m,
  lastInsertRowid: [33m4[39m
}

[90mstdout[2m | src/features/group-orders/__tests__/e2e.test.ts[2m > [22m[2mGroup Orders E2E Tests[2m > [22m[2mPUT /api/v1/orders/group/:groupOrderId/cart/:itemId - Update Cart Item[2m > [22m[2mshould update cart item quantity successfully
[22m[39m[SharedMockDB] FIRST executed: {
  sql: [32m'\n        SELECT * FROM group_cart_items WHERE id = ?\n      '[39m,
  hasResult: [33mtrue[39m
}

[90mstdout[2m | src/features/group-orders/__tests__/e2e.test.ts[2m > [22m[2mGroup Orders E2E Tests[2m > [22m[2mPUT /api/v1/orders/group/:groupOrderId/cart/:itemId - Update Cart Item[2m > [22m[2mshould update cart item quantity successfully
[22m[39m[group-orders] updateCartItem took 12ms

[90mstdout[2m | src/features/group-orders/__tests__/e2e.test.ts[2m > [22m[2mGroup Orders E2E Tests[2m > [22m[2mPUT /api/v1/orders/group/:groupOrderId/cart/:itemId - Update Cart Item[2m > [22m[2mshould update cart item quantity successfully
[22m[39m[orders] INFO: Orders API request completed {
  method: [32m'PUT'[39m,
  path: [32m'/api/v1/orders/group/f2e61666-57c9-4897-99f5-d6db70ff686b/cart/00b7f384-9720-4424-9449-2d771d02db56'[39m,
  status: [33m200[39m,
  duration: [32m'408ms'[39m,
  userAgent: [32m'unknown'[39m
}

[90mstdout[2m | src/features/group-orders/__tests__/e2e.test.ts[2m > [22m[2mGroup Orders E2E Tests[2m > [22m[2mPUT /api/v1/orders/group/:groupOrderId/cart/:itemId - Update Cart Item[2m > [22m[2mshould update cart item quantity successfully
[22m[39m[API_V1] Response status: 200

 [32m✓[39m [30m[42m @makanmakan/api [49m[39m src/features/group-orders/__tests__/e2e.test.ts[2m > [22mGroup Orders E2E Tests[2m > [22mPUT /api/v1/orders/group/:groupOrderId/cart/:itemId - Update Cart Item[2m > [22mshould update cart item quantity successfully[33m 1333[2mms[22m[39m
[90mstdout[2m | src/features/group-orders/__tests__/e2e.test.ts[2m > [22m[2mGroup Orders E2E Tests[2m > [22m[2mPUT /api/v1/orders/group/:groupOrderId/cart/:itemId - Update Cart Item[2m > [22m[2mshould update cart item customizations successfully
[22m[39m[SharedMockDB] EXEC executed successfully

[90mstdout[2m | src/features/group-orders/__tests__/e2e.test.ts[2m > [22m[2mGroup Orders E2E Tests[2m > [22m[2mPUT /api/v1/orders/group/:groupOrderId/cart/:itemId - Update Cart Item[2m > [22m[2mshould update cart item customizations successfully
[22m[39m[SharedMockDB] EXEC executed successfully

[90mstdout[2m | src/features/group-orders/__tests__/e2e.test.ts[2m > [22m[2mGroup Orders E2E Tests[2m > [22m[2mPUT /api/v1/orders/group/:groupOrderId/cart/:itemId - Update Cart Item[2m > [22m[2mshould update cart item customizations successfully
[22m[39m[SharedMockDB] EXEC executed successfully

[90mstdout[2m | src/features/group-orders/__tests__/e2e.test.ts[2m > [22m[2mGroup Orders E2E Tests[2m > [22m[2mPUT /api/v1/orders/group/:groupOrderId/cart/:itemId - Update Cart Item[2m > [22m[2mshould update cart item customizations successfully
[22m[39m[SharedMockDB] EXEC executed successfully

[90mstdout[2m | src/features/group-orders/__tests__/e2e.test.ts[2m > [22m[2mGroup Orders E2E Tests[2m > [22m[2mPUT /api/v1/orders/group/:groupOrderId/cart/:itemId - Update Cart Item[2m > [22m[2mshould update cart item customizations successfully
[22m[39m[SharedMockDB] EXEC executed successfully

[90mstdout[2m | src/features/group-orders/__tests__/e2e.test.ts[2m > [22m[2mGroup Orders E2E Tests[2m > [22m[2mPUT /api/v1/orders/group/:groupOrderId/cart/:itemId - Update Cart Item[2m > [22m[2mshould update cart item customizations successfully
[22m[39m[API_V1] POST /api/v1/orders/group/create

[90mstdout[2m | src/features/group-orders/__tests__/e2e.test.ts[2m > [22m[2mGroup Orders E2E Tests[2m > [22m[2mPUT /api/v1/orders/group/:groupOrderId/cart/:itemId - Update Cart Item[2m > [22m[2mshould update cart item customizations successfully
[22m[39m[group-orders] Creating group order { restaurantId: [33m1[39m, hostId: [33m2[39m }
[SharedMockDB] RUN executed: {
  sql: [32m'\n'[39m +
    [32m'        INSERT INTO group_orders (\n'[39m +
    [32m'          id, restaurant_id, table_id, share_code, created_by,\n'[39m +
    [32m' '[39m,
  changes: [33m1[39m,
  lastInsertRowid: [33m1[39m
}

[90mstdout[2m | src/features/group-orders/__tests__/e2e.test.ts[2m > [22m[2mGroup Orders E2E Tests[2m > [22m[2mPUT /api/v1/orders/group/:groupOrderId/cart/:itemId - Update Cart Item[2m > [22m[2mshould update cart item customizations successfully
[22m[39m[SharedMockDB] RUN executed: {
  sql: [32m'\n'[39m +
    [32m'        INSERT INTO group_members (\n'[39m +
    [32m'          id, group_order_id, session_id, name, role,\n'[39m +
    [32m'         '[39m,
  changes: [33m1[39m,
  lastInsertRowid: [33m1[39m
}

[90mstdout[2m | src/features/group-orders/__tests__/e2e.test.ts[2m > [22m[2mGroup Orders E2E Tests[2m > [22m[2mPUT /api/v1/orders/group/:groupOrderId/cart/:itemId - Update Cart Item[2m > [22m[2mshould update cart item customizations successfully
[22m[39m[SharedMockDB] RUN executed: {
  sql: [32m'\n'[39m +
    [32m'      INSERT INTO group_activity_logs (\n'[39m +
    [32m'        id, group_order_id, member_id, action, description,'[39m,
  changes: [33m1[39m,
  lastInsertRowid: [33m1[39m
}

[90mstdout[2m | src/features/group-orders/__tests__/e2e.test.ts[2m > [22m[2mGroup Orders E2E Tests[2m > [22m[2mPUT /api/v1/orders/group/:groupOrderId/cart/:itemId - Update Cart Item[2m > [22m[2mshould update cart item customizations successfully
[22m[39m[SharedMockDB] FIRST executed: {
  sql: [32m'\n        SELECT * FROM group_members WHERE id = ?\n      '[39m,
  hasResult: [33mtrue[39m
}

[90mstdout[2m | src/features/group-orders/__tests__/e2e.test.ts[2m > [22m[2mGroup Orders E2E Tests[2m > [22m[2mPUT /api/v1/orders/group/:groupOrderId/cart/:itemId - Update Cart Item[2m > [22m[2mshould update cart item customizations successfully
[22m[39m[group-orders] Group order created successfully {
  groupOrderId: [32m'12921c9a-0b8d-4ae3-8d08-26fc9e8ecda2'[39m,
  shareCode: [32m'CNLSJPS2'[39m
}
[group-orders] createGroupOrder took 6ms

[90mstdout[2m | src/features/group-orders/__tests__/e2e.test.ts[2m > [22m[2mGroup Orders E2E Tests[2m > [22m[2mPUT /api/v1/orders/group/:groupOrderId/cart/:itemId - Update Cart Item[2m > [22m[2mshould update cart item customizations successfully
[22m[39m[orders] INFO: Orders API request completed {
  method: [32m'POST'[39m,
  path: [32m'/api/v1/orders/group/create'[39m,
  status: [33m200[39m,
  duration: [32m'243ms'[39m,
  userAgent: [32m'unknown'[39m
}

[90mstdout[2m | src/features/group-orders/__tests__/e2e.test.ts[2m > [22m[2mGroup Orders E2E Tests[2m > [22m[2mPUT /api/v1/orders/group/:groupOrderId/cart/:itemId - Update Cart Item[2m > [22m[2mshould update cart item customizations successfully
[22m[39m[API_V1] Response status: 200

[90mstdout[2m | src/features/group-orders/__tests__/e2e.test.ts[2m > [22m[2mGroup Orders E2E Tests[2m > [22m[2mPUT /api/v1/orders/group/:groupOrderId/cart/:itemId - Update Cart Item[2m > [22m[2mshould update cart item customizations successfully
[22m[39m[API_V1] POST /api/v1/orders/group/join/CNLSJPS2

[90mstdout[2m | src/features/group-orders/__tests__/e2e.test.ts[2m > [22m[2mGroup Orders E2E Tests[2m > [22m[2mPUT /api/v1/orders/group/:groupOrderId/cart/:itemId - Update Cart Item[2m > [22m[2mshould update cart item customizations successfully
[22m[39m[group-orders] Member joining group { shareCode: [32m'CNLSJPS2'[39m, memberName: [32m'Jane Doe'[39m }
[SharedMockDB] FIRST executed: {
  sql: [32m'\n'[39m +
    [32m'        SELECT * FROM group_orders\n'[39m +
    [32m'        WHERE share_code = ?\n'[39m +
    [32m"        AND status = 'active'\n"[39m +
    [32m'     '[39m,
  hasResult: [33mtrue[39m
}

[90mstdout[2m | src/features/group-orders/__tests__/e2e.test.ts[2m > [22m[2mGroup Orders E2E Tests[2m > [22m[2mPUT /api/v1/orders/group/:groupOrderId/cart/:itemId - Update Cart Item[2m > [22m[2mshould update cart item customizations successfully
[22m[39m[SharedMockDB] FIRST executed: {
  sql: [32m'\n'[39m +
    [32m'        SELECT COUNT(*) as count FROM group_members\n'[39m +
    [32m'        WHERE group_order_id = ? AND left_at IS'[39m,
  hasResult: [33mtrue[39m
}

[90mstdout[2m | src/features/group-orders/__tests__/e2e.test.ts[2m > [22m[2mGroup Orders E2E Tests[2m > [22m[2mPUT /api/v1/orders/group/:groupOrderId/cart/:itemId - Update Cart Item[2m > [22m[2mshould update cart item customizations successfully
[22m[39m[SharedMockDB] FIRST executed: {
  sql: [32m'\n'[39m +
    [32m'        SELECT * FROM group_members\n'[39m +
    [32m'        WHERE group_order_id = ? AND name = ? AND left_at IS NU'[39m,
  hasResult: [33mfalse[39m
}

[90mstdout[2m | src/features/group-orders/__tests__/e2e.test.ts[2m > [22m[2mGroup Orders E2E Tests[2m > [22m[2mPUT /api/v1/orders/group/:groupOrderId/cart/:itemId - Update Cart Item[2m > [22m[2mshould update cart item customizations successfully
[22m[39m[SharedMockDB] RUN executed: {
  sql: [32m'\n'[39m +
    [32m'        INSERT INTO group_members (\n'[39m +
    [32m'          id, group_order_id, session_id, name, phone, email, r'[39m,
  changes: [33m1[39m,
  lastInsertRowid: [33m2[39m
}

[90mstdout[2m | src/features/group-orders/__tests__/e2e.test.ts[2m > [22m[2mGroup Orders E2E Tests[2m > [22m[2mPUT /api/v1/orders/group/:groupOrderId/cart/:itemId - Update Cart Item[2m > [22m[2mshould update cart item customizations successfully
[22m[39m[SharedMockDB] RUN executed: {
  sql: [32m'\n'[39m +
    [32m'      INSERT INTO group_activity_logs (\n'[39m +
    [32m'        id, group_order_id, member_id, action, description,'[39m,
  changes: [33m1[39m,
  lastInsertRowid: [33m2[39m
}

[90mstdout[2m | src/features/group-orders/__tests__/e2e.test.ts[2m > [22m[2mGroup Orders E2E Tests[2m > [22m[2mPUT /api/v1/orders/group/:groupOrderId/cart/:itemId - Update Cart Item[2m > [22m[2mshould update cart item customizations successfully
[22m[39m[SharedMockDB] FIRST executed: {
  sql: [32m'\n        SELECT * FROM group_members WHERE id = ?\n      '[39m,
  hasResult: [33mtrue[39m
}

[90mstdout[2m | src/features/group-orders/__tests__/e2e.test.ts[2m > [22m[2mGroup Orders E2E Tests[2m > [22m[2mPUT /api/v1/orders/group/:groupOrderId/cart/:itemId - Update Cart Item[2m > [22m[2mshould update cart item customizations successfully
[22m[39m[group-orders] Member joined group successfully {
  groupOrderId: [32m'12921c9a-0b8d-4ae3-8d08-26fc9e8ecda2'[39m,
  memberId: [32m'cd9474d3-7132-4248-8675-097e30e21750'[39m,
  memberName: [32m'Jane Doe'[39m
}
[group-orders] joinGroup took 6ms

[90mstdout[2m | src/features/group-orders/__tests__/e2e.test.ts[2m > [22m[2mGroup Orders E2E Tests[2m > [22m[2mPUT /api/v1/orders/group/:groupOrderId/cart/:itemId - Update Cart Item[2m > [22m[2mshould update cart item customizations successfully
[22m[39m[orders] INFO: Orders API request completed {
  method: [32m'POST'[39m,
  path: [32m'/api/v1/orders/group/join/CNLSJPS2'[39m,
  status: [33m200[39m,
  duration: [32m'332ms'[39m,
  userAgent: [32m'unknown'[39m
}

[90mstdout[2m | src/features/group-orders/__tests__/e2e.test.ts[2m > [22m[2mGroup Orders E2E Tests[2m > [22m[2mPUT /api/v1/orders/group/:groupOrderId/cart/:itemId - Update Cart Item[2m > [22m[2mshould update cart item customizations successfully
[22m[39m[API_V1] Response status: 200

[90mstdout[2m | src/features/group-orders/__tests__/e2e.test.ts[2m > [22m[2mGroup Orders E2E Tests[2m > [22m[2mPUT /api/v1/orders/group/:groupOrderId/cart/:itemId - Update Cart Item[2m > [22m[2mshould update cart item customizations successfully
[22m[39m[API_V1] POST /api/v1/orders/group/12921c9a-0b8d-4ae3-8d08-26fc9e8ecda2/cart

[90mstdout[2m | src/features/group-orders/__tests__/e2e.test.ts[2m > [22m[2mGroup Orders E2E Tests[2m > [22m[2mPUT /api/v1/orders/group/:groupOrderId/cart/:itemId - Update Cart Item[2m > [22m[2mshould update cart item customizations successfully
[22m[39m[SharedMockDB] FIRST executed: {
  sql: [32m'\n      SELECT * FROM group_orders WHERE id = ?\n    '[39m,
  hasResult: [33mtrue[39m
}

[90mstdout[2m | src/features/group-orders/__tests__/e2e.test.ts[2m > [22m[2mGroup Orders E2E Tests[2m > [22m[2mPUT /api/v1/orders/group/:groupOrderId/cart/:itemId - Update Cart Item[2m > [22m[2mshould update cart item customizations successfully
[22m[39m[SharedMockDB] FIRST executed: {
  sql: [32m'\n'[39m +
    [32m'      SELECT * FROM group_members\n'[39m +
    [32m'      WHERE id = ? AND group_order_id = ? AND left_at IS NULL\n'[39m +
    [32m'   '[39m,
  hasResult: [33mtrue[39m
}

[90mstdout[2m | src/features/group-orders/__tests__/e2e.test.ts[2m > [22m[2mGroup Orders E2E Tests[2m > [22m[2mPUT /api/v1/orders/group/:groupOrderId/cart/:itemId - Update Cart Item[2m > [22m[2mshould update cart item customizations successfully
[22m[39m[SharedMockDB] FIRST executed: {
  sql: [32m'\n        SELECT * FROM menu_items WHERE id = ? AND restaurantId = ?\n      '[39m,
  hasResult: [33mtrue[39m
}

[90mstdout[2m | src/features/group-orders/__tests__/e2e.test.ts[2m > [22m[2mGroup Orders E2E Tests[2m > [22m[2mPUT /api/v1/orders/group/:groupOrderId/cart/:itemId - Update Cart Item[2m > [22m[2mshould update cart item customizations successfully
[22m[39m[SharedMockDB] RUN executed: {
  sql: [32m'\n'[39m +
    [32m'        INSERT INTO group_cart_items (\n'[39m +
    [32m'          id, group_order_id, member_id, menu_item_id, quant'[39m,
  changes: [33m1[39m,
  lastInsertRowid: [33m1[39m
}

[90mstdout[2m | src/features/group-orders/__tests__/e2e.test.ts[2m > [22m[2mGroup Orders E2E Tests[2m > [22m[2mPUT /api/v1/orders/group/:groupOrderId/cart/:itemId - Update Cart Item[2m > [22m[2mshould update cart item customizations successfully
[22m[39m[SharedMockDB] FIRST executed: {
  sql: [32m'\n'[39m +
    [32m'      SELECT COALESCE(SUM(total_price), 0) as total\n'[39m +
    [32m'      FROM group_cart_items\n'[39m +
    [32m'      WHERE group_o'[39m,
  hasResult: [33mtrue[39m
}

[90mstdout[2m | src/features/group-orders/__tests__/e2e.test.ts[2m > [22m[2mGroup Orders E2E Tests[2m > [22m[2mPUT /api/v1/orders/group/:groupOrderId/cart/:itemId - Update Cart Item[2m > [22m[2mshould update cart item customizations successfully
[22m[39m[SharedMockDB] RUN executed: {
  sql: [32m'\n'[39m +
    [32m'      INSERT INTO split_bills (\n'[39m +
    [32m'        id, group_order_id, member_id, subtotal, total_amount,\n'[39m +
    [32m'    '[39m,
  changes: [33m1[39m,
  lastInsertRowid: [33m1[39m
}

[90mstdout[2m | src/features/group-orders/__tests__/e2e.test.ts[2m > [22m[2mGroup Orders E2E Tests[2m > [22m[2mPUT /api/v1/orders/group/:groupOrderId/cart/:itemId - Update Cart Item[2m > [22m[2mshould update cart item customizations successfully
[22m[39m[SharedMockDB] FIRST executed: {
  sql: [32m'\n'[39m +
    [32m'      SELECT COALESCE(SUM(total_price), 0) as total\n'[39m +
    [32m'      FROM group_cart_items\n'[39m +
    [32m'      WHERE group_o'[39m,
  hasResult: [33mtrue[39m
}

[90mstdout[2m | src/features/group-orders/__tests__/e2e.test.ts[2m > [22m[2mGroup Orders E2E Tests[2m > [22m[2mPUT /api/v1/orders/group/:groupOrderId/cart/:itemId - Update Cart Item[2m > [22m[2mshould update cart item customizations successfully
[22m[39m[SharedMockDB] RUN executed: {
  sql: [32m'\n'[39m +
    [32m'      UPDATE group_orders\n'[39m +
    [32m"      SET total_amount = ?, updated_at = unixepoch('now')\n"[39m +
    [32m'      WHERE id '[39m,
  changes: [33m1[39m,
  lastInsertRowid: [33m1[39m
}

[90mstdout[2m | src/features/group-orders/__tests__/e2e.test.ts[2m > [22m[2mGroup Orders E2E Tests[2m > [22m[2mPUT /api/v1/orders/group/:groupOrderId/cart/:itemId - Update Cart Item[2m > [22m[2mshould update cart item customizations successfully
[22m[39m[SharedMockDB] RUN executed: {
  sql: [32m'\n'[39m +
    [32m'      INSERT INTO group_activity_logs (\n'[39m +
    [32m'        id, group_order_id, member_id, action, description,'[39m,
  changes: [33m1[39m,
  lastInsertRowid: [33m3[39m
}

[90mstdout[2m | src/features/group-orders/__tests__/e2e.test.ts[2m > [22m[2mGroup Orders E2E Tests[2m > [22m[2mPUT /api/v1/orders/group/:groupOrderId/cart/:itemId - Update Cart Item[2m > [22m[2mshould update cart item customizations successfully
[22m[39m[SharedMockDB] FIRST executed: {
  sql: [32m'\n        SELECT * FROM group_cart_items WHERE id = ?\n      '[39m,
  hasResult: [33mtrue[39m
}

[90mstdout[2m | src/features/group-orders/__tests__/e2e.test.ts[2m > [22m[2mGroup Orders E2E Tests[2m > [22m[2mPUT /api/v1/orders/group/:groupOrderId/cart/:itemId - Update Cart Item[2m > [22m[2mshould update cart item customizations successfully
[22m[39m[group-orders] addCartItem took 11ms

[90mstdout[2m | src/features/group-orders/__tests__/e2e.test.ts[2m > [22m[2mGroup Orders E2E Tests[2m > [22m[2mPUT /api/v1/orders/group/:groupOrderId/cart/:itemId - Update Cart Item[2m > [22m[2mshould update cart item customizations successfully
[22m[39m[orders] INFO: Orders API request completed {
  method: [32m'POST'[39m,
  path: [32m'/api/v1/orders/group/12921c9a-0b8d-4ae3-8d08-26fc9e8ecda2/cart'[39m,
  status: [33m200[39m,
  duration: [32m'237ms'[39m,
  userAgent: [32m'unknown'[39m
}

[90mstdout[2m | src/features/group-orders/__tests__/e2e.test.ts[2m > [22m[2mGroup Orders E2E Tests[2m > [22m[2mPUT /api/v1/orders/group/:groupOrderId/cart/:itemId - Update Cart Item[2m > [22m[2mshould update cart item customizations successfully
[22m[39m[API_V1] Response status: 200

[90mstdout[2m | src/features/group-orders/__tests__/e2e.test.ts[2m > [22m[2mGroup Orders E2E Tests[2m > [22m[2mPUT /api/v1/orders/group/:groupOrderId/cart/:itemId - Update Cart Item[2m > [22m[2mshould update cart item customizations successfully
[22m[39m[API_V1] PUT /api/v1/orders/group/12921c9a-0b8d-4ae3-8d08-26fc9e8ecda2/cart/dd5cd963-e5c8-429b-8e1d-05cdc70c9f9b

[90mstdout[2m | src/features/group-orders/__tests__/e2e.test.ts[2m > [22m[2mGroup Orders E2E Tests[2m > [22m[2mPUT /api/v1/orders/group/:groupOrderId/cart/:itemId - Update Cart Item[2m > [22m[2mshould update cart item customizations successfully
[22m[39m[SharedMockDB] FIRST executed: {
  sql: [32m'\n'[39m +
    [32m'        SELECT * FROM group_cart_items WHERE id = ? AND group_order_id = ?\n'[39m +
    [32m'      '[39m,
  hasResult: [33mtrue[39m
}

[90mstdout[2m | src/features/group-orders/__tests__/e2e.test.ts[2m > [22m[2mGroup Orders E2E Tests[2m > [22m[2mPUT /api/v1/orders/group/:groupOrderId/cart/:itemId - Update Cart Item[2m > [22m[2mshould update cart item customizations successfully
[22m[39m[SharedMockDB] RUN executed: {
  sql: [32m'\n'[39m +
    [32m'        UPDATE group_cart_items\n'[39m +
    [32m'        SET customizations = ?, special_instructions = ?, updated_a'[39m,
  changes: [33m1[39m,
  lastInsertRowid: [33m3[39m
}

[90mstdout[2m | src/features/group-orders/__tests__/e2e.test.ts[2m > [22m[2mGroup Orders E2E Tests[2m > [22m[2mPUT /api/v1/orders/group/:groupOrderId/cart/:itemId - Update Cart Item[2m > [22m[2mshould update cart item customizations successfully
[22m[39m[SharedMockDB] FIRST executed: {
  sql: [32m'\n'[39m +
    [32m'      SELECT COALESCE(SUM(total_price), 0) as total\n'[39m +
    [32m'      FROM group_cart_items\n'[39m +
    [32m'      WHERE group_o'[39m,
  hasResult: [33mtrue[39m
}

[90mstdout[2m | src/features/group-orders/__tests__/e2e.test.ts[2m > [22m[2mGroup Orders E2E Tests[2m > [22m[2mPUT /api/v1/orders/group/:groupOrderId/cart/:itemId - Update Cart Item[2m > [22m[2mshould update cart item customizations successfully
[22m[39m[SharedMockDB] RUN executed: {
  sql: [32m'\n'[39m +
    [32m'      INSERT INTO split_bills (\n'[39m +
    [32m'        id, group_order_id, member_id, subtotal, total_amount,\n'[39m +
    [32m'    '[39m,
  changes: [33m1[39m,
  lastInsertRowid: [33m3[39m
}

[90mstdout[2m | src/features/group-orders/__tests__/e2e.test.ts[2m > [22m[2mGroup Orders E2E Tests[2m > [22m[2mPUT /api/v1/orders/group/:groupOrderId/cart/:itemId - Update Cart Item[2m > [22m[2mshould update cart item customizations successfully
[22m[39m[SharedMockDB] FIRST executed: {
  sql: [32m'\n'[39m +
    [32m'      SELECT COALESCE(SUM(total_price), 0) as total\n'[39m +
    [32m'      FROM group_cart_items\n'[39m +
    [32m'      WHERE group_o'[39m,
  hasResult: [33mtrue[39m
}

[90mstdout[2m | src/features/group-orders/__tests__/e2e.test.ts[2m > [22m[2mGroup Orders E2E Tests[2m > [22m[2mPUT /api/v1/orders/group/:groupOrderId/cart/:itemId - Update Cart Item[2m > [22m[2mshould update cart item customizations successfully
[22m[39m[SharedMockDB] RUN executed: {
  sql: [32m'\n'[39m +
    [32m'      UPDATE group_orders\n'[39m +
    [32m"      SET total_amount = ?, updated_at = unixepoch('now')\n"[39m +
    [32m'      WHERE id '[39m,
  changes: [33m1[39m,
  lastInsertRowid: [33m3[39m
}

[90mstdout[2m | src/features/group-orders/__tests__/e2e.test.ts[2m > [22m[2mGroup Orders E2E Tests[2m > [22m[2mPUT /api/v1/orders/group/:groupOrderId/cart/:itemId - Update Cart Item[2m > [22m[2mshould update cart item customizations successfully
[22m[39m[SharedMockDB] RUN executed: {
  sql: [32m'\n'[39m +
    [32m'      INSERT INTO group_activity_logs (\n'[39m +
    [32m'        id, group_order_id, member_id, action, description,'[39m,
  changes: [33m1[39m,
  lastInsertRowid: [33m4[39m
}

[90mstdout[2m | src/features/group-orders/__tests__/e2e.test.ts[2m > [22m[2mGroup Orders E2E Tests[2m > [22m[2mPUT /api/v1/orders/group/:groupOrderId/cart/:itemId - Update Cart Item[2m > [22m[2mshould update cart item customizations successfully
[22m[39m[SharedMockDB] FIRST executed: {
  sql: [32m'\n        SELECT * FROM group_cart_items WHERE id = ?\n      '[39m,
  hasResult: [33mtrue[39m
}

[90mstdout[2m | src/features/group-orders/__tests__/e2e.test.ts[2m > [22m[2mGroup Orders E2E Tests[2m > [22m[2mPUT /api/v1/orders/group/:groupOrderId/cart/:itemId - Update Cart Item[2m > [22m[2mshould update cart item customizations successfully
[22m[39m[group-orders] updateCartItem took 10ms

[90mstdout[2m | src/features/group-orders/__tests__/e2e.test.ts[2m > [22m[2mGroup Orders E2E Tests[2m > [22m[2mPUT /api/v1/orders/group/:groupOrderId/cart/:itemId - Update Cart Item[2m > [22m[2mshould update cart item customizations successfully
[22m[39m[orders] INFO: Orders API request completed {
  method: [32m'PUT'[39m,
  path: [32m'/api/v1/orders/group/12921c9a-0b8d-4ae3-8d08-26fc9e8ecda2/cart/dd5cd963-e5c8-429b-8e1d-05cdc70c9f9b'[39m,
  status: [33m200[39m,
  duration: [32m'312ms'[39m,
  userAgent: [32m'unknown'[39m
}

[90mstdout[2m | src/features/group-orders/__tests__/e2e.test.ts[2m > [22m[2mGroup Orders E2E Tests[2m > [22m[2mPUT /api/v1/orders/group/:groupOrderId/cart/:itemId - Update Cart Item[2m > [22m[2mshould update cart item customizations successfully
[22m[39m[API_V1] Response status: 200

 [32m✓[39m [30m[42m @makanmakan/api [49m[39m src/features/group-orders/__tests__/e2e.test.ts[2m > [22mGroup Orders E2E Tests[2m > [22mPUT /api/v1/orders/group/:groupOrderId/cart/:itemId - Update Cart Item[2m > [22mshould update cart item customizations successfully[33m 1140[2mms[22m[39m
[90mstdout[2m | src/features/group-orders/__tests__/e2e.test.ts[2m > [22m[2mGroup Orders E2E Tests[2m > [22m[2mPUT /api/v1/orders/group/:groupOrderId/cart/:itemId - Update Cart Item[2m > [22m[2mshould reject updating non-existent cart item
[22m[39m[SharedMockDB] EXEC executed successfully

[90mstdout[2m | src/features/group-orders/__tests__/e2e.test.ts[2m > [22m[2mGroup Orders E2E Tests[2m > [22m[2mPUT /api/v1/orders/group/:groupOrderId/cart/:itemId - Update Cart Item[2m > [22m[2mshould reject updating non-existent cart item
[22m[39m[SharedMockDB] EXEC executed successfully

[90mstdout[2m | src/features/group-orders/__tests__/e2e.test.ts[2m > [22m[2mGroup Orders E2E Tests[2m > [22m[2mPUT /api/v1/orders/group/:groupOrderId/cart/:itemId - Update Cart Item[2m > [22m[2mshould reject updating non-existent cart item
[22m[39m[SharedMockDB] EXEC executed successfully

[90mstdout[2m | src/features/group-orders/__tests__/e2e.test.ts[2m > [22m[2mGroup Orders E2E Tests[2m > [22m[2mPUT /api/v1/orders/group/:groupOrderId/cart/:itemId - Update Cart Item[2m > [22m[2mshould reject updating non-existent cart item
[22m[39m[SharedMockDB] EXEC executed successfully

[90mstdout[2m | src/features/group-orders/__tests__/e2e.test.ts[2m > [22m[2mGroup Orders E2E Tests[2m > [22m[2mPUT /api/v1/orders/group/:groupOrderId/cart/:itemId - Update Cart Item[2m > [22m[2mshould reject updating non-existent cart item
[22m[39m[SharedMockDB] EXEC executed successfully

[90mstdout[2m | src/features/group-orders/__tests__/e2e.test.ts[2m > [22m[2mGroup Orders E2E Tests[2m > [22m[2mPUT /api/v1/orders/group/:groupOrderId/cart/:itemId - Update Cart Item[2m > [22m[2mshould reject updating non-existent cart item
[22m[39m[API_V1] POST /api/v1/orders/group/create

[90mstdout[2m | src/features/group-orders/__tests__/e2e.test.ts[2m > [22m[2mGroup Orders E2E Tests[2m > [22m[2mPUT /api/v1/orders/group/:groupOrderId/cart/:itemId - Update Cart Item[2m > [22m[2mshould reject updating non-existent cart item
[22m[39m[group-orders] Creating group order { restaurantId: [33m1[39m, hostId: [33m2[39m }
[SharedMockDB] RUN executed: {
  sql: [32m'\n'[39m +
    [32m'        INSERT INTO group_orders (\n'[39m +
    [32m'          id, restaurant_id, table_id, share_code, created_by,\n'[39m +
    [32m' '[39m,
  changes: [33m1[39m,
  lastInsertRowid: [33m1[39m
}

[90mstdout[2m | src/features/group-orders/__tests__/e2e.test.ts[2m > [22m[2mGroup Orders E2E Tests[2m > [22m[2mPUT /api/v1/orders/group/:groupOrderId/cart/:itemId - Update Cart Item[2m > [22m[2mshould reject updating non-existent cart item
[22m[39m[SharedMockDB] RUN executed: {
  sql: [32m'\n'[39m +
    [32m'        INSERT INTO group_members (\n'[39m +
    [32m'          id, group_order_id, session_id, name, role,\n'[39m +
    [32m'         '[39m,
  changes: [33m1[39m,
  lastInsertRowid: [33m1[39m
}

[90mstdout[2m | src/features/group-orders/__tests__/e2e.test.ts[2m > [22m[2mGroup Orders E2E Tests[2m > [22m[2mPUT /api/v1/orders/group/:groupOrderId/cart/:itemId - Update Cart Item[2m > [22m[2mshould reject updating non-existent cart item
[22m[39m[SharedMockDB] RUN executed: {
  sql: [32m'\n'[39m +
    [32m'      INSERT INTO group_activity_logs (\n'[39m +
    [32m'        id, group_order_id, member_id, action, description,'[39m,
  changes: [33m1[39m,
  lastInsertRowid: [33m1[39m
}

[90mstdout[2m | src/features/group-orders/__tests__/e2e.test.ts[2m > [22m[2mGroup Orders E2E Tests[2m > [22m[2mPUT /api/v1/orders/group/:groupOrderId/cart/:itemId - Update Cart Item[2m > [22m[2mshould reject updating non-existent cart item
[22m[39m[SharedMockDB] FIRST executed: {
  sql: [32m'\n        SELECT * FROM group_members WHERE id = ?\n      '[39m,
  hasResult: [33mtrue[39m
}

[90mstdout[2m | src/features/group-orders/__tests__/e2e.test.ts[2m > [22m[2mGroup Orders E2E Tests[2m > [22m[2mPUT /api/v1/orders/group/:groupOrderId/cart/:itemId - Update Cart Item[2m > [22m[2mshould reject updating non-existent cart item
[22m[39m[group-orders] Group order created successfully {
  groupOrderId: [32m'2395549b-8e6f-4bc1-81bd-c86f8ab78983'[39m,
  shareCode: [32m'0RLJFL16'[39m
}
[group-orders] createGroupOrder took 6ms

[90mstdout[2m | src/features/group-orders/__tests__/e2e.test.ts[2m > [22m[2mGroup Orders E2E Tests[2m > [22m[2mPUT /api/v1/orders/group/:groupOrderId/cart/:itemId - Update Cart Item[2m > [22m[2mshould reject updating non-existent cart item
[22m[39m[orders] INFO: Orders API request completed {
  method: [32m'POST'[39m,
  path: [32m'/api/v1/orders/group/create'[39m,
  status: [33m200[39m,
  duration: [32m'297ms'[39m,
  userAgent: [32m'unknown'[39m
}

[90mstdout[2m | src/features/group-orders/__tests__/e2e.test.ts[2m > [22m[2mGroup Orders E2E Tests[2m > [22m[2mPUT /api/v1/orders/group/:groupOrderId/cart/:itemId - Update Cart Item[2m > [22m[2mshould reject updating non-existent cart item
[22m[39m[API_V1] Response status: 200

[90mstdout[2m | src/features/group-orders/__tests__/e2e.test.ts[2m > [22m[2mGroup Orders E2E Tests[2m > [22m[2mPUT /api/v1/orders/group/:groupOrderId/cart/:itemId - Update Cart Item[2m > [22m[2mshould reject updating non-existent cart item
[22m[39m[API_V1] POST /api/v1/orders/group/join/0RLJFL16

[90mstdout[2m | src/features/group-orders/__tests__/e2e.test.ts[2m > [22m[2mGroup Orders E2E Tests[2m > [22m[2mPUT /api/v1/orders/group/:groupOrderId/cart/:itemId - Update Cart Item[2m > [22m[2mshould reject updating non-existent cart item
[22m[39m[group-orders] Member joining group { shareCode: [32m'0RLJFL16'[39m, memberName: [32m'Jane Doe'[39m }
[SharedMockDB] FIRST executed: {
  sql: [32m'\n'[39m +
    [32m'        SELECT * FROM group_orders\n'[39m +
    [32m'        WHERE share_code = ?\n'[39m +
    [32m"        AND status = 'active'\n"[39m +
    [32m'     '[39m,
  hasResult: [33mtrue[39m
}

[90mstdout[2m | src/features/group-orders/__tests__/e2e.test.ts[2m > [22m[2mGroup Orders E2E Tests[2m > [22m[2mPUT /api/v1/orders/group/:groupOrderId/cart/:itemId - Update Cart Item[2m > [22m[2mshould reject updating non-existent cart item
[22m[39m[SharedMockDB] FIRST executed: {
  sql: [32m'\n'[39m +
    [32m'        SELECT COUNT(*) as count FROM group_members\n'[39m +
    [32m'        WHERE group_order_id = ? AND left_at IS'[39m,
  hasResult: [33mtrue[39m
}

[90mstdout[2m | src/features/group-orders/__tests__/e2e.test.ts[2m > [22m[2mGroup Orders E2E Tests[2m > [22m[2mPUT /api/v1/orders/group/:groupOrderId/cart/:itemId - Update Cart Item[2m > [22m[2mshould reject updating non-existent cart item
[22m[39m[SharedMockDB] FIRST executed: {
  sql: [32m'\n'[39m +
    [32m'        SELECT * FROM group_members\n'[39m +
    [32m'        WHERE group_order_id = ? AND name = ? AND left_at IS NU'[39m,
  hasResult: [33mfalse[39m
}

[90mstdout[2m | src/features/group-orders/__tests__/e2e.test.ts[2m > [22m[2mGroup Orders E2E Tests[2m > [22m[2mPUT /api/v1/orders/group/:groupOrderId/cart/:itemId - Update Cart Item[2m > [22m[2mshould reject updating non-existent cart item
[22m[39m[SharedMockDB] RUN executed: {
  sql: [32m'\n'[39m +
    [32m'        INSERT INTO group_members (\n'[39m +
    [32m'          id, group_order_id, session_id, name, phone, email, r'[39m,
  changes: [33m1[39m,
  lastInsertRowid: [33m2[39m
}

[90mstdout[2m | src/features/group-orders/__tests__/e2e.test.ts[2m > [22m[2mGroup Orders E2E Tests[2m > [22m[2mPUT /api/v1/orders/group/:groupOrderId/cart/:itemId - Update Cart Item[2m > [22m[2mshould reject updating non-existent cart item
[22m[39m[SharedMockDB] RUN executed: {
  sql: [32m'\n'[39m +
    [32m'      INSERT INTO group_activity_logs (\n'[39m +
    [32m'        id, group_order_id, member_id, action, description,'[39m,
  changes: [33m1[39m,
  lastInsertRowid: [33m2[39m
}

[90mstdout[2m | src/features/group-orders/__tests__/e2e.test.ts[2m > [22m[2mGroup Orders E2E Tests[2m > [22m[2mPUT /api/v1/orders/group/:groupOrderId/cart/:itemId - Update Cart Item[2m > [22m[2mshould reject updating non-existent cart item
[22m[39m[SharedMockDB] FIRST executed: {
  sql: [32m'\n        SELECT * FROM group_members WHERE id = ?\n      '[39m,
  hasResult: [33mtrue[39m
}

[90mstdout[2m | src/features/group-orders/__tests__/e2e.test.ts[2m > [22m[2mGroup Orders E2E Tests[2m > [22m[2mPUT /api/v1/orders/group/:groupOrderId/cart/:itemId - Update Cart Item[2m > [22m[2mshould reject updating non-existent cart item
[22m[39m[group-orders] Member joined group successfully {
  groupOrderId: [32m'2395549b-8e6f-4bc1-81bd-c86f8ab78983'[39m,
  memberId: [32m'f246189a-ee41-4e92-826f-6fb3d9cf8e75'[39m,
  memberName: [32m'Jane Doe'[39m
}
[group-orders] joinGroup took 4ms

[90mstdout[2m | src/features/group-orders/__tests__/e2e.test.ts[2m > [22m[2mGroup Orders E2E Tests[2m > [22m[2mPUT /api/v1/orders/group/:groupOrderId/cart/:itemId - Update Cart Item[2m > [22m[2mshould reject updating non-existent cart item
[22m[39m[orders] INFO: Orders API request completed {
  method: [32m'POST'[39m,
  path: [32m'/api/v1/orders/group/join/0RLJFL16'[39m,
  status: [33m200[39m,
  duration: [32m'290ms'[39m,
  userAgent: [32m'unknown'[39m
}

[90mstdout[2m | src/features/group-orders/__tests__/e2e.test.ts[2m > [22m[2mGroup Orders E2E Tests[2m > [22m[2mPUT /api/v1/orders/group/:groupOrderId/cart/:itemId - Update Cart Item[2m > [22m[2mshould reject updating non-existent cart item
[22m[39m[API_V1] Response status: 200

[90mstdout[2m | src/features/group-orders/__tests__/e2e.test.ts[2m > [22m[2mGroup Orders E2E Tests[2m > [22m[2mPUT /api/v1/orders/group/:groupOrderId/cart/:itemId - Update Cart Item[2m > [22m[2mshould reject updating non-existent cart item
[22m[39m[API_V1] POST /api/v1/orders/group/2395549b-8e6f-4bc1-81bd-c86f8ab78983/cart

[90mstdout[2m | src/features/group-orders/__tests__/e2e.test.ts[2m > [22m[2mGroup Orders E2E Tests[2m > [22m[2mPUT /api/v1/orders/group/:groupOrderId/cart/:itemId - Update Cart Item[2m > [22m[2mshould reject updating non-existent cart item
[22m[39m[SharedMockDB] FIRST executed: {
  sql: [32m'\n      SELECT * FROM group_orders WHERE id = ?\n    '[39m,
  hasResult: [33mtrue[39m
}

[90mstdout[2m | src/features/group-orders/__tests__/e2e.test.ts[2m > [22m[2mGroup Orders E2E Tests[2m > [22m[2mPUT /api/v1/orders/group/:groupOrderId/cart/:itemId - Update Cart Item[2m > [22m[2mshould reject updating non-existent cart item
[22m[39m[SharedMockDB] FIRST executed: {
  sql: [32m'\n'[39m +
    [32m'      SELECT * FROM group_members\n'[39m +
    [32m'      WHERE id = ? AND group_order_id = ? AND left_at IS NULL\n'[39m +
    [32m'   '[39m,
  hasResult: [33mtrue[39m
}

[90mstdout[2m | src/features/group-orders/__tests__/e2e.test.ts[2m > [22m[2mGroup Orders E2E Tests[2m > [22m[2mPUT /api/v1/orders/group/:groupOrderId/cart/:itemId - Update Cart Item[2m > [22m[2mshould reject updating non-existent cart item
[22m[39m[SharedMockDB] FIRST executed: {
  sql: [32m'\n        SELECT * FROM menu_items WHERE id = ? AND restaurantId = ?\n      '[39m,
  hasResult: [33mtrue[39m
}

[90mstdout[2m | src/features/group-orders/__tests__/e2e.test.ts[2m > [22m[2mGroup Orders E2E Tests[2m > [22m[2mPUT /api/v1/orders/group/:groupOrderId/cart/:itemId - Update Cart Item[2m > [22m[2mshould reject updating non-existent cart item
[22m[39m[SharedMockDB] RUN executed: {
  sql: [32m'\n'[39m +
    [32m'        INSERT INTO group_cart_items (\n'[39m +
    [32m'          id, group_order_id, member_id, menu_item_id, quant'[39m,
  changes: [33m1[39m,
  lastInsertRowid: [33m1[39m
}

[90mstdout[2m | src/features/group-orders/__tests__/e2e.test.ts[2m > [22m[2mGroup Orders E2E Tests[2m > [22m[2mPUT /api/v1/orders/group/:groupOrderId/cart/:itemId - Update Cart Item[2m > [22m[2mshould reject updating non-existent cart item
[22m[39m[SharedMockDB] FIRST executed: {
  sql: [32m'\n'[39m +
    [32m'      SELECT COALESCE(SUM(total_price), 0) as total\n'[39m +
    [32m'      FROM group_cart_items\n'[39m +
    [32m'      WHERE group_o'[39m,
  hasResult: [33mtrue[39m
}

[90mstdout[2m | src/features/group-orders/__tests__/e2e.test.ts[2m > [22m[2mGroup Orders E2E Tests[2m > [22m[2mPUT /api/v1/orders/group/:groupOrderId/cart/:itemId - Update Cart Item[2m > [22m[2mshould reject updating non-existent cart item
[22m[39m[SharedMockDB] RUN executed: {
  sql: [32m'\n'[39m +
    [32m'      INSERT INTO split_bills (\n'[39m +
    [32m'        id, group_order_id, member_id, subtotal, total_amount,\n'[39m +
    [32m'    '[39m,
  changes: [33m1[39m,
  lastInsertRowid: [33m1[39m
}

[90mstdout[2m | src/features/group-orders/__tests__/e2e.test.ts[2m > [22m[2mGroup Orders E2E Tests[2m > [22m[2mPUT /api/v1/orders/group/:groupOrderId/cart/:itemId - Update Cart Item[2m > [22m[2mshould reject updating non-existent cart item
[22m[39m[SharedMockDB] FIRST executed: {
  sql: [32m'\n'[39m +
    [32m'      SELECT COALESCE(SUM(total_price), 0) as total\n'[39m +
    [32m'      FROM group_cart_items\n'[39m +
    [32m'      WHERE group_o'[39m,
  hasResult: [33mtrue[39m
}

[90mstdout[2m | src/features/group-orders/__tests__/e2e.test.ts[2m > [22m[2mGroup Orders E2E Tests[2m > [22m[2mPUT /api/v1/orders/group/:groupOrderId/cart/:itemId - Update Cart Item[2m > [22m[2mshould reject updating non-existent cart item
[22m[39m[SharedMockDB] RUN executed: {
  sql: [32m'\n'[39m +
    [32m'      UPDATE group_orders\n'[39m +
    [32m"      SET total_amount = ?, updated_at = unixepoch('now')\n"[39m +
    [32m'      WHERE id '[39m,
  changes: [33m1[39m,
  lastInsertRowid: [33m1[39m
}

[90mstdout[2m | src/features/group-orders/__tests__/e2e.test.ts[2m > [22m[2mGroup Orders E2E Tests[2m > [22m[2mPUT /api/v1/orders/group/:groupOrderId/cart/:itemId - Update Cart Item[2m > [22m[2mshould reject updating non-existent cart item
[22m[39m[SharedMockDB] RUN executed: {
  sql: [32m'\n'[39m +
    [32m'      INSERT INTO group_activity_logs (\n'[39m +
    [32m'        id, group_order_id, member_id, action, description,'[39m,
  changes: [33m1[39m,
  lastInsertRowid: [33m3[39m
}

[90mstdout[2m | src/features/group-orders/__tests__/e2e.test.ts[2m > [22m[2mGroup Orders E2E Tests[2m > [22m[2mPUT /api/v1/orders/group/:groupOrderId/cart/:itemId - Update Cart Item[2m > [22m[2mshould reject updating non-existent cart item
[22m[39m[SharedMockDB] FIRST executed: {
  sql: [32m'\n        SELECT * FROM group_cart_items WHERE id = ?\n      '[39m,
  hasResult: [33mtrue[39m
}

[90mstdout[2m | src/features/group-orders/__tests__/e2e.test.ts[2m > [22m[2mGroup Orders E2E Tests[2m > [22m[2mPUT /api/v1/orders/group/:groupOrderId/cart/:itemId - Update Cart Item[2m > [22m[2mshould reject updating non-existent cart item
[22m[39m[group-orders] addCartItem took 23ms

[90mstdout[2m | src/features/group-orders/__tests__/e2e.test.ts[2m > [22m[2mGroup Orders E2E Tests[2m > [22m[2mPUT /api/v1/orders/group/:groupOrderId/cart/:itemId - Update Cart Item[2m > [22m[2mshould reject updating non-existent cart item
[22m[39m[orders] INFO: Orders API request completed {
  method: [32m'POST'[39m,
  path: [32m'/api/v1/orders/group/2395549b-8e6f-4bc1-81bd-c86f8ab78983/cart'[39m,
  status: [33m200[39m,
  duration: [32m'376ms'[39m,
  userAgent: [32m'unknown'[39m
}

[90mstdout[2m | src/features/group-orders/__tests__/e2e.test.ts[2m > [22m[2mGroup Orders E2E Tests[2m > [22m[2mPUT /api/v1/orders/group/:groupOrderId/cart/:itemId - Update Cart Item[2m > [22m[2mshould reject updating non-existent cart item
[22m[39m[API_V1] Response status: 200

[90mstdout[2m | src/features/group-orders/__tests__/e2e.test.ts[2m > [22m[2mGroup Orders E2E Tests[2m > [22m[2mPUT /api/v1/orders/group/:groupOrderId/cart/:itemId - Update Cart Item[2m > [22m[2mshould reject updating non-existent cart item
[22m[39m[API_V1] PUT /api/v1/orders/group/2395549b-8e6f-4bc1-81bd-c86f8ab78983/cart/00000000-0000-0000-0000-000000000000

[90mstdout[2m | src/features/group-orders/__tests__/e2e.test.ts[2m > [22m[2mGroup Orders E2E Tests[2m > [22m[2mPUT /api/v1/orders/group/:groupOrderId/cart/:itemId - Update Cart Item[2m > [22m[2mshould reject updating non-existent cart item
[22m[39m[SharedMockDB] FIRST executed: {
  sql: [32m'\n'[39m +
    [32m'        SELECT * FROM group_cart_items WHERE id = ? AND group_order_id = ?\n'[39m +
    [32m'      '[39m,
  hasResult: [33mfalse[39m
}

[90mstdout[2m | src/features/group-orders/__tests__/e2e.test.ts[2m > [22m[2mGroup Orders E2E Tests[2m > [22m[2mPUT /api/v1/orders/group/:groupOrderId/cart/:itemId - Update Cart Item[2m > [22m[2mshould reject updating non-existent cart item
[22m[39m[group-orders] updateCartItem took 1ms

[90mstdout[2m | src/features/group-orders/__tests__/e2e.test.ts[2m > [22m[2mGroup Orders E2E Tests[2m > [22m[2mPUT /api/v1/orders/group/:groupOrderId/cart/:itemId - Update Cart Item[2m > [22m[2mshould reject updating non-existent cart item
[22m[39m[orders] INFO: Orders API request completed {
  method: [32m'PUT'[39m,
  path: [32m'/api/v1/orders/group/2395549b-8e6f-4bc1-81bd-c86f8ab78983/cart/00000000-0000-0000-0000-000000000000'[39m,
  status: [33m400[39m,
  duration: [32m'2ms'[39m,
  userAgent: [32m'unknown'[39m
}

[90mstdout[2m | src/features/group-orders/__tests__/e2e.test.ts[2m > [22m[2mGroup Orders E2E Tests[2m > [22m[2mPUT /api/v1/orders/group/:groupOrderId/cart/:itemId - Update Cart Item[2m > [22m[2mshould reject updating non-existent cart item
[22m[39m[API_V1] Response status: 400

[90mstdout[2m | src/features/group-orders/__tests__/e2e.test.ts[2m > [22m[2mGroup Orders E2E Tests[2m > [22m[2mDELETE /api/v1/orders/group/:groupOrderId/cart/:itemId - Remove Cart Item[2m > [22m[2mshould remove cart item successfully
[22m[39m[SharedMockDB] EXEC executed successfully

[90mstdout[2m | src/features/group-orders/__tests__/e2e.test.ts[2m > [22m[2mGroup Orders E2E Tests[2m > [22m[2mDELETE /api/v1/orders/group/:groupOrderId/cart/:itemId - Remove Cart Item[2m > [22m[2mshould remove cart item successfully
[22m[39m[SharedMockDB] EXEC executed successfully

[90mstdout[2m | src/features/group-orders/__tests__/e2e.test.ts[2m > [22m[2mGroup Orders E2E Tests[2m > [22m[2mDELETE /api/v1/orders/group/:groupOrderId/cart/:itemId - Remove Cart Item[2m > [22m[2mshould remove cart item successfully
[22m[39m[SharedMockDB] EXEC executed successfully

[90mstdout[2m | src/features/group-orders/__tests__/e2e.test.ts[2m > [22m[2mGroup Orders E2E Tests[2m > [22m[2mDELETE /api/v1/orders/group/:groupOrderId/cart/:itemId - Remove Cart Item[2m > [22m[2mshould remove cart item successfully
[22m[39m[SharedMockDB] EXEC executed successfully

[90mstdout[2m | src/features/group-orders/__tests__/e2e.test.ts[2m > [22m[2mGroup Orders E2E Tests[2m > [22m[2mDELETE /api/v1/orders/group/:groupOrderId/cart/:itemId - Remove Cart Item[2m > [22m[2mshould remove cart item successfully
[22m[39m[SharedMockDB] EXEC executed successfully

[90mstdout[2m | src/features/group-orders/__tests__/e2e.test.ts[2m > [22m[2mGroup Orders E2E Tests[2m > [22m[2mDELETE /api/v1/orders/group/:groupOrderId/cart/:itemId - Remove Cart Item[2m > [22m[2mshould remove cart item successfully
[22m[39m[API_V1] POST /api/v1/orders/group/create

[90mstdout[2m | src/features/group-orders/__tests__/e2e.test.ts[2m > [22m[2mGroup Orders E2E Tests[2m > [22m[2mDELETE /api/v1/orders/group/:groupOrderId/cart/:itemId - Remove Cart Item[2m > [22m[2mshould remove cart item successfully
[22m[39m[group-orders] Creating group order { restaurantId: [33m1[39m, hostId: [33m2[39m }
[SharedMockDB] RUN executed: {
  sql: [32m'\n'[39m +
    [32m'        INSERT INTO group_orders (\n'[39m +
    [32m'          id, restaurant_id, table_id, share_code, created_by,\n'[39m +
    [32m' '[39m,
  changes: [33m1[39m,
  lastInsertRowid: [33m1[39m
}

[90mstdout[2m | src/features/group-orders/__tests__/e2e.test.ts[2m > [22m[2mGroup Orders E2E Tests[2m > [22m[2mDELETE /api/v1/orders/group/:groupOrderId/cart/:itemId - Remove Cart Item[2m > [22m[2mshould remove cart item successfully
[22m[39m[SharedMockDB] RUN executed: {
  sql: [32m'\n'[39m +
    [32m'        INSERT INTO group_members (\n'[39m +
    [32m'          id, group_order_id, session_id, name, role,\n'[39m +
    [32m'         '[39m,
  changes: [33m1[39m,
  lastInsertRowid: [33m1[39m
}

[90mstdout[2m | src/features/group-orders/__tests__/e2e.test.ts[2m > [22m[2mGroup Orders E2E Tests[2m > [22m[2mDELETE /api/v1/orders/group/:groupOrderId/cart/:itemId - Remove Cart Item[2m > [22m[2mshould remove cart item successfully
[22m[39m[SharedMockDB] RUN executed: {
  sql: [32m'\n'[39m +
    [32m'      INSERT INTO group_activity_logs (\n'[39m +
    [32m'        id, group_order_id, member_id, action, description,'[39m,
  changes: [33m1[39m,
  lastInsertRowid: [33m1[39m
}

[90mstdout[2m | src/features/group-orders/__tests__/e2e.test.ts[2m > [22m[2mGroup Orders E2E Tests[2m > [22m[2mDELETE /api/v1/orders/group/:groupOrderId/cart/:itemId - Remove Cart Item[2m > [22m[2mshould remove cart item successfully
[22m[39m[SharedMockDB] FIRST executed: {
  sql: [32m'\n        SELECT * FROM group_members WHERE id = ?\n      '[39m,
  hasResult: [33mtrue[39m
}

[90mstdout[2m | src/features/group-orders/__tests__/e2e.test.ts[2m > [22m[2mGroup Orders E2E Tests[2m > [22m[2mDELETE /api/v1/orders/group/:groupOrderId/cart/:itemId - Remove Cart Item[2m > [22m[2mshould remove cart item successfully
[22m[39m[group-orders] Group order created successfully {
  groupOrderId: [32m'd38503f5-3f27-479a-aadb-cda163dc0c77'[39m,
  shareCode: [32m'IADECYA5'[39m
}
[group-orders] createGroupOrder took 17ms

 [32m✓[39m [30m[42m @makanmakan/api [49m[39m src/features/group-orders/__tests__/e2e.test.ts[2m > [22mGroup Orders E2E Tests[2m > [22mPUT /api/v1/orders/group/:groupOrderId/cart/:itemId - Update Cart Item[2m > [22mshould reject updating non-existent cart item[33m 977[2mms[22m[39m
[90mstdout[2m | src/features/group-orders/__tests__/e2e.test.ts[2m > [22m[2mGroup Orders E2E Tests[2m > [22m[2mDELETE /api/v1/orders/group/:groupOrderId/cart/:itemId - Remove Cart Item[2m > [22m[2mshould remove cart item successfully
[22m[39m[orders] INFO: Orders API request completed {
  method: [32m'POST'[39m,
  path: [32m'/api/v1/orders/group/create'[39m,
  status: [33m200[39m,
  duration: [32m'261ms'[39m,
  userAgent: [32m'unknown'[39m
}

[90mstdout[2m | src/features/group-orders/__tests__/e2e.test.ts[2m > [22m[2mGroup Orders E2E Tests[2m > [22m[2mDELETE /api/v1/orders/group/:groupOrderId/cart/:itemId - Remove Cart Item[2m > [22m[2mshould remove cart item successfully
[22m[39m[API_V1] Response status: 200

[90mstdout[2m | src/features/group-orders/__tests__/e2e.test.ts[2m > [22m[2mGroup Orders E2E Tests[2m > [22m[2mDELETE /api/v1/orders/group/:groupOrderId/cart/:itemId - Remove Cart Item[2m > [22m[2mshould remove cart item successfully
[22m[39m[API_V1] POST /api/v1/orders/group/join/IADECYA5

[90mstdout[2m | src/features/group-orders/__tests__/e2e.test.ts[2m > [22m[2mGroup Orders E2E Tests[2m > [22m[2mDELETE /api/v1/orders/group/:groupOrderId/cart/:itemId - Remove Cart Item[2m > [22m[2mshould remove cart item successfully
[22m[39m[group-orders] Member joining group { shareCode: [32m'IADECYA5'[39m, memberName: [32m'Jane Doe'[39m }
[SharedMockDB] FIRST executed: {
  sql: [32m'\n'[39m +
    [32m'        SELECT * FROM group_orders\n'[39m +
    [32m'        WHERE share_code = ?\n'[39m +
    [32m"        AND status = 'active'\n"[39m +
    [32m'     '[39m,
  hasResult: [33mtrue[39m
}

[90mstdout[2m | src/features/group-orders/__tests__/e2e.test.ts[2m > [22m[2mGroup Orders E2E Tests[2m > [22m[2mDELETE /api/v1/orders/group/:groupOrderId/cart/:itemId - Remove Cart Item[2m > [22m[2mshould remove cart item successfully
[22m[39m[SharedMockDB] FIRST executed: {
  sql: [32m'\n'[39m +
    [32m'        SELECT COUNT(*) as count FROM group_members\n'[39m +
    [32m'        WHERE group_order_id = ? AND left_at IS'[39m,
  hasResult: [33mtrue[39m
}

[90mstdout[2m | src/features/group-orders/__tests__/e2e.test.ts[2m > [22m[2mGroup Orders E2E Tests[2m > [22m[2mDELETE /api/v1/orders/group/:groupOrderId/cart/:itemId - Remove Cart Item[2m > [22m[2mshould remove cart item successfully
[22m[39m[SharedMockDB] FIRST executed: {
  sql: [32m'\n'[39m +
    [32m'        SELECT * FROM group_members\n'[39m +
    [32m'        WHERE group_order_id = ? AND name = ? AND left_at IS NU'[39m,
  hasResult: [33mfalse[39m
}

[90mstdout[2m | src/features/group-orders/__tests__/e2e.test.ts[2m > [22m[2mGroup Orders E2E Tests[2m > [22m[2mDELETE /api/v1/orders/group/:groupOrderId/cart/:itemId - Remove Cart Item[2m > [22m[2mshould remove cart item successfully
[22m[39m[SharedMockDB] RUN executed: {
  sql: [32m'\n'[39m +
    [32m'        INSERT INTO group_members (\n'[39m +
    [32m'          id, group_order_id, session_id, name, phone, email, r'[39m,
  changes: [33m1[39m,
  lastInsertRowid: [33m2[39m
}

[90mstdout[2m | src/features/group-orders/__tests__/e2e.test.ts[2m > [22m[2mGroup Orders E2E Tests[2m > [22m[2mDELETE /api/v1/orders/group/:groupOrderId/cart/:itemId - Remove Cart Item[2m > [22m[2mshould remove cart item successfully
[22m[39m[SharedMockDB] RUN executed: {
  sql: [32m'\n'[39m +
    [32m'      INSERT INTO group_activity_logs (\n'[39m +
    [32m'        id, group_order_id, member_id, action, description,'[39m,
  changes: [33m1[39m,
  lastInsertRowid: [33m2[39m
}

[90mstdout[2m | src/features/group-orders/__tests__/e2e.test.ts[2m > [22m[2mGroup Orders E2E Tests[2m > [22m[2mDELETE /api/v1/orders/group/:groupOrderId/cart/:itemId - Remove Cart Item[2m > [22m[2mshould remove cart item successfully
[22m[39m[SharedMockDB] FIRST executed: {
  sql: [32m'\n        SELECT * FROM group_members WHERE id = ?\n      '[39m,
  hasResult: [33mtrue[39m
}

[90mstdout[2m | src/features/group-orders/__tests__/e2e.test.ts[2m > [22m[2mGroup Orders E2E Tests[2m > [22m[2mDELETE /api/v1/orders/group/:groupOrderId/cart/:itemId - Remove Cart Item[2m > [22m[2mshould remove cart item successfully
[22m[39m[group-orders] Member joined group successfully {
  groupOrderId: [32m'd38503f5-3f27-479a-aadb-cda163dc0c77'[39m,
  memberId: [32m'fd319abe-be51-4d3e-b0e7-4b6b685e63d1'[39m,
  memberName: [32m'Jane Doe'[39m
}
[group-orders] joinGroup took 6ms

[90mstdout[2m | src/features/group-orders/__tests__/e2e.test.ts[2m > [22m[2mGroup Orders E2E Tests[2m > [22m[2mDELETE /api/v1/orders/group/:groupOrderId/cart/:itemId - Remove Cart Item[2m > [22m[2mshould remove cart item successfully
[22m[39m[orders] INFO: Orders API request completed {
  method: [32m'POST'[39m,
  path: [32m'/api/v1/orders/group/join/IADECYA5'[39m,
  status: [33m200[39m,
  duration: [32m'229ms'[39m,
  userAgent: [32m'unknown'[39m
}

[90mstdout[2m | src/features/group-orders/__tests__/e2e.test.ts[2m > [22m[2mGroup Orders E2E Tests[2m > [22m[2mDELETE /api/v1/orders/group/:groupOrderId/cart/:itemId - Remove Cart Item[2m > [22m[2mshould remove cart item successfully
[22m[39m[API_V1] Response status: 200

[90mstdout[2m | src/features/group-orders/__tests__/e2e.test.ts[2m > [22m[2mGroup Orders E2E Tests[2m > [22m[2mDELETE /api/v1/orders/group/:groupOrderId/cart/:itemId - Remove Cart Item[2m > [22m[2mshould remove cart item successfully
[22m[39m[API_V1] POST /api/v1/orders/group/d38503f5-3f27-479a-aadb-cda163dc0c77/cart

[90mstdout[2m | src/features/group-orders/__tests__/e2e.test.ts[2m > [22m[2mGroup Orders E2E Tests[2m > [22m[2mDELETE /api/v1/orders/group/:groupOrderId/cart/:itemId - Remove Cart Item[2m > [22m[2mshould remove cart item successfully
[22m[39m[SharedMockDB] FIRST executed: {
  sql: [32m'\n      SELECT * FROM group_orders WHERE id = ?\n    '[39m,
  hasResult: [33mtrue[39m
}

[90mstdout[2m | src/features/group-orders/__tests__/e2e.test.ts[2m > [22m[2mGroup Orders E2E Tests[2m > [22m[2mDELETE /api/v1/orders/group/:groupOrderId/cart/:itemId - Remove Cart Item[2m > [22m[2mshould remove cart item successfully
[22m[39m[SharedMockDB] FIRST executed: {
  sql: [32m'\n'[39m +
    [32m'      SELECT * FROM group_members\n'[39m +
    [32m'      WHERE id = ? AND group_order_id = ? AND left_at IS NULL\n'[39m +
    [32m'   '[39m,
  hasResult: [33mtrue[39m
}

[90mstdout[2m | src/features/group-orders/__tests__/e2e.test.ts[2m > [22m[2mGroup Orders E2E Tests[2m > [22m[2mDELETE /api/v1/orders/group/:groupOrderId/cart/:itemId - Remove Cart Item[2m > [22m[2mshould remove cart item successfully
[22m[39m[SharedMockDB] FIRST executed: {
  sql: [32m'\n        SELECT * FROM menu_items WHERE id = ? AND restaurantId = ?\n      '[39m,
  hasResult: [33mtrue[39m
}

[90mstdout[2m | src/features/group-orders/__tests__/e2e.test.ts[2m > [22m[2mGroup Orders E2E Tests[2m > [22m[2mDELETE /api/v1/orders/group/:groupOrderId/cart/:itemId - Remove Cart Item[2m > [22m[2mshould remove cart item successfully
[22m[39m[SharedMockDB] RUN executed: {
  sql: [32m'\n'[39m +
    [32m'        INSERT INTO group_cart_items (\n'[39m +
    [32m'          id, group_order_id, member_id, menu_item_id, quant'[39m,
  changes: [33m1[39m,
  lastInsertRowid: [33m1[39m
}

[90mstdout[2m | src/features/group-orders/__tests__/e2e.test.ts[2m > [22m[2mGroup Orders E2E Tests[2m > [22m[2mDELETE /api/v1/orders/group/:groupOrderId/cart/:itemId - Remove Cart Item[2m > [22m[2mshould remove cart item successfully
[22m[39m[SharedMockDB] FIRST executed: {
  sql: [32m'\n'[39m +
    [32m'      SELECT COALESCE(SUM(total_price), 0) as total\n'[39m +
    [32m'      FROM group_cart_items\n'[39m +
    [32m'      WHERE group_o'[39m,
  hasResult: [33mtrue[39m
}

[90mstdout[2m | src/features/group-orders/__tests__/e2e.test.ts[2m > [22m[2mGroup Orders E2E Tests[2m > [22m[2mDELETE /api/v1/orders/group/:groupOrderId/cart/:itemId - Remove Cart Item[2m > [22m[2mshould remove cart item successfully
[22m[39m[SharedMockDB] RUN executed: {
  sql: [32m'\n'[39m +
    [32m'      INSERT INTO split_bills (\n'[39m +
    [32m'        id, group_order_id, member_id, subtotal, total_amount,\n'[39m +
    [32m'    '[39m,
  changes: [33m1[39m,
  lastInsertRowid: [33m1[39m
}

[90mstdout[2m | src/features/group-orders/__tests__/e2e.test.ts[2m > [22m[2mGroup Orders E2E Tests[2m > [22m[2mDELETE /api/v1/orders/group/:groupOrderId/cart/:itemId - Remove Cart Item[2m > [22m[2mshould remove cart item successfully
[22m[39m[SharedMockDB] FIRST executed: {
  sql: [32m'\n'[39m +
    [32m'      SELECT COALESCE(SUM(total_price), 0) as total\n'[39m +
    [32m'      FROM group_cart_items\n'[39m +
    [32m'      WHERE group_o'[39m,
  hasResult: [33mtrue[39m
}

[90mstdout[2m | src/features/group-orders/__tests__/e2e.test.ts[2m > [22m[2mGroup Orders E2E Tests[2m > [22m[2mDELETE /api/v1/orders/group/:groupOrderId/cart/:itemId - Remove Cart Item[2m > [22m[2mshould remove cart item successfully
[22m[39m[SharedMockDB] RUN executed: {
  sql: [32m'\n'[39m +
    [32m'      UPDATE group_orders\n'[39m +
    [32m"      SET total_amount = ?, updated_at = unixepoch('now')\n"[39m +
    [32m'      WHERE id '[39m,
  changes: [33m1[39m,
  lastInsertRowid: [33m1[39m
}

[90mstdout[2m | src/features/group-orders/__tests__/e2e.test.ts[2m > [22m[2mGroup Orders E2E Tests[2m > [22m[2mDELETE /api/v1/orders/group/:groupOrderId/cart/:itemId - Remove Cart Item[2m > [22m[2mshould remove cart item successfully
[22m[39m[SharedMockDB] RUN executed: {
  sql: [32m'\n'[39m +
    [32m'      INSERT INTO group_activity_logs (\n'[39m +
    [32m'        id, group_order_id, member_id, action, description,'[39m,
  changes: [33m1[39m,
  lastInsertRowid: [33m3[39m
}

[90mstdout[2m | src/features/group-orders/__tests__/e2e.test.ts[2m > [22m[2mGroup Orders E2E Tests[2m > [22m[2mDELETE /api/v1/orders/group/:groupOrderId/cart/:itemId - Remove Cart Item[2m > [22m[2mshould remove cart item successfully
[22m[39m[SharedMockDB] FIRST executed: {
  sql: [32m'\n        SELECT * FROM group_cart_items WHERE id = ?\n      '[39m,
  hasResult: [33mtrue[39m
}

[90mstdout[2m | src/features/group-orders/__tests__/e2e.test.ts[2m > [22m[2mGroup Orders E2E Tests[2m > [22m[2mDELETE /api/v1/orders/group/:groupOrderId/cart/:itemId - Remove Cart Item[2m > [22m[2mshould remove cart item successfully
[22m[39m[group-orders] addCartItem took 8ms

[90mstdout[2m | src/features/group-orders/__tests__/e2e.test.ts[2m > [22m[2mGroup Orders E2E Tests[2m > [22m[2mDELETE /api/v1/orders/group/:groupOrderId/cart/:itemId - Remove Cart Item[2m > [22m[2mshould remove cart item successfully
[22m[39m[orders] INFO: Orders API request completed {
  method: [32m'POST'[39m,
  path: [32m'/api/v1/orders/group/d38503f5-3f27-479a-aadb-cda163dc0c77/cart'[39m,
  status: [33m200[39m,
  duration: [32m'435ms'[39m,
  userAgent: [32m'unknown'[39m
}

[90mstdout[2m | src/features/group-orders/__tests__/e2e.test.ts[2m > [22m[2mGroup Orders E2E Tests[2m > [22m[2mDELETE /api/v1/orders/group/:groupOrderId/cart/:itemId - Remove Cart Item[2m > [22m[2mshould remove cart item successfully
[22m[39m[API_V1] Response status: 200

[90mstdout[2m | src/features/group-orders/__tests__/e2e.test.ts[2m > [22m[2mGroup Orders E2E Tests[2m > [22m[2mDELETE /api/v1/orders/group/:groupOrderId/cart/:itemId - Remove Cart Item[2m > [22m[2mshould remove cart item successfully
[22m[39m[API_V1] DELETE /api/v1/orders/group/d38503f5-3f27-479a-aadb-cda163dc0c77/cart/26aadf86-69cf-4974-879d-b42c1dcb175c

[90mstdout[2m | src/features/group-orders/__tests__/e2e.test.ts[2m > [22m[2mGroup Orders E2E Tests[2m > [22m[2mDELETE /api/v1/orders/group/:groupOrderId/cart/:itemId - Remove Cart Item[2m > [22m[2mshould remove cart item successfully
[22m[39m[SharedMockDB] FIRST executed: {
  sql: [32m'\n'[39m +
    [32m'        SELECT * FROM group_cart_items\n'[39m +
    [32m'        WHERE id = ? AND group_order_id = ? AND member_id = '[39m,
  hasResult: [33mtrue[39m
}

[90mstdout[2m | src/features/group-orders/__tests__/e2e.test.ts[2m > [22m[2mGroup Orders E2E Tests[2m > [22m[2mDELETE /api/v1/orders/group/:groupOrderId/cart/:itemId - Remove Cart Item[2m > [22m[2mshould remove cart item successfully
[22m[39m[SharedMockDB] RUN executed: {
  sql: [32m'\n        DELETE FROM group_cart_items WHERE id = ?\n      '[39m,
  changes: [33m1[39m,
  lastInsertRowid: [33m3[39m
}

[90mstdout[2m | src/features/group-orders/__tests__/e2e.test.ts[2m > [22m[2mGroup Orders E2E Tests[2m > [22m[2mDELETE /api/v1/orders/group/:groupOrderId/cart/:itemId - Remove Cart Item[2m > [22m[2mshould remove cart item successfully
[22m[39m[SharedMockDB] FIRST executed: {
  sql: [32m'\n'[39m +
    [32m'      SELECT COALESCE(SUM(total_price), 0) as total\n'[39m +
    [32m'      FROM group_cart_items\n'[39m +
    [32m'      WHERE group_o'[39m,
  hasResult: [33mtrue[39m
}

[90mstdout[2m | src/features/group-orders/__tests__/e2e.test.ts[2m > [22m[2mGroup Orders E2E Tests[2m > [22m[2mDELETE /api/v1/orders/group/:groupOrderId/cart/:itemId - Remove Cart Item[2m > [22m[2mshould remove cart item successfully
[22m[39m[SharedMockDB] RUN executed: {
  sql: [32m'\n'[39m +
    [32m'      INSERT INTO split_bills (\n'[39m +
    [32m'        id, group_order_id, member_id, subtotal, total_amount,\n'[39m +
    [32m'    '[39m,
  changes: [33m1[39m,
  lastInsertRowid: [33m3[39m
}

[90mstdout[2m | src/features/group-orders/__tests__/e2e.test.ts[2m > [22m[2mGroup Orders E2E Tests[2m > [22m[2mDELETE /api/v1/orders/group/:groupOrderId/cart/:itemId - Remove Cart Item[2m > [22m[2mshould remove cart item successfully
[22m[39m[SharedMockDB] FIRST executed: {
  sql: [32m'\n'[39m +
    [32m'      SELECT COALESCE(SUM(total_price), 0) as total\n'[39m +
    [32m'      FROM group_cart_items\n'[39m +
    [32m'      WHERE group_o'[39m,
  hasResult: [33mtrue[39m
}

[90mstdout[2m | src/features/group-orders/__tests__/e2e.test.ts[2m > [22m[2mGroup Orders E2E Tests[2m > [22m[2mDELETE /api/v1/orders/group/:groupOrderId/cart/:itemId - Remove Cart Item[2m > [22m[2mshould remove cart item successfully
[22m[39m[SharedMockDB] RUN executed: {
  sql: [32m'\n'[39m +
    [32m'      UPDATE group_orders\n'[39m +
    [32m"      SET total_amount = ?, updated_at = unixepoch('now')\n"[39m +
    [32m'      WHERE id '[39m,
  changes: [33m1[39m,
  lastInsertRowid: [33m3[39m
}

[90mstdout[2m | src/features/group-orders/__tests__/e2e.test.ts[2m > [22m[2mGroup Orders E2E Tests[2m > [22m[2mDELETE /api/v1/orders/group/:groupOrderId/cart/:itemId - Remove Cart Item[2m > [22m[2mshould remove cart item successfully
[22m[39m[SharedMockDB] RUN executed: {
  sql: [32m'\n'[39m +
    [32m'      INSERT INTO group_activity_logs (\n'[39m +
    [32m'        id, group_order_id, member_id, action, description,'[39m,
  changes: [33m1[39m,
  lastInsertRowid: [33m4[39m
}

[90mstdout[2m | src/features/group-orders/__tests__/e2e.test.ts[2m > [22m[2mGroup Orders E2E Tests[2m > [22m[2mDELETE /api/v1/orders/group/:groupOrderId/cart/:itemId - Remove Cart Item[2m > [22m[2mshould remove cart item successfully
[22m[39m[group-orders] removeCartItem took 9ms

[90mstdout[2m | src/features/group-orders/__tests__/e2e.test.ts[2m > [22m[2mGroup Orders E2E Tests[2m > [22m[2mDELETE /api/v1/orders/group/:groupOrderId/cart/:itemId - Remove Cart Item[2m > [22m[2mshould remove cart item successfully
[22m[39m[orders] INFO: Orders API request completed {
  method: [32m'DELETE'[39m,
  path: [32m'/api/v1/orders/group/d38503f5-3f27-479a-aadb-cda163dc0c77/cart/26aadf86-69cf-4974-879d-b42c1dcb175c'[39m,
  status: [33m200[39m,
  duration: [32m'761ms'[39m,
  userAgent: [32m'unknown'[39m
}

[90mstdout[2m | src/features/group-orders/__tests__/e2e.test.ts[2m > [22m[2mGroup Orders E2E Tests[2m > [22m[2mDELETE /api/v1/orders/group/:groupOrderId/cart/:itemId - Remove Cart Item[2m > [22m[2mshould remove cart item successfully
[22m[39m[API_V1] Response status: 200

 [32m✓[39m [30m[42m @makanmakan/api [49m[39m src/features/group-orders/__tests__/e2e.test.ts[2m > [22mGroup Orders E2E Tests[2m > [22mDELETE /api/v1/orders/group/:groupOrderId/cart/:itemId - Remove Cart Item[2m > [22mshould remove cart item successfully[33m 1701[2mms[22m[39m
[90mstdout[2m | src/features/group-orders/__tests__/e2e.test.ts[2m > [22m[2mGroup Orders E2E Tests[2m > [22m[2mDELETE /api/v1/orders/group/:groupOrderId/cart/:itemId - Remove Cart Item[2m > [22m[2mshould reject removing item not owned by member
[22m[39m[SharedMockDB] EXEC executed successfully

[90mstdout[2m | src/features/group-orders/__tests__/e2e.test.ts[2m > [22m[2mGroup Orders E2E Tests[2m > [22m[2mDELETE /api/v1/orders/group/:groupOrderId/cart/:itemId - Remove Cart Item[2m > [22m[2mshould reject removing item not owned by member
[22m[39m[SharedMockDB] EXEC executed successfully

[90mstdout[2m | src/features/group-orders/__tests__/e2e.test.ts[2m > [22m[2mGroup Orders E2E Tests[2m > [22m[2mDELETE /api/v1/orders/group/:groupOrderId/cart/:itemId - Remove Cart Item[2m > [22m[2mshould reject removing item not owned by member
[22m[39m[SharedMockDB] EXEC executed successfully

[90mstdout[2m | src/features/group-orders/__tests__/e2e.test.ts[2m > [22m[2mGroup Orders E2E Tests[2m > [22m[2mDELETE /api/v1/orders/group/:groupOrderId/cart/:itemId - Remove Cart Item[2m > [22m[2mshould reject removing item not owned by member
[22m[39m[SharedMockDB] EXEC executed successfully

[90mstdout[2m | src/features/group-orders/__tests__/e2e.test.ts[2m > [22m[2mGroup Orders E2E Tests[2m > [22m[2mDELETE /api/v1/orders/group/:groupOrderId/cart/:itemId - Remove Cart Item[2m > [22m[2mshould reject removing item not owned by member
[22m[39m[SharedMockDB] EXEC executed successfully

[90mstdout[2m | src/features/group-orders/__tests__/e2e.test.ts[2m > [22m[2mGroup Orders E2E Tests[2m > [22m[2mDELETE /api/v1/orders/group/:groupOrderId/cart/:itemId - Remove Cart Item[2m > [22m[2mshould reject removing item not owned by member
[22m[39m[API_V1] POST /api/v1/orders/group/create

[90mstdout[2m | src/features/group-orders/__tests__/e2e.test.ts[2m > [22m[2mGroup Orders E2E Tests[2m > [22m[2mDELETE /api/v1/orders/group/:groupOrderId/cart/:itemId - Remove Cart Item[2m > [22m[2mshould reject removing item not owned by member
[22m[39m[group-orders] Creating group order { restaurantId: [33m1[39m, hostId: [33m2[39m }
[SharedMockDB] RUN executed: {
  sql: [32m'\n'[39m +
    [32m'        INSERT INTO group_orders (\n'[39m +
    [32m'          id, restaurant_id, table_id, share_code, created_by,\n'[39m +
    [32m' '[39m,
  changes: [33m1[39m,
  lastInsertRowid: [33m1[39m
}

[90mstdout[2m | src/features/group-orders/__tests__/e2e.test.ts[2m > [22m[2mGroup Orders E2E Tests[2m > [22m[2mDELETE /api/v1/orders/group/:groupOrderId/cart/:itemId - Remove Cart Item[2m > [22m[2mshould reject removing item not owned by member
[22m[39m[SharedMockDB] RUN executed: {
  sql: [32m'\n'[39m +
    [32m'        INSERT INTO group_members (\n'[39m +
    [32m'          id, group_order_id, session_id, name, role,\n'[39m +
    [32m'         '[39m,
  changes: [33m1[39m,
  lastInsertRowid: [33m1[39m
}

[90mstdout[2m | src/features/group-orders/__tests__/e2e.test.ts[2m > [22m[2mGroup Orders E2E Tests[2m > [22m[2mDELETE /api/v1/orders/group/:groupOrderId/cart/:itemId - Remove Cart Item[2m > [22m[2mshould reject removing item not owned by member
[22m[39m[SharedMockDB] RUN executed: {
  sql: [32m'\n'[39m +
    [32m'      INSERT INTO group_activity_logs (\n'[39m +
    [32m'        id, group_order_id, member_id, action, description,'[39m,
  changes: [33m1[39m,
  lastInsertRowid: [33m1[39m
}

[90mstdout[2m | src/features/group-orders/__tests__/e2e.test.ts[2m > [22m[2mGroup Orders E2E Tests[2m > [22m[2mDELETE /api/v1/orders/group/:groupOrderId/cart/:itemId - Remove Cart Item[2m > [22m[2mshould reject removing item not owned by member
[22m[39m[SharedMockDB] FIRST executed: {
  sql: [32m'\n        SELECT * FROM group_members WHERE id = ?\n      '[39m,
  hasResult: [33mtrue[39m
}

[90mstdout[2m | src/features/group-orders/__tests__/e2e.test.ts[2m > [22m[2mGroup Orders E2E Tests[2m > [22m[2mDELETE /api/v1/orders/group/:groupOrderId/cart/:itemId - Remove Cart Item[2m > [22m[2mshould reject removing item not owned by member
[22m[39m[group-orders] Group order created successfully {
  groupOrderId: [32m'52bb9421-539b-46df-8d70-e6bbf25cf549'[39m,
  shareCode: [32m'4UK13LJA'[39m
}
[group-orders] createGroupOrder took 6ms

[90mstdout[2m | src/features/group-orders/__tests__/e2e.test.ts[2m > [22m[2mGroup Orders E2E Tests[2m > [22m[2mDELETE /api/v1/orders/group/:groupOrderId/cart/:itemId - Remove Cart Item[2m > [22m[2mshould reject removing item not owned by member
[22m[39m[orders] INFO: Orders API request completed {
  method: [32m'POST'[39m,
  path: [32m'/api/v1/orders/group/create'[39m,
  status: [33m200[39m,
  duration: [32m'372ms'[39m,
  userAgent: [32m'unknown'[39m
}

[90mstdout[2m | src/features/group-orders/__tests__/e2e.test.ts[2m > [22m[2mGroup Orders E2E Tests[2m > [22m[2mDELETE /api/v1/orders/group/:groupOrderId/cart/:itemId - Remove Cart Item[2m > [22m[2mshould reject removing item not owned by member
[22m[39m[API_V1] Response status: 200

[90mstdout[2m | src/features/group-orders/__tests__/e2e.test.ts[2m > [22m[2mGroup Orders E2E Tests[2m > [22m[2mDELETE /api/v1/orders/group/:groupOrderId/cart/:itemId - Remove Cart Item[2m > [22m[2mshould reject removing item not owned by member
[22m[39m[API_V1] POST /api/v1/orders/group/join/4UK13LJA

[90mstdout[2m | src/features/group-orders/__tests__/e2e.test.ts[2m > [22m[2mGroup Orders E2E Tests[2m > [22m[2mDELETE /api/v1/orders/group/:groupOrderId/cart/:itemId - Remove Cart Item[2m > [22m[2mshould reject removing item not owned by member
[22m[39m[group-orders] Member joining group { shareCode: [32m'4UK13LJA'[39m, memberName: [32m'Jane Doe'[39m }
[SharedMockDB] FIRST executed: {
  sql: [32m'\n'[39m +
    [32m'        SELECT * FROM group_orders\n'[39m +
    [32m'        WHERE share_code = ?\n'[39m +
    [32m"        AND status = 'active'\n"[39m +
    [32m'     '[39m,
  hasResult: [33mtrue[39m
}

[90mstdout[2m | src/features/group-orders/__tests__/e2e.test.ts[2m > [22m[2mGroup Orders E2E Tests[2m > [22m[2mDELETE /api/v1/orders/group/:groupOrderId/cart/:itemId - Remove Cart Item[2m > [22m[2mshould reject removing item not owned by member
[22m[39m[SharedMockDB] FIRST executed: {
  sql: [32m'\n'[39m +
    [32m'        SELECT COUNT(*) as count FROM group_members\n'[39m +
    [32m'        WHERE group_order_id = ? AND left_at IS'[39m,
  hasResult: [33mtrue[39m
}

[90mstdout[2m | src/features/group-orders/__tests__/e2e.test.ts[2m > [22m[2mGroup Orders E2E Tests[2m > [22m[2mDELETE /api/v1/orders/group/:groupOrderId/cart/:itemId - Remove Cart Item[2m > [22m[2mshould reject removing item not owned by member
[22m[39m[SharedMockDB] FIRST executed: {
  sql: [32m'\n'[39m +
    [32m'        SELECT * FROM group_members\n'[39m +
    [32m'        WHERE group_order_id = ? AND name = ? AND left_at IS NU'[39m,
  hasResult: [33mfalse[39m
}

[90mstdout[2m | src/features/group-orders/__tests__/e2e.test.ts[2m > [22m[2mGroup Orders E2E Tests[2m > [22m[2mDELETE /api/v1/orders/group/:groupOrderId/cart/:itemId - Remove Cart Item[2m > [22m[2mshould reject removing item not owned by member
[22m[39m[SharedMockDB] RUN executed: {
  sql: [32m'\n'[39m +
    [32m'        INSERT INTO group_members (\n'[39m +
    [32m'          id, group_order_id, session_id, name, phone, email, r'[39m,
  changes: [33m1[39m,
  lastInsertRowid: [33m2[39m
}

[90mstdout[2m | src/features/group-orders/__tests__/e2e.test.ts[2m > [22m[2mGroup Orders E2E Tests[2m > [22m[2mDELETE /api/v1/orders/group/:groupOrderId/cart/:itemId - Remove Cart Item[2m > [22m[2mshould reject removing item not owned by member
[22m[39m[SharedMockDB] RUN executed: {
  sql: [32m'\n'[39m +
    [32m'      INSERT INTO group_activity_logs (\n'[39m +
    [32m'        id, group_order_id, member_id, action, description,'[39m,
  changes: [33m1[39m,
  lastInsertRowid: [33m2[39m
}

[90mstdout[2m | src/features/group-orders/__tests__/e2e.test.ts[2m > [22m[2mGroup Orders E2E Tests[2m > [22m[2mDELETE /api/v1/orders/group/:groupOrderId/cart/:itemId - Remove Cart Item[2m > [22m[2mshould reject removing item not owned by member
[22m[39m[SharedMockDB] FIRST executed: {
  sql: [32m'\n        SELECT * FROM group_members WHERE id = ?\n      '[39m,
  hasResult: [33mtrue[39m
}

[90mstdout[2m | src/features/group-orders/__tests__/e2e.test.ts[2m > [22m[2mGroup Orders E2E Tests[2m > [22m[2mDELETE /api/v1/orders/group/:groupOrderId/cart/:itemId - Remove Cart Item[2m > [22m[2mshould reject removing item not owned by member
[22m[39m[group-orders] Member joined group successfully {
  groupOrderId: [32m'52bb9421-539b-46df-8d70-e6bbf25cf549'[39m,
  memberId: [32m'34f86eae-8042-4ad8-b9ba-b90acd7961cd'[39m,
  memberName: [32m'Jane Doe'[39m
}
[group-orders] joinGroup took 16ms

[90mstdout[2m | src/features/group-orders/__tests__/e2e.test.ts[2m > [22m[2mGroup Orders E2E Tests[2m > [22m[2mDELETE /api/v1/orders/group/:groupOrderId/cart/:itemId - Remove Cart Item[2m > [22m[2mshould reject removing item not owned by member
[22m[39m[orders] INFO: Orders API request completed {
  method: [32m'POST'[39m,
  path: [32m'/api/v1/orders/group/join/4UK13LJA'[39m,
  status: [33m200[39m,
  duration: [32m'314ms'[39m,
  userAgent: [32m'unknown'[39m
}

[90mstdout[2m | src/features/group-orders/__tests__/e2e.test.ts[2m > [22m[2mGroup Orders E2E Tests[2m > [22m[2mDELETE /api/v1/orders/group/:groupOrderId/cart/:itemId - Remove Cart Item[2m > [22m[2mshould reject removing item not owned by member
[22m[39m[API_V1] Response status: 200

[90mstdout[2m | src/features/group-orders/__tests__/e2e.test.ts[2m > [22m[2mGroup Orders E2E Tests[2m > [22m[2mDELETE /api/v1/orders/group/:groupOrderId/cart/:itemId - Remove Cart Item[2m > [22m[2mshould reject removing item not owned by member
[22m[39m[API_V1] POST /api/v1/orders/group/52bb9421-539b-46df-8d70-e6bbf25cf549/cart

[90mstdout[2m | src/features/group-orders/__tests__/e2e.test.ts[2m > [22m[2mGroup Orders E2E Tests[2m > [22m[2mDELETE /api/v1/orders/group/:groupOrderId/cart/:itemId - Remove Cart Item[2m > [22m[2mshould reject removing item not owned by member
[22m[39m[SharedMockDB] FIRST executed: {
  sql: [32m'\n      SELECT * FROM group_orders WHERE id = ?\n    '[39m,
  hasResult: [33mtrue[39m
}

[90mstdout[2m | src/features/group-orders/__tests__/e2e.test.ts[2m > [22m[2mGroup Orders E2E Tests[2m > [22m[2mDELETE /api/v1/orders/group/:groupOrderId/cart/:itemId - Remove Cart Item[2m > [22m[2mshould reject removing item not owned by member
[22m[39m[SharedMockDB] FIRST executed: {
  sql: [32m'\n'[39m +
    [32m'      SELECT * FROM group_members\n'[39m +
    [32m'      WHERE id = ? AND group_order_id = ? AND left_at IS NULL\n'[39m +
    [32m'   '[39m,
  hasResult: [33mtrue[39m
}

[90mstdout[2m | src/features/group-orders/__tests__/e2e.test.ts[2m > [22m[2mGroup Orders E2E Tests[2m > [22m[2mDELETE /api/v1/orders/group/:groupOrderId/cart/:itemId - Remove Cart Item[2m > [22m[2mshould reject removing item not owned by member
[22m[39m[SharedMockDB] FIRST executed: {
  sql: [32m'\n        SELECT * FROM menu_items WHERE id = ? AND restaurantId = ?\n      '[39m,
  hasResult: [33mtrue[39m
}

[90mstdout[2m | src/features/group-orders/__tests__/e2e.test.ts[2m > [22m[2mGroup Orders E2E Tests[2m > [22m[2mDELETE /api/v1/orders/group/:groupOrderId/cart/:itemId - Remove Cart Item[2m > [22m[2mshould reject removing item not owned by member
[22m[39m[SharedMockDB] RUN executed: {
  sql: [32m'\n'[39m +
    [32m'        INSERT INTO group_cart_items (\n'[39m +
    [32m'          id, group_order_id, member_id, menu_item_id, quant'[39m,
  changes: [33m1[39m,
  lastInsertRowid: [33m1[39m
}

[90mstdout[2m | src/features/group-orders/__tests__/e2e.test.ts[2m > [22m[2mGroup Orders E2E Tests[2m > [22m[2mDELETE /api/v1/orders/group/:groupOrderId/cart/:itemId - Remove Cart Item[2m > [22m[2mshould reject removing item not owned by member
[22m[39m[SharedMockDB] FIRST executed: {
  sql: [32m'\n'[39m +
    [32m'      SELECT COALESCE(SUM(total_price), 0) as total\n'[39m +
    [32m'      FROM group_cart_items\n'[39m +
    [32m'      WHERE group_o'[39m,
  hasResult: [33mtrue[39m
}

[90mstdout[2m | src/features/group-orders/__tests__/e2e.test.ts[2m > [22m[2mGroup Orders E2E Tests[2m > [22m[2mDELETE /api/v1/orders/group/:groupOrderId/cart/:itemId - Remove Cart Item[2m > [22m[2mshould reject removing item not owned by member
[22m[39m[SharedMockDB] RUN executed: {
  sql: [32m'\n'[39m +
    [32m'      INSERT INTO split_bills (\n'[39m +
    [32m'        id, group_order_id, member_id, subtotal, total_amount,\n'[39m +
    [32m'    '[39m,
  changes: [33m1[39m,
  lastInsertRowid: [33m1[39m
}

[90mstdout[2m | src/features/group-orders/__tests__/e2e.test.ts[2m > [22m[2mGroup Orders E2E Tests[2m > [22m[2mDELETE /api/v1/orders/group/:groupOrderId/cart/:itemId - Remove Cart Item[2m > [22m[2mshould reject removing item not owned by member
[22m[39m[SharedMockDB] FIRST executed: {
  sql: [32m'\n'[39m +
    [32m'      SELECT COALESCE(SUM(total_price), 0) as total\n'[39m +
    [32m'      FROM group_cart_items\n'[39m +
    [32m'      WHERE group_o'[39m,
  hasResult: [33mtrue[39m
}

[90mstdout[2m | src/features/group-orders/__tests__/e2e.test.ts[2m > [22m[2mGroup Orders E2E Tests[2m > [22m[2mDELETE /api/v1/orders/group/:groupOrderId/cart/:itemId - Remove Cart Item[2m > [22m[2mshould reject removing item not owned by member
[22m[39m[SharedMockDB] RUN executed: {
  sql: [32m'\n'[39m +
    [32m'      UPDATE group_orders\n'[39m +
    [32m"      SET total_amount = ?, updated_at = unixepoch('now')\n"[39m +
    [32m'      WHERE id '[39m,
  changes: [33m1[39m,
  lastInsertRowid: [33m1[39m
}

[90mstdout[2m | src/features/group-orders/__tests__/e2e.test.ts[2m > [22m[2mGroup Orders E2E Tests[2m > [22m[2mDELETE /api/v1/orders/group/:groupOrderId/cart/:itemId - Remove Cart Item[2m > [22m[2mshould reject removing item not owned by member
[22m[39m[SharedMockDB] RUN executed: {
  sql: [32m'\n'[39m +
    [32m'      INSERT INTO group_activity_logs (\n'[39m +
    [32m'        id, group_order_id, member_id, action, description,'[39m,
  changes: [33m1[39m,
  lastInsertRowid: [33m3[39m
}

[90mstdout[2m | src/features/group-orders/__tests__/e2e.test.ts[2m > [22m[2mGroup Orders E2E Tests[2m > [22m[2mDELETE /api/v1/orders/group/:groupOrderId/cart/:itemId - Remove Cart Item[2m > [22m[2mshould reject removing item not owned by member
[22m[39m[SharedMockDB] FIRST executed: {
  sql: [32m'\n        SELECT * FROM group_cart_items WHERE id = ?\n      '[39m,
  hasResult: [33mtrue[39m
}

[90mstdout[2m | src/features/group-orders/__tests__/e2e.test.ts[2m > [22m[2mGroup Orders E2E Tests[2m > [22m[2mDELETE /api/v1/orders/group/:groupOrderId/cart/:itemId - Remove Cart Item[2m > [22m[2mshould reject removing item not owned by member
[22m[39m[group-orders] addCartItem took 9ms

[90mstdout[2m | src/features/group-orders/__tests__/e2e.test.ts[2m > [22m[2mGroup Orders E2E Tests[2m > [22m[2mDELETE /api/v1/orders/group/:groupOrderId/cart/:itemId - Remove Cart Item[2m > [22m[2mshould reject removing item not owned by member
[22m[39m[orders] INFO: Orders API request completed {
  method: [32m'POST'[39m,
  path: [32m'/api/v1/orders/group/52bb9421-539b-46df-8d70-e6bbf25cf549/cart'[39m,
  status: [33m200[39m,
  duration: [32m'381ms'[39m,
  userAgent: [32m'unknown'[39m
}

[90mstdout[2m | src/features/group-orders/__tests__/e2e.test.ts[2m > [22m[2mGroup Orders E2E Tests[2m > [22m[2mDELETE /api/v1/orders/group/:groupOrderId/cart/:itemId - Remove Cart Item[2m > [22m[2mshould reject removing item not owned by member
[22m[39m[API_V1] Response status: 200

[90mstdout[2m | src/features/group-orders/__tests__/e2e.test.ts[2m > [22m[2mGroup Orders E2E Tests[2m > [22m[2mDELETE /api/v1/orders/group/:groupOrderId/cart/:itemId - Remove Cart Item[2m > [22m[2mshould reject removing item not owned by member
[22m[39m[API_V1] DELETE /api/v1/orders/group/52bb9421-539b-46df-8d70-e6bbf25cf549/cart/da6a2871-4af2-4a71-b2e0-b257244c63c7

[90mstdout[2m | src/features/group-orders/__tests__/e2e.test.ts[2m > [22m[2mGroup Orders E2E Tests[2m > [22m[2mDELETE /api/v1/orders/group/:groupOrderId/cart/:itemId - Remove Cart Item[2m > [22m[2mshould reject removing item not owned by member
[22m[39m[SharedMockDB] FIRST executed: {
  sql: [32m'\n'[39m +
    [32m'        SELECT * FROM group_cart_items\n'[39m +
    [32m'        WHERE id = ? AND group_order_id = ? AND member_id = '[39m,
  hasResult: [33mfalse[39m
}

[90mstdout[2m | src/features/group-orders/__tests__/e2e.test.ts[2m > [22m[2mGroup Orders E2E Tests[2m > [22m[2mDELETE /api/v1/orders/group/:groupOrderId/cart/:itemId - Remove Cart Item[2m > [22m[2mshould reject removing item not owned by member
[22m[39m[group-orders] removeCartItem took 1ms

[90mstdout[2m | src/features/group-orders/__tests__/e2e.test.ts[2m > [22m[2mGroup Orders E2E Tests[2m > [22m[2mDELETE /api/v1/orders/group/:groupOrderId/cart/:itemId - Remove Cart Item[2m > [22m[2mshould reject removing item not owned by member
[22m[39m[orders] INFO: Orders API request completed {
  method: [32m'DELETE'[39m,
  path: [32m'/api/v1/orders/group/52bb9421-539b-46df-8d70-e6bbf25cf549/cart/da6a2871-4af2-4a71-b2e0-b257244c63c7'[39m,
  status: [33m400[39m,
  duration: [32m'2ms'[39m,
  userAgent: [32m'unknown'[39m
}

[90mstdout[2m | src/features/group-orders/__tests__/e2e.test.ts[2m > [22m[2mGroup Orders E2E Tests[2m > [22m[2mDELETE /api/v1/orders/group/:groupOrderId/cart/:itemId - Remove Cart Item[2m > [22m[2mshould reject removing item not owned by member
[22m[39m[API_V1] Response status: 400

[90mstdout[2m | src/features/group-orders/__tests__/e2e.test.ts[2m > [22m[2mGroup Orders E2E Tests[2m > [22m[2mGET /api/v1/orders/group/:groupOrderId - Get Group Details[2m > [22m[2mshould get group details with members and cart items
[22m[39m[SharedMockDB] EXEC executed successfully

[90mstdout[2m | src/features/group-orders/__tests__/e2e.test.ts[2m > [22m[2mGroup Orders E2E Tests[2m > [22m[2mGET /api/v1/orders/group/:groupOrderId - Get Group Details[2m > [22m[2mshould get group details with members and cart items
[22m[39m[SharedMockDB] EXEC executed successfully

[90mstdout[2m | src/features/group-orders/__tests__/e2e.test.ts[2m > [22m[2mGroup Orders E2E Tests[2m > [22m[2mGET /api/v1/orders/group/:groupOrderId - Get Group Details[2m > [22m[2mshould get group details with members and cart items
[22m[39m[SharedMockDB] EXEC executed successfully

[90mstdout[2m | src/features/group-orders/__tests__/e2e.test.ts[2m > [22m[2mGroup Orders E2E Tests[2m > [22m[2mGET /api/v1/orders/group/:groupOrderId - Get Group Details[2m > [22m[2mshould get group details with members and cart items
[22m[39m[SharedMockDB] EXEC executed successfully

[90mstdout[2m | src/features/group-orders/__tests__/e2e.test.ts[2m > [22m[2mGroup Orders E2E Tests[2m > [22m[2mGET /api/v1/orders/group/:groupOrderId - Get Group Details[2m > [22m[2mshould get group details with members and cart items
[22m[39m[SharedMockDB] EXEC executed successfully

[90mstdout[2m | src/features/group-orders/__tests__/e2e.test.ts[2m > [22m[2mGroup Orders E2E Tests[2m > [22m[2mGET /api/v1/orders/group/:groupOrderId - Get Group Details[2m > [22m[2mshould get group details with members and cart items
[22m[39m[API_V1] POST /api/v1/orders/group/create

[90mstdout[2m | src/features/group-orders/__tests__/e2e.test.ts[2m > [22m[2mGroup Orders E2E Tests[2m > [22m[2mGET /api/v1/orders/group/:groupOrderId - Get Group Details[2m > [22m[2mshould get group details with members and cart items
[22m[39m[group-orders] Creating group order { restaurantId: [33m1[39m, hostId: [33m2[39m }
[SharedMockDB] RUN executed: {
  sql: [32m'\n'[39m +
    [32m'        INSERT INTO group_orders (\n'[39m +
    [32m'          id, restaurant_id, table_id, share_code, created_by,\n'[39m +
    [32m' '[39m,
  changes: [33m1[39m,
  lastInsertRowid: [33m1[39m
}

[90mstdout[2m | src/features/group-orders/__tests__/e2e.test.ts[2m > [22m[2mGroup Orders E2E Tests[2m > [22m[2mGET /api/v1/orders/group/:groupOrderId - Get Group Details[2m > [22m[2mshould get group details with members and cart items
[22m[39m[SharedMockDB] RUN executed: {
  sql: [32m'\n'[39m +
    [32m'        INSERT INTO group_members (\n'[39m +
    [32m'          id, group_order_id, session_id, name, role,\n'[39m +
    [32m'         '[39m,
  changes: [33m1[39m,
  lastInsertRowid: [33m1[39m
}

[90mstdout[2m | src/features/group-orders/__tests__/e2e.test.ts[2m > [22m[2mGroup Orders E2E Tests[2m > [22m[2mGET /api/v1/orders/group/:groupOrderId - Get Group Details[2m > [22m[2mshould get group details with members and cart items
[22m[39m[SharedMockDB] RUN executed: {
  sql: [32m'\n'[39m +
    [32m'      INSERT INTO group_activity_logs (\n'[39m +
    [32m'        id, group_order_id, member_id, action, description,'[39m,
  changes: [33m1[39m,
  lastInsertRowid: [33m1[39m
}

[90mstdout[2m | src/features/group-orders/__tests__/e2e.test.ts[2m > [22m[2mGroup Orders E2E Tests[2m > [22m[2mGET /api/v1/orders/group/:groupOrderId - Get Group Details[2m > [22m[2mshould get group details with members and cart items
[22m[39m[SharedMockDB] FIRST executed: {
  sql: [32m'\n        SELECT * FROM group_members WHERE id = ?\n      '[39m,
  hasResult: [33mtrue[39m
}

[90mstdout[2m | src/features/group-orders/__tests__/e2e.test.ts[2m > [22m[2mGroup Orders E2E Tests[2m > [22m[2mGET /api/v1/orders/group/:groupOrderId - Get Group Details[2m > [22m[2mshould get group details with members and cart items
[22m[39m[group-orders] Group order created successfully {
  groupOrderId: [32m'455b0b3b-3db2-4f1e-a4af-b8959a587d9c'[39m,
  shareCode: [32m'X988NY63'[39m
}
[group-orders] createGroupOrder took 5ms

 [32m✓[39m [30m[42m @makanmakan/api [49m[39m src/features/group-orders/__tests__/e2e.test.ts[2m > [22mGroup Orders E2E Tests[2m > [22mDELETE /api/v1/orders/group/:groupOrderId/cart/:itemId - Remove Cart Item[2m > [22mshould reject removing item not owned by member[33m 1087[2mms[22m[39m
[90mstdout[2m | src/features/restaurants/__tests__/feature.test.ts[2m > [22m[2mRestaurantsService[2m > [22m[2mgetRestaurants[2m > [22m[2mshould get restaurants with filters successfully
[22m[39m[RestaurantsService] DEBUG: Getting restaurants with filters { filters: { page: [33m1[39m, limit: [33m10[39m, type: [32m'Fast Food'[39m } }

[90mstdout[2m | src/features/restaurants/__tests__/feature.test.ts[2m > [22m[2mRestaurantsService[2m > [22m[2mgetRestaurants[2m > [22m[2mshould get restaurants with filters successfully
[22m[39m[RestaurantsService] INFO: Retrieved restaurants { count: [33m1[39m, total: [33m1[39m }

 [32m✓[39m [30m[42m @makanmakan/api [49m[39m src/features/restaurants/__tests__/feature.test.ts[2m > [22mRestaurantsService[2m > [22mgetRestaurants[2m > [22mshould get restaurants with filters successfully[32m 101[2mms[22m[39m
[90mstdout[2m | src/features/restaurants/__tests__/feature.test.ts[2m > [22m[2mRestaurantsService[2m > [22m[2mgetRestaurants[2m > [22m[2mshould return cached results when available
[22m[39m[RestaurantsService] DEBUG: Getting restaurants with filters { filters: { page: [33m1[39m, limit: [33m10[39m } }

[90mstdout[2m | src/features/restaurants/__tests__/feature.test.ts[2m > [22m[2mRestaurantsService[2m > [22m[2mgetRestaurants[2m > [22m[2mshould return cached results when available
[22m[39m[RestaurantsService] DEBUG: Returning cached restaurants 

 [32m✓[39m [30m[42m @makanmakan/database [49m[39m src/services/__tests__/SchedulingService.test.ts[2m > [22mSchedulingService[2m > [22mcalculateScheduledHours[2m > [22mshould calculate regular shift hours correctly[32m 12[2mms[22m[39m
 [32m✓[39m [30m[42m @makanmakan/database [49m[39m src/services/__tests__/SchedulingService.test.ts[2m > [22mSchedulingService[2m > [22mcalculateScheduledHours[2m > [22mshould calculate overnight shift hours correctly[32m 4[2mms[22m[39m
 [32m✓[39m [30m[42m @makanmakan/database [49m[39m src/services/__tests__/SchedulingService.test.ts[2m > [22mSchedulingService[2m > [22mcalculateScheduledHours[2m > [22mshould subtract break time correctly[32m 4[2mms[22m[39m
 [32m✓[39m [30m[42m @makanmakan/database [49m[39m src/services/__tests__/SchedulingService.test.ts[2m > [22mSchedulingService[2m > [22mcalculateScheduledHours[2m > [22mshould handle zero break time[32m 5[2mms[22m[39m
 [32m✓[39m [30m[42m @makanmakan/database [49m[39m src/services/__tests__/SchedulingService.test.ts[2m > [22mSchedulingService[2m > [22mcalculateScheduledHours[2m > [22mshould handle split shifts with breaks[32m 15[2mms[22m[39m
 [32m✓[39m [30m[42m @makanmakan/database [49m[39m src/services/__tests__/SchedulingService.test.ts[2m > [22mSchedulingService[2m > [22mSwap Request Management[2m > [22mshould create swap request with pending status[32m 12[2mms[22m[39m
[90mstdout[2m | src/features/restaurants/__tests__/feature.test.ts[2m > [22m[2mRestaurantsService[2m > [22m[2mgetRestaurants[2m > [22m[2mshould handle errors gracefully
[22m[39m[RestaurantsService] DEBUG: Getting restaurants with filters { filters: {} }

[90mstderr[2m | src/features/restaurants/__tests__/feature.test.ts[2m > [22m[2mRestaurantsService[2m > [22m[2mgetRestaurants[2m > [22m[2mshould handle errors gracefully
[22m[39m[RestaurantsService] ERROR: Failed to get restaurants Error: DB Error
    at C:\Users\minim\OneDrive\文档\Code\platform\makanmakan\apps\api\src\features\restaurants\__tests__\feature.test.ts:132:74
    at file:///C:/Users/minim/OneDrive/%E6%96%87%E6%A1%A3/Code/platform/makanmakan/node_modules/.pnpm/@vitest+runner@3.2.4/node_modules/@vitest/runner/dist/chunk-hooks.js:155:11
    at file:///C:/Users/minim/OneDrive/%E6%96%87%E6%A1%A3/Code/platform/makanmakan/node_modules/.pnpm/@vitest+runner@3.2.4/node_modules/@vitest/runner/dist/chunk-hooks.js:752:26
    at file:///C:/Users/minim/OneDrive/%E6%96%87%E6%A1%A3/Code/platform/makanmakan/node_modules/.pnpm/@vitest+runner@3.2.4/node_modules/@vitest/runner/dist/chunk-hooks.js:1897:20
    at new Promise (<anonymous>)
    at runWithTimeout (file:///C:/Users/minim/OneDrive/%E6%96%87%E6%A1%A3/Code/platform/makanmakan/node_modules/.pnpm/@vitest+runner@3.2.4/node_modules/@vitest/runner/dist/chunk-hooks.js:1863:10)
    at runTest (file:///C:/Users/minim/OneDrive/%E6%96%87%E6%A1%A3/Code/platform/makanmakan/node_modules/.pnpm/@vitest+runner@3.2.4/node_modules/@vitest/runner/dist/chunk-hooks.js:1574:12)
    at processTicksAndRejections (node:internal/process/task_queues:105:5)
    at runSuite (file:///C:/Users/minim/OneDrive/%E6%96%87%E6%A1%A3/Code/platform/makanmakan/node_modules/.pnpm/@vitest+runner@3.2.4/node_modules/@vitest/runner/dist/chunk-hooks.js:1729:8)
    at runSuite (file:///C:/Users/minim/OneDrive/%E6%96%87%E6%A1%A3/Code/platform/makanmakan/node_modules/.pnpm/@vitest+runner@3.2.4/node_modules/@vitest/runner/dist/chunk-hooks.js:1729:8) { filters: {} }

[90mstdout[2m | src/features/restaurants/__tests__/feature.test.ts[2m > [22m[2mRestaurantsService[2m > [22m[2mgetRestaurant[2m > [22m[2mshould get a single restaurant by ID
[22m[39m[RestaurantsService] DEBUG: Getting restaurant by ID { id: [33m1[39m }

[90mstdout[2m | src/features/restaurants/__tests__/feature.test.ts[2m > [22m[2mRestaurantsService[2m > [22m[2mgetRestaurant[2m > [22m[2mshould get a single restaurant by ID
[22m[39m[RestaurantsService] INFO: Retrieved restaurant { id: [33m1[39m, name: [32m'Test Restaurant'[39m }

[90mstderr[2m | src/services/__tests__/SchedulingService.test.ts[2m > [22m[2mSchedulingService[2m > [22m[2mSwap Request Management[2m > [22m[2mshould reject swap request with reason
[22m[39mFailed to send swap request rejection notification: TypeError: this.db.select(...).from(...).leftJoin is not a function
    at SchedulingService.getSchedule [90m(C:\Users\minim\OneDrive\文档\Code\platform\makanmakan\[39mpackages\database\src\services\SchedulingService.ts:306:8[90m)[39m
    at SchedulingService.rejectSwapRequest [90m(C:\Users\minim\OneDrive\文档\Code\platform\makanmakan\[39mpackages\database\src\services\SchedulingService.ts:1172:44[90m)[39m
[90m    at processTicksAndRejections (node:internal/process/task_queues:105:5)[39m
    at [90mC:\Users\minim\OneDrive\文档\Code\platform\makanmakan\[39mpackages\database\src\services\__tests__\SchedulingService.test.ts:135:22
    at [90mfile:///C:/Users/minim/OneDrive/%E6%96%87%E6%A1%A3/Code/platform/makanmakan/[39mnode_modules/[4m.pnpm[24m/@vitest+runner@3.2.4/node_modules/[4m@vitest[24m/runner/dist/chunk-hooks.js:752:20

[90mstdout[2m | src/features/restaurants/__tests__/feature.test.ts[2m > [22m[2mRestaurantsService[2m > [22m[2mgetRestaurant[2m > [22m[2mshould return null for non-existent restaurant
[22m[39m[RestaurantsService] DEBUG: Getting restaurant by ID { id: [33m999[39m }

[90mstderr[2m | src/features/restaurants/__tests__/feature.test.ts[2m > [22m[2mRestaurantsService[2m > [22m[2mgetRestaurant[2m > [22m[2mshould return null for non-existent restaurant
[22m[39m[RestaurantsService] WARN: Restaurant not found { id: [33m999[39m }

 [32m✓[39m [30m[42m @makanmakan/api [49m[39m src/features/restaurants/__tests__/feature.test.ts[2m > [22mRestaurantsService[2m > [22mgetRestaurants[2m > [22mshould return cached results when available[32m 5[2mms[22m[39m
 [32m✓[39m [30m[42m @makanmakan/api [49m[39m src/features/restaurants/__tests__/feature.test.ts[2m > [22mRestaurantsService[2m > [22mgetRestaurants[2m > [22mshould handle errors gracefully[32m 49[2mms[22m[39m
 [32m✓[39m [30m[42m @makanmakan/api [49m[39m src/features/restaurants/__tests__/feature.test.ts[2m > [22mRestaurantsService[2m > [22mgetRestaurant[2m > [22mshould get a single restaurant by ID[32m 23[2mms[22m[39m
 [32m✓[39m [30m[42m @makanmakan/api [49m[39m src/features/restaurants/__tests__/feature.test.ts[2m > [22mRestaurantsService[2m > [22mgetRestaurant[2m > [22mshould return null for non-existent restaurant[32m 18[2mms[22m[39m
[90mstdout[2m | src/features/restaurants/__tests__/feature.test.ts[2m > [22m[2mRestaurantsService[2m > [22m[2mgetRestaurant[2m > [22m[2mshould use cache when available
[22m[39m[RestaurantsService] DEBUG: Getting restaurant by ID { id: [33m1[39m }

[90mstdout[2m | src/features/restaurants/__tests__/feature.test.ts[2m > [22m[2mRestaurantsService[2m > [22m[2mgetRestaurant[2m > [22m[2mshould use cache when available
[22m[39m[RestaurantsService] DEBUG: Returning cached restaurant 

[90mstdout[2m | src/features/restaurants/__tests__/feature.test.ts[2m > [22m[2mRestaurantsService[2m > [22m[2mcreateRestaurant[2m > [22m[2mshould create a restaurant successfully
[22m[39m[RestaurantsService] DEBUG: Creating restaurant { name: [32m'New Restaurant'[39m }

[90mstdout[2m | src/features/restaurants/__tests__/feature.test.ts[2m > [22m[2mRestaurantsService[2m > [22m[2mcreateRestaurant[2m > [22m[2mshould create a restaurant successfully
[22m[39m[RestaurantsService] DEBUG: Emitting restaurant event {
  type: [32m'RESTAURANT_CREATED'[39m,
  payload: {
    id: [33m1[39m,
    name: [32m'New Restaurant'[39m,
    type: [32m'Casual Dining'[39m,
    category: [32m'Mediterranean'[39m,
    description: [32m'A test restaurant'[39m,
    address: [32m'456 New St'[39m,
    district: [32m'New District'[39m,
    city: [32m'Test City'[39m,
    phone: [32m'0987654321'[39m,
    email: [32m'test@restaurant.com'[39m,
    website: [32m'https://test-restaurant.com'[39m,
    businessHours: { monday: [32m'09:00-22:00'[39m, tuesday: [32m'09:00-22:00'[39m },
    logoUrl: [32m'https://example.com/logo.png'[39m,
    bannerUrl: [32m'https://example.com/banner.png'[39m,
    isAvailable: [33mtrue[39m,
    isActive: [33mtrue[39m,
    settings: { currency: [32m'USD'[39m, timezone: [32m'UTC'[39m, autoAcceptOrders: [33mtrue[39m },
    status: [33m1[39m,
    planType: [33m0[39m,
    rating: [33m4.5[39m,
    reviewCount: [33m10[39m,
    totalOrders: [33m50[39m,
    imageUrls: [],
    createdAt: [32m'2023-01-01T00:00:00Z'[39m,
    updatedAt: [32m'2023-01-01T00:00:00Z'[39m
  }
}

[90mstdout[2m | src/features/restaurants/__tests__/feature.test.ts[2m > [22m[2mRestaurantsService[2m > [22m[2mcreateRestaurant[2m > [22m[2mshould create a restaurant successfully
[22m[39m[RestaurantsService] INFO: Restaurant created successfully { id: [33m1[39m, name: [32m'New Restaurant'[39m }

 [32m✓[39m [30m[42m @makanmakan/database [49m[39m src/services/__tests__/SchedulingService.test.ts[2m > [22mSchedulingService[2m > [22mSwap Request Management[2m > [22mshould accept swap request and update status[32m 22[2mms[22m[39m
 [32m✓[39m [30m[42m @makanmakan/database [49m[39m src/services/__tests__/SchedulingService.test.ts[2m > [22mSchedulingService[2m > [22mSwap Request Management[2m > [22mshould reject swap request with reason[32m 31[2mms[22m[39m
[90mstdout[2m | src/features/restaurants/__tests__/feature.test.ts[2m > [22m[2mRestaurantsService[2m > [22m[2mcreateRestaurant[2m > [22m[2mshould handle creation errors
[22m[39m[RestaurantsService] DEBUG: Creating restaurant { name: [32m'New Restaurant'[39m }

[90mstderr[2m | src/features/restaurants/__tests__/feature.test.ts[2m > [22m[2mRestaurantsService[2m > [22m[2mcreateRestaurant[2m > [22m[2mshould handle creation errors
[22m[39m[RestaurantsService] ERROR: Failed to create restaurant Error: Creation failed
    at C:\Users\minim\OneDrive\文档\Code\platform\makanmakan\apps\api\src\features\restaurants\__tests__\feature.test.ts:198:76
    at file:///C:/Users/minim/OneDrive/%E6%96%87%E6%A1%A3/Code/platform/makanmakan/node_modules/.pnpm/@vitest+runner@3.2.4/node_modules/@vitest/runner/dist/chunk-hooks.js:155:11
    at file:///C:/Users/minim/OneDrive/%E6%96%87%E6%A1%A3/Code/platform/makanmakan/node_modules/.pnpm/@vitest+runner@3.2.4/node_modules/@vitest/runner/dist/chunk-hooks.js:752:26
    at file:///C:/Users/minim/OneDrive/%E6%96%87%E6%A1%A3/Code/platform/makanmakan/node_modules/.pnpm/@vitest+runner@3.2.4/node_modules/@vitest/runner/dist/chunk-hooks.js:1897:20
    at new Promise (<anonymous>)
    at runWithTimeout (file:///C:/Users/minim/OneDrive/%E6%96%87%E6%A1%A3/Code/platform/makanmakan/node_modules/.pnpm/@vitest+runner@3.2.4/node_modules/@vitest/runner/dist/chunk-hooks.js:1863:10)
    at runTest (file:///C:/Users/minim/OneDrive/%E6%96%87%E6%A1%A3/Code/platform/makanmakan/node_modules/.pnpm/@vitest+runner@3.2.4/node_modules/@vitest/runner/dist/chunk-hooks.js:1574:12)
    at processTicksAndRejections (node:internal/process/task_queues:105:5)
    at runSuite (file:///C:/Users/minim/OneDrive/%E6%96%87%E6%A1%A3/Code/platform/makanmakan/node_modules/.pnpm/@vitest+runner@3.2.4/node_modules/@vitest/runner/dist/chunk-hooks.js:1729:8)
    at runSuite (file:///C:/Users/minim/OneDrive/%E6%96%87%E6%A1%A3/Code/platform/makanmakan/node_modules/.pnpm/@vitest+runner@3.2.4/node_modules/@vitest/runner/dist/chunk-hooks.js:1729:8) {
  data: {
    name: [32m'New Restaurant'[39m,
    type: [32m'Casual Dining'[39m,
    category: [32m'Mediterranean'[39m,
    address: [32m'456 New St'[39m,
    district: [32m'New District'[39m,
    phone: [32m'0987654321'[39m
  }
}

[90mstdout[2m | src/features/restaurants/__tests__/feature.test.ts[2m > [22m[2mRestaurantsService[2m > [22m[2mupdateRestaurant[2m > [22m[2mshould update a restaurant successfully
[22m[39m[RestaurantsService] DEBUG: Updating restaurant { id: [33m1[39m, data: { name: [32m'Updated Restaurant'[39m, isAvailable: [33mfalse[39m } }

[90mstdout[2m | src/features/restaurants/__tests__/feature.test.ts[2m > [22m[2mRestaurantsService[2m > [22m[2mupdateRestaurant[2m > [22m[2mshould update a restaurant successfully
[22m[39m[RestaurantsService] DEBUG: Emitting restaurant event {
  type: [32m'RESTAURANT_UPDATED'[39m,
  payload: {
    id: [33m1[39m,
    name: [32m'Updated Restaurant'[39m,
    type: [32m'Fast Food'[39m,
    category: [32m'Asian'[39m,
    description: [32m'A test restaurant'[39m,
    address: [32m'123 Test St'[39m,
    district: [32m'Test District'[39m,
    city: [32m'Test City'[39m,
    phone: [32m'1234567890'[39m,
    email: [32m'test@restaurant.com'[39m,
    website: [32m'https://test-restaurant.com'[39m,
    businessHours: { monday: [32m'09:00-22:00'[39m, tuesday: [32m'09:00-22:00'[39m },
    logoUrl: [32m'https://example.com/logo.png'[39m,
    bannerUrl: [32m'https://example.com/banner.png'[39m,
    isAvailable: [33mfalse[39m,
    isActive: [33mtrue[39m,
    settings: { currency: [32m'USD'[39m, timezone: [32m'UTC'[39m, autoAcceptOrders: [33mtrue[39m },
    status: [33m1[39m,
    planType: [33m0[39m,
    rating: [33m4.5[39m,
    reviewCount: [33m10[39m,
    totalOrders: [33m50[39m,
    imageUrls: [],
    createdAt: [32m'2023-01-01T00:00:00Z'[39m,
    updatedAt: [32m'2023-01-01T00:00:00Z'[39m
  }
}

[90mstdout[2m | src/features/restaurants/__tests__/feature.test.ts[2m > [22m[2mRestaurantsService[2m > [22m[2mupdateRestaurant[2m > [22m[2mshould update a restaurant successfully
[22m[39m[RestaurantsService] INFO: Restaurant updated successfully { id: [33m1[39m, name: [32m'Updated Restaurant'[39m }

[90mstdout[2m | src/features/restaurants/__tests__/feature.test.ts[2m > [22m[2mRestaurantsService[2m > [22m[2mupdateRestaurant[2m > [22m[2mshould return null for non-existent restaurant
[22m[39m[RestaurantsService] DEBUG: Updating restaurant { id: [33m999[39m, data: { name: [32m'Updated Restaurant'[39m } }

[90mstderr[2m | src/features/restaurants/__tests__/feature.test.ts[2m > [22m[2mRestaurantsService[2m > [22m[2mupdateRestaurant[2m > [22m[2mshould return null for non-existent restaurant
[22m[39m[RestaurantsService] ERROR: Failed to update restaurant Error: Restaurant not found
    at C:\Users\minim\OneDrive\文档\Code\platform\makanmakan\apps\api\src\features\restaurants\__tests__\feature.test.ts:223:76
    at file:///C:/Users/minim/OneDrive/%E6%96%87%E6%A1%A3/Code/platform/makanmakan/node_modules/.pnpm/@vitest+runner@3.2.4/node_modules/@vitest/runner/dist/chunk-hooks.js:155:11
    at file:///C:/Users/minim/OneDrive/%E6%96%87%E6%A1%A3/Code/platform/makanmakan/node_modules/.pnpm/@vitest+runner@3.2.4/node_modules/@vitest/runner/dist/chunk-hooks.js:752:26
    at file:///C:/Users/minim/OneDrive/%E6%96%87%E6%A1%A3/Code/platform/makanmakan/node_modules/.pnpm/@vitest+runner@3.2.4/node_modules/@vitest/runner/dist/chunk-hooks.js:1897:20
    at new Promise (<anonymous>)
    at runWithTimeout (file:///C:/Users/minim/OneDrive/%E6%96%87%E6%A1%A3/Code/platform/makanmakan/node_modules/.pnpm/@vitest+runner@3.2.4/node_modules/@vitest/runner/dist/chunk-hooks.js:1863:10)
    at runTest (file:///C:/Users/minim/OneDrive/%E6%96%87%E6%A1%A3/Code/platform/makanmakan/node_modules/.pnpm/@vitest+runner@3.2.4/node_modules/@vitest/runner/dist/chunk-hooks.js:1574:12)
    at processTicksAndRejections (node:internal/process/task_queues:105:5)
    at runSuite (file:///C:/Users/minim/OneDrive/%E6%96%87%E6%A1%A3/Code/platform/makanmakan/node_modules/.pnpm/@vitest+runner@3.2.4/node_modules/@vitest/runner/dist/chunk-hooks.js:1729:8)
    at runSuite (file:///C:/Users/minim/OneDrive/%E6%96%87%E6%A1%A3/Code/platform/makanmakan/node_modules/.pnpm/@vitest+runner@3.2.4/node_modules/@vitest/runner/dist/chunk-hooks.js:1729:8) { id: [33m999[39m, data: { name: [32m'Updated Restaurant'[39m } }

 [32m✓[39m [30m[42m @makanmakan/api [49m[39m src/features/restaurants/__tests__/feature.test.ts[2m > [22mRestaurantsService[2m > [22mgetRestaurant[2m > [22mshould use cache when available[32m 7[2mms[22m[39m
 [32m✓[39m [30m[42m @makanmakan/api [49m[39m src/features/restaurants/__tests__/feature.test.ts[2m > [22mRestaurantsService[2m > [22mcreateRestaurant[2m > [22mshould create a restaurant successfully[32m 10[2mms[22m[39m
 [32m✓[39m [30m[42m @makanmakan/api [49m[39m src/features/restaurants/__tests__/feature.test.ts[2m > [22mRestaurantsService[2m > [22mcreateRestaurant[2m > [22mshould handle creation errors[32m 49[2mms[22m[39m
 [32m✓[39m [30m[42m @makanmakan/api [49m[39m src/features/restaurants/__tests__/feature.test.ts[2m > [22mRestaurantsService[2m > [22mupdateRestaurant[2m > [22mshould update a restaurant successfully[32m 27[2mms[22m[39m
 [32m✓[39m [30m[42m @makanmakan/api [49m[39m src/features/restaurants/__tests__/feature.test.ts[2m > [22mRestaurantsService[2m > [22mupdateRestaurant[2m > [22mshould return null for non-existent restaurant[32m 16[2mms[22m[39m
[90mstdout[2m | src/features/restaurants/__tests__/feature.test.ts[2m > [22m[2mRestaurantsService[2m > [22m[2mdeactivateRestaurant[2m > [22m[2mshould deactivate a restaurant successfully
[22m[39m[RestaurantsService] DEBUG: Deactivating restaurant { id: [33m1[39m }

[90mstdout[2m | src/features/restaurants/__tests__/feature.test.ts[2m > [22m[2mRestaurantsService[2m > [22m[2mdeactivateRestaurant[2m > [22m[2mshould deactivate a restaurant successfully
[22m[39m[RestaurantsService] DEBUG: Emitting restaurant event { type: [32m'RESTAURANT_DEACTIVATED'[39m, payload: { id: [33m1[39m } }

[90mstdout[2m | src/features/restaurants/__tests__/feature.test.ts[2m > [22m[2mRestaurantsService[2m > [22m[2mdeactivateRestaurant[2m > [22m[2mshould deactivate a restaurant successfully
[22m[39m[RestaurantsService] INFO: Restaurant deactivated successfully { id: [33m1[39m }

[90mstdout[2m | src/features/restaurants/__tests__/feature.test.ts[2m > [22m[2mRestaurantsService[2m > [22m[2mdeactivateRestaurant[2m > [22m[2mshould handle deactivation errors
[22m[39m[RestaurantsService] DEBUG: Deactivating restaurant { id: [33m1[39m }

[90mstderr[2m | src/features/restaurants/__tests__/feature.test.ts[2m > [22m[2mRestaurantsService[2m > [22m[2mdeactivateRestaurant[2m > [22m[2mshould handle deactivation errors
[22m[39m[RestaurantsService] ERROR: Failed to deactivate restaurant Error: Deactivation failed
    at C:\Users\minim\OneDrive\文档\Code\platform\makanmakan\apps\api\src\features\restaurants\__tests__\feature.test.ts:242:80
    at file:///C:/Users/minim/OneDrive/%E6%96%87%E6%A1%A3/Code/platform/makanmakan/node_modules/.pnpm/@vitest+runner@3.2.4/node_modules/@vitest/runner/dist/chunk-hooks.js:155:11
    at file:///C:/Users/minim/OneDrive/%E6%96%87%E6%A1%A3/Code/platform/makanmakan/node_modules/.pnpm/@vitest+runner@3.2.4/node_modules/@vitest/runner/dist/chunk-hooks.js:752:26
    at file:///C:/Users/minim/OneDrive/%E6%96%87%E6%A1%A3/Code/platform/makanmakan/node_modules/.pnpm/@vitest+runner@3.2.4/node_modules/@vitest/runner/dist/chunk-hooks.js:1897:20
    at new Promise (<anonymous>)
    at runWithTimeout (file:///C:/Users/minim/OneDrive/%E6%96%87%E6%A1%A3/Code/platform/makanmakan/node_modules/.pnpm/@vitest+runner@3.2.4/node_modules/@vitest/runner/dist/chunk-hooks.js:1863:10)
    at runTest (file:///C:/Users/minim/OneDrive/%E6%96%87%E6%A1%A3/Code/platform/makanmakan/node_modules/.pnpm/@vitest+runner@3.2.4/node_modules/@vitest/runner/dist/chunk-hooks.js:1574:12)
    at processTicksAndRejections (node:internal/process/task_queues:105:5)
    at runSuite (file:///C:/Users/minim/OneDrive/%E6%96%87%E6%A1%A3/Code/platform/makanmakan/node_modules/.pnpm/@vitest+runner@3.2.4/node_modules/@vitest/runner/dist/chunk-hooks.js:1729:8)
    at runSuite (file:///C:/Users/minim/OneDrive/%E6%96%87%E6%A1%A3/Code/platform/makanmakan/node_modules/.pnpm/@vitest+runner@3.2.4/node_modules/@vitest/runner/dist/chunk-hooks.js:1729:8) { id: [33m1[39m }

[90mstdout[2m | src/features/restaurants/__tests__/feature.test.ts[2m > [22m[2mRestaurantsService[2m > [22m[2mgetRestaurantStats[2m > [22m[2mshould get restaurant statistics
[22m[39m[RestaurantsService] DEBUG: Getting restaurant stats { id: [33m1[39m }

[90mstdout[2m | src/features/restaurants/__tests__/feature.test.ts[2m > [22m[2mRestaurantsService[2m > [22m[2mgetRestaurantStats[2m > [22m[2mshould get restaurant statistics
[22m[39m[RestaurantsService] INFO: Retrieved restaurant stats { id: [33m1[39m }

[90mstdout[2m | src/features/restaurants/__tests__/feature.test.ts[2m > [22m[2mRestaurantsService[2m > [22m[2mgetRestaurantStats[2m > [22m[2mshould use cached statistics when available
[22m[39m[RestaurantsService] DEBUG: Getting restaurant stats { id: [33m1[39m }

[90mstdout[2m | src/features/restaurants/__tests__/feature.test.ts[2m > [22m[2mRestaurantsService[2m > [22m[2mgetRestaurantStats[2m > [22m[2mshould use cached statistics when available
[22m[39m[RestaurantsService] DEBUG: Returning cached restaurant stats 

 [32m✓[39m [30m[42m @makanmakan/database [49m[39m src/services/__tests__/SchedulingService.test.ts[2m > [22mSchedulingService[2m > [22mSwap Request Management[2m > [22mshould throw error when accepting non-pending request[32m 87[2mms[22m[39m
 [32m✓[39m [30m[42m @makanmakan/database [49m[39m src/services/__tests__/SchedulingService.test.ts[2m > [22mSchedulingService[2m > [22mSwap Request Management[2m > [22mshould cancel swap request by requester[32m 11[2mms[22m[39m
 [32m✓[39m [30m[42m @makanmakan/database [49m[39m src/services/__tests__/SchedulingService.test.ts[2m > [22mSchedulingService[2m > [22mSwap Request Management[2m > [22mshould throw error when non-requester tries to cancel[32m 11[2mms[22m[39m
 [32m✓[39m [30m[42m @makanmakan/database [49m[39m src/services/__tests__/SchedulingService.test.ts[2m > [22mSchedulingService[2m > [22mTaiwan Labor Law Validation[2m > [22mshould have correct labor law constants[32m 26[2mms[22m[39m
 [32m✓[39m [30m[42m @makanmakan/database [49m[39m src/services/__tests__/SchedulingService.test.ts[2m > [22mSchedulingService[2m > [22mTaiwan Labor Law Validation[2m > [22mshould detect excessive daily hours[32m 6[2mms[22m[39m
 [32m✓[39m [30m[42m @makanmakan/database [49m[39m src/services/__tests__/SchedulingService.test.ts[2m > [22mSchedulingService[2m > [22mTaiwan Labor Law Validation[2m > [22mshould calculate proper break deductions[32m 5[2mms[22m[39m
 [32m✓[39m [30m[42m @makanmakan/database [49m[39m src/services/__tests__/SchedulingService.test.ts[2m > [22mSchedulingService[2m > [22mSchedule Validation[2m > [22mshould validate time format[32m 6[2mms[22m[39m
 [32m✓[39m [30m[42m @makanmakan/database [49m[39m src/services/__tests__/SchedulingService.test.ts[2m > [22mSchedulingService[2m > [22mSchedule Validation[2m > [22mshould handle edge case times[32m 5[2mms[22m[39m
 [32m✓[39m [30m[42m @makanmakan/database [49m[39m src/services/__tests__/SchedulingService.test.ts[2m > [22mSchedulingService[2m > [22mSchedule Validation[2m > [22mshould properly handle break times[32m 5[2mms[22m[39m
[90mstdout[2m | src/features/group-orders/__tests__/e2e.test.ts[2m > [22m[2mGroup Orders E2E Tests[2m > [22m[2mGET /api/v1/orders/group/:groupOrderId - Get Group Details[2m > [22m[2mshould get group details with members and cart items
[22m[39m[orders] INFO: Orders API request completed {
  method: [32m'POST'[39m,
  path: [32m'/api/v1/orders/group/create'[39m,
  status: [33m200[39m,
  duration: [32m'506ms'[39m,
  userAgent: [32m'unknown'[39m
}

 [32m✓[39m [30m[42m @makanmakan/api [49m[39m src/features/restaurants/__tests__/feature.test.ts[2m > [22mRestaurantsService[2m > [22mdeactivateRestaurant[2m > [22mshould deactivate a restaurant successfully[32m 10[2mms[22m[39m
 [32m✓[39m [30m[42m @makanmakan/api [49m[39m src/features/restaurants/__tests__/feature.test.ts[2m > [22mRestaurantsService[2m > [22mdeactivateRestaurant[2m > [22mshould handle deactivation errors[32m 43[2mms[22m[39m
 [32m✓[39m [30m[42m @makanmakan/api [49m[39m src/features/restaurants/__tests__/feature.test.ts[2m > [22mRestaurantsService[2m > [22mgetRestaurantStats[2m > [22mshould get restaurant statistics[32m 11[2mms[22m[39m
 [32m✓[39m [30m[42m @makanmakan/api [49m[39m src/features/restaurants/__tests__/feature.test.ts[2m > [22mRestaurantsService[2m > [22mgetRestaurantStats[2m > [22mshould use cached statistics when available[32m 7[2mms[22m[39m
[90mstdout[2m | src/features/group-orders/__tests__/e2e.test.ts[2m > [22m[2mGroup Orders E2E Tests[2m > [22m[2mGET /api/v1/orders/group/:groupOrderId - Get Group Details[2m > [22m[2mshould get group details with members and cart items
[22m[39m[API_V1] Response status: 200

[90mstdout[2m | src/features/restaurants/__tests__/feature.test.ts[2m > [22m[2mRestaurantsService[2m > [22m[2msearchNearbyRestaurants[2m > [22m[2mshould search nearby restaurants successfully
[22m[39m[RestaurantsService] DEBUG: Searching nearby restaurants { district: [32m'Test District'[39m, limit: [33m5[39m }

[90mstdout[2m | src/features/group-orders/__tests__/e2e.test.ts[2m > [22m[2mGroup Orders E2E Tests[2m > [22m[2mGET /api/v1/orders/group/:groupOrderId - Get Group Details[2m > [22m[2mshould get group details with members and cart items
[22m[39m[API_V1] POST /api/v1/orders/group/join/X988NY63

[90mstdout[2m | src/features/restaurants/__tests__/feature.test.ts[2m > [22m[2mRestaurantsService[2m > [22m[2msearchNearbyRestaurants[2m > [22m[2mshould search nearby restaurants successfully
[22m[39m[RestaurantsService] INFO: Retrieved nearby restaurants { district: [32m'Test District'[39m, count: [33m1[39m }

[90mstdout[2m | src/features/group-orders/__tests__/e2e.test.ts[2m > [22m[2mGroup Orders E2E Tests[2m > [22m[2mGET /api/v1/orders/group/:groupOrderId - Get Group Details[2m > [22m[2mshould get group details with members and cart items
[22m[39m[group-orders] Member joining group { shareCode: [32m'X988NY63'[39m, memberName: [32m'Jane Doe'[39m }
[SharedMockDB] FIRST executed: {
  sql: [32m'\n'[39m +
    [32m'        SELECT * FROM group_orders\n'[39m +
    [32m'        WHERE share_code = ?\n'[39m +
    [32m"        AND status = 'active'\n"[39m +
    [32m'     '[39m,
  hasResult: [33mtrue[39m
}

[90mstdout[2m | src/features/group-orders/__tests__/e2e.test.ts[2m > [22m[2mGroup Orders E2E Tests[2m > [22m[2mGET /api/v1/orders/group/:groupOrderId - Get Group Details[2m > [22m[2mshould get group details with members and cart items
[22m[39m[SharedMockDB] FIRST executed: {
  sql: [32m'\n'[39m +
    [32m'        SELECT COUNT(*) as count FROM group_members\n'[39m +
    [32m'        WHERE group_order_id = ? AND left_at IS'[39m,
  hasResult: [33mtrue[39m
}

[90mstdout[2m | src/features/group-orders/__tests__/e2e.test.ts[2m > [22m[2mGroup Orders E2E Tests[2m > [22m[2mGET /api/v1/orders/group/:groupOrderId - Get Group Details[2m > [22m[2mshould get group details with members and cart items
[22m[39m[SharedMockDB] FIRST executed: {
  sql: [32m'\n'[39m +
    [32m'        SELECT * FROM group_members\n'[39m +
    [32m'        WHERE group_order_id = ? AND name = ? AND left_at IS NU'[39m,
  hasResult: [33mfalse[39m
}

[90mstdout[2m | src/features/group-orders/__tests__/e2e.test.ts[2m > [22m[2mGroup Orders E2E Tests[2m > [22m[2mGET /api/v1/orders/group/:groupOrderId - Get Group Details[2m > [22m[2mshould get group details with members and cart items
[22m[39m[SharedMockDB] RUN executed: {
  sql: [32m'\n'[39m +
    [32m'        INSERT INTO group_members (\n'[39m +
    [32m'          id, group_order_id, session_id, name, phone, email, r'[39m,
  changes: [33m1[39m,
  lastInsertRowid: [33m2[39m
}

[90mstdout[2m | src/features/restaurants/__tests__/feature.test.ts[2m > [22m[2mRestaurantsService[2m > [22m[2msearchNearbyRestaurants[2m > [22m[2mshould use cached results when available
[22m[39m[RestaurantsService] DEBUG: Searching nearby restaurants { district: [32m'Test District'[39m, limit: [33m5[39m }

[90mstdout[2m | src/features/restaurants/__tests__/feature.test.ts[2m > [22m[2mRestaurantsService[2m > [22m[2msearchNearbyRestaurants[2m > [22m[2mshould use cached results when available
[22m[39m[RestaurantsService] DEBUG: Returning cached nearby restaurants 

[90mstdout[2m | src/features/group-orders/__tests__/e2e.test.ts[2m > [22m[2mGroup Orders E2E Tests[2m > [22m[2mGET /api/v1/orders/group/:groupOrderId - Get Group Details[2m > [22m[2mshould get group details with members and cart items
[22m[39m[SharedMockDB] RUN executed: {
  sql: [32m'\n'[39m +
    [32m'      INSERT INTO group_activity_logs (\n'[39m +
    [32m'        id, group_order_id, member_id, action, description,'[39m,
  changes: [33m1[39m,
  lastInsertRowid: [33m2[39m
}

[90mstdout[2m | src/features/group-orders/__tests__/e2e.test.ts[2m > [22m[2mGroup Orders E2E Tests[2m > [22m[2mGET /api/v1/orders/group/:groupOrderId - Get Group Details[2m > [22m[2mshould get group details with members and cart items
[22m[39m[SharedMockDB] FIRST executed: {
  sql: [32m'\n        SELECT * FROM group_members WHERE id = ?\n      '[39m,
  hasResult: [33mtrue[39m
}

[90mstdout[2m | src/features/group-orders/__tests__/e2e.test.ts[2m > [22m[2mGroup Orders E2E Tests[2m > [22m[2mGET /api/v1/orders/group/:groupOrderId - Get Group Details[2m > [22m[2mshould get group details with members and cart items
[22m[39m[group-orders] Member joined group successfully {
  groupOrderId: [32m'455b0b3b-3db2-4f1e-a4af-b8959a587d9c'[39m,
  memberId: [32m'224412b7-9edd-4c6d-b238-3c9beb67cc84'[39m,
  memberName: [32m'Jane Doe'[39m
}
[group-orders] joinGroup took 7ms

[90mstdout[2m | src/features/restaurants/__tests__/feature.test.ts[2m > [22m[2mRestaurantsService[2m > [22m[2mgetPopularRestaurants[2m > [22m[2mshould get popular restaurants successfully
[22m[39m[RestaurantsService] DEBUG: Getting popular restaurants { limit: [33m5[39m }

[90mstdout[2m | src/features/restaurants/__tests__/feature.test.ts[2m > [22m[2mRestaurantsService[2m > [22m[2mgetPopularRestaurants[2m > [22m[2mshould get popular restaurants successfully
[22m[39m[RestaurantsService] INFO: Retrieved popular restaurants { count: [33m1[39m }

[90mstdout[2m | src/features/restaurants/__tests__/feature.test.ts[2m > [22m[2mRestaurantsService[2m > [22m[2mgetPopularRestaurants[2m > [22m[2mshould use cached results when available
[22m[39m[RestaurantsService] DEBUG: Getting popular restaurants { limit: [33m5[39m }

[90mstdout[2m | src/features/restaurants/__tests__/feature.test.ts[2m > [22m[2mRestaurantsService[2m > [22m[2mgetPopularRestaurants[2m > [22m[2mshould use cached results when available
[22m[39m[RestaurantsService] DEBUG: Returning cached popular restaurants 

[90mstderr[2m | src/services/__tests__/SchedulingService.test.ts[2m > [22m[2mSchedulingService[2m > [22m[2mIntegration Scenarios[2m > [22m[2mshould handle complete swap request workflow
[22m[39mFailed to send swap request approval notification: TypeError: this.db.select(...).from(...).leftJoin is not a function
    at SchedulingService.getSchedule [90m(C:\Users\minim\OneDrive\文档\Code\platform\makanmakan\[39mpackages\database\src\services\SchedulingService.ts:306:8[90m)[39m
    at SchedulingService.approveSwapRequest [90m(C:\Users\minim\OneDrive\文档\Code\platform\makanmakan\[39mpackages\database\src\services\SchedulingService.ts:1031:44[90m)[39m
[90m    at processTicksAndRejections (node:internal/process/task_queues:105:5)[39m
    at [90mC:\Users\minim\OneDrive\文档\Code\platform\makanmakan\[39mpackages\database\src\services\__tests__\SchedulingService.test.ts:360:24
    at [90mfile:///C:/Users/minim/OneDrive/%E6%96%87%E6%A1%A3/Code/platform/makanmakan/[39mnode_modules/[4m.pnpm[24m/@vitest+runner@3.2.4/node_modules/[4m@vitest[24m/runner/dist/chunk-hooks.js:752:20

 [32m✓[39m [30m[42m @makanmakan/database [49m[39m src/services/__tests__/SchedulingService.test.ts[2m > [22mSchedulingService[2m > [22mError Handling[2m > [22mshould throw error for non-existent swap request[32m 77[2mms[22m[39m
 [32m✓[39m [30m[42m @makanmakan/database [49m[39m src/services/__tests__/SchedulingService.test.ts[2m > [22mSchedulingService[2m > [22mError Handling[2m > [22mshould throw error when rejecting already rejected request[32m 23[2mms[22m[39m
 [32m✓[39m [30m[42m @makanmakan/database [49m[39m src/services/__tests__/SchedulingService.test.ts[2m > [22mSchedulingService[2m > [22mIntegration Scenarios[2m > [22mshould handle complete swap request workflow[32m 14[2mms[22m[39m
[90mstdout[2m | src/features/restaurants/__tests__/feature.test.ts[2m > [22m[2mRestaurantsService[2m > [22m[2mCache Management[2m > [22m[2mshould invalidate relevant caches on create/update
[22m[39m[RestaurantsService] DEBUG: Creating restaurant { name: [32m'New Restaurant'[39m }

[90mstdout[2m | src/features/restaurants/__tests__/feature.test.ts[2m > [22m[2mRestaurantsService[2m > [22m[2mCache Management[2m > [22m[2mshould invalidate relevant caches on create/update
[22m[39m[RestaurantsService] DEBUG: Emitting restaurant event {
  type: [32m'RESTAURANT_CREATED'[39m,
  payload: {
    id: [33m1[39m,
    name: [32m'Test Restaurant'[39m,
    type: [32m'Fast Food'[39m,
    category: [32m'Asian'[39m,
    description: [32m'A test restaurant'[39m,
    address: [32m'123 Test St'[39m,
    district: [32m'Test District'[39m,
    city: [32m'Test City'[39m,
    phone: [32m'1234567890'[39m,
    email: [32m'test@restaurant.com'[39m,
    website: [32m'https://test-restaurant.com'[39m,
    businessHours: { monday: [32m'09:00-22:00'[39m, tuesday: [32m'09:00-22:00'[39m },
    logoUrl: [32m'https://example.com/logo.png'[39m,
    bannerUrl: [32m'https://example.com/banner.png'[39m,
    isAvailable: [33mtrue[39m,
    isActive: [33mtrue[39m,
    settings: { currency: [32m'USD'[39m, timezone: [32m'UTC'[39m, autoAcceptOrders: [33mtrue[39m },
    status: [33m1[39m,
    planType: [33m0[39m,
    rating: [33m4.5[39m,
    reviewCount: [33m10[39m,
    totalOrders: [33m50[39m,
    imageUrls: [],
    createdAt: [32m'2023-01-01T00:00:00Z'[39m,
    updatedAt: [32m'2023-01-01T00:00:00Z'[39m
  }
}

[90mstdout[2m | src/features/restaurants/__tests__/feature.test.ts[2m > [22m[2mRestaurantsService[2m > [22m[2mCache Management[2m > [22m[2mshould invalidate relevant caches on create/update
[22m[39m[RestaurantsService] INFO: Restaurant created successfully { id: [33m1[39m, name: [32m'Test Restaurant'[39m }

 [32m✓[39m [30m[42m @makanmakan/api [49m[39m src/features/restaurants/__tests__/feature.test.ts[2m > [22mRestaurantsService[2m > [22msearchNearbyRestaurants[2m > [22mshould search nearby restaurants successfully[32m 31[2mms[22m[39m
 [32m✓[39m [30m[42m @makanmakan/api [49m[39m src/features/restaurants/__tests__/feature.test.ts[2m > [22mRestaurantsService[2m > [22msearchNearbyRestaurants[2m > [22mshould use cached results when available[32m 6[2mms[22m[39m
 [32m✓[39m [30m[42m @makanmakan/api [49m[39m src/features/restaurants/__tests__/feature.test.ts[2m > [22mRestaurantsService[2m > [22mgetPopularRestaurants[2m > [22mshould get popular restaurants successfully[32m 6[2mms[22m[39m
 [32m✓[39m [30m[42m @makanmakan/api [49m[39m src/features/restaurants/__tests__/feature.test.ts[2m > [22mRestaurantsService[2m > [22mgetPopularRestaurants[2m > [22mshould use cached results when available[32m 4[2mms[22m[39m
 [32m✓[39m [30m[42m @makanmakan/api [49m[39m src/features/restaurants/__tests__/feature.test.ts[2m > [22mRestaurantsService[2m > [22mCache Management[2m > [22mshould generate consistent cache keys[32m 4[2mms[22m[39m
 [32m✓[39m [30m[42m @makanmakan/api [49m[39m src/features/restaurants/__tests__/feature.test.ts[2m > [22mRestaurantsService[2m > [22mCache Management[2m > [22mshould invalidate relevant caches on create/update[32m 34[2mms[22m[39m
 [32m✓[39m [30m[42m @makanmakan/api [49m[39m src/features/restaurants/__tests__/feature.test.ts[2m > [22mRestaurants API Integration[2m > [22mshould be ready for integration tests[32m 1[2mms[22m[39m
 [32m✓[39m [30m[42m @makanmakan/api [49m[39m src/features/restaurants/__tests__/feature.test.ts[2m > [22mRestaurants Performance[2m > [22mshould be ready for performance tests[32m 1[2mms[22m[39m
[90mstdout[2m | src/features/group-orders/__tests__/e2e.test.ts[2m > [22m[2mGroup Orders E2E Tests[2m > [22m[2mGET /api/v1/orders/group/:groupOrderId - Get Group Details[2m > [22m[2mshould get group details with members and cart items
[22m[39m[orders] INFO: Orders API request completed {
  method: [32m'POST'[39m,
  path: [32m'/api/v1/orders/group/join/X988NY63'[39m,
  status: [33m200[39m,
  duration: [32m'475ms'[39m,
  userAgent: [32m'unknown'[39m
}

[90mstdout[2m | src/features/group-orders/__tests__/e2e.test.ts[2m > [22m[2mGroup Orders E2E Tests[2m > [22m[2mGET /api/v1/orders/group/:groupOrderId - Get Group Details[2m > [22m[2mshould get group details with members and cart items
[22m[39m[API_V1] Response status: 200

[90mstdout[2m | src/features/group-orders/__tests__/e2e.test.ts[2m > [22m[2mGroup Orders E2E Tests[2m > [22m[2mGET /api/v1/orders/group/:groupOrderId - Get Group Details[2m > [22m[2mshould get group details with members and cart items
[22m[39m[API_V1] POST /api/v1/orders/group/455b0b3b-3db2-4f1e-a4af-b8959a587d9c/cart

[90mstdout[2m | src/features/group-orders/__tests__/e2e.test.ts[2m > [22m[2mGroup Orders E2E Tests[2m > [22m[2mGET /api/v1/orders/group/:groupOrderId - Get Group Details[2m > [22m[2mshould get group details with members and cart items
[22m[39m[SharedMockDB] FIRST executed: {
  sql: [32m'\n      SELECT * FROM group_orders WHERE id = ?\n    '[39m,
  hasResult: [33mtrue[39m
}

[90mstdout[2m | src/features/group-orders/__tests__/e2e.test.ts[2m > [22m[2mGroup Orders E2E Tests[2m > [22m[2mGET /api/v1/orders/group/:groupOrderId - Get Group Details[2m > [22m[2mshould get group details with members and cart items
[22m[39m[SharedMockDB] FIRST executed: {
  sql: [32m'\n'[39m +
    [32m'      SELECT * FROM group_members\n'[39m +
    [32m'      WHERE id = ? AND group_order_id = ? AND left_at IS NULL\n'[39m +
    [32m'   '[39m,
  hasResult: [33mtrue[39m
}

[90mstdout[2m | src/features/group-orders/__tests__/e2e.test.ts[2m > [22m[2mGroup Orders E2E Tests[2m > [22m[2mGET /api/v1/orders/group/:groupOrderId - Get Group Details[2m > [22m[2mshould get group details with members and cart items
[22m[39m[SharedMockDB] FIRST executed: {
  sql: [32m'\n        SELECT * FROM menu_items WHERE id = ? AND restaurantId = ?\n      '[39m,
  hasResult: [33mtrue[39m
}

[90mstdout[2m | src/features/group-orders/__tests__/e2e.test.ts[2m > [22m[2mGroup Orders E2E Tests[2m > [22m[2mGET /api/v1/orders/group/:groupOrderId - Get Group Details[2m > [22m[2mshould get group details with members and cart items
[22m[39m[SharedMockDB] RUN executed: {
  sql: [32m'\n'[39m +
    [32m'        INSERT INTO group_cart_items (\n'[39m +
    [32m'          id, group_order_id, member_id, menu_item_id, quant'[39m,
  changes: [33m1[39m,
  lastInsertRowid: [33m1[39m
}

[90mstdout[2m | src/features/group-orders/__tests__/e2e.test.ts[2m > [22m[2mGroup Orders E2E Tests[2m > [22m[2mGET /api/v1/orders/group/:groupOrderId - Get Group Details[2m > [22m[2mshould get group details with members and cart items
[22m[39m[SharedMockDB] FIRST executed: {
  sql: [32m'\n'[39m +
    [32m'      SELECT COALESCE(SUM(total_price), 0) as total\n'[39m +
    [32m'      FROM group_cart_items\n'[39m +
    [32m'      WHERE group_o'[39m,
  hasResult: [33mtrue[39m
}

[90mstdout[2m | src/features/group-orders/__tests__/e2e.test.ts[2m > [22m[2mGroup Orders E2E Tests[2m > [22m[2mGET /api/v1/orders/group/:groupOrderId - Get Group Details[2m > [22m[2mshould get group details with members and cart items
[22m[39m[SharedMockDB] RUN executed: {
  sql: [32m'\n'[39m +
    [32m'      INSERT INTO split_bills (\n'[39m +
    [32m'        id, group_order_id, member_id, subtotal, total_amount,\n'[39m +
    [32m'    '[39m,
  changes: [33m1[39m,
  lastInsertRowid: [33m1[39m
}

[90mstdout[2m | src/features/group-orders/__tests__/e2e.test.ts[2m > [22m[2mGroup Orders E2E Tests[2m > [22m[2mGET /api/v1/orders/group/:groupOrderId - Get Group Details[2m > [22m[2mshould get group details with members and cart items
[22m[39m[SharedMockDB] FIRST executed: {
  sql: [32m'\n'[39m +
    [32m'      SELECT COALESCE(SUM(total_price), 0) as total\n'[39m +
    [32m'      FROM group_cart_items\n'[39m +
    [32m'      WHERE group_o'[39m,
  hasResult: [33mtrue[39m
}

[90mstdout[2m | src/features/group-orders/__tests__/e2e.test.ts[2m > [22m[2mGroup Orders E2E Tests[2m > [22m[2mGET /api/v1/orders/group/:groupOrderId - Get Group Details[2m > [22m[2mshould get group details with members and cart items
[22m[39m[SharedMockDB] RUN executed: {
  sql: [32m'\n'[39m +
    [32m'      UPDATE group_orders\n'[39m +
    [32m"      SET total_amount = ?, updated_at = unixepoch('now')\n"[39m +
    [32m'      WHERE id '[39m,
  changes: [33m1[39m,
  lastInsertRowid: [33m1[39m
}

[90mstdout[2m | src/features/group-orders/__tests__/e2e.test.ts[2m > [22m[2mGroup Orders E2E Tests[2m > [22m[2mGET /api/v1/orders/group/:groupOrderId - Get Group Details[2m > [22m[2mshould get group details with members and cart items
[22m[39m[SharedMockDB] RUN executed: {
  sql: [32m'\n'[39m +
    [32m'      INSERT INTO group_activity_logs (\n'[39m +
    [32m'        id, group_order_id, member_id, action, description,'[39m,
  changes: [33m1[39m,
  lastInsertRowid: [33m3[39m
}

[90mstdout[2m | src/features/group-orders/__tests__/e2e.test.ts[2m > [22m[2mGroup Orders E2E Tests[2m > [22m[2mGET /api/v1/orders/group/:groupOrderId - Get Group Details[2m > [22m[2mshould get group details with members and cart items
[22m[39m[SharedMockDB] FIRST executed: {
  sql: [32m'\n        SELECT * FROM group_cart_items WHERE id = ?\n      '[39m,
  hasResult: [33mtrue[39m
}

[90mstdout[2m | src/features/group-orders/__tests__/e2e.test.ts[2m > [22m[2mGroup Orders E2E Tests[2m > [22m[2mGET /api/v1/orders/group/:groupOrderId - Get Group Details[2m > [22m[2mshould get group details with members and cart items
[22m[39m[group-orders] addCartItem took 21ms

[90mstdout[2m | src/features/group-orders/__tests__/e2e.test.ts[2m > [22m[2mGroup Orders E2E Tests[2m > [22m[2mGET /api/v1/orders/group/:groupOrderId - Get Group Details[2m > [22m[2mshould get group details with members and cart items
[22m[39m[orders] INFO: Orders API request completed {
  method: [32m'POST'[39m,
  path: [32m'/api/v1/orders/group/455b0b3b-3db2-4f1e-a4af-b8959a587d9c/cart'[39m,
  status: [33m200[39m,
  duration: [32m'489ms'[39m,
  userAgent: [32m'unknown'[39m
}

[90mstdout[2m | src/features/group-orders/__tests__/e2e.test.ts[2m > [22m[2mGroup Orders E2E Tests[2m > [22m[2mGET /api/v1/orders/group/:groupOrderId - Get Group Details[2m > [22m[2mshould get group details with members and cart items
[22m[39m[API_V1] Response status: 200

[90mstdout[2m | src/features/group-orders/__tests__/e2e.test.ts[2m > [22m[2mGroup Orders E2E Tests[2m > [22m[2mGET /api/v1/orders/group/:groupOrderId - Get Group Details[2m > [22m[2mshould get group details with members and cart items
[22m[39m[API_V1] GET /api/v1/orders/group/455b0b3b-3db2-4f1e-a4af-b8959a587d9c

[90mstdout[2m | src/features/group-orders/__tests__/e2e.test.ts[2m > [22m[2mGroup Orders E2E Tests[2m > [22m[2mGET /api/v1/orders/group/:groupOrderId - Get Group Details[2m > [22m[2mshould get group details with members and cart items
[22m[39m[SharedMockDB] FIRST executed: {
  sql: [32m'\n        SELECT * FROM group_orders WHERE id = ?\n      '[39m,
  hasResult: [33mtrue[39m
}

[90mstdout[2m | src/features/group-orders/__tests__/e2e.test.ts[2m > [22m[2mGroup Orders E2E Tests[2m > [22m[2mGET /api/v1/orders/group/:groupOrderId - Get Group Details[2m > [22m[2mshould get group details with members and cart items
[22m[39m[SharedMockDB] ALL executed: {
  sql: [32m'\n'[39m +
    [32m'        SELECT * FROM group_members\n'[39m +
    [32m'        WHERE group_order_id = ? AND left_at IS NULL\n'[39m +
    [32m'        OR'[39m,
  count: [33m2[39m
}

[90mstdout[2m | src/features/group-orders/__tests__/e2e.test.ts[2m > [22m[2mGroup Orders E2E Tests[2m > [22m[2mGET /api/v1/orders/group/:groupOrderId - Get Group Details[2m > [22m[2mshould get group details with members and cart items
[22m[39m[SharedMockDB] ALL executed: {
  sql: [32m'\n'[39m +
    [32m'        SELECT\n'[39m +
    [32m'          gci.*,\n'[39m +
    [32m'          mi.name as menu_item_name,\n'[39m +
    [32m'          mi.price as menu_ite'[39m,
  count: [33m1[39m
}

[90mstdout[2m | src/features/group-orders/__tests__/e2e.test.ts[2m > [22m[2mGroup Orders E2E Tests[2m > [22m[2mGET /api/v1/orders/group/:groupOrderId - Get Group Details[2m > [22m[2mshould get group details with members and cart items
[22m[39m[SharedMockDB] ALL executed: {
  sql: [32m'\n'[39m +
    [32m'        SELECT * FROM group_activity_logs\n'[39m +
    [32m'        WHERE group_order_id = ?\n'[39m +
    [32m'        ORDER BY created'[39m,
  count: [33m3[39m
}

[90mstdout[2m | src/features/group-orders/__tests__/e2e.test.ts[2m > [22m[2mGroup Orders E2E Tests[2m > [22m[2mGET /api/v1/orders/group/:groupOrderId - Get Group Details[2m > [22m[2mshould get group details with members and cart items
[22m[39m[group-orders] getGroupOrder took 8ms

[90mstdout[2m | src/features/group-orders/__tests__/e2e.test.ts[2m > [22m[2mGroup Orders E2E Tests[2m > [22m[2mGET /api/v1/orders/group/:groupOrderId - Get Group Details[2m > [22m[2mshould get group details with members and cart items
[22m[39m[orders] INFO: Orders API request completed {
  method: [32m'GET'[39m,
  path: [32m'/api/v1/orders/group/455b0b3b-3db2-4f1e-a4af-b8959a587d9c'[39m,
  status: [33m200[39m,
  duration: [32m'9ms'[39m,
  userAgent: [32m'unknown'[39m
}

[90mstdout[2m | src/features/group-orders/__tests__/e2e.test.ts[2m > [22m[2mGroup Orders E2E Tests[2m > [22m[2mGET /api/v1/orders/group/:groupOrderId - Get Group Details[2m > [22m[2mshould get group details with members and cart items
[22m[39m[API_V1] Response status: 200

[90mstdout[2m | src/features/group-orders/__tests__/e2e.test.ts[2m > [22m[2mGroup Orders E2E Tests[2m > [22m[2mGET /api/v1/orders/group/:groupOrderId - Get Group Details[2m > [22m[2mshould return 404 for non-existent group order
[22m[39m[SharedMockDB] EXEC executed successfully

[90mstdout[2m | src/features/group-orders/__tests__/e2e.test.ts[2m > [22m[2mGroup Orders E2E Tests[2m > [22m[2mGET /api/v1/orders/group/:groupOrderId - Get Group Details[2m > [22m[2mshould return 404 for non-existent group order
[22m[39m[SharedMockDB] EXEC executed successfully

[90mstdout[2m | src/features/group-orders/__tests__/e2e.test.ts[2m > [22m[2mGroup Orders E2E Tests[2m > [22m[2mGET /api/v1/orders/group/:groupOrderId - Get Group Details[2m > [22m[2mshould return 404 for non-existent group order
[22m[39m[SharedMockDB] EXEC executed successfully

[90mstdout[2m | src/features/group-orders/__tests__/e2e.test.ts[2m > [22m[2mGroup Orders E2E Tests[2m > [22m[2mGET /api/v1/orders/group/:groupOrderId - Get Group Details[2m > [22m[2mshould return 404 for non-existent group order
[22m[39m[SharedMockDB] EXEC executed successfully

[90mstdout[2m | src/features/group-orders/__tests__/e2e.test.ts[2m > [22m[2mGroup Orders E2E Tests[2m > [22m[2mGET /api/v1/orders/group/:groupOrderId - Get Group Details[2m > [22m[2mshould return 404 for non-existent group order
[22m[39m[SharedMockDB] EXEC executed successfully

[90mstdout[2m | src/features/group-orders/__tests__/e2e.test.ts[2m > [22m[2mGroup Orders E2E Tests[2m > [22m[2mGET /api/v1/orders/group/:groupOrderId - Get Group Details[2m > [22m[2mshould return 404 for non-existent group order
[22m[39m[API_V1] POST /api/v1/orders/group/create

[90mstdout[2m | src/features/group-orders/__tests__/e2e.test.ts[2m > [22m[2mGroup Orders E2E Tests[2m > [22m[2mGET /api/v1/orders/group/:groupOrderId - Get Group Details[2m > [22m[2mshould return 404 for non-existent group order
[22m[39m[group-orders] Creating group order { restaurantId: [33m1[39m, hostId: [33m2[39m }
[SharedMockDB] RUN executed: {
  sql: [32m'\n'[39m +
    [32m'        INSERT INTO group_orders (\n'[39m +
    [32m'          id, restaurant_id, table_id, share_code, created_by,\n'[39m +
    [32m' '[39m,
  changes: [33m1[39m,
  lastInsertRowid: [33m1[39m
}

[90mstdout[2m | src/features/group-orders/__tests__/e2e.test.ts[2m > [22m[2mGroup Orders E2E Tests[2m > [22m[2mGET /api/v1/orders/group/:groupOrderId - Get Group Details[2m > [22m[2mshould return 404 for non-existent group order
[22m[39m[SharedMockDB] RUN executed: {
  sql: [32m'\n'[39m +
    [32m'        INSERT INTO group_members (\n'[39m +
    [32m'          id, group_order_id, session_id, name, role,\n'[39m +
    [32m'         '[39m,
  changes: [33m1[39m,
  lastInsertRowid: [33m1[39m
}

[90mstdout[2m | src/features/group-orders/__tests__/e2e.test.ts[2m > [22m[2mGroup Orders E2E Tests[2m > [22m[2mGET /api/v1/orders/group/:groupOrderId - Get Group Details[2m > [22m[2mshould return 404 for non-existent group order
[22m[39m[SharedMockDB] RUN executed: {
  sql: [32m'\n'[39m +
    [32m'      INSERT INTO group_activity_logs (\n'[39m +
    [32m'        id, group_order_id, member_id, action, description,'[39m,
  changes: [33m1[39m,
  lastInsertRowid: [33m1[39m
}

[90mstdout[2m | src/features/group-orders/__tests__/e2e.test.ts[2m > [22m[2mGroup Orders E2E Tests[2m > [22m[2mGET /api/v1/orders/group/:groupOrderId - Get Group Details[2m > [22m[2mshould return 404 for non-existent group order
[22m[39m[SharedMockDB] FIRST executed: {
  sql: [32m'\n        SELECT * FROM group_members WHERE id = ?\n      '[39m,
  hasResult: [33mtrue[39m
}

[90mstdout[2m | src/features/group-orders/__tests__/e2e.test.ts[2m > [22m[2mGroup Orders E2E Tests[2m > [22m[2mGET /api/v1/orders/group/:groupOrderId - Get Group Details[2m > [22m[2mshould return 404 for non-existent group order
[22m[39m[group-orders] Group order created successfully {
  groupOrderId: [32m'eee3282c-4511-40c9-b2e2-27957ad03541'[39m,
  shareCode: [32m'YJPZ8X5G'[39m
}
[group-orders] createGroupOrder took 9ms

[90mstdout[2m | src/features/qr-codes/__tests__/feature.test.ts[2m > [22m[2mQrCodesService[2m > [22m[2mgenerateQR[2m > [22m[2mshould generate a QR code successfully
[22m[39m[qr-codes-service] INFO: QR Code generated { id: [33mNaN[39m, format: [32m'png'[39m, userId: [33m1[39m, restaurantId: [33m100[39m }
METRIC: qr-codes.generate.success = 1 count
METRIC: qr-codes.generate.duration = 29 ms

 [32m✓[39m [30m[42m @makanmakan/api [49m[39m src/features/qr-codes/__tests__/feature.test.ts[2m > [22mQrCodesService[2m > [22mgenerateQR[2m > [22mshould generate a QR code successfully[32m 127[2mms[22m[39m
[90mstdout[2m | src/features/qr-codes/__tests__/feature.test.ts[2m > [22m[2mQrCodesService[2m > [22m[2mgenerateBulkQR[2m > [22m[2mshould generate bulk QR codes successfully
[22m[39m[qr-codes-service] INFO: Bulk QR codes generated { batchId: [32m'batch123'[39m, itemCount: [33m2[39m, userId: [33m1[39m, restaurantId: [33m100[39m }
METRIC: qr-codes.generateBulk.success = 1 count
METRIC: qr-codes.generateBulk.duration = 1 ms

 [32m✓[39m [30m[42m @makanmakan/api [49m[39m src/features/group-orders/__tests__/e2e.test.ts[2m > [22mGroup Orders E2E Tests[2m > [22mGET /api/v1/orders/group/:groupOrderId - Get Group Details[2m > [22mshould get group details with members and cart items[33m 1492[2mms[22m[39m
[90mstdout[2m | src/features/qr-codes/__tests__/feature.test.ts[2m > [22m[2mQrCodesService[2m > [22m[2mgenerateBulkQR[2m > [22m[2mshould throw error if userId or restaurantId is missing
[22m[39mMETRIC: qr-codes.generateBulk.error = 1 count
METRIC: qr-codes.generateBulk.duration = 65 ms

[90mstderr[2m | src/features/qr-codes/__tests__/feature.test.ts[2m > [22m[2mQrCodesService[2m > [22m[2mgenerateBulkQR[2m > [22m[2mshould throw error if userId or restaurantId is missing
[22m[39m[qr-codes-service] ERROR: Failed to generate bulk QR codes Error: Restaurant ID and User ID are required for bulk generation
    at QrCodesService.generateBulkQR (C:\Users\minim\OneDrive\文档\Code\platform\makanmakan\apps\api\src\features\qr-codes\services\QrCodesService.ts:113:15)
    at C:\Users\minim\OneDrive\文档\Code\platform\makanmakan\apps\api\src\features\qr-codes\__tests__\feature.test.ts:121:28
    at file:///C:/Users/minim/OneDrive/%E6%96%87%E6%A1%A3/Code/platform/makanmakan/node_modules/.pnpm/@vitest+runner@3.2.4/node_modules/@vitest/runner/dist/chunk-hooks.js:155:11
    at file:///C:/Users/minim/OneDrive/%E6%96%87%E6%A1%A3/Code/platform/makanmakan/node_modules/.pnpm/@vitest+runner@3.2.4/node_modules/@vitest/runner/dist/chunk-hooks.js:752:26
    at file:///C:/Users/minim/OneDrive/%E6%96%87%E6%A1%A3/Code/platform/makanmakan/node_modules/.pnpm/@vitest+runner@3.2.4/node_modules/@vitest/runner/dist/chunk-hooks.js:1897:20
    at new Promise (<anonymous>)
    at runWithTimeout (file:///C:/Users/minim/OneDrive/%E6%96%87%E6%A1%A3/Code/platform/makanmakan/node_modules/.pnpm/@vitest+runner@3.2.4/node_modules/@vitest/runner/dist/chunk-hooks.js:1863:10)
    at runTest (file:///C:/Users/minim/OneDrive/%E6%96%87%E6%A1%A3/Code/platform/makanmakan/node_modules/.pnpm/@vitest+runner@3.2.4/node_modules/@vitest/runner/dist/chunk-hooks.js:1574:12)
    at processTicksAndRejections (node:internal/process/task_queues:105:5)
    at runSuite (file:///C:/Users/minim/OneDrive/%E6%96%87%E6%A1%A3/Code/platform/makanmakan/node_modules/.pnpm/@vitest+runner@3.2.4/node_modules/@vitest/runner/dist/chunk-hooks.js:1729:8) {
  data: { tables: [ [36m[Object][39m ] },
  userId: [90mundefined[39m,
  restaurantId: [90mundefined[39m
}

 [32m✓[39m [30m[42m @makanmakan/api [49m[39m src/features/qr-codes/__tests__/feature.test.ts[2m > [22mQrCodesService[2m > [22mgenerateBulkQR[2m > [22mshould generate bulk QR codes successfully[32m 54[2mms[22m[39m
 [32m✓[39m [30m[42m @makanmakan/api [49m[39m src/features/qr-codes/__tests__/feature.test.ts[2m > [22mQrCodesService[2m > [22mgenerateBulkQR[2m > [22mshould throw error if userId or restaurantId is missing[32m 80[2mms[22m[39m
[90mstdout[2m | src/features/qr-codes/__tests__/feature.test.ts[2m > [22m[2mQrCodesService[2m > [22m[2mdownloadQR[2m > [22m[2mshould return null for non-existent QR code
[22m[39mMETRIC: qr-codes.download.duration = 0 ms

[90mstdout[2m | src/features/qr-codes/__tests__/feature.test.ts[2m > [22m[2mQrCodesService[2m > [22m[2mdownloadQR[2m > [22m[2mshould return download data for existing QR code
[22m[39m[qr-codes-service] INFO: QR code downloaded { id: [33m123[39m }
METRIC: qr-codes.download.success = 1 count
METRIC: qr-codes.download.duration = 1 ms

[90mstdout[2m | src/features/qr-codes/__tests__/feature.test.ts[2m > [22m[2mQrCodesService[2m > [22m[2mgetStatistics[2m > [22m[2mshould return QR code statistics
[22m[39mMETRIC: qr-codes.getStatistics.success = 1 count
METRIC: qr-codes.getStatistics.duration = 1 ms

[90mstdout[2m | src/features/qr-codes/__tests__/feature.test.ts[2m > [22m[2mQrCodesService[2m > [22m[2mlistTemplates[2m > [22m[2mshould return list of templates
[22m[39mMETRIC: qr-codes.listTemplates.success = 1 count
METRIC: qr-codes.listTemplates.duration = 2 ms

 [32m✓[39m [30m[42m @makanmakan/api [49m[39m src/features/qr-codes/__tests__/feature.test.ts[2m > [22mQrCodesService[2m > [22mdownloadQR[2m > [22mshould return null for non-existent QR code[32m 34[2mms[22m[39m
 [32m✓[39m [30m[42m @makanmakan/api [49m[39m src/features/qr-codes/__tests__/feature.test.ts[2m > [22mQrCodesService[2m > [22mdownloadQR[2m > [22mshould return download data for existing QR code[32m 42[2mms[22m[39m
 [32m✓[39m [30m[42m @makanmakan/api [49m[39m src/features/qr-codes/__tests__/feature.test.ts[2m > [22mQrCodesService[2m > [22mgetStatistics[2m > [22mshould return QR code statistics[32m 17[2mms[22m[39m
 [32m✓[39m [30m[42m @makanmakan/api [49m[39m src/features/qr-codes/__tests__/feature.test.ts[2m > [22mQrCodesService[2m > [22mlistTemplates[2m > [22mshould return list of templates[32m 12[2mms[22m[39m
[90mstderr[2m | src/features/qr-codes/__tests__/feature.test.ts[2m > [22m[2mQrCodesService[2m > [22m[2mcreateTemplate[2m > [22m[2mshould create a new template
[22m[39mCache clear error: TypeError: Cannot read properties of undefined (reading 'keys')
    at KVCacheService.clear [90m(C:\Users\minim\OneDrive\文档\Code\platform\makanmakan\[39mapps\api\src\core\cache\index.ts:52:32[90m)[39m
[90m    at processTicksAndRejections (node:internal/process/task_queues:105:5)[39m
    at QrCodesService.createTemplate [90m(C:\Users\minim\OneDrive\文档\Code\platform\makanmakan\[39mapps\api\src\features\qr-codes\services\QrCodesService.ts:397:7[90m)[39m
    at [90mC:\Users\minim\OneDrive\文档\Code\platform\makanmakan\[39mapps\api\src\features\qr-codes\__tests__\feature.test.ts:237:22
    at [90mfile:///C:/Users/minim/OneDrive/%E6%96%87%E6%A1%A3/Code/platform/makanmakan/[39mnode_modules/[4m.pnpm[24m/@vitest+runner@3.2.4/node_modules/[4m@vitest[24m/runner/dist/chunk-hooks.js:752:20

[90mstdout[2m | src/features/qr-codes/__tests__/feature.test.ts[2m > [22m[2mQrCodesService[2m > [22m[2mcreateTemplate[2m > [22m[2mshould create a new template
[22m[39m[qr-codes-service] INFO: QR code template created { id: [33m1[39m, name: [32m'Test Template'[39m }
METRIC: qr-codes.createTemplate.success = 1 count
METRIC: qr-codes.createTemplate.duration = 4 ms

 [32m✓[39m [30m[42m @makanmakan/api [49m[39m src/features/qr-codes/__tests__/feature.test.ts[2m > [22mQrCodesService[2m > [22mcreateTemplate[2m > [22mshould create a new template[32m 9[2mms[22m[39m
 [2m[90m↓[39m[22m [30m[42m @makanmakan/api [49m[39m src/features/qr-codes/__tests__/feature.test.ts[2m > [22mQR Codes API Integration[2m > [22mshould add integration tests for the HTTP endpoints
 [2m[90m↓[39m[22m [30m[42m @makanmakan/api [49m[39m src/features/qr-codes/__tests__/feature.test.ts[2m > [22mQR Codes Performance[2m > [22mshould add performance tests to ensure operations complete within acceptable time limits
[90mstdout[2m | src/features/group-orders/__tests__/e2e.test.ts[2m > [22m[2mGroup Orders E2E Tests[2m > [22m[2mGET /api/v1/orders/group/:groupOrderId - Get Group Details[2m > [22m[2mshould return 404 for non-existent group order
[22m[39m[orders] INFO: Orders API request completed {
  method: [32m'POST'[39m,
  path: [32m'/api/v1/orders/group/create'[39m,
  status: [33m200[39m,
  duration: [32m'987ms'[39m,
  userAgent: [32m'unknown'[39m
}

[90mstdout[2m | src/features/group-orders/__tests__/e2e.test.ts[2m > [22m[2mGroup Orders E2E Tests[2m > [22m[2mGET /api/v1/orders/group/:groupOrderId - Get Group Details[2m > [22m[2mshould return 404 for non-existent group order
[22m[39m[API_V1] Response status: 200

[90mstdout[2m | src/features/group-orders/__tests__/e2e.test.ts[2m > [22m[2mGroup Orders E2E Tests[2m > [22m[2mGET /api/v1/orders/group/:groupOrderId - Get Group Details[2m > [22m[2mshould return 404 for non-existent group order
[22m[39m[API_V1] POST /api/v1/orders/group/join/YJPZ8X5G

[90mstdout[2m | src/features/group-orders/__tests__/e2e.test.ts[2m > [22m[2mGroup Orders E2E Tests[2m > [22m[2mGET /api/v1/orders/group/:groupOrderId - Get Group Details[2m > [22m[2mshould return 404 for non-existent group order
[22m[39m[group-orders] Member joining group { shareCode: [32m'YJPZ8X5G'[39m, memberName: [32m'Jane Doe'[39m }
[SharedMockDB] FIRST executed: {
  sql: [32m'\n'[39m +
    [32m'        SELECT * FROM group_orders\n'[39m +
    [32m'        WHERE share_code = ?\n'[39m +
    [32m"        AND status = 'active'\n"[39m +
    [32m'     '[39m,
  hasResult: [33mtrue[39m
}

[90mstdout[2m | src/features/group-orders/__tests__/e2e.test.ts[2m > [22m[2mGroup Orders E2E Tests[2m > [22m[2mGET /api/v1/orders/group/:groupOrderId - Get Group Details[2m > [22m[2mshould return 404 for non-existent group order
[22m[39m[SharedMockDB] FIRST executed: {
  sql: [32m'\n'[39m +
    [32m'        SELECT COUNT(*) as count FROM group_members\n'[39m +
    [32m'        WHERE group_order_id = ? AND left_at IS'[39m,
  hasResult: [33mtrue[39m
}

[90mstdout[2m | src/features/group-orders/__tests__/e2e.test.ts[2m > [22m[2mGroup Orders E2E Tests[2m > [22m[2mGET /api/v1/orders/group/:groupOrderId - Get Group Details[2m > [22m[2mshould return 404 for non-existent group order
[22m[39m[SharedMockDB] FIRST executed: {
  sql: [32m'\n'[39m +
    [32m'        SELECT * FROM group_members\n'[39m +
    [32m'        WHERE group_order_id = ? AND name = ? AND left_at IS NU'[39m,
  hasResult: [33mfalse[39m
}

[90mstdout[2m | src/features/group-orders/__tests__/e2e.test.ts[2m > [22m[2mGroup Orders E2E Tests[2m > [22m[2mGET /api/v1/orders/group/:groupOrderId - Get Group Details[2m > [22m[2mshould return 404 for non-existent group order
[22m[39m[SharedMockDB] RUN executed: {
  sql: [32m'\n'[39m +
    [32m'        INSERT INTO group_members (\n'[39m +
    [32m'          id, group_order_id, session_id, name, phone, email, r'[39m,
  changes: [33m1[39m,
  lastInsertRowid: [33m2[39m
}

[90mstdout[2m | src/features/group-orders/__tests__/e2e.test.ts[2m > [22m[2mGroup Orders E2E Tests[2m > [22m[2mGET /api/v1/orders/group/:groupOrderId - Get Group Details[2m > [22m[2mshould return 404 for non-existent group order
[22m[39m[SharedMockDB] RUN executed: {
  sql: [32m'\n'[39m +
    [32m'      INSERT INTO group_activity_logs (\n'[39m +
    [32m'        id, group_order_id, member_id, action, description,'[39m,
  changes: [33m1[39m,
  lastInsertRowid: [33m2[39m
}

[90mstdout[2m | src/features/group-orders/__tests__/e2e.test.ts[2m > [22m[2mGroup Orders E2E Tests[2m > [22m[2mGET /api/v1/orders/group/:groupOrderId - Get Group Details[2m > [22m[2mshould return 404 for non-existent group order
[22m[39m[SharedMockDB] FIRST executed: {
  sql: [32m'\n        SELECT * FROM group_members WHERE id = ?\n      '[39m,
  hasResult: [33mtrue[39m
}

[90mstdout[2m | src/features/group-orders/__tests__/e2e.test.ts[2m > [22m[2mGroup Orders E2E Tests[2m > [22m[2mGET /api/v1/orders/group/:groupOrderId - Get Group Details[2m > [22m[2mshould return 404 for non-existent group order
[22m[39m[group-orders] Member joined group successfully {
  groupOrderId: [32m'eee3282c-4511-40c9-b2e2-27957ad03541'[39m,
  memberId: [32m'f5c0b317-1ea8-4fff-b2bb-c5a2934bec3a'[39m,
  memberName: [32m'Jane Doe'[39m
}
[group-orders] joinGroup took 7ms

[90mstdout[2m | src/features/group-orders/__tests__/e2e.test.ts[2m > [22m[2mGroup Orders E2E Tests[2m > [22m[2mGET /api/v1/orders/group/:groupOrderId - Get Group Details[2m > [22m[2mshould return 404 for non-existent group order
[22m[39m[orders] INFO: Orders API request completed {
  method: [32m'POST'[39m,
  path: [32m'/api/v1/orders/group/join/YJPZ8X5G'[39m,
  status: [33m200[39m,
  duration: [32m'484ms'[39m,
  userAgent: [32m'unknown'[39m
}

[90mstdout[2m | src/features/group-orders/__tests__/e2e.test.ts[2m > [22m[2mGroup Orders E2E Tests[2m > [22m[2mGET /api/v1/orders/group/:groupOrderId - Get Group Details[2m > [22m[2mshould return 404 for non-existent group order
[22m[39m[API_V1] Response status: 200

[90mstdout[2m | src/features/group-orders/__tests__/e2e.test.ts[2m > [22m[2mGroup Orders E2E Tests[2m > [22m[2mGET /api/v1/orders/group/:groupOrderId - Get Group Details[2m > [22m[2mshould return 404 for non-existent group order
[22m[39m[API_V1] POST /api/v1/orders/group/eee3282c-4511-40c9-b2e2-27957ad03541/cart

[90mstdout[2m | src/features/group-orders/__tests__/e2e.test.ts[2m > [22m[2mGroup Orders E2E Tests[2m > [22m[2mGET /api/v1/orders/group/:groupOrderId - Get Group Details[2m > [22m[2mshould return 404 for non-existent group order
[22m[39m[SharedMockDB] FIRST executed: {
  sql: [32m'\n      SELECT * FROM group_orders WHERE id = ?\n    '[39m,
  hasResult: [33mtrue[39m
}

[90mstdout[2m | src/features/group-orders/__tests__/e2e.test.ts[2m > [22m[2mGroup Orders E2E Tests[2m > [22m[2mGET /api/v1/orders/group/:groupOrderId - Get Group Details[2m > [22m[2mshould return 404 for non-existent group order
[22m[39m[SharedMockDB] FIRST executed: {
  sql: [32m'\n'[39m +
    [32m'      SELECT * FROM group_members\n'[39m +
    [32m'      WHERE id = ? AND group_order_id = ? AND left_at IS NULL\n'[39m +
    [32m'   '[39m,
  hasResult: [33mtrue[39m
}

[90mstdout[2m | src/features/group-orders/__tests__/e2e.test.ts[2m > [22m[2mGroup Orders E2E Tests[2m > [22m[2mGET /api/v1/orders/group/:groupOrderId - Get Group Details[2m > [22m[2mshould return 404 for non-existent group order
[22m[39m[SharedMockDB] FIRST executed: {
  sql: [32m'\n        SELECT * FROM menu_items WHERE id = ? AND restaurantId = ?\n      '[39m,
  hasResult: [33mtrue[39m
}

[90mstdout[2m | src/features/group-orders/__tests__/e2e.test.ts[2m > [22m[2mGroup Orders E2E Tests[2m > [22m[2mGET /api/v1/orders/group/:groupOrderId - Get Group Details[2m > [22m[2mshould return 404 for non-existent group order
[22m[39m[SharedMockDB] RUN executed: {
  sql: [32m'\n'[39m +
    [32m'        INSERT INTO group_cart_items (\n'[39m +
    [32m'          id, group_order_id, member_id, menu_item_id, quant'[39m,
  changes: [33m1[39m,
  lastInsertRowid: [33m1[39m
}

[90mstdout[2m | src/features/group-orders/__tests__/e2e.test.ts[2m > [22m[2mGroup Orders E2E Tests[2m > [22m[2mGET /api/v1/orders/group/:groupOrderId - Get Group Details[2m > [22m[2mshould return 404 for non-existent group order
[22m[39m[SharedMockDB] FIRST executed: {
  sql: [32m'\n'[39m +
    [32m'      SELECT COALESCE(SUM(total_price), 0) as total\n'[39m +
    [32m'      FROM group_cart_items\n'[39m +
    [32m'      WHERE group_o'[39m,
  hasResult: [33mtrue[39m
}

[90mstdout[2m | src/features/group-orders/__tests__/e2e.test.ts[2m > [22m[2mGroup Orders E2E Tests[2m > [22m[2mGET /api/v1/orders/group/:groupOrderId - Get Group Details[2m > [22m[2mshould return 404 for non-existent group order
[22m[39m[SharedMockDB] RUN executed: {
  sql: [32m'\n'[39m +
    [32m'      INSERT INTO split_bills (\n'[39m +
    [32m'        id, group_order_id, member_id, subtotal, total_amount,\n'[39m +
    [32m'    '[39m,
  changes: [33m1[39m,
  lastInsertRowid: [33m1[39m
}

[90mstdout[2m | src/features/group-orders/__tests__/e2e.test.ts[2m > [22m[2mGroup Orders E2E Tests[2m > [22m[2mGET /api/v1/orders/group/:groupOrderId - Get Group Details[2m > [22m[2mshould return 404 for non-existent group order
[22m[39m[SharedMockDB] FIRST executed: {
  sql: [32m'\n'[39m +
    [32m'      SELECT COALESCE(SUM(total_price), 0) as total\n'[39m +
    [32m'      FROM group_cart_items\n'[39m +
    [32m'      WHERE group_o'[39m,
  hasResult: [33mtrue[39m
}

[90mstdout[2m | src/features/group-orders/__tests__/e2e.test.ts[2m > [22m[2mGroup Orders E2E Tests[2m > [22m[2mGET /api/v1/orders/group/:groupOrderId - Get Group Details[2m > [22m[2mshould return 404 for non-existent group order
[22m[39m[SharedMockDB] RUN executed: {
  sql: [32m'\n'[39m +
    [32m'      UPDATE group_orders\n'[39m +
    [32m"      SET total_amount = ?, updated_at = unixepoch('now')\n"[39m +
    [32m'      WHERE id '[39m,
  changes: [33m1[39m,
  lastInsertRowid: [33m1[39m
}

[90mstdout[2m | src/features/group-orders/__tests__/e2e.test.ts[2m > [22m[2mGroup Orders E2E Tests[2m > [22m[2mGET /api/v1/orders/group/:groupOrderId - Get Group Details[2m > [22m[2mshould return 404 for non-existent group order
[22m[39m[SharedMockDB] RUN executed: {
  sql: [32m'\n'[39m +
    [32m'      INSERT INTO group_activity_logs (\n'[39m +
    [32m'        id, group_order_id, member_id, action, description,'[39m,
  changes: [33m1[39m,
  lastInsertRowid: [33m3[39m
}

[90mstdout[2m | src/features/group-orders/__tests__/e2e.test.ts[2m > [22m[2mGroup Orders E2E Tests[2m > [22m[2mGET /api/v1/orders/group/:groupOrderId - Get Group Details[2m > [22m[2mshould return 404 for non-existent group order
[22m[39m[SharedMockDB] FIRST executed: {
  sql: [32m'\n        SELECT * FROM group_cart_items WHERE id = ?\n      '[39m,
  hasResult: [33mtrue[39m
}

[90mstdout[2m | src/features/group-orders/__tests__/e2e.test.ts[2m > [22m[2mGroup Orders E2E Tests[2m > [22m[2mGET /api/v1/orders/group/:groupOrderId - Get Group Details[2m > [22m[2mshould return 404 for non-existent group order
[22m[39m[group-orders] addCartItem took 19ms

[90mstdout[2m | src/features/group-orders/__tests__/e2e.test.ts[2m > [22m[2mGroup Orders E2E Tests[2m > [22m[2mGET /api/v1/orders/group/:groupOrderId - Get Group Details[2m > [22m[2mshould return 404 for non-existent group order
[22m[39m[orders] INFO: Orders API request completed {
  method: [32m'POST'[39m,
  path: [32m'/api/v1/orders/group/eee3282c-4511-40c9-b2e2-27957ad03541/cart'[39m,
  status: [33m200[39m,
  duration: [32m'302ms'[39m,
  userAgent: [32m'unknown'[39m
}

[90mstdout[2m | src/features/group-orders/__tests__/e2e.test.ts[2m > [22m[2mGroup Orders E2E Tests[2m > [22m[2mGET /api/v1/orders/group/:groupOrderId - Get Group Details[2m > [22m[2mshould return 404 for non-existent group order
[22m[39m[API_V1] Response status: 200

[90mstdout[2m | src/features/group-orders/__tests__/e2e.test.ts[2m > [22m[2mGroup Orders E2E Tests[2m > [22m[2mGET /api/v1/orders/group/:groupOrderId - Get Group Details[2m > [22m[2mshould return 404 for non-existent group order
[22m[39m[API_V1] GET /api/v1/orders/group/00000000-0000-0000-0000-000000000000

[90mstdout[2m | src/features/group-orders/__tests__/e2e.test.ts[2m > [22m[2mGroup Orders E2E Tests[2m > [22m[2mGET /api/v1/orders/group/:groupOrderId - Get Group Details[2m > [22m[2mshould return 404 for non-existent group order
[22m[39m[SharedMockDB] FIRST executed: {
  sql: [32m'\n        SELECT * FROM group_orders WHERE id = ?\n      '[39m,
  hasResult: [33mfalse[39m
}

[90mstdout[2m | src/features/group-orders/__tests__/e2e.test.ts[2m > [22m[2mGroup Orders E2E Tests[2m > [22m[2mGET /api/v1/orders/group/:groupOrderId - Get Group Details[2m > [22m[2mshould return 404 for non-existent group order
[22m[39m[group-orders] getGroupOrder took 1ms

[90mstdout[2m | src/features/group-orders/__tests__/e2e.test.ts[2m > [22m[2mGroup Orders E2E Tests[2m > [22m[2mGET /api/v1/orders/group/:groupOrderId - Get Group Details[2m > [22m[2mshould return 404 for non-existent group order
[22m[39m[orders] INFO: Orders API request completed {
  method: [32m'GET'[39m,
  path: [32m'/api/v1/orders/group/00000000-0000-0000-0000-000000000000'[39m,
  status: [33m404[39m,
  duration: [32m'1ms'[39m,
  userAgent: [32m'unknown'[39m
}

[90mstdout[2m | src/features/group-orders/__tests__/e2e.test.ts[2m > [22m[2mGroup Orders E2E Tests[2m > [22m[2mGET /api/v1/orders/group/:groupOrderId - Get Group Details[2m > [22m[2mshould return 404 for non-existent group order
[22m[39m[API_V1] Response status: 404

[90mstdout[2m | src/features/group-orders/__tests__/e2e.test.ts[2m > [22m[2mGroup Orders E2E Tests[2m > [22m[2mGET /api/v1/orders/group/:groupOrderId/activities - Get Activities[2m > [22m[2mshould get all activities for the group
[22m[39m[SharedMockDB] EXEC executed successfully

[90mstdout[2m | src/features/group-orders/__tests__/e2e.test.ts[2m > [22m[2mGroup Orders E2E Tests[2m > [22m[2mGET /api/v1/orders/group/:groupOrderId/activities - Get Activities[2m > [22m[2mshould get all activities for the group
[22m[39m[SharedMockDB] EXEC executed successfully

[90mstdout[2m | src/features/group-orders/__tests__/e2e.test.ts[2m > [22m[2mGroup Orders E2E Tests[2m > [22m[2mGET /api/v1/orders/group/:groupOrderId/activities - Get Activities[2m > [22m[2mshould get all activities for the group
[22m[39m[SharedMockDB] EXEC executed successfully

[90mstdout[2m | src/features/group-orders/__tests__/e2e.test.ts[2m > [22m[2mGroup Orders E2E Tests[2m > [22m[2mGET /api/v1/orders/group/:groupOrderId/activities - Get Activities[2m > [22m[2mshould get all activities for the group
[22m[39m[SharedMockDB] EXEC executed successfully

[90mstdout[2m | src/features/group-orders/__tests__/e2e.test.ts[2m > [22m[2mGroup Orders E2E Tests[2m > [22m[2mGET /api/v1/orders/group/:groupOrderId/activities - Get Activities[2m > [22m[2mshould get all activities for the group
[22m[39m[SharedMockDB] EXEC executed successfully

[90mstdout[2m | src/features/group-orders/__tests__/e2e.test.ts[2m > [22m[2mGroup Orders E2E Tests[2m > [22m[2mGET /api/v1/orders/group/:groupOrderId/activities - Get Activities[2m > [22m[2mshould get all activities for the group
[22m[39m[API_V1] POST /api/v1/orders/group/create

[90mstdout[2m | src/features/group-orders/__tests__/e2e.test.ts[2m > [22m[2mGroup Orders E2E Tests[2m > [22m[2mGET /api/v1/orders/group/:groupOrderId/activities - Get Activities[2m > [22m[2mshould get all activities for the group
[22m[39m[group-orders] Creating group order { restaurantId: [33m1[39m, hostId: [33m2[39m }
[SharedMockDB] RUN executed: {
  sql: [32m'\n'[39m +
    [32m'        INSERT INTO group_orders (\n'[39m +
    [32m'          id, restaurant_id, table_id, share_code, created_by,\n'[39m +
    [32m' '[39m,
  changes: [33m1[39m,
  lastInsertRowid: [33m1[39m
}

[90mstdout[2m | src/features/group-orders/__tests__/e2e.test.ts[2m > [22m[2mGroup Orders E2E Tests[2m > [22m[2mGET /api/v1/orders/group/:groupOrderId/activities - Get Activities[2m > [22m[2mshould get all activities for the group
[22m[39m[SharedMockDB] RUN executed: {
  sql: [32m'\n'[39m +
    [32m'        INSERT INTO group_members (\n'[39m +
    [32m'          id, group_order_id, session_id, name, role,\n'[39m +
    [32m'         '[39m,
  changes: [33m1[39m,
  lastInsertRowid: [33m1[39m
}

[90mstdout[2m | src/features/group-orders/__tests__/e2e.test.ts[2m > [22m[2mGroup Orders E2E Tests[2m > [22m[2mGET /api/v1/orders/group/:groupOrderId/activities - Get Activities[2m > [22m[2mshould get all activities for the group
[22m[39m[SharedMockDB] RUN executed: {
  sql: [32m'\n'[39m +
    [32m'      INSERT INTO group_activity_logs (\n'[39m +
    [32m'        id, group_order_id, member_id, action, description,'[39m,
  changes: [33m1[39m,
  lastInsertRowid: [33m1[39m
}

[90mstdout[2m | src/features/group-orders/__tests__/e2e.test.ts[2m > [22m[2mGroup Orders E2E Tests[2m > [22m[2mGET /api/v1/orders/group/:groupOrderId/activities - Get Activities[2m > [22m[2mshould get all activities for the group
[22m[39m[SharedMockDB] FIRST executed: {
  sql: [32m'\n        SELECT * FROM group_members WHERE id = ?\n      '[39m,
  hasResult: [33mtrue[39m
}

[90mstdout[2m | src/features/group-orders/__tests__/e2e.test.ts[2m > [22m[2mGroup Orders E2E Tests[2m > [22m[2mGET /api/v1/orders/group/:groupOrderId/activities - Get Activities[2m > [22m[2mshould get all activities for the group
[22m[39m[group-orders] Group order created successfully {
  groupOrderId: [32m'500e67fa-ecda-4471-a35b-f88cbb224daf'[39m,
  shareCode: [32m'NUQCH0AU'[39m
}
[group-orders] createGroupOrder took 4ms

 [32m✓[39m [30m[42m @makanmakan/api [49m[39m src/features/group-orders/__tests__/e2e.test.ts[2m > [22mGroup Orders E2E Tests[2m > [22mGET /api/v1/orders/group/:groupOrderId - Get Group Details[2m > [22mshould return 404 for non-existent group order[33m 1790[2mms[22m[39m
[90mstdout[2m | src/features/group-orders/__tests__/feature.test.ts[2m > [22m[2mGroup Orders Feature[2m > [22m[2mGroup Order Creation[2m > [22m[2mshould create a group order successfully
[22m[39m[group-orders] Creating group order { restaurantId: [33m1[39m, hostId: [33m1[39m }

[90mstdout[2m | src/features/group-orders/__tests__/feature.test.ts[2m > [22m[2mGroup Orders Feature[2m > [22m[2mGroup Order Creation[2m > [22m[2mshould create a group order successfully
[22m[39m[group-orders] Group order created successfully {
  groupOrderId: [32m'5b85fbb1-094e-4962-b106-2a45ef33fa6a'[39m,
  shareCode: [32m'3F57OSOD'[39m
}
[group-orders] createGroupOrder took 8ms

[90mstdout[2m | src/features/group-orders/__tests__/feature.test.ts[2m > [22m[2mGroup Orders Feature[2m > [22m[2mGroup Joining[2m > [22m[2mshould allow members to join with valid share code
[22m[39m[group-orders] Member joining group { shareCode: [32m'ABC12345'[39m, memberName: [32m'John Doe'[39m }

[90mstdout[2m | src/features/group-orders/__tests__/feature.test.ts[2m > [22m[2mGroup Orders Feature[2m > [22m[2mGroup Joining[2m > [22m[2mshould allow members to join with valid share code
[22m[39m[group-orders] Member joined group successfully {
  groupOrderId: [32m'group-001'[39m,
  memberId: [32m'654284dc-f676-4b88-9fbf-78ee8234f5b0'[39m,
  memberName: [32m'John Doe'[39m
}
[group-orders] joinGroup took 3ms

 [32m✓[39m [30m[42m @makanmakan/api [49m[39m src/features/group-orders/__tests__/feature.test.ts[2m > [22mGroup Orders Feature[2m > [22mGroup Order Creation[2m > [22mshould create a group order successfully[32m 27[2mms[22m[39m
 [32m✓[39m [30m[42m @makanmakan/api [49m[39m src/features/group-orders/__tests__/feature.test.ts[2m > [22mGroup Orders Feature[2m > [22mGroup Order Creation[2m > [22mshould validate required fields[32m 9[2mms[22m[39m
 [32m✓[39m [30m[42m @makanmakan/api [49m[39m src/features/group-orders/__tests__/feature.test.ts[2m > [22mGroup Orders Feature[2m > [22mGroup Order Creation[2m > [22mshould validate expiration hours range[32m 4[2mms[22m[39m
 [32m✓[39m [30m[42m @makanmakan/api [49m[39m src/features/group-orders/__tests__/feature.test.ts[2m > [22mGroup Orders Feature[2m > [22mGroup Joining[2m > [22mshould allow members to join with valid share code[32m 5[2mms[22m[39m
 [32m✓[39m [30m[42m @makanmakan/api [49m[39m src/features/group-orders/__tests__/feature.test.ts[2m > [22mGroup Orders Feature[2m > [22mGroup Joining[2m > [22mshould validate member name requirements[32m 3[2mms[22m[39m
 [32m✓[39m [30m[42m @makanmakan/api [49m[39m src/features/group-orders/__tests__/feature.test.ts[2m > [22mGroup Orders Feature[2m > [22mGroup Joining[2m > [22mshould validate email format[32m 2[2mms[22m[39m
 [32m✓[39m [30m[42m @makanmakan/api [49m[39m src/features/group-orders/__tests__/feature.test.ts[2m > [22mGroup Orders Feature[2m > [22mCart Management[2m > [22mshould validate cart item data[32m 2[2mms[22m[39m
 [32m✓[39m [30m[42m @makanmakan/api [49m[39m src/features/group-orders/__tests__/feature.test.ts[2m > [22mGroup Orders Feature[2m > [22mCart Management[2m > [22mshould reject invalid member ID format[32m 1[2mms[22m[39m
 [32m✓[39m [30m[42m @makanmakan/api [49m[39m src/features/group-orders/__tests__/feature.test.ts[2m > [22mGroup Orders Feature[2m > [22mCart Management[2m > [22mshould validate quantity limits[32m 1[2mms[22m[39m
 [32m✓[39m [30m[42m @makanmakan/api [49m[39m src/features/group-orders/__tests__/feature.test.ts[2m > [22mGroup Orders Feature[2m > [22mBill Splitting[2m > [22mshould validate split bill data[32m 2[2mms[22m[39m
 [32m✓[39m [30m[42m @makanmakan/api [49m[39m src/features/group-orders/__tests__/feature.test.ts[2m > [22mGroup Orders Feature[2m > [22mBill Splitting[2m > [22mshould require custom splits for custom split type[32m 1[2mms[22m[39m
 [32m✓[39m [30m[42m @makanmakan/api [49m[39m src/features/group-orders/__tests__/feature.test.ts[2m > [22mGroup Orders Feature[2m > [22mBill Splitting[2m > [22mshould validate custom split amounts[32m 1[2mms[22m[39m
 [32m✓[39m [30m[42m @makanmakan/api [49m[39m src/features/group-orders/__tests__/feature.test.ts[2m > [22mGroup Orders Feature[2m > [22mPayment Processing[2m > [22mshould validate payment data[32m 1[2mms[22m[39m
 [32m✓[39m [30m[42m @makanmakan/api [49m[39m src/features/group-orders/__tests__/feature.test.ts[2m > [22mGroup Orders Feature[2m > [22mPayment Processing[2m > [22mshould reject negative payment amounts[32m 0[2mms[22m[39m
 [32m✓[39m [30m[42m @makanmakan/api [49m[39m src/features/group-orders/__tests__/feature.test.ts[2m > [22mGroup Orders Feature[2m > [22mPayment Processing[2m > [22mshould validate payment amount limits[32m 0[2mms[22m[39m
 [32m✓[39m [30m[42m @makanmakan/api [49m[39m src/features/group-orders/__tests__/feature.test.ts[2m > [22mGroup Orders Feature[2m > [22mParameter Validation[2m > [22mshould validate UUID parameters[32m 0[2mms[22m[39m
 [32m✓[39m [30m[42m @makanmakan/api [49m[39m src/features/group-orders/__tests__/feature.test.ts[2m > [22mGroup Orders Feature[2m > [22mParameter Validation[2m > [22mshould reject invalid UUID format[32m 0[2mms[22m[39m
 [32m✓[39m [30m[42m @makanmakan/api [49m[39m src/features/group-orders/__tests__/feature.test.ts[2m > [22mGroup Orders Feature[2m > [22mParameter Validation[2m > [22mshould validate share code format[32m 2[2mms[22m[39m
 [32m✓[39m [30m[42m @makanmakan/api [49m[39m src/features/group-orders/__tests__/feature.test.ts[2m > [22mGroup Orders Feature[2m > [22mParameter Validation[2m > [22mshould reject invalid share code format[32m 3[2mms[22m[39m
 [32m✓[39m [30m[42m @makanmakan/api [49m[39m src/features/group-orders/__tests__/feature.test.ts[2m > [22mGroup Orders Feature[2m > [22mQuery Validation[2m > [22mshould validate activities query parameters[32m 2[2mms[22m[39m
 [32m✓[39m [30m[42m @makanmakan/api [49m[39m src/features/group-orders/__tests__/feature.test.ts[2m > [22mGroup Orders Feature[2m > [22mQuery Validation[2m > [22mshould apply default values for optional parameters[32m 1[2mms[22m[39m
[90mstdout[2m | src/features/group-orders/__tests__/feature.test.ts[2m > [22m[2mGroup Orders Feature[2m > [22m[2mService Integration[2m > [22m[2mshould handle database errors gracefully
[22m[39m[group-orders] Creating group order { restaurantId: [33m1[39m, hostId: [33m1[39m }

[90mstderr[2m | src/features/group-orders/__tests__/feature.test.ts[2m > [22m[2mGroup Orders Feature[2m > [22m[2mService Integration[2m > [22m[2mshould handle database errors gracefully
[22m[39m[group-orders] Error in createGroupOrder: Error: Database error
    at Object.run [90m(C:\Users\minim\OneDrive\文档\Code\platform\makanmakan\[39mapps\api\src\features\group-orders\__tests__\feature.test.ts:341:36[90m)[39m
    at GroupOrdersService.createGroupOrder [90m(C:\Users\minim\OneDrive\文档\Code\platform\makanmakan\[39mapps\api\src\features\group-orders\services\GroupOrdersService.ts:120:9[90m)[39m
    at [90mC:\Users\minim\OneDrive\文档\Code\platform\makanmakan\[39mapps\api\src\features\group-orders\__tests__\feature.test.ts:349:46
    at [90mfile:///C:/Users/minim/OneDrive/%E6%96%87%E6%A1%A3/Code/platform/makanmakan/[39mnode_modules/[4m.pnpm[24m/@vitest+runner@3.2.4/node_modules/[4m@vitest[24m/runner/dist/chunk-hooks.js:155:11
    at [90mfile:///C:/Users/minim/OneDrive/%E6%96%87%E6%A1%A3/Code/platform/makanmakan/[39mnode_modules/[4m.pnpm[24m/@vitest+runner@3.2.4/node_modules/[4m@vitest[24m/runner/dist/chunk-hooks.js:752:26
    at [90mfile:///C:/Users/minim/OneDrive/%E6%96%87%E6%A1%A3/Code/platform/makanmakan/[39mnode_modules/[4m.pnpm[24m/@vitest+runner@3.2.4/node_modules/[4m@vitest[24m/runner/dist/chunk-hooks.js:1897:20
    at new Promise (<anonymous>)
    at runWithTimeout [90m(file:///C:/Users/minim/OneDrive/%E6%96%87%E6%A1%A3/Code/platform/makanmakan/[39mnode_modules/[4m.pnpm[24m/@vitest+runner@3.2.4/node_modules/[4m@vitest[24m/runner/dist/chunk-hooks.js:1863:10[90m)[39m
    at runTest [90m(file:///C:/Users/minim/OneDrive/%E6%96%87%E6%A1%A3/Code/platform/makanmakan/[39mnode_modules/[4m.pnpm[24m/@vitest+runner@3.2.4/node_modules/[4m@vitest[24m/runner/dist/chunk-hooks.js:1574:12[90m)[39m
[90m    at processTicksAndRejections (node:internal/process/task_queues:105:5)[39m { data: { restaurantId: [33m1[39m }, hostId: [33m1[39m }
[group-orders] Failed to create group order Error: Database error
    at Object.run [90m(C:\Users\minim\OneDrive\文档\Code\platform\makanmakan\[39mapps\api\src\features\group-orders\__tests__\feature.test.ts:341:36[90m)[39m
    at GroupOrdersService.createGroupOrder [90m(C:\Users\minim\OneDrive\文档\Code\platform\makanmakan\[39mapps\api\src\features\group-orders\services\GroupOrdersService.ts:120:9[90m)[39m
    at [90mC:\Users\minim\OneDrive\文档\Code\platform\makanmakan\[39mapps\api\src\features\group-orders\__tests__\feature.test.ts:349:46
    at [90mfile:///C:/Users/minim/OneDrive/%E6%96%87%E6%A1%A3/Code/platform/makanmakan/[39mnode_modules/[4m.pnpm[24m/@vitest+runner@3.2.4/node_modules/[4m@vitest[24m/runner/dist/chunk-hooks.js:155:11
    at [90mfile:///C:/Users/minim/OneDrive/%E6%96%87%E6%A1%A3/Code/platform/makanmakan/[39mnode_modules/[4m.pnpm[24m/@vitest+runner@3.2.4/node_modules/[4m@vitest[24m/runner/dist/chunk-hooks.js:752:26
    at [90mfile:///C:/Users/minim/OneDrive/%E6%96%87%E6%A1%A3/Code/platform/makanmakan/[39mnode_modules/[4m.pnpm[24m/@vitest+runner@3.2.4/node_modules/[4m@vitest[24m/runner/dist/chunk-hooks.js:1897:20
    at new Promise (<anonymous>)
    at runWithTimeout [90m(file:///C:/Users/minim/OneDrive/%E6%96%87%E6%A1%A3/Code/platform/makanmakan/[39mnode_modules/[4m.pnpm[24m/@vitest+runner@3.2.4/node_modules/[4m@vitest[24m/runner/dist/chunk-hooks.js:1863:10[90m)[39m
    at runTest [90m(file:///C:/Users/minim/OneDrive/%E6%96%87%E6%A1%A3/Code/platform/makanmakan/[39mnode_modules/[4m.pnpm[24m/@vitest+runner@3.2.4/node_modules/[4m@vitest[24m/runner/dist/chunk-hooks.js:1574:12[90m)[39m
[90m    at processTicksAndRejections (node:internal/process/task_queues:105:5)[39m

[90mstdout[2m | src/features/group-orders/__tests__/feature.test.ts[2m > [22m[2mGroup Orders Feature[2m > [22m[2mService Integration[2m > [22m[2mshould handle database errors gracefully
[22m[39m[group-orders] createGroupOrder took 57ms

[90mstdout[2m | src/features/group-orders/__tests__/feature.test.ts[2m > [22m[2mGroup Orders Feature[2m > [22m[2mService Integration[2m > [22m[2mshould generate unique share codes
[22m[39m[group-orders] Creating group order { restaurantId: [33m1[39m, hostId: [33m1[39m }

[90mstdout[2m | src/features/group-orders/__tests__/feature.test.ts[2m > [22m[2mGroup Orders Feature[2m > [22m[2mService Integration[2m > [22m[2mshould generate unique share codes
[22m[39m[group-orders] Group order created successfully {
  groupOrderId: [32m'cf631f0d-ead9-42bf-9aea-728379107b13'[39m,
  shareCode: [32m'IUE6K3HN'[39m
}
[group-orders] createGroupOrder took 1ms

[90mstdout[2m | src/features/group-orders/__tests__/feature.test.ts[2m > [22m[2mGroup Orders Feature[2m > [22m[2mService Integration[2m > [22m[2mshould generate unique share codes
[22m[39m[group-orders] Creating group order { restaurantId: [33m1[39m, hostId: [33m1[39m }

[90mstdout[2m | src/features/group-orders/__tests__/feature.test.ts[2m > [22m[2mGroup Orders Feature[2m > [22m[2mService Integration[2m > [22m[2mshould generate unique share codes
[22m[39m[group-orders] Group order created successfully {
  groupOrderId: [32m'a507a796-a5d9-4e2c-9175-ae6017a77681'[39m,
  shareCode: [32m'EWQ5ES0V'[39m
}
[group-orders] createGroupOrder took 1ms

[90mstdout[2m | src/features/group-orders/__tests__/feature.test.ts[2m > [22m[2mGroup Orders Feature[2m > [22m[2mService Integration[2m > [22m[2mshould generate unique share codes
[22m[39m[group-orders] Creating group order { restaurantId: [33m1[39m, hostId: [33m1[39m }

[90mstdout[2m | src/features/group-orders/__tests__/feature.test.ts[2m > [22m[2mGroup Orders Feature[2m > [22m[2mService Integration[2m > [22m[2mshould generate unique share codes
[22m[39m[group-orders] Group order created successfully {
  groupOrderId: [32m'c363f236-29ee-46b0-b005-d5a5732f0b54'[39m,
  shareCode: [32m'HYQUC8LA'[39m
}
[group-orders] createGroupOrder took 13ms

[90mstdout[2m | src/features/group-orders/__tests__/feature.test.ts[2m > [22m[2mGroup Orders Feature[2m > [22m[2mService Integration[2m > [22m[2mshould generate unique share codes
[22m[39m[group-orders] Creating group order { restaurantId: [33m1[39m, hostId: [33m1[39m }

[90mstdout[2m | src/features/group-orders/__tests__/feature.test.ts[2m > [22m[2mGroup Orders Feature[2m > [22m[2mService Integration[2m > [22m[2mshould generate unique share codes
[22m[39m[group-orders] Group order created successfully {
  groupOrderId: [32m'e596c2a3-bdc3-491f-afe1-a26be8a716c7'[39m,
  shareCode: [32m'TS4Y4QJF'[39m
}
[group-orders] createGroupOrder took 2ms

[90mstdout[2m | src/features/group-orders/__tests__/feature.test.ts[2m > [22m[2mGroup Orders Feature[2m > [22m[2mService Integration[2m > [22m[2mshould generate unique share codes
[22m[39m[group-orders] Creating group order { restaurantId: [33m1[39m, hostId: [33m1[39m }

[90mstdout[2m | src/features/group-orders/__tests__/feature.test.ts[2m > [22m[2mGroup Orders Feature[2m > [22m[2mService Integration[2m > [22m[2mshould generate unique share codes
[22m[39m[group-orders] Group order created successfully {
  groupOrderId: [32m'fe370855-e432-4917-bd32-7d14d9168b2e'[39m,
  shareCode: [32m'PRQU8TYO'[39m
}
[group-orders] createGroupOrder took 1ms

[90mstdout[2m | src/features/group-orders/__tests__/feature.test.ts[2m > [22m[2mGroup Orders Feature[2m > [22m[2mService Integration[2m > [22m[2mshould generate unique share codes
[22m[39m[group-orders] Creating group order { restaurantId: [33m1[39m, hostId: [33m1[39m }

[90mstdout[2m | src/features/group-orders/__tests__/feature.test.ts[2m > [22m[2mGroup Orders Feature[2m > [22m[2mService Integration[2m > [22m[2mshould generate unique share codes
[22m[39m[group-orders] Group order created successfully {
  groupOrderId: [32m'42c7f859-1567-441e-b66a-956a847ad37a'[39m,
  shareCode: [32m'ZGDKOJWX'[39m
}
[group-orders] createGroupOrder took 1ms

[90mstdout[2m | src/features/group-orders/__tests__/feature.test.ts[2m > [22m[2mGroup Orders Feature[2m > [22m[2mService Integration[2m > [22m[2mshould generate unique share codes
[22m[39m[group-orders] Creating group order { restaurantId: [33m1[39m, hostId: [33m1[39m }

[90mstdout[2m | src/features/group-orders/__tests__/feature.test.ts[2m > [22m[2mGroup Orders Feature[2m > [22m[2mService Integration[2m > [22m[2mshould generate unique share codes
[22m[39m[group-orders] Group order created successfully {
  groupOrderId: [32m'1188b2c8-e992-4090-88de-881f5efd36a3'[39m,
  shareCode: [32m'LL8VUMIF'[39m
}
[group-orders] createGroupOrder took 2ms

[90mstdout[2m | src/features/group-orders/__tests__/feature.test.ts[2m > [22m[2mGroup Orders Feature[2m > [22m[2mService Integration[2m > [22m[2mshould generate unique share codes
[22m[39m[group-orders] Creating group order { restaurantId: [33m1[39m, hostId: [33m1[39m }

[90mstdout[2m | src/features/group-orders/__tests__/feature.test.ts[2m > [22m[2mGroup Orders Feature[2m > [22m[2mService Integration[2m > [22m[2mshould generate unique share codes
[22m[39m[group-orders] Group order created successfully {
  groupOrderId: [32m'7af34b82-3730-4a98-9e4b-f11b855d7e9d'[39m,
  shareCode: [32m'C452L7OT'[39m
}
[group-orders] createGroupOrder took 1ms

[90mstdout[2m | src/features/group-orders/__tests__/feature.test.ts[2m > [22m[2mGroup Orders Feature[2m > [22m[2mService Integration[2m > [22m[2mshould generate unique share codes
[22m[39m[group-orders] Creating group order { restaurantId: [33m1[39m, hostId: [33m1[39m }

[90mstdout[2m | src/features/group-orders/__tests__/feature.test.ts[2m > [22m[2mGroup Orders Feature[2m > [22m[2mService Integration[2m > [22m[2mshould generate unique share codes
[22m[39m[group-orders] Group order created successfully {
  groupOrderId: [32m'034e1a69-f8c7-4d2a-850f-1781b40ef469'[39m,
  shareCode: [32m'AJ4C7P8K'[39m
}
[group-orders] createGroupOrder took 1ms

[90mstdout[2m | src/features/group-orders/__tests__/feature.test.ts[2m > [22m[2mGroup Orders Feature[2m > [22m[2mService Integration[2m > [22m[2mshould generate unique share codes
[22m[39m[group-orders] Creating group order { restaurantId: [33m1[39m, hostId: [33m1[39m }

[90mstdout[2m | src/features/group-orders/__tests__/feature.test.ts[2m > [22m[2mGroup Orders Feature[2m > [22m[2mService Integration[2m > [22m[2mshould generate unique share codes
[22m[39m[group-orders] Group order created successfully {
  groupOrderId: [32m'95aee037-9e4d-43a0-a0c4-f2eed3ed444f'[39m,
  shareCode: [32m'75Q3BZYM'[39m
}
[group-orders] createGroupOrder took 0ms

[90mstdout[2m | src/features/group-orders/__tests__/feature.test.ts[2m > [22m[2mGroup Orders Feature[2m > [22m[2mService Integration[2m > [22m[2mshould generate unique share codes
[22m[39m[group-orders] Creating group order { restaurantId: [33m1[39m, hostId: [33m1[39m }

[90mstdout[2m | src/features/group-orders/__tests__/feature.test.ts[2m > [22m[2mGroup Orders Feature[2m > [22m[2mService Integration[2m > [22m[2mshould generate unique share codes
[22m[39m[group-orders] Group order created successfully {
  groupOrderId: [32m'42c93468-cfa4-4506-a8d6-b3d1b9021eb8'[39m,
  shareCode: [32m'SCW90ARY'[39m
}
[group-orders] createGroupOrder took 2ms

[90mstdout[2m | src/features/group-orders/__tests__/feature.test.ts[2m > [22m[2mGroup Orders Feature[2m > [22m[2mService Integration[2m > [22m[2mshould generate unique share codes
[22m[39m[group-orders] Creating group order { restaurantId: [33m1[39m, hostId: [33m1[39m }

[90mstdout[2m | src/features/group-orders/__tests__/feature.test.ts[2m > [22m[2mGroup Orders Feature[2m > [22m[2mService Integration[2m > [22m[2mshould generate unique share codes
[22m[39m[group-orders] Group order created successfully {
  groupOrderId: [32m'2cfc5383-e10a-4f2a-bcb5-e8bca1091e2e'[39m,
  shareCode: [32m'TOHDN1P0'[39m
}
[group-orders] createGroupOrder took 3ms

[90mstdout[2m | src/features/group-orders/__tests__/feature.test.ts[2m > [22m[2mGroup Orders Feature[2m > [22m[2mService Integration[2m > [22m[2mshould generate unique share codes
[22m[39m[group-orders] Creating group order { restaurantId: [33m1[39m, hostId: [33m1[39m }

[90mstdout[2m | src/features/group-orders/__tests__/feature.test.ts[2m > [22m[2mGroup Orders Feature[2m > [22m[2mService Integration[2m > [22m[2mshould generate unique share codes
[22m[39m[group-orders] Group order created successfully {
  groupOrderId: [32m'c4b33536-d541-4ac3-93e8-ca9610af3e5c'[39m,
  shareCode: [32m'RBUXRKDN'[39m
}
[group-orders] createGroupOrder took 8ms

[90mstdout[2m | src/features/group-orders/__tests__/feature.test.ts[2m > [22m[2mGroup Orders Feature[2m > [22m[2mService Integration[2m > [22m[2mshould generate unique share codes
[22m[39m[group-orders] Creating group order { restaurantId: [33m1[39m, hostId: [33m1[39m }

[90mstdout[2m | src/features/group-orders/__tests__/feature.test.ts[2m > [22m[2mGroup Orders Feature[2m > [22m[2mService Integration[2m > [22m[2mshould generate unique share codes
[22m[39m[group-orders] Group order created successfully {
  groupOrderId: [32m'f690e006-4a29-4191-8341-9aced9128f66'[39m,
  shareCode: [32m'0TVVHYFH'[39m
}
[group-orders] createGroupOrder took 2ms

[90mstdout[2m | src/features/group-orders/__tests__/feature.test.ts[2m > [22m[2mGroup Orders Feature[2m > [22m[2mService Integration[2m > [22m[2mshould generate unique share codes
[22m[39m[group-orders] Creating group order { restaurantId: [33m1[39m, hostId: [33m1[39m }

[90mstdout[2m | src/features/group-orders/__tests__/feature.test.ts[2m > [22m[2mGroup Orders Feature[2m > [22m[2mService Integration[2m > [22m[2mshould generate unique share codes
[22m[39m[group-orders] Group order created successfully {
  groupOrderId: [32m'8e463533-41a5-410c-98a3-9a318f083d07'[39m,
  shareCode: [32m'UI7JE1QK'[39m
}
[group-orders] createGroupOrder took 1ms

[90mstdout[2m | src/features/group-orders/__tests__/feature.test.ts[2m > [22m[2mGroup Orders Feature[2m > [22m[2mService Integration[2m > [22m[2mshould generate unique share codes
[22m[39m[group-orders] Creating group order { restaurantId: [33m1[39m, hostId: [33m1[39m }

[90mstdout[2m | src/features/group-orders/__tests__/feature.test.ts[2m > [22m[2mGroup Orders Feature[2m > [22m[2mService Integration[2m > [22m[2mshould generate unique share codes
[22m[39m[group-orders] Group order created successfully {
  groupOrderId: [32m'3a82d158-c5ff-406b-873a-e7e55610dcf3'[39m,
  shareCode: [32m'454T023F'[39m
}
[group-orders] createGroupOrder took 2ms

[90mstdout[2m | src/features/group-orders/__tests__/feature.test.ts[2m > [22m[2mGroup Orders Feature[2m > [22m[2mService Integration[2m > [22m[2mshould generate unique share codes
[22m[39m[group-orders] Creating group order { restaurantId: [33m1[39m, hostId: [33m1[39m }

[90mstdout[2m | src/features/group-orders/__tests__/feature.test.ts[2m > [22m[2mGroup Orders Feature[2m > [22m[2mService Integration[2m > [22m[2mshould generate unique share codes
[22m[39m[group-orders] Group order created successfully {
  groupOrderId: [32m'926f2d76-791e-45a6-a967-ed0800ff11c9'[39m,
  shareCode: [32m'PIYHKGKP'[39m
}
[group-orders] createGroupOrder took 3ms

[90mstdout[2m | src/features/group-orders/__tests__/feature.test.ts[2m > [22m[2mGroup Orders Feature[2m > [22m[2mService Integration[2m > [22m[2mshould generate unique share codes
[22m[39m[group-orders] Creating group order { restaurantId: [33m1[39m, hostId: [33m1[39m }

[90mstdout[2m | src/features/group-orders/__tests__/feature.test.ts[2m > [22m[2mGroup Orders Feature[2m > [22m[2mService Integration[2m > [22m[2mshould generate unique share codes
[22m[39m[group-orders] Group order created successfully {
  groupOrderId: [32m'46db36a0-8bdb-46e6-9314-b9386130e221'[39m,
  shareCode: [32m'R8EP53R0'[39m
}
[group-orders] createGroupOrder took 1ms

[90mstdout[2m | src/features/group-orders/__tests__/feature.test.ts[2m > [22m[2mGroup Orders Feature[2m > [22m[2mService Integration[2m > [22m[2mshould generate unique share codes
[22m[39m[group-orders] Creating group order { restaurantId: [33m1[39m, hostId: [33m1[39m }

[90mstdout[2m | src/features/group-orders/__tests__/feature.test.ts[2m > [22m[2mGroup Orders Feature[2m > [22m[2mService Integration[2m > [22m[2mshould generate unique share codes
[22m[39m[group-orders] Group order created successfully {
  groupOrderId: [32m'49839df9-0300-4fd2-a56c-2f44cae6b1af'[39m,
  shareCode: [32m'XT9EY0I2'[39m
}
[group-orders] createGroupOrder took 0ms

[90mstdout[2m | src/features/group-orders/__tests__/feature.test.ts[2m > [22m[2mGroup Orders Feature[2m > [22m[2mService Integration[2m > [22m[2mshould generate unique share codes
[22m[39m[group-orders] Creating group order { restaurantId: [33m1[39m, hostId: [33m1[39m }

[90mstdout[2m | src/features/group-orders/__tests__/feature.test.ts[2m > [22m[2mGroup Orders Feature[2m > [22m[2mService Integration[2m > [22m[2mshould generate unique share codes
[22m[39m[group-orders] Group order created successfully {
  groupOrderId: [32m'6fe0592e-5cea-4a95-9750-941072c715de'[39m,
  shareCode: [32m'NGE3ADFW'[39m
}
[group-orders] createGroupOrder took 1ms

[90mstdout[2m | src/features/group-orders/__tests__/feature.test.ts[2m > [22m[2mGroup Orders Feature[2m > [22m[2mService Integration[2m > [22m[2mshould generate unique share codes
[22m[39m[group-orders] Creating group order { restaurantId: [33m1[39m, hostId: [33m1[39m }

[90mstdout[2m | src/features/group-orders/__tests__/feature.test.ts[2m > [22m[2mGroup Orders Feature[2m > [22m[2mService Integration[2m > [22m[2mshould generate unique share codes
[22m[39m[group-orders] Group order created successfully {
  groupOrderId: [32m'2b192dc7-e228-458a-8abc-ad664bc847fb'[39m,
  shareCode: [32m'YOK5111G'[39m
}
[group-orders] createGroupOrder took 1ms

[90mstdout[2m | src/features/group-orders/__tests__/feature.test.ts[2m > [22m[2mGroup Orders Feature[2m > [22m[2mService Integration[2m > [22m[2mshould generate unique share codes
[22m[39m[group-orders] Creating group order { restaurantId: [33m1[39m, hostId: [33m1[39m }

[90mstdout[2m | src/features/group-orders/__tests__/feature.test.ts[2m > [22m[2mGroup Orders Feature[2m > [22m[2mService Integration[2m > [22m[2mshould generate unique share codes
[22m[39m[group-orders] Group order created successfully {
  groupOrderId: [32m'5d96d08f-daba-4184-9801-de4dda1d9ec1'[39m,
  shareCode: [32m'T3JETOLY'[39m
}
[group-orders] createGroupOrder took 3ms

[90mstdout[2m | src/features/group-orders/__tests__/feature.test.ts[2m > [22m[2mGroup Orders Feature[2m > [22m[2mService Integration[2m > [22m[2mshould generate unique share codes
[22m[39m[group-orders] Creating group order { restaurantId: [33m1[39m, hostId: [33m1[39m }

[90mstdout[2m | src/features/group-orders/__tests__/feature.test.ts[2m > [22m[2mGroup Orders Feature[2m > [22m[2mService Integration[2m > [22m[2mshould generate unique share codes
[22m[39m[group-orders] Group order created successfully {
  groupOrderId: [32m'b0626b61-7666-4064-a3ca-0460954130c0'[39m,
  shareCode: [32m'TFK5HZQA'[39m
}
[group-orders] createGroupOrder took 1ms

[90mstdout[2m | src/features/group-orders/__tests__/feature.test.ts[2m > [22m[2mGroup Orders Feature[2m > [22m[2mService Integration[2m > [22m[2mshould generate unique share codes
[22m[39m[group-orders] Creating group order { restaurantId: [33m1[39m, hostId: [33m1[39m }

[90mstdout[2m | src/features/group-orders/__tests__/feature.test.ts[2m > [22m[2mGroup Orders Feature[2m > [22m[2mService Integration[2m > [22m[2mshould generate unique share codes
[22m[39m[group-orders] Group order created successfully {
  groupOrderId: [32m'8dda9af6-fe85-4694-baad-588cf8827d97'[39m,
  shareCode: [32m'QP59OK2D'[39m
}
[group-orders] createGroupOrder took 1ms

[90mstdout[2m | src/features/group-orders/__tests__/feature.test.ts[2m > [22m[2mGroup Orders Feature[2m > [22m[2mService Integration[2m > [22m[2mshould generate unique share codes
[22m[39m[group-orders] Creating group order { restaurantId: [33m1[39m, hostId: [33m1[39m }

[90mstdout[2m | src/features/group-orders/__tests__/feature.test.ts[2m > [22m[2mGroup Orders Feature[2m > [22m[2mService Integration[2m > [22m[2mshould generate unique share codes
[22m[39m[group-orders] Group order created successfully {
  groupOrderId: [32m'1464f515-c096-4e32-8a32-a7d490a99bf3'[39m,
  shareCode: [32m'818K9ORN'[39m
}
[group-orders] createGroupOrder took 0ms

[90mstdout[2m | src/features/group-orders/__tests__/feature.test.ts[2m > [22m[2mGroup Orders Feature[2m > [22m[2mService Integration[2m > [22m[2mshould generate unique share codes
[22m[39m[group-orders] Creating group order { restaurantId: [33m1[39m, hostId: [33m1[39m }

[90mstdout[2m | src/features/group-orders/__tests__/feature.test.ts[2m > [22m[2mGroup Orders Feature[2m > [22m[2mService Integration[2m > [22m[2mshould generate unique share codes
[22m[39m[group-orders] Group order created successfully {
  groupOrderId: [32m'f1fd9d62-adcc-4465-88de-b02246dc14bd'[39m,
  shareCode: [32m'MM5HOPYF'[39m
}
[group-orders] createGroupOrder took 1ms

[90mstdout[2m | src/features/group-orders/__tests__/feature.test.ts[2m > [22m[2mGroup Orders Feature[2m > [22m[2mService Integration[2m > [22m[2mshould generate unique share codes
[22m[39m[group-orders] Creating group order { restaurantId: [33m1[39m, hostId: [33m1[39m }

[90mstdout[2m | src/features/group-orders/__tests__/feature.test.ts[2m > [22m[2mGroup Orders Feature[2m > [22m[2mService Integration[2m > [22m[2mshould generate unique share codes
[22m[39m[group-orders] Group order created successfully {
  groupOrderId: [32m'44542b03-e8ac-4f97-8b73-1c599d1e674c'[39m,
  shareCode: [32m'HQN5G4W5'[39m
}
[group-orders] createGroupOrder took 0ms

[90mstdout[2m | src/features/group-orders/__tests__/feature.test.ts[2m > [22m[2mGroup Orders Feature[2m > [22m[2mService Integration[2m > [22m[2mshould generate unique share codes
[22m[39m[group-orders] Creating group order { restaurantId: [33m1[39m, hostId: [33m1[39m }

[90mstdout[2m | src/features/group-orders/__tests__/feature.test.ts[2m > [22m[2mGroup Orders Feature[2m > [22m[2mService Integration[2m > [22m[2mshould generate unique share codes
[22m[39m[group-orders] Group order created successfully {
  groupOrderId: [32m'05149453-37d3-4870-81a5-c24b9f242fc2'[39m,
  shareCode: [32m'PNYMI2KJ'[39m
}
[group-orders] createGroupOrder took 0ms

[90mstdout[2m | src/features/group-orders/__tests__/feature.test.ts[2m > [22m[2mGroup Orders Feature[2m > [22m[2mService Integration[2m > [22m[2mshould generate unique share codes
[22m[39m[group-orders] Creating group order { restaurantId: [33m1[39m, hostId: [33m1[39m }

[90mstdout[2m | src/features/group-orders/__tests__/feature.test.ts[2m > [22m[2mGroup Orders Feature[2m > [22m[2mService Integration[2m > [22m[2mshould generate unique share codes
[22m[39m[group-orders] Group order created successfully {
  groupOrderId: [32m'11dde5ed-937e-43aa-aea4-99f2697cc4e0'[39m,
  shareCode: [32m'C1052CJA'[39m
}
[group-orders] createGroupOrder took 1ms

[90mstdout[2m | src/features/group-orders/__tests__/feature.test.ts[2m > [22m[2mGroup Orders Feature[2m > [22m[2mService Integration[2m > [22m[2mshould generate unique share codes
[22m[39m[group-orders] Creating group order { restaurantId: [33m1[39m, hostId: [33m1[39m }

[90mstdout[2m | src/features/group-orders/__tests__/feature.test.ts[2m > [22m[2mGroup Orders Feature[2m > [22m[2mService Integration[2m > [22m[2mshould generate unique share codes
[22m[39m[group-orders] Group order created successfully {
  groupOrderId: [32m'e16f4556-030a-4313-a891-5da302fb013a'[39m,
  shareCode: [32m'5PF152ZQ'[39m
}
[group-orders] createGroupOrder took 0ms

[90mstdout[2m | src/features/group-orders/__tests__/feature.test.ts[2m > [22m[2mGroup Orders Feature[2m > [22m[2mService Integration[2m > [22m[2mshould generate unique share codes
[22m[39m[group-orders] Creating group order { restaurantId: [33m1[39m, hostId: [33m1[39m }

[90mstdout[2m | src/features/group-orders/__tests__/feature.test.ts[2m > [22m[2mGroup Orders Feature[2m > [22m[2mService Integration[2m > [22m[2mshould generate unique share codes
[22m[39m[group-orders] Group order created successfully {
  groupOrderId: [32m'bd04d66d-4585-4841-91a2-76b19f16bfda'[39m,
  shareCode: [32m'CU4HUE5S'[39m
}
[group-orders] createGroupOrder took 1ms

[90mstdout[2m | src/features/group-orders/__tests__/feature.test.ts[2m > [22m[2mGroup Orders Feature[2m > [22m[2mService Integration[2m > [22m[2mshould generate unique share codes
[22m[39m[group-orders] Creating group order { restaurantId: [33m1[39m, hostId: [33m1[39m }

[90mstdout[2m | src/features/group-orders/__tests__/feature.test.ts[2m > [22m[2mGroup Orders Feature[2m > [22m[2mService Integration[2m > [22m[2mshould generate unique share codes
[22m[39m[group-orders] Group order created successfully {
  groupOrderId: [32m'f716974b-c58e-4add-a7ab-f2bdc6ce546e'[39m,
  shareCode: [32m'3JC6Z1YC'[39m
}
[group-orders] createGroupOrder took 1ms

[90mstdout[2m | src/features/group-orders/__tests__/feature.test.ts[2m > [22m[2mGroup Orders Feature[2m > [22m[2mService Integration[2m > [22m[2mshould generate unique share codes
[22m[39m[group-orders] Creating group order { restaurantId: [33m1[39m, hostId: [33m1[39m }

[90mstdout[2m | src/features/group-orders/__tests__/feature.test.ts[2m > [22m[2mGroup Orders Feature[2m > [22m[2mService Integration[2m > [22m[2mshould generate unique share codes
[22m[39m[group-orders] Group order created successfully {
  groupOrderId: [32m'fe21f856-6792-4ece-a096-152cdd7723e5'[39m,
  shareCode: [32m'UBL9FUED'[39m
}
[group-orders] createGroupOrder took 1ms

[90mstdout[2m | src/features/group-orders/__tests__/feature.test.ts[2m > [22m[2mGroup Orders Feature[2m > [22m[2mService Integration[2m > [22m[2mshould generate unique share codes
[22m[39m[group-orders] Creating group order { restaurantId: [33m1[39m, hostId: [33m1[39m }

[90mstdout[2m | src/features/group-orders/__tests__/feature.test.ts[2m > [22m[2mGroup Orders Feature[2m > [22m[2mService Integration[2m > [22m[2mshould generate unique share codes
[22m[39m[group-orders] Group order created successfully {
  groupOrderId: [32m'e54be52e-05f2-4e4e-b9d2-a25dd69ce76d'[39m,
  shareCode: [32m'X7R00JV6'[39m
}
[group-orders] createGroupOrder took 0ms

[90mstdout[2m | src/features/group-orders/__tests__/feature.test.ts[2m > [22m[2mGroup Orders Feature[2m > [22m[2mService Integration[2m > [22m[2mshould generate unique share codes
[22m[39m[group-orders] Creating group order { restaurantId: [33m1[39m, hostId: [33m1[39m }

[90mstdout[2m | src/features/group-orders/__tests__/feature.test.ts[2m > [22m[2mGroup Orders Feature[2m > [22m[2mService Integration[2m > [22m[2mshould generate unique share codes
[22m[39m[group-orders] Group order created successfully {
  groupOrderId: [32m'6ab80e09-a7e6-4d36-9dbf-3b6ca85d48a7'[39m,
  shareCode: [32m'1PYJPP57'[39m
}
[group-orders] createGroupOrder took 1ms

[90mstdout[2m | src/features/group-orders/__tests__/feature.test.ts[2m > [22m[2mGroup Orders Feature[2m > [22m[2mService Integration[2m > [22m[2mshould generate unique share codes
[22m[39m[group-orders] Creating group order { restaurantId: [33m1[39m, hostId: [33m1[39m }

[90mstdout[2m | src/features/group-orders/__tests__/feature.test.ts[2m > [22m[2mGroup Orders Feature[2m > [22m[2mService Integration[2m > [22m[2mshould generate unique share codes
[22m[39m[group-orders] Group order created successfully {
  groupOrderId: [32m'5d4fa869-704f-4bf6-abb6-7efd5a866bc3'[39m,
  shareCode: [32m'GV72FJNE'[39m
}
[group-orders] createGroupOrder took 0ms

[90mstdout[2m | src/features/group-orders/__tests__/feature.test.ts[2m > [22m[2mGroup Orders Feature[2m > [22m[2mService Integration[2m > [22m[2mshould generate unique share codes
[22m[39m[group-orders] Creating group order { restaurantId: [33m1[39m, hostId: [33m1[39m }

[90mstdout[2m | src/features/group-orders/__tests__/feature.test.ts[2m > [22m[2mGroup Orders Feature[2m > [22m[2mService Integration[2m > [22m[2mshould generate unique share codes
[22m[39m[group-orders] Group order created successfully {
  groupOrderId: [32m'b4d80518-43d0-4489-9b17-75bcbb227f2e'[39m,
  shareCode: [32m'4ECML0S7'[39m
}
[group-orders] createGroupOrder took 1ms

[90mstdout[2m | src/features/group-orders/__tests__/feature.test.ts[2m > [22m[2mGroup Orders Feature[2m > [22m[2mService Integration[2m > [22m[2mshould generate unique share codes
[22m[39m[group-orders] Creating group order { restaurantId: [33m1[39m, hostId: [33m1[39m }

[90mstdout[2m | src/features/group-orders/__tests__/feature.test.ts[2m > [22m[2mGroup Orders Feature[2m > [22m[2mService Integration[2m > [22m[2mshould generate unique share codes
[22m[39m[group-orders] Group order created successfully {
  groupOrderId: [32m'26472dd8-ce48-45ca-988f-41b6db9cd754'[39m,
  shareCode: [32m'EUA6LE39'[39m
}
[group-orders] createGroupOrder took 0ms

[90mstdout[2m | src/features/group-orders/__tests__/feature.test.ts[2m > [22m[2mGroup Orders Feature[2m > [22m[2mService Integration[2m > [22m[2mshould generate unique share codes
[22m[39m[group-orders] Creating group order { restaurantId: [33m1[39m, hostId: [33m1[39m }

[90mstdout[2m | src/features/group-orders/__tests__/feature.test.ts[2m > [22m[2mGroup Orders Feature[2m > [22m[2mService Integration[2m > [22m[2mshould generate unique share codes
[22m[39m[group-orders] Group order created successfully {
  groupOrderId: [32m'9fad2976-7749-4ac7-8495-6bcc0a3c0b6a'[39m,
  shareCode: [32m'BLMEQ9BU'[39m
}
[group-orders] createGroupOrder took 1ms

[90mstdout[2m | src/features/group-orders/__tests__/feature.test.ts[2m > [22m[2mGroup Orders Feature[2m > [22m[2mService Integration[2m > [22m[2mshould generate unique share codes
[22m[39m[group-orders] Creating group order { restaurantId: [33m1[39m, hostId: [33m1[39m }

[90mstdout[2m | src/features/group-orders/__tests__/feature.test.ts[2m > [22m[2mGroup Orders Feature[2m > [22m[2mService Integration[2m > [22m[2mshould generate unique share codes
[22m[39m[group-orders] Group order created successfully {
  groupOrderId: [32m'85c75e15-283c-4d69-8876-35d728be02d0'[39m,
  shareCode: [32m'33OR73MM'[39m
}
[group-orders] createGroupOrder took 1ms

[90mstdout[2m | src/features/group-orders/__tests__/feature.test.ts[2m > [22m[2mGroup Orders Feature[2m > [22m[2mService Integration[2m > [22m[2mshould generate unique share codes
[22m[39m[group-orders] Creating group order { restaurantId: [33m1[39m, hostId: [33m1[39m }

[90mstdout[2m | src/features/group-orders/__tests__/feature.test.ts[2m > [22m[2mGroup Orders Feature[2m > [22m[2mService Integration[2m > [22m[2mshould generate unique share codes
[22m[39m[group-orders] Group order created successfully {
  groupOrderId: [32m'4474dea6-3779-41c7-88aa-19312e957f88'[39m,
  shareCode: [32m'TVZZA3D4'[39m
}
[group-orders] createGroupOrder took 0ms

[90mstdout[2m | src/features/group-orders/__tests__/feature.test.ts[2m > [22m[2mGroup Orders Feature[2m > [22m[2mService Integration[2m > [22m[2mshould generate unique share codes
[22m[39m[group-orders] Creating group order { restaurantId: [33m1[39m, hostId: [33m1[39m }

[90mstdout[2m | src/features/group-orders/__tests__/feature.test.ts[2m > [22m[2mGroup Orders Feature[2m > [22m[2mService Integration[2m > [22m[2mshould generate unique share codes
[22m[39m[group-orders] Group order created successfully {
  groupOrderId: [32m'e8ef1e26-cfb4-4c10-a56b-2fb1cd0c9dd7'[39m,
  shareCode: [32m'LYFO7KJV'[39m
}
[group-orders] createGroupOrder took 0ms

[90mstdout[2m | src/features/group-orders/__tests__/feature.test.ts[2m > [22m[2mGroup Orders Feature[2m > [22m[2mService Integration[2m > [22m[2mshould generate unique share codes
[22m[39m[group-orders] Creating group order { restaurantId: [33m1[39m, hostId: [33m1[39m }

[90mstdout[2m | src/features/group-orders/__tests__/feature.test.ts[2m > [22m[2mGroup Orders Feature[2m > [22m[2mService Integration[2m > [22m[2mshould generate unique share codes
[22m[39m[group-orders] Group order created successfully {
  groupOrderId: [32m'5b37eeb5-0365-4f1c-901c-4bc8541d5192'[39m,
  shareCode: [32m'H9ZE2ZH8'[39m
}
[group-orders] createGroupOrder took 1ms

[90mstdout[2m | src/features/group-orders/__tests__/feature.test.ts[2m > [22m[2mGroup Orders Feature[2m > [22m[2mService Integration[2m > [22m[2mshould generate unique share codes
[22m[39m[group-orders] Creating group order { restaurantId: [33m1[39m, hostId: [33m1[39m }

[90mstdout[2m | src/features/group-orders/__tests__/feature.test.ts[2m > [22m[2mGroup Orders Feature[2m > [22m[2mService Integration[2m > [22m[2mshould generate unique share codes
[22m[39m[group-orders] Group order created successfully {
  groupOrderId: [32m'7209068e-004b-405f-a67c-85d7f57cde06'[39m,
  shareCode: [32m'ASO54QYP'[39m
}
[group-orders] createGroupOrder took 0ms

[90mstdout[2m | src/features/group-orders/__tests__/feature.test.ts[2m > [22m[2mGroup Orders Feature[2m > [22m[2mService Integration[2m > [22m[2mshould generate unique share codes
[22m[39m[group-orders] Creating group order { restaurantId: [33m1[39m, hostId: [33m1[39m }

[90mstdout[2m | src/features/group-orders/__tests__/feature.test.ts[2m > [22m[2mGroup Orders Feature[2m > [22m[2mService Integration[2m > [22m[2mshould generate unique share codes
[22m[39m[group-orders] Group order created successfully {
  groupOrderId: [32m'fb98cb29-fda0-4bd4-b42d-336fa8e513f8'[39m,
  shareCode: [32m'VOB9MUMP'[39m
}
[group-orders] createGroupOrder took 0ms

[90mstdout[2m | src/features/group-orders/__tests__/feature.test.ts[2m > [22m[2mGroup Orders Feature[2m > [22m[2mService Integration[2m > [22m[2mshould generate unique share codes
[22m[39m[group-orders] Creating group order { restaurantId: [33m1[39m, hostId: [33m1[39m }

[90mstdout[2m | src/features/group-orders/__tests__/feature.test.ts[2m > [22m[2mGroup Orders Feature[2m > [22m[2mService Integration[2m > [22m[2mshould generate unique share codes
[22m[39m[group-orders] Group order created successfully {
  groupOrderId: [32m'd70528a0-1106-42d1-89b0-9c5999a39828'[39m,
  shareCode: [32m'R5VI2T9I'[39m
}
[group-orders] createGroupOrder took 3ms

[90mstdout[2m | src/features/group-orders/__tests__/feature.test.ts[2m > [22m[2mGroup Orders Feature[2m > [22m[2mService Integration[2m > [22m[2mshould generate unique share codes
[22m[39m[group-orders] Creating group order { restaurantId: [33m1[39m, hostId: [33m1[39m }

[90mstdout[2m | src/features/group-orders/__tests__/feature.test.ts[2m > [22m[2mGroup Orders Feature[2m > [22m[2mService Integration[2m > [22m[2mshould generate unique share codes
[22m[39m[group-orders] Group order created successfully {
  groupOrderId: [32m'48ed323d-1f3e-454e-95a6-46e2194fb1a4'[39m,
  shareCode: [32m'S8V73F0A'[39m
}
[group-orders] createGroupOrder took 0ms

[90mstdout[2m | src/features/group-orders/__tests__/feature.test.ts[2m > [22m[2mGroup Orders Feature[2m > [22m[2mService Integration[2m > [22m[2mshould generate unique share codes
[22m[39m[group-orders] Creating group order { restaurantId: [33m1[39m, hostId: [33m1[39m }

[90mstdout[2m | src/features/group-orders/__tests__/feature.test.ts[2m > [22m[2mGroup Orders Feature[2m > [22m[2mService Integration[2m > [22m[2mshould generate unique share codes
[22m[39m[group-orders] Group order created successfully {
  groupOrderId: [32m'0cfa96ce-b53f-4dc0-95a4-fda34d8f5b4f'[39m,
  shareCode: [32m'K4PI2R69'[39m
}
[group-orders] createGroupOrder took 1ms

[90mstdout[2m | src/features/group-orders/__tests__/feature.test.ts[2m > [22m[2mGroup Orders Feature[2m > [22m[2mService Integration[2m > [22m[2mshould generate unique share codes
[22m[39m[group-orders] Creating group order { restaurantId: [33m1[39m, hostId: [33m1[39m }

[90mstdout[2m | src/features/group-orders/__tests__/feature.test.ts[2m > [22m[2mGroup Orders Feature[2m > [22m[2mService Integration[2m > [22m[2mshould generate unique share codes
[22m[39m[group-orders] Group order created successfully {
  groupOrderId: [32m'390b3bf8-7f0f-405f-91b0-2048c90b5ae2'[39m,
  shareCode: [32m'VRI18YHL'[39m
}
[group-orders] createGroupOrder took 0ms

[90mstdout[2m | src/features/group-orders/__tests__/feature.test.ts[2m > [22m[2mGroup Orders Feature[2m > [22m[2mService Integration[2m > [22m[2mshould generate unique share codes
[22m[39m[group-orders] Creating group order { restaurantId: [33m1[39m, hostId: [33m1[39m }

[90mstdout[2m | src/features/group-orders/__tests__/feature.test.ts[2m > [22m[2mGroup Orders Feature[2m > [22m[2mService Integration[2m > [22m[2mshould generate unique share codes
[22m[39m[group-orders] Group order created successfully {
  groupOrderId: [32m'70733d8c-8431-4b80-9d6f-39c79885b4cb'[39m,
  shareCode: [32m'HLNEZ89L'[39m
}
[group-orders] createGroupOrder took 1ms

[90mstdout[2m | src/features/group-orders/__tests__/feature.test.ts[2m > [22m[2mGroup Orders Feature[2m > [22m[2mService Integration[2m > [22m[2mshould generate unique share codes
[22m[39m[group-orders] Creating group order { restaurantId: [33m1[39m, hostId: [33m1[39m }

[90mstdout[2m | src/features/group-orders/__tests__/feature.test.ts[2m > [22m[2mGroup Orders Feature[2m > [22m[2mService Integration[2m > [22m[2mshould generate unique share codes
[22m[39m[group-orders] Group order created successfully {
  groupOrderId: [32m'ca157410-e989-46ef-94ef-baf4f247c174'[39m,
  shareCode: [32m'M9IK4QTX'[39m
}
[group-orders] createGroupOrder took 0ms

[90mstdout[2m | src/features/group-orders/__tests__/feature.test.ts[2m > [22m[2mGroup Orders Feature[2m > [22m[2mService Integration[2m > [22m[2mshould generate unique share codes
[22m[39m[group-orders] Creating group order { restaurantId: [33m1[39m, hostId: [33m1[39m }

[90mstdout[2m | src/features/group-orders/__tests__/feature.test.ts[2m > [22m[2mGroup Orders Feature[2m > [22m[2mService Integration[2m > [22m[2mshould generate unique share codes
[22m[39m[group-orders] Group order created successfully {
  groupOrderId: [32m'9dbbe5a7-9a89-46ea-b4bc-ba79cb9b6823'[39m,
  shareCode: [32m'60EN8HTE'[39m
}
[group-orders] createGroupOrder took 0ms

[90mstdout[2m | src/features/group-orders/__tests__/feature.test.ts[2m > [22m[2mGroup Orders Feature[2m > [22m[2mService Integration[2m > [22m[2mshould generate unique share codes
[22m[39m[group-orders] Creating group order { restaurantId: [33m1[39m, hostId: [33m1[39m }

[90mstdout[2m | src/features/group-orders/__tests__/feature.test.ts[2m > [22m[2mGroup Orders Feature[2m > [22m[2mService Integration[2m > [22m[2mshould generate unique share codes
[22m[39m[group-orders] Group order created successfully {
  groupOrderId: [32m'639e2945-af6b-4605-8073-c9fff13d4bd3'[39m,
  shareCode: [32m'DF7L9P6X'[39m
}
[group-orders] createGroupOrder took 3ms

[90mstdout[2m | src/features/group-orders/__tests__/feature.test.ts[2m > [22m[2mGroup Orders Feature[2m > [22m[2mService Integration[2m > [22m[2mshould generate unique share codes
[22m[39m[group-orders] Creating group order { restaurantId: [33m1[39m, hostId: [33m1[39m }

[90mstdout[2m | src/features/group-orders/__tests__/feature.test.ts[2m > [22m[2mGroup Orders Feature[2m > [22m[2mService Integration[2m > [22m[2mshould generate unique share codes
[22m[39m[group-orders] Group order created successfully {
  groupOrderId: [32m'45feae4a-4dce-4bb3-a53d-b0e2338b1c44'[39m,
  shareCode: [32m'0USQ0RY3'[39m
}
[group-orders] createGroupOrder took 2ms

[90mstdout[2m | src/features/group-orders/__tests__/feature.test.ts[2m > [22m[2mGroup Orders Feature[2m > [22m[2mService Integration[2m > [22m[2mshould generate unique share codes
[22m[39m[group-orders] Creating group order { restaurantId: [33m1[39m, hostId: [33m1[39m }

[90mstdout[2m | src/features/group-orders/__tests__/feature.test.ts[2m > [22m[2mGroup Orders Feature[2m > [22m[2mService Integration[2m > [22m[2mshould generate unique share codes
[22m[39m[group-orders] Group order created successfully {
  groupOrderId: [32m'425ce2ed-b480-4f6e-9761-2c18f24a4a30'[39m,
  shareCode: [32m'2GA8KIPF'[39m
}
[group-orders] createGroupOrder took 1ms

[90mstdout[2m | src/features/group-orders/__tests__/feature.test.ts[2m > [22m[2mGroup Orders Feature[2m > [22m[2mService Integration[2m > [22m[2mshould generate unique share codes
[22m[39m[group-orders] Creating group order { restaurantId: [33m1[39m, hostId: [33m1[39m }

[90mstdout[2m | src/features/group-orders/__tests__/feature.test.ts[2m > [22m[2mGroup Orders Feature[2m > [22m[2mService Integration[2m > [22m[2mshould generate unique share codes
[22m[39m[group-orders] Group order created successfully {
  groupOrderId: [32m'f210ddef-924c-42e9-8c43-77caf36c832d'[39m,
  shareCode: [32m'M4QEL3CA'[39m
}
[group-orders] createGroupOrder took 1ms

[90mstdout[2m | src/features/group-orders/__tests__/feature.test.ts[2m > [22m[2mGroup Orders Feature[2m > [22m[2mService Integration[2m > [22m[2mshould generate unique share codes
[22m[39m[group-orders] Creating group order { restaurantId: [33m1[39m, hostId: [33m1[39m }

[90mstdout[2m | src/features/group-orders/__tests__/feature.test.ts[2m > [22m[2mGroup Orders Feature[2m > [22m[2mService Integration[2m > [22m[2mshould generate unique share codes
[22m[39m[group-orders] Group order created successfully {
  groupOrderId: [32m'a04ffb0c-a0be-44bb-b338-d9326f4777d9'[39m,
  shareCode: [32m'W7QUO5GW'[39m
}
[group-orders] createGroupOrder took 1ms

[90mstdout[2m | src/features/group-orders/__tests__/feature.test.ts[2m > [22m[2mGroup Orders Feature[2m > [22m[2mService Integration[2m > [22m[2mshould generate unique share codes
[22m[39m[group-orders] Creating group order { restaurantId: [33m1[39m, hostId: [33m1[39m }

[90mstdout[2m | src/features/group-orders/__tests__/feature.test.ts[2m > [22m[2mGroup Orders Feature[2m > [22m[2mService Integration[2m > [22m[2mshould generate unique share codes
[22m[39m[group-orders] Group order created successfully {
  groupOrderId: [32m'7bfae6e6-efa5-4fdc-8955-87050b5b7288'[39m,
  shareCode: [32m'OWZP5NWB'[39m
}
[group-orders] createGroupOrder took 0ms

[90mstdout[2m | src/features/group-orders/__tests__/feature.test.ts[2m > [22m[2mGroup Orders Feature[2m > [22m[2mService Integration[2m > [22m[2mshould generate unique share codes
[22m[39m[group-orders] Creating group order { restaurantId: [33m1[39m, hostId: [33m1[39m }

[90mstdout[2m | src/features/group-orders/__tests__/feature.test.ts[2m > [22m[2mGroup Orders Feature[2m > [22m[2mService Integration[2m > [22m[2mshould generate unique share codes
[22m[39m[group-orders] Group order created successfully {
  groupOrderId: [32m'7fff8c9e-e804-4da9-b399-b76f8088882a'[39m,
  shareCode: [32m'A2KPBPP7'[39m
}
[group-orders] createGroupOrder took 4ms

[90mstdout[2m | src/features/group-orders/__tests__/feature.test.ts[2m > [22m[2mGroup Orders Feature[2m > [22m[2mService Integration[2m > [22m[2mshould generate unique share codes
[22m[39m[group-orders] Creating group order { restaurantId: [33m1[39m, hostId: [33m1[39m }

[90mstdout[2m | src/features/group-orders/__tests__/feature.test.ts[2m > [22m[2mGroup Orders Feature[2m > [22m[2mService Integration[2m > [22m[2mshould generate unique share codes
[22m[39m[group-orders] Group order created successfully {
  groupOrderId: [32m'a941dc43-8e5f-45e1-b7a2-a6bd0791ef7d'[39m,
  shareCode: [32m'YGPBN9HW'[39m
}
[group-orders] createGroupOrder took 1ms

[90mstdout[2m | src/features/group-orders/__tests__/feature.test.ts[2m > [22m[2mGroup Orders Feature[2m > [22m[2mService Integration[2m > [22m[2mshould generate unique share codes
[22m[39m[group-orders] Creating group order { restaurantId: [33m1[39m, hostId: [33m1[39m }

[90mstdout[2m | src/features/group-orders/__tests__/feature.test.ts[2m > [22m[2mGroup Orders Feature[2m > [22m[2mService Integration[2m > [22m[2mshould generate unique share codes
[22m[39m[group-orders] Group order created successfully {
  groupOrderId: [32m'108f12eb-507e-4466-abde-107731bf531e'[39m,
  shareCode: [32m'VCTAZ33B'[39m
}
[group-orders] createGroupOrder took 1ms

[90mstdout[2m | src/features/group-orders/__tests__/feature.test.ts[2m > [22m[2mGroup Orders Feature[2m > [22m[2mService Integration[2m > [22m[2mshould generate unique share codes
[22m[39m[group-orders] Creating group order { restaurantId: [33m1[39m, hostId: [33m1[39m }

[90mstdout[2m | src/features/group-orders/__tests__/feature.test.ts[2m > [22m[2mGroup Orders Feature[2m > [22m[2mService Integration[2m > [22m[2mshould generate unique share codes
[22m[39m[group-orders] Group order created successfully {
  groupOrderId: [32m'c0f07f08-5973-4ed4-a41f-336e81167ea1'[39m,
  shareCode: [32m'YFRRLUY5'[39m
}
[group-orders] createGroupOrder took 1ms

[90mstdout[2m | src/features/group-orders/__tests__/feature.test.ts[2m > [22m[2mGroup Orders Feature[2m > [22m[2mService Integration[2m > [22m[2mshould generate unique share codes
[22m[39m[group-orders] Creating group order { restaurantId: [33m1[39m, hostId: [33m1[39m }

[90mstdout[2m | src/features/group-orders/__tests__/feature.test.ts[2m > [22m[2mGroup Orders Feature[2m > [22m[2mService Integration[2m > [22m[2mshould generate unique share codes
[22m[39m[group-orders] Group order created successfully {
  groupOrderId: [32m'2c46620d-76df-4057-902b-cb45e3f6eeeb'[39m,
  shareCode: [32m'IO1KNV3M'[39m
}
[group-orders] createGroupOrder took 1ms

[90mstdout[2m | src/features/group-orders/__tests__/feature.test.ts[2m > [22m[2mGroup Orders Feature[2m > [22m[2mService Integration[2m > [22m[2mshould generate unique share codes
[22m[39m[group-orders] Creating group order { restaurantId: [33m1[39m, hostId: [33m1[39m }

[90mstdout[2m | src/features/group-orders/__tests__/feature.test.ts[2m > [22m[2mGroup Orders Feature[2m > [22m[2mService Integration[2m > [22m[2mshould generate unique share codes
[22m[39m[group-orders] Group order created successfully {
  groupOrderId: [32m'b10af7e4-ea7f-4ca4-95fb-3afedc36738d'[39m,
  shareCode: [32m'RRJPZ25X'[39m
}
[group-orders] createGroupOrder took 1ms

[90mstdout[2m | src/features/group-orders/__tests__/feature.test.ts[2m > [22m[2mGroup Orders Feature[2m > [22m[2mService Integration[2m > [22m[2mshould generate unique share codes
[22m[39m[group-orders] Creating group order { restaurantId: [33m1[39m, hostId: [33m1[39m }

[90mstdout[2m | src/features/group-orders/__tests__/feature.test.ts[2m > [22m[2mGroup Orders Feature[2m > [22m[2mService Integration[2m > [22m[2mshould generate unique share codes
[22m[39m[group-orders] Group order created successfully {
  groupOrderId: [32m'8ee3e674-7c7e-4b0a-8740-b5ed4b559a0b'[39m,
  shareCode: [32m'32DJJ6VB'[39m
}
[group-orders] createGroupOrder took 1ms

[90mstdout[2m | src/features/group-orders/__tests__/feature.test.ts[2m > [22m[2mGroup Orders Feature[2m > [22m[2mService Integration[2m > [22m[2mshould generate unique share codes
[22m[39m[group-orders] Creating group order { restaurantId: [33m1[39m, hostId: [33m1[39m }

[90mstdout[2m | src/features/group-orders/__tests__/feature.test.ts[2m > [22m[2mGroup Orders Feature[2m > [22m[2mService Integration[2m > [22m[2mshould generate unique share codes
[22m[39m[group-orders] Group order created successfully {
  groupOrderId: [32m'ee45d6a2-0696-4001-a4cb-94508bdcf7c3'[39m,
  shareCode: [32m'K79LRM3U'[39m
}
[group-orders] createGroupOrder took 0ms

[90mstdout[2m | src/features/group-orders/__tests__/feature.test.ts[2m > [22m[2mGroup Orders Feature[2m > [22m[2mService Integration[2m > [22m[2mshould generate unique share codes
[22m[39m[group-orders] Creating group order { restaurantId: [33m1[39m, hostId: [33m1[39m }

[90mstdout[2m | src/features/group-orders/__tests__/feature.test.ts[2m > [22m[2mGroup Orders Feature[2m > [22m[2mService Integration[2m > [22m[2mshould generate unique share codes
[22m[39m[group-orders] Group order created successfully {
  groupOrderId: [32m'58fe3e7b-5d86-4b67-894b-7285e3cd140f'[39m,
  shareCode: [32m'Y7YM2WQ4'[39m
}
[group-orders] createGroupOrder took 1ms

[90mstdout[2m | src/features/group-orders/__tests__/feature.test.ts[2m > [22m[2mGroup Orders Feature[2m > [22m[2mService Integration[2m > [22m[2mshould generate unique share codes
[22m[39m[group-orders] Creating group order { restaurantId: [33m1[39m, hostId: [33m1[39m }

[90mstdout[2m | src/features/group-orders/__tests__/feature.test.ts[2m > [22m[2mGroup Orders Feature[2m > [22m[2mService Integration[2m > [22m[2mshould generate unique share codes
[22m[39m[group-orders] Group order created successfully {
  groupOrderId: [32m'05247db0-2c23-4aa3-bb72-f4a35a5adcbf'[39m,
  shareCode: [32m'OBQ81XE8'[39m
}
[group-orders] createGroupOrder took 0ms

[90mstdout[2m | src/features/group-orders/__tests__/feature.test.ts[2m > [22m[2mGroup Orders Feature[2m > [22m[2mService Integration[2m > [22m[2mshould generate unique share codes
[22m[39m[group-orders] Creating group order { restaurantId: [33m1[39m, hostId: [33m1[39m }

[90mstdout[2m | src/features/group-orders/__tests__/feature.test.ts[2m > [22m[2mGroup Orders Feature[2m > [22m[2mService Integration[2m > [22m[2mshould generate unique share codes
[22m[39m[group-orders] Group order created successfully {
  groupOrderId: [32m'268ac817-32e6-47e3-9260-6e24aa74a202'[39m,
  shareCode: [32m'M86NC4BV'[39m
}
[group-orders] createGroupOrder took 1ms

[90mstdout[2m | src/features/group-orders/__tests__/feature.test.ts[2m > [22m[2mGroup Orders Feature[2m > [22m[2mService Integration[2m > [22m[2mshould generate unique share codes
[22m[39m[group-orders] Creating group order { restaurantId: [33m1[39m, hostId: [33m1[39m }

[90mstdout[2m | src/features/group-orders/__tests__/feature.test.ts[2m > [22m[2mGroup Orders Feature[2m > [22m[2mService Integration[2m > [22m[2mshould generate unique share codes
[22m[39m[group-orders] Group order created successfully {
  groupOrderId: [32m'23f4dadc-d7ee-4d29-9c01-6588016b487a'[39m,
  shareCode: [32m'2GEB9WDU'[39m
}
[group-orders] createGroupOrder took 1ms

[90mstdout[2m | src/features/group-orders/__tests__/feature.test.ts[2m > [22m[2mGroup Orders Feature[2m > [22m[2mService Integration[2m > [22m[2mshould generate unique share codes
[22m[39m[group-orders] Creating group order { restaurantId: [33m1[39m, hostId: [33m1[39m }

[90mstdout[2m | src/features/group-orders/__tests__/feature.test.ts[2m > [22m[2mGroup Orders Feature[2m > [22m[2mService Integration[2m > [22m[2mshould generate unique share codes
[22m[39m[group-orders] Group order created successfully {
  groupOrderId: [32m'38dadd59-a133-479b-b577-532599f677f6'[39m,
  shareCode: [32m'UN2MXVYN'[39m
}
[group-orders] createGroupOrder took 0ms

[90mstdout[2m | src/features/group-orders/__tests__/feature.test.ts[2m > [22m[2mGroup Orders Feature[2m > [22m[2mService Integration[2m > [22m[2mshould generate unique share codes
[22m[39m[group-orders] Creating group order { restaurantId: [33m1[39m, hostId: [33m1[39m }

[90mstdout[2m | src/features/group-orders/__tests__/feature.test.ts[2m > [22m[2mGroup Orders Feature[2m > [22m[2mService Integration[2m > [22m[2mshould generate unique share codes
[22m[39m[group-orders] Group order created successfully {
  groupOrderId: [32m'7e348f54-91a0-44e7-a81b-c77ef12fe7bc'[39m,
  shareCode: [32m'8WGXAW2B'[39m
}
[group-orders] createGroupOrder took 0ms

[90mstdout[2m | src/features/group-orders/__tests__/feature.test.ts[2m > [22m[2mGroup Orders Feature[2m > [22m[2mService Integration[2m > [22m[2mshould generate unique share codes
[22m[39m[group-orders] Creating group order { restaurantId: [33m1[39m, hostId: [33m1[39m }

[90mstdout[2m | src/features/group-orders/__tests__/feature.test.ts[2m > [22m[2mGroup Orders Feature[2m > [22m[2mService Integration[2m > [22m[2mshould generate unique share codes
[22m[39m[group-orders] Group order created successfully {
  groupOrderId: [32m'bfcac892-548b-4d77-a303-8db64ddd0ca9'[39m,
  shareCode: [32m'KEIMRA3H'[39m
}
[group-orders] createGroupOrder took 0ms

[90mstdout[2m | src/features/group-orders/__tests__/feature.test.ts[2m > [22m[2mGroup Orders Feature[2m > [22m[2mService Integration[2m > [22m[2mshould generate unique share codes
[22m[39m[group-orders] Creating group order { restaurantId: [33m1[39m, hostId: [33m1[39m }

[90mstdout[2m | src/features/group-orders/__tests__/feature.test.ts[2m > [22m[2mGroup Orders Feature[2m > [22m[2mService Integration[2m > [22m[2mshould generate unique share codes
[22m[39m[group-orders] Group order created successfully {
  groupOrderId: [32m'8ba0bef1-1214-4c0d-8eb1-1ffced169ea2'[39m,
  shareCode: [32m'L9XJA3FX'[39m
}
[group-orders] createGroupOrder took 1ms

[90mstdout[2m | src/features/group-orders/__tests__/feature.test.ts[2m > [22m[2mGroup Orders Feature[2m > [22m[2mService Integration[2m > [22m[2mshould generate unique share codes
[22m[39m[group-orders] Creating group order { restaurantId: [33m1[39m, hostId: [33m1[39m }

[90mstdout[2m | src/features/group-orders/__tests__/feature.test.ts[2m > [22m[2mGroup Orders Feature[2m > [22m[2mService Integration[2m > [22m[2mshould generate unique share codes
[22m[39m[group-orders] Group order created successfully {
  groupOrderId: [32m'442ff8aa-bdc8-496f-bd26-b869145fe2d8'[39m,
  shareCode: [32m'DCRBGT3L'[39m
}
[group-orders] createGroupOrder took 0ms

[90mstdout[2m | src/features/group-orders/__tests__/feature.test.ts[2m > [22m[2mGroup Orders Feature[2m > [22m[2mService Integration[2m > [22m[2mshould generate unique share codes
[22m[39m[group-orders] Creating group order { restaurantId: [33m1[39m, hostId: [33m1[39m }

[90mstdout[2m | src/features/group-orders/__tests__/feature.test.ts[2m > [22m[2mGroup Orders Feature[2m > [22m[2mService Integration[2m > [22m[2mshould generate unique share codes
[22m[39m[group-orders] Group order created successfully {
  groupOrderId: [32m'92e1519b-6547-4c72-a79f-9ee088808e1d'[39m,
  shareCode: [32m'8DYPO4G8'[39m
}
[group-orders] createGroupOrder took 0ms

[90mstdout[2m | src/features/group-orders/__tests__/feature.test.ts[2m > [22m[2mGroup Orders Feature[2m > [22m[2mService Integration[2m > [22m[2mshould generate unique share codes
[22m[39m[group-orders] Creating group order { restaurantId: [33m1[39m, hostId: [33m1[39m }

[90mstdout[2m | src/features/group-orders/__tests__/feature.test.ts[2m > [22m[2mGroup Orders Feature[2m > [22m[2mService Integration[2m > [22m[2mshould generate unique share codes
[22m[39m[group-orders] Group order created successfully {
  groupOrderId: [32m'ff586af6-5b0d-47d3-807c-3bb199a9471c'[39m,
  shareCode: [32m'8L515E5U'[39m
}
[group-orders] createGroupOrder took 1ms

[90mstdout[2m | src/features/group-orders/__tests__/feature.test.ts[2m > [22m[2mGroup Orders Feature[2m > [22m[2mService Integration[2m > [22m[2mshould generate unique share codes
[22m[39m[group-orders] Creating group order { restaurantId: [33m1[39m, hostId: [33m1[39m }

[90mstdout[2m | src/features/group-orders/__tests__/feature.test.ts[2m > [22m[2mGroup Orders Feature[2m > [22m[2mService Integration[2m > [22m[2mshould generate unique share codes
[22m[39m[group-orders] Group order created successfully {
  groupOrderId: [32m'f33eb7eb-e7b2-496c-b37b-26b78e57a00d'[39m,
  shareCode: [32m'RJFJDKON'[39m
}
[group-orders] createGroupOrder took 1ms

[90mstdout[2m | src/features/group-orders/__tests__/feature.test.ts[2m > [22m[2mGroup Orders Feature[2m > [22m[2mService Integration[2m > [22m[2mshould generate unique share codes
[22m[39m[group-orders] Creating group order { restaurantId: [33m1[39m, hostId: [33m1[39m }

[90mstdout[2m | src/features/group-orders/__tests__/feature.test.ts[2m > [22m[2mGroup Orders Feature[2m > [22m[2mService Integration[2m > [22m[2mshould generate unique share codes
[22m[39m[group-orders] Group order created successfully {
  groupOrderId: [32m'2a9affd1-47c7-4919-b1b2-5aad1beceb0a'[39m,
  shareCode: [32m'JL6LPPMA'[39m
}
[group-orders] createGroupOrder took 0ms

[90mstdout[2m | src/features/group-orders/__tests__/feature.test.ts[2m > [22m[2mGroup Orders Feature[2m > [22m[2mService Integration[2m > [22m[2mshould generate unique share codes
[22m[39m[group-orders] Creating group order { restaurantId: [33m1[39m, hostId: [33m1[39m }

[90mstdout[2m | src/features/group-orders/__tests__/feature.test.ts[2m > [22m[2mGroup Orders Feature[2m > [22m[2mService Integration[2m > [22m[2mshould generate unique share codes
[22m[39m[group-orders] Group order created successfully {
  groupOrderId: [32m'540dff8b-ee90-4e71-b9a8-266a54e9e54b'[39m,
  shareCode: [32m'6FS9B2GM'[39m
}
[group-orders] createGroupOrder took 1ms

[90mstdout[2m | src/features/group-orders/__tests__/feature.test.ts[2m > [22m[2mGroup Orders Feature[2m > [22m[2mService Integration[2m > [22m[2mshould generate unique share codes
[22m[39m[group-orders] Creating group order { restaurantId: [33m1[39m, hostId: [33m1[39m }

[90mstdout[2m | src/features/group-orders/__tests__/feature.test.ts[2m > [22m[2mGroup Orders Feature[2m > [22m[2mService Integration[2m > [22m[2mshould generate unique share codes
[22m[39m[group-orders] Group order created successfully {
  groupOrderId: [32m'f570d32e-9064-4537-9bbf-610b8f97daae'[39m,
  shareCode: [32m'XGNSIHLG'[39m
}
[group-orders] createGroupOrder took 1ms

[90mstdout[2m | src/features/group-orders/__tests__/feature.test.ts[2m > [22m[2mGroup Orders Feature[2m > [22m[2mService Integration[2m > [22m[2mshould generate unique share codes
[22m[39m[group-orders] Creating group order { restaurantId: [33m1[39m, hostId: [33m1[39m }

[90mstdout[2m | src/features/group-orders/__tests__/feature.test.ts[2m > [22m[2mGroup Orders Feature[2m > [22m[2mService Integration[2m > [22m[2mshould generate unique share codes
[22m[39m[group-orders] Group order created successfully {
  groupOrderId: [32m'b07cada1-6711-4e7d-9cd2-2e64e0319f17'[39m,
  shareCode: [32m'JTKRRFN0'[39m
}
[group-orders] createGroupOrder took 1ms

[90mstdout[2m | src/features/group-orders/__tests__/feature.test.ts[2m > [22m[2mGroup Orders Feature[2m > [22m[2mService Integration[2m > [22m[2mshould generate unique share codes
[22m[39m[group-orders] Creating group order { restaurantId: [33m1[39m, hostId: [33m1[39m }

[90mstdout[2m | src/features/group-orders/__tests__/feature.test.ts[2m > [22m[2mGroup Orders Feature[2m > [22m[2mService Integration[2m > [22m[2mshould generate unique share codes
[22m[39m[group-orders] Group order created successfully {
  groupOrderId: [32m'b711c72f-8565-4ff7-b1f2-01500b107ce8'[39m,
  shareCode: [32m'805LT78E'[39m
}
[group-orders] createGroupOrder took 2ms

[90mstdout[2m | src/features/group-orders/__tests__/feature.test.ts[2m > [22m[2mGroup Orders Feature[2m > [22m[2mService Integration[2m > [22m[2mshould generate unique share codes
[22m[39m[group-orders] Creating group order { restaurantId: [33m1[39m, hostId: [33m1[39m }

[90mstdout[2m | src/features/group-orders/__tests__/feature.test.ts[2m > [22m[2mGroup Orders Feature[2m > [22m[2mService Integration[2m > [22m[2mshould generate unique share codes
[22m[39m[group-orders] Group order created successfully {
  groupOrderId: [32m'e543c8f3-925e-4c32-a079-f6440323976e'[39m,
  shareCode: [32m'D8HW2VAG'[39m
}
[group-orders] createGroupOrder took 2ms

[90mstdout[2m | src/features/group-orders/__tests__/feature.test.ts[2m > [22m[2mGroup Orders Feature[2m > [22m[2mService Integration[2m > [22m[2mshould generate unique share codes
[22m[39m[group-orders] Creating group order { restaurantId: [33m1[39m, hostId: [33m1[39m }

 [32m✓[39m [30m[42m @makanmakan/api [49m[39m src/features/coupons/__tests__/feature.test.ts[2m > [22mCoupons Feature Module[2m > [22mPOST /coupons/validate[2m > [22mshould validate coupon successfully with business rules[32m 62[2mms[22m[39m
 [32m✓[39m [30m[42m @makanmakan/api [49m[39m src/features/coupons/__tests__/feature.test.ts[2m > [22mCoupons Feature Module[2m > [22mPOST /coupons/validate[2m > [22mshould handle validation errors[32m 9[2mms[22m[39m
 [32m✓[39m [30m[42m @makanmakan/api [49m[39m src/features/coupons/__tests__/feature.test.ts[2m > [22mCoupons Feature Module[2m > [22mGET /coupons/available/:restaurantId[2m > [22mshould return available coupons for restaurant[32m 20[2mms[22m[39m
 [32m✓[39m [30m[42m @makanmakan/api [49m[39m src/features/coupons/__tests__/feature.test.ts[2m > [22mCoupons Feature Module[2m > [22mPOST /coupons[2m > [22mshould create coupon with validation[32m 100[2mms[22m[39m
[90mstdout[2m | src/features/group-orders/__tests__/feature.test.ts[2m > [22m[2mGroup Orders Feature[2m > [22m[2mService Integration[2m > [22m[2mshould generate unique share codes
[22m[39m[group-orders] Group order created successfully {
  groupOrderId: [32m'b5d01f01-060b-458e-9a03-d78136d80903'[39m,
  shareCode: [32m'Z7JY585Y'[39m
}
[group-orders] createGroupOrder took 4ms

[90mstdout[2m | src/features/group-orders/__tests__/feature.test.ts[2m > [22m[2mGroup Orders Feature[2m > [22m[2mService Integration[2m > [22m[2mshould generate unique share codes
[22m[39m[group-orders] Creating group order { restaurantId: [33m1[39m, hostId: [33m1[39m }

[90mstdout[2m | src/features/group-orders/__tests__/feature.test.ts[2m > [22m[2mGroup Orders Feature[2m > [22m[2mService Integration[2m > [22m[2mshould generate unique share codes
[22m[39m[group-orders] Group order created successfully {
  groupOrderId: [32m'349e36a4-07f3-45e9-94a2-f66bd38d47be'[39m,
  shareCode: [32m'8Q973NA0'[39m
}
[group-orders] createGroupOrder took 1ms

[90mstdout[2m | src/features/group-orders/__tests__/feature.test.ts[2m > [22m[2mGroup Orders Feature[2m > [22m[2mService Integration[2m > [22m[2mshould generate unique share codes
[22m[39m[group-orders] Creating group order { restaurantId: [33m1[39m, hostId: [33m1[39m }

[90mstdout[2m | src/features/group-orders/__tests__/feature.test.ts[2m > [22m[2mGroup Orders Feature[2m > [22m[2mService Integration[2m > [22m[2mshould generate unique share codes
[22m[39m[group-orders] Group order created successfully {
  groupOrderId: [32m'a5300467-4dcf-4a46-9d01-0d344fb1f23f'[39m,
  shareCode: [32m'BUKADEUE'[39m
}
[group-orders] createGroupOrder took 1ms

[90mstdout[2m | src/features/group-orders/__tests__/feature.test.ts[2m > [22m[2mGroup Orders Feature[2m > [22m[2mService Integration[2m > [22m[2mshould generate unique share codes
[22m[39m[group-orders] Creating group order { restaurantId: [33m1[39m, hostId: [33m1[39m }

[90mstdout[2m | src/features/group-orders/__tests__/feature.test.ts[2m > [22m[2mGroup Orders Feature[2m > [22m[2mService Integration[2m > [22m[2mshould generate unique share codes
[22m[39m[group-orders] Group order created successfully {
  groupOrderId: [32m'1e52a045-108c-4872-a70e-5c9f4f56bcb9'[39m,
  shareCode: [32m'PYTZDSQW'[39m
}
[group-orders] createGroupOrder took 1ms

[90mstdout[2m | src/features/group-orders/__tests__/feature.test.ts[2m > [22m[2mGroup Orders Feature[2m > [22m[2mService Integration[2m > [22m[2mshould generate unique share codes
[22m[39m[group-orders] Creating group order { restaurantId: [33m1[39m, hostId: [33m1[39m }

[90mstdout[2m | src/features/group-orders/__tests__/feature.test.ts[2m > [22m[2mGroup Orders Feature[2m > [22m[2mService Integration[2m > [22m[2mshould generate unique share codes
[22m[39m[group-orders] Group order created successfully {
  groupOrderId: [32m'd88092bf-b2d6-4d4b-aac6-14a8a3078079'[39m,
  shareCode: [32m'LRNPYGV3'[39m
}
[group-orders] createGroupOrder took 1ms

[90mstdout[2m | src/features/group-orders/__tests__/feature.test.ts[2m > [22m[2mGroup Orders Feature[2m > [22m[2mService Integration[2m > [22m[2mshould generate unique share codes
[22m[39m[group-orders] Creating group order { restaurantId: [33m1[39m, hostId: [33m1[39m }

[90mstdout[2m | src/features/group-orders/__tests__/feature.test.ts[2m > [22m[2mGroup Orders Feature[2m > [22m[2mService Integration[2m > [22m[2mshould generate unique share codes
[22m[39m[group-orders] Group order created successfully {
  groupOrderId: [32m'b1707c57-11f2-4e85-8637-4c2c26d2e323'[39m,
  shareCode: [32m'KCUMPJGB'[39m
}
[group-orders] createGroupOrder took 0ms

[90mstdout[2m | src/features/group-orders/__tests__/feature.test.ts[2m > [22m[2mGroup Orders Feature[2m > [22m[2mService Integration[2m > [22m[2mshould generate unique share codes
[22m[39m[group-orders] Creating group order { restaurantId: [33m1[39m, hostId: [33m1[39m }

[90mstdout[2m | src/features/group-orders/__tests__/feature.test.ts[2m > [22m[2mGroup Orders Feature[2m > [22m[2mService Integration[2m > [22m[2mshould generate unique share codes
[22m[39m[group-orders] Group order created successfully {
  groupOrderId: [32m'5985e355-0a60-41c2-b196-1c917f81051d'[39m,
  shareCode: [32m'GJL8OQ6L'[39m
}
[group-orders] createGroupOrder took 1ms

[90mstdout[2m | src/features/group-orders/__tests__/feature.test.ts[2m > [22m[2mGroup Orders Feature[2m > [22m[2mService Integration[2m > [22m[2mshould generate unique share codes
[22m[39m[group-orders] Creating group order { restaurantId: [33m1[39m, hostId: [33m1[39m }

[90mstdout[2m | src/features/group-orders/__tests__/feature.test.ts[2m > [22m[2mGroup Orders Feature[2m > [22m[2mService Integration[2m > [22m[2mshould generate unique share codes
[22m[39m[group-orders] Group order created successfully {
  groupOrderId: [32m'55219a1d-c040-412f-bfbf-f54896d6667d'[39m,
  shareCode: [32m'XBMQS3KL'[39m
}
[group-orders] createGroupOrder took 1ms

[90mstdout[2m | src/features/group-orders/__tests__/feature.test.ts[2m > [22m[2mGroup Orders Feature[2m > [22m[2mService Integration[2m > [22m[2mshould generate unique share codes
[22m[39m[group-orders] Creating group order { restaurantId: [33m1[39m, hostId: [33m1[39m }

[90mstdout[2m | src/features/group-orders/__tests__/feature.test.ts[2m > [22m[2mGroup Orders Feature[2m > [22m[2mService Integration[2m > [22m[2mshould generate unique share codes
[22m[39m[group-orders] Group order created successfully {
  groupOrderId: [32m'b177ad13-eed3-4e0a-895c-0987687ad71a'[39m,
  shareCode: [32m'MLMIOKHZ'[39m
}
[group-orders] createGroupOrder took 1ms

[90mstdout[2m | src/features/group-orders/__tests__/feature.test.ts[2m > [22m[2mGroup Orders Feature[2m > [22m[2mService Integration[2m > [22m[2mshould generate unique share codes
[22m[39m[group-orders] Creating group order { restaurantId: [33m1[39m, hostId: [33m1[39m }

[90mstdout[2m | src/features/group-orders/__tests__/feature.test.ts[2m > [22m[2mGroup Orders Feature[2m > [22m[2mService Integration[2m > [22m[2mshould generate unique share codes
[22m[39m[group-orders] Group order created successfully {
  groupOrderId: [32m'b9015cee-8c8a-4135-aa03-c6e2a77bcfe5'[39m,
  shareCode: [32m'ZGU535SB'[39m
}
[group-orders] createGroupOrder took 1ms

[90mstdout[2m | src/features/group-orders/__tests__/feature.test.ts[2m > [22m[2mGroup Orders Feature[2m > [22m[2mService Integration[2m > [22m[2mshould generate unique share codes
[22m[39m[group-orders] Creating group order { restaurantId: [33m1[39m, hostId: [33m1[39m }

[90mstdout[2m | src/features/group-orders/__tests__/feature.test.ts[2m > [22m[2mGroup Orders Feature[2m > [22m[2mService Integration[2m > [22m[2mshould generate unique share codes
[22m[39m[group-orders] Group order created successfully {
  groupOrderId: [32m'2bc75cc9-7261-4897-8c33-81e34f89700a'[39m,
  shareCode: [32m'GRC1JXP4'[39m
}
[group-orders] createGroupOrder took 1ms

 [32m✓[39m [30m[42m @makanmakan/api [49m[39m src/features/realtime/__tests__/RealtimeAuthService.test.ts[2m > [22mRealtimeAuthService[2m > [22mconstructor[2m > [22m應該在 JWT_SECRET 太短時拋出錯誤[32m 10[2mms[22m[39m
 [32m✓[39m [30m[42m @makanmakan/api [49m[39m src/features/realtime/__tests__/RealtimeAuthService.test.ts[2m > [22mRealtimeAuthService[2m > [22mconstructor[2m > [22m應該成功創建服務實例[32m 2[2mms[22m[39m
 [32m✓[39m [30m[42m @makanmakan/api [49m[39m src/features/realtime/__tests__/RealtimeAuthService.test.ts[2m > [22mRealtimeAuthService[2m > [22mgenerateWebSocketToken[2m > [22m應該為顧客房間生成有效的 token[32m 10[2mms[22m[39m
 [32m✓[39m [30m[42m @makanmakan/api [49m[39m src/features/realtime/__tests__/RealtimeAuthService.test.ts[2m > [22mRealtimeAuthService[2m > [22mgenerateWebSocketToken[2m > [22m應該為廚房房間生成 token[32m 7[2mms[22m[39m
 [32m✓[39m [30m[42m @makanmakan/api [49m[39m src/features/realtime/__tests__/RealtimeAuthService.test.ts[2m > [22mRealtimeAuthService[2m > [22mgenerateWebSocketToken[2m > [22m應該為管理員房間生成 token[32m 15[2mms[22m[39m
 [32m✓[39m [30m[42m @makanmakan/api [49m[39m src/features/realtime/__tests__/RealtimeAuthService.test.ts[2m > [22mRealtimeAuthService[2m > [22mgenerateWebSocketToken[2m > [22m應該在無效的桌號時返回錯誤[32m 4[2mms[22m[39m
 [32m✓[39m [30m[42m @makanmakan/api [49m[39m src/features/realtime/__tests__/RealtimeAuthService.test.ts[2m > [22mRealtimeAuthService[2m > [22mgenerateWebSocketToken[2m > [22m應該在無效的座位時返回錯誤[32m 3[2mms[22m[39m
 [32m✓[39m [30m[42m @makanmakan/api [49m[39m src/features/realtime/__tests__/RealtimeAuthService.test.ts[2m > [22mRealtimeAuthService[2m > [22mgenerateWebSocketToken[2m > [22m應該在廚房/管理員房間缺少 sessionId 時返回錯誤[32m 8[2mms[22m[39m
 [32m✓[39m [30m[42m @makanmakan/api [49m[39m src/features/realtime/__tests__/RealtimeAuthService.test.ts[2m > [22mRealtimeAuthService[2m > [22mgenerateWebSocketToken[2m > [22m應該在無效的房間類型時返回錯誤[32m 3[2mms[22m[39m
[90mstdout[2m | src/features/group-orders/__tests__/feature.test.ts[2m > [22m[2mGroup Orders Feature[2m > [22m[2mService Integration[2m > [22m[2mshould generate unique share codes
[22m[39m[group-orders] Creating group order { restaurantId: [33m1[39m, hostId: [33m1[39m }

[90mstdout[2m | src/features/group-orders/__tests__/feature.test.ts[2m > [22m[2mGroup Orders Feature[2m > [22m[2mService Integration[2m > [22m[2mshould generate unique share codes
[22m[39m[group-orders] Group order created successfully {
  groupOrderId: [32m'ce7f81a1-edb9-4378-81f1-f8b83a93f39e'[39m,
  shareCode: [32m'BAK2XGAH'[39m
}
[group-orders] createGroupOrder took 1ms

[90mstdout[2m | src/features/group-orders/__tests__/feature.test.ts[2m > [22m[2mGroup Orders Feature[2m > [22m[2mService Integration[2m > [22m[2mshould generate unique share codes
[22m[39m[group-orders] Creating group order { restaurantId: [33m1[39m, hostId: [33m1[39m }

[90mstdout[2m | src/features/group-orders/__tests__/feature.test.ts[2m > [22m[2mGroup Orders Feature[2m > [22m[2mService Integration[2m > [22m[2mshould generate unique share codes
[22m[39m[group-orders] Group order created successfully {
  groupOrderId: [32m'9a6b3b62-53c8-4b22-8f43-cd22f1ad27f7'[39m,
  shareCode: [32m'G1J641ME'[39m
}
[group-orders] createGroupOrder took 1ms

[90mstdout[2m | src/features/group-orders/__tests__/feature.test.ts[2m > [22m[2mGroup Orders Feature[2m > [22m[2mService Integration[2m > [22m[2mshould generate unique share codes
[22m[39m[group-orders] Creating group order { restaurantId: [33m1[39m, hostId: [33m1[39m }

[90mstdout[2m | src/features/group-orders/__tests__/feature.test.ts[2m > [22m[2mGroup Orders Feature[2m > [22m[2mService Integration[2m > [22m[2mshould generate unique share codes
[22m[39m[group-orders] Group order created successfully {
  groupOrderId: [32m'c7219793-239a-423c-9c73-5bef9bde5ec9'[39m,
  shareCode: [32m'A96F9WFA'[39m
}
[group-orders] createGroupOrder took 1ms

[90mstdout[2m | src/features/group-orders/__tests__/feature.test.ts[2m > [22m[2mGroup Orders Feature[2m > [22m[2mService Integration[2m > [22m[2mshould generate unique share codes
[22m[39m[group-orders] Creating group order { restaurantId: [33m1[39m, hostId: [33m1[39m }

[90mstdout[2m | src/features/group-orders/__tests__/feature.test.ts[2m > [22m[2mGroup Orders Feature[2m > [22m[2mService Integration[2m > [22m[2mshould generate unique share codes
[22m[39m[group-orders] Group order created successfully {
  groupOrderId: [32m'd0383b9a-907a-4a57-ae92-4a2d657255cd'[39m,
  shareCode: [32m'WM75GGS4'[39m
}
[group-orders] createGroupOrder took 1ms

[90mstdout[2m | src/features/group-orders/__tests__/feature.test.ts[2m > [22m[2mGroup Orders Feature[2m > [22m[2mService Integration[2m > [22m[2mshould generate unique share codes
[22m[39m[group-orders] Creating group order { restaurantId: [33m1[39m, hostId: [33m1[39m }

[90mstdout[2m | src/features/group-orders/__tests__/feature.test.ts[2m > [22m[2mGroup Orders Feature[2m > [22m[2mService Integration[2m > [22m[2mshould generate unique share codes
[22m[39m[group-orders] Group order created successfully {
  groupOrderId: [32m'bfcd8d7e-ea74-453f-a428-29d20d3ace04'[39m,
  shareCode: [32m'DNNMSMLZ'[39m
}
[group-orders] createGroupOrder took 0ms

 [31m×[39m [30m[42m @makanmakan/api [49m[39m src/features/group-orders/__tests__/feature.test.ts[2m > [22mGroup Orders Feature[2m > [22mQuery Validation[2m > [22mshould validate statistics query parameters[32m 58[2mms[22m[39m
[31m   → expected false to be true // Object.is equality[39m
 [32m✓[39m [30m[42m @makanmakan/api [49m[39m src/features/group-orders/__tests__/feature.test.ts[2m > [22mGroup Orders Feature[2m > [22mQuery Validation[2m > [22mshould validate date range logic[32m 5[2mms[22m[39m
 [32m✓[39m [30m[42m @makanmakan/api [49m[39m src/features/group-orders/__tests__/feature.test.ts[2m > [22mGroup Orders Feature[2m > [22mService Integration[2m > [22mshould handle database errors gracefully[32m 60[2mms[22m[39m
 [32m✓[39m [30m[42m @makanmakan/api [49m[39m src/features/group-orders/__tests__/feature.test.ts[2m > [22mGroup Orders Feature[2m > [22mService Integration[2m > [22mshould generate unique share codes[32m 177[2mms[22m[39m
[90mstderr[2m | src/features/coupons/__tests__/feature.test.ts[2m > [22m[2mCoupons Feature Module[2m > [22m[2mError Handling[2m > [22m[2mshould handle service errors gracefully
[22m[39mCoupon validation error: Error: Database connection failed
    at [90mC:\Users\minim\OneDrive\文档\Code\platform\makanmakan\[39mapps\api\src\features\coupons\__tests__\feature.test.ts:384:9
    at [90mfile:///C:/Users/minim/OneDrive/%E6%96%87%E6%A1%A3/Code/platform/makanmakan/[39mnode_modules/[4m.pnpm[24m/@vitest+runner@3.2.4/node_modules/[4m@vitest[24m/runner/dist/chunk-hooks.js:155:11
    at [90mfile:///C:/Users/minim/OneDrive/%E6%96%87%E6%A1%A3/Code/platform/makanmakan/[39mnode_modules/[4m.pnpm[24m/@vitest+runner@3.2.4/node_modules/[4m@vitest[24m/runner/dist/chunk-hooks.js:752:26
    at [90mfile:///C:/Users/minim/OneDrive/%E6%96%87%E6%A1%A3/Code/platform/makanmakan/[39mnode_modules/[4m.pnpm[24m/@vitest+runner@3.2.4/node_modules/[4m@vitest[24m/runner/dist/chunk-hooks.js:1897:20
    at new Promise (<anonymous>)
    at runWithTimeout [90m(file:///C:/Users/minim/OneDrive/%E6%96%87%E6%A1%A3/Code/platform/makanmakan/[39mnode_modules/[4m.pnpm[24m/@vitest+runner@3.2.4/node_modules/[4m@vitest[24m/runner/dist/chunk-hooks.js:1863:10[90m)[39m
    at runTest [90m(file:///C:/Users/minim/OneDrive/%E6%96%87%E6%A1%A3/Code/platform/makanmakan/[39mnode_modules/[4m.pnpm[24m/@vitest+runner@3.2.4/node_modules/[4m@vitest[24m/runner/dist/chunk-hooks.js:1574:12[90m)[39m
[90m    at processTicksAndRejections (node:internal/process/task_queues:105:5)[39m
    at runSuite [90m(file:///C:/Users/minim/OneDrive/%E6%96%87%E6%A1%A3/Code/platform/makanmakan/[39mnode_modules/[4m.pnpm[24m/@vitest+runner@3.2.4/node_modules/[4m@vitest[24m/runner/dist/chunk-hooks.js:1729:8[90m)[39m
    at runSuite [90m(file:///C:/Users/minim/OneDrive/%E6%96%87%E6%A1%A3/Code/platform/makanmakan/[39mnode_modules/[4m.pnpm[24m/@vitest+runner@3.2.4/node_modules/[4m@vitest[24m/runner/dist/chunk-hooks.js:1729:8[90m)[39m

 [32m✓[39m [30m[42m @makanmakan/api [49m[39m src/features/coupons/__tests__/feature.test.ts[2m > [22mCoupons Feature Module[2m > [22mGET /coupons[2m > [22mshould return paginated coupons with enhanced filters[32m 13[2mms[22m[39m
 [32m✓[39m [30m[42m @makanmakan/api [49m[39m src/features/coupons/__tests__/feature.test.ts[2m > [22mCoupons Feature Module[2m > [22mPOST /coupons/bulk[2m > [22mshould perform bulk activation[32m 6[2mms[22m[39m
 [32m✓[39m [30m[42m @makanmakan/api [49m[39m src/features/coupons/__tests__/feature.test.ts[2m > [22mCoupons Feature Module[2m > [22mPOST /coupons/bulk[2m > [22mshould deny access to coupons from different restaurant[32m 4[2mms[22m[39m
 [32m✓[39m [30m[42m @makanmakan/api [49m[39m src/features/coupons/__tests__/feature.test.ts[2m > [22mCoupons Feature Module[2m > [22mGET /coupons/:id/stats[2m > [22mshould return comprehensive coupon statistics[32m 3[2mms[22m[39m
 [32m✓[39m [30m[42m @makanmakan/api [49m[39m src/features/coupons/__tests__/feature.test.ts[2m > [22mCoupons Feature Module[2m > [22mGET /coupons/analytics/trends[2m > [22mshould return coupon usage trends[32m 49[2mms[22m[39m
 [32m✓[39m [30m[42m @makanmakan/api [49m[39m src/features/coupons/__tests__/feature.test.ts[2m > [22mCoupons Feature Module[2m > [22mError Handling[2m > [22mshould handle service errors gracefully[32m 60[2mms[22m[39m
 [32m✓[39m [30m[42m @makanmakan/api [49m[39m src/features/realtime/__tests__/RealtimeAuthService.test.ts[2m > [22mRealtimeAuthService[2m > [22mverifyWebSocketToken[2m > [22m應該成功驗證有效的 token[32m 48[2mms[22m[39m
 [32m✓[39m [30m[42m @makanmakan/api [49m[39m src/features/realtime/__tests__/RealtimeAuthService.test.ts[2m > [22mRealtimeAuthService[2m > [22mverifyWebSocketToken[2m > [22m應該拒絕過期的 token[32m 7[2mms[22m[39m
 [32m✓[39m [30m[42m @makanmakan/api [49m[39m src/features/realtime/__tests__/RealtimeAuthService.test.ts[2m > [22mRealtimeAuthService[2m > [22mverifyWebSocketToken[2m > [22m應該拒絕無效格式的 token[32m 2[2mms[22m[39m
 [32m✓[39m [30m[42m @makanmakan/api [49m[39m src/features/realtime/__tests__/RealtimeAuthService.test.ts[2m > [22mRealtimeAuthService[2m > [22mverifyWebSocketToken[2m > [22m應該拒絕缺少必要欄位的 token[32m 6[2mms[22m[39m
 [32m✓[39m [30m[42m @makanmakan/api [49m[39m src/features/realtime/__tests__/RealtimeAuthService.test.ts[2m > [22mRealtimeAuthService[2m > [22mverifyWebSocketToken[2m > [22m應該拒絕使用錯誤密鑰簽名的 token[32m 10[2mms[22m[39m
 [31m×[39m [30m[42m @makanmakan/api [49m[39m src/features/realtime/__tests__/RealtimeAuthService.test.ts[2m > [22mRealtimeAuthService[2m > [22mverifyTableExists[2m > [22m應該驗證存在的桌號[32m 120[2mms[22m[39m
[31m   → expected "spy" to be called with arguments: [ 'table_1', 1 ][90m

Received: 

[1m  1st spy call:

[22m[2m  [[22m
[2m    "table_1",[22m
[32m-   1,[90m
[31m+   "table_1",[90m
[31m+   "1",[90m
[2m  ][22m
[31m[90m

Number of calls: [1m1[22m
[31m[39m
 [32m✓[39m [30m[42m @makanmakan/api [49m[39m src/features/realtime/__tests__/RealtimeAuthService.test.ts[2m > [22mRealtimeAuthService[2m > [22mverifyTableExists[2m > [22m應該拒絕不存在的桌號[32m 2[2mms[22m[39m
 [32m✓[39m [30m[42m @makanmakan/api [49m[39m src/features/realtime/__tests__/RealtimeAuthService.test.ts[2m > [22mRealtimeAuthService[2m > [22mverifyTableExists[2m > [22m應該在數據庫錯誤時返回 false[32m 10[2mms[22m[39m
 [32m✓[39m [30m[42m @makanmakan/api [49m[39m src/features/realtime/__tests__/RealtimeAuthService.test.ts[2m > [22mRealtimeAuthService[2m > [22mverifySeatExists[2m > [22m應該驗證存在的座位[32m 16[2mms[22m[39m
 [32m✓[39m [30m[42m @makanmakan/api [49m[39m src/features/realtime/__tests__/RealtimeAuthService.test.ts[2m > [22mRealtimeAuthService[2m > [22mverifySeatExists[2m > [22m應該拒絕不存在的座位[32m 8[2mms[22m[39m
 [32m✓[39m [30m[42m @makanmakan/api [49m[39m src/features/realtime/__tests__/RealtimeAuthService.test.ts[2m > [22mRealtimeAuthService[2m > [22mverifySeatExists[2m > [22m應該在數據庫錯誤時返回 false[32m 4[2mms[22m[39m
 [32m✓[39m [30m[42m @makanmakan/api [49m[39m src/features/realtime/__tests__/RealtimeAuthService.test.ts[2m > [22mRealtimeAuthService[2m > [22mdetermineRole[2m > [22m應該為 customer roomType 返回 customer 角色[32m 26[2mms[22m[39m
 [32m✓[39m [30m[42m @makanmakan/api [49m[39m src/features/realtime/__tests__/RealtimeAuthService.test.ts[2m > [22mRealtimeAuthService[2m > [22mdetermineRole[2m > [22m應該為 kitchen roomType 返回 staff 角色[32m 5[2mms[22m[39m
 [32m✓[39m [30m[42m @makanmakan/api [49m[39m src/features/realtime/__tests__/RealtimeAuthService.test.ts[2m > [22mRealtimeAuthService[2m > [22mdetermineRole[2m > [22m應該為 admin roomType 返回 admin 角色[32m 6[2mms[22m[39m
 [32m✓[39m [30m[42m @makanmakan/api [49m[39m src/features/realtime/__tests__/RealtimeAuthService.test.ts[2m > [22mRealtimeAuthService[2m > [22mdetermineRole[2m > [22m應該為 restaurant roomType 返回 admin 角色[32m 2[2mms[22m[39m
 [32m✓[39m [30m[42m @makanmakan/api [49m[39m src/features/realtime/__tests__/RealtimeAuthService.test.ts[2m > [22mRealtimeAuthService[2m > [22mbuildWebSocketUrl[2m > [22m應該構建正確的 WebSocket URL[32m 3[2mms[22m[39m
[90mstderr[2m | src/features/cache/__tests__/feature.test.ts[2m > [22m[2mCache Feature[2m > [22m[2mCacheService[2m > [22m[2mError Handling[2m > [22m[2mshould handle KV errors gracefully
[22m[39mCache get error: Error: KV Error
    at [90mC:\Users\minim\OneDrive\文档\Code\platform\makanmakan\[39mapps\api\src\features\cache\__tests__\feature.test.ts:215:42
    at [90mfile:///C:/Users/minim/OneDrive/%E6%96%87%E6%A1%A3/Code/platform/makanmakan/[39mnode_modules/[4m.pnpm[24m/@vitest+runner@3.2.4/node_modules/[4m@vitest[24m/runner/dist/chunk-hooks.js:155:11
    at [90mfile:///C:/Users/minim/OneDrive/%E6%96%87%E6%A1%A3/Code/platform/makanmakan/[39mnode_modules/[4m.pnpm[24m/@vitest+runner@3.2.4/node_modules/[4m@vitest[24m/runner/dist/chunk-hooks.js:752:26
    at [90mfile:///C:/Users/minim/OneDrive/%E6%96%87%E6%A1%A3/Code/platform/makanmakan/[39mnode_modules/[4m.pnpm[24m/@vitest+runner@3.2.4/node_modules/[4m@vitest[24m/runner/dist/chunk-hooks.js:1897:20
    at new Promise (<anonymous>)
    at runWithTimeout [90m(file:///C:/Users/minim/OneDrive/%E6%96%87%E6%A1%A3/Code/platform/makanmakan/[39mnode_modules/[4m.pnpm[24m/@vitest+runner@3.2.4/node_modules/[4m@vitest[24m/runner/dist/chunk-hooks.js:1863:10[90m)[39m
    at runTest [90m(file:///C:/Users/minim/OneDrive/%E6%96%87%E6%A1%A3/Code/platform/makanmakan/[39mnode_modules/[4m.pnpm[24m/@vitest+runner@3.2.4/node_modules/[4m@vitest[24m/runner/dist/chunk-hooks.js:1574:12[90m)[39m
[90m    at processTicksAndRejections (node:internal/process/task_queues:105:5)[39m
    at runSuite [90m(file:///C:/Users/minim/OneDrive/%E6%96%87%E6%A1%A3/Code/platform/makanmakan/[39mnode_modules/[4m.pnpm[24m/@vitest+runner@3.2.4/node_modules/[4m@vitest[24m/runner/dist/chunk-hooks.js:1729:8[90m)[39m
    at runSuite [90m(file:///C:/Users/minim/OneDrive/%E6%96%87%E6%A1%A3/Code/platform/makanmakan/[39mnode_modules/[4m.pnpm[24m/@vitest+runner@3.2.4/node_modules/[4m@vitest[24m/runner/dist/chunk-hooks.js:1729:8[90m)[39m

[90mstderr[2m | src/features/cache/__tests__/feature.test.ts[2m > [22m[2mCache Feature[2m > [22m[2mCacheService[2m > [22m[2mError Handling[2m > [22m[2mshould handle set errors gracefully
[22m[39mCache set error: Error: KV Put Error
    at [90mC:\Users\minim\OneDrive\文档\Code\platform\makanmakan\[39mapps\api\src\features\cache\__tests__\feature.test.ts:228:42
    at [90mfile:///C:/Users/minim/OneDrive/%E6%96%87%E6%A1%A3/Code/platform/makanmakan/[39mnode_modules/[4m.pnpm[24m/@vitest+runner@3.2.4/node_modules/[4m@vitest[24m/runner/dist/chunk-hooks.js:155:11
    at [90mfile:///C:/Users/minim/OneDrive/%E6%96%87%E6%A1%A3/Code/platform/makanmakan/[39mnode_modules/[4m.pnpm[24m/@vitest+runner@3.2.4/node_modules/[4m@vitest[24m/runner/dist/chunk-hooks.js:752:26
    at [90mfile:///C:/Users/minim/OneDrive/%E6%96%87%E6%A1%A3/Code/platform/makanmakan/[39mnode_modules/[4m.pnpm[24m/@vitest+runner@3.2.4/node_modules/[4m@vitest[24m/runner/dist/chunk-hooks.js:1897:20
    at new Promise (<anonymous>)
    at runWithTimeout [90m(file:///C:/Users/minim/OneDrive/%E6%96%87%E6%A1%A3/Code/platform/makanmakan/[39mnode_modules/[4m.pnpm[24m/@vitest+runner@3.2.4/node_modules/[4m@vitest[24m/runner/dist/chunk-hooks.js:1863:10[90m)[39m
    at runTest [90m(file:///C:/Users/minim/OneDrive/%E6%96%87%E6%A1%A3/Code/platform/makanmakan/[39mnode_modules/[4m.pnpm[24m/@vitest+runner@3.2.4/node_modules/[4m@vitest[24m/runner/dist/chunk-hooks.js:1574:12[90m)[39m
[90m    at processTicksAndRejections (node:internal/process/task_queues:105:5)[39m
    at runSuite [90m(file:///C:/Users/minim/OneDrive/%E6%96%87%E6%A1%A3/Code/platform/makanmakan/[39mnode_modules/[4m.pnpm[24m/@vitest+runner@3.2.4/node_modules/[4m@vitest[24m/runner/dist/chunk-hooks.js:1729:8[90m)[39m
    at runSuite [90m(file:///C:/Users/minim/OneDrive/%E6%96%87%E6%A1%A3/Code/platform/makanmakan/[39mnode_modules/[4m.pnpm[24m/@vitest+runner@3.2.4/node_modules/[4m@vitest[24m/runner/dist/chunk-hooks.js:1729:8[90m)[39m

 [32m✓[39m [30m[42m @makanmakan/api [49m[39m src/features/cache/__tests__/feature.test.ts[2m > [22mCache Feature[2m > [22mCacheService[2m > [22mBasic Operations[2m > [22mshould set and get cache values[32m 15[2mms[22m[39m
 [32m✓[39m [30m[42m @makanmakan/api [49m[39m src/features/cache/__tests__/feature.test.ts[2m > [22mCache Feature[2m > [22mCacheService[2m > [22mBasic Operations[2m > [22mshould return null for non-existent keys[32m 5[2mms[22m[39m
 [32m✓[39m [30m[42m @makanmakan/api [49m[39m src/features/cache/__tests__/feature.test.ts[2m > [22mCache Feature[2m > [22mCacheService[2m > [22mBasic Operations[2m > [22mshould delete cache entries[32m 9[2mms[22m[39m
 [32m✓[39m [30m[42m @makanmakan/api [49m[39m src/features/cache/__tests__/feature.test.ts[2m > [22mCache Feature[2m > [22mCacheService[2m > [22mCache Strategies[2m > [22mshould apply correct TTL for different strategies[32m 6[2mms[22m[39m
 [32m✓[39m [30m[42m @makanmakan/api [49m[39m src/features/cache/__tests__/feature.test.ts[2m > [22mCache Feature[2m > [22mCacheService[2m > [22mCache Strategies[2m > [22mshould handle different cache priorities[32m 2[2mms[22m[39m
 [32m✓[39m [30m[42m @makanmakan/api [49m[39m src/features/cache/__tests__/feature.test.ts[2m > [22mCache Feature[2m > [22mCacheService[2m > [22mCache Tags and Invalidation[2m > [22mshould invalidate cache by tags[32m 5[2mms[22m[39m
 [32m✓[39m [30m[42m @makanmakan/api [49m[39m src/features/cache/__tests__/feature.test.ts[2m > [22mCache Feature[2m > [22mCacheService[2m > [22mCache Statistics[2m > [22mshould track hit and miss statistics[32m 2[2mms[22m[39m
 [32m✓[39m [30m[42m @makanmakan/api [49m[39m src/features/cache/__tests__/feature.test.ts[2m > [22mCache Feature[2m > [22mCacheService[2m > [22mCache Statistics[2m > [22mshould calculate hit rate correctly[32m 3[2mms[22m[39m
 [32m✓[39m [30m[42m @makanmakan/api [49m[39m src/features/cache/__tests__/feature.test.ts[2m > [22mCache Feature[2m > [22mCacheService[2m > [22mCache Cleanup[2m > [22mshould cleanup expired entries[32m 3[2mms[22m[39m
 [32m✓[39m [30m[42m @makanmakan/api [49m[39m src/features/cache/__tests__/feature.test.ts[2m > [22mCache Feature[2m > [22mCacheService[2m > [22mCache Warmup[2m > [22mshould warm up cache with multiple entries[32m 4[2mms[22m[39m
 [32m✓[39m [30m[42m @makanmakan/api [49m[39m src/features/cache/__tests__/feature.test.ts[2m > [22mCache Feature[2m > [22mCacheService[2m > [22mError Handling[2m > [22mshould handle KV errors gracefully[32m 33[2mms[22m[39m
 [32m✓[39m [30m[42m @makanmakan/api [49m[39m src/features/cache/__tests__/feature.test.ts[2m > [22mCache Feature[2m > [22mCacheService[2m > [22mError Handling[2m > [22mshould handle set errors gracefully[32m 11[2mms[22m[39m
 [32m✓[39m [30m[42m @makanmakan/api [49m[39m src/features/cache/__tests__/feature.test.ts[2m > [22mCache Feature[2m > [22mCache Strategies Configuration[2m > [22mshould have all required cache strategies[32m 7[2mms[22m[39m
 [32m✓[39m [30m[42m @makanmakan/api [49m[39m src/features/cache/__tests__/feature.test.ts[2m > [22mCache Feature[2m > [22mCache Strategies Configuration[2m > [22mshould have reasonable TTL values[32m 2[2mms[22m[39m
 [32m✓[39m [30m[42m @makanmakan/api [49m[39m src/features/cache/__tests__/feature.test.ts[2m > [22mCache Feature[2m > [22mCache Strategies Configuration[2m > [22mshould have proper tag configurations[32m 3[2mms[22m[39m
 [32m✓[39m [30m[42m @makanmakan/api [49m[39m src/services/__tests__/broadcast-integration.test.ts[2m > [22mBroadcast Integration Tests[2m > [22m新訂單廣播[2m > [22m應該成功廣播新訂單事件[32m 23[2mms[22m[39m
 [32m✓[39m [30m[42m @makanmakan/api [49m[39m src/services/__tests__/broadcast-integration.test.ts[2m > [22mBroadcast Integration Tests[2m > [22m新訂單廣播[2m > [22m應該廣播到正確的餐廳房間[32m 2[2mms[22m[39m
 [32m✓[39m [30m[42m @makanmakan/api [49m[39m src/services/__tests__/broadcast-integration.test.ts[2m > [22mBroadcast Integration Tests[2m > [22m訂單狀態更新廣播[2m > [22m應該廣播訂單狀態變更[32m 12[2mms[22m[39m
 [32m✓[39m [30m[42m @makanmakan/api [49m[39m src/services/__tests__/broadcast-integration.test.ts[2m > [22mBroadcast Integration Tests[2m > [22m廚房事件廣播[2m > [22m應該廣播廚房項目狀態[32m 8[2mms[22m[39m
 [32m✓[39m [30m[42m @makanmakan/api [49m[39m src/services/__tests__/broadcast-integration.test.ts[2m > [22mBroadcast Integration Tests[2m > [22m菜單可用性廣播[2m > [22m應該廣播菜單項目售罄[32m 6[2mms[22m[39m
 [32m✓[39m [30m[42m @makanmakan/api [49m[39m src/services/__tests__/broadcast-integration.test.ts[2m > [22mBroadcast Integration Tests[2m > [22m多重廣播[2m > [22m應該處理多個連續廣播[32m 9[2mms[22m[39m
 [32m✓[39m [30m[42m @makanmakan/api [49m[39m src/services/__tests__/broadcast-integration.test.ts[2m > [22mBroadcast Integration Tests[2m > [22m連接統計[2m > [22m應該查詢房間連接統計[32m 4[2mms[22m[39m
 [32m✓[39m [30m[42m @makanmakan/api [49m[39m src/services/__tests__/broadcast-integration.test.ts[2m > [22mBroadcast Integration Tests[2m > [22m連接統計[2m > [22m應該包含連接詳情[32m 5[2mms[22m[39m
 [32m✓[39m [30m[42m @makanmakan/api [49m[39m src/services/__tests__/broadcast-integration.test.ts[2m > [22mBroadcast Integration Tests[2m > [22m錯誤處理[2m > [22m應該處理無效的廣播請求[32m 2[2mms[22m[39m
 [32m✓[39m [30m[42m @makanmakan/api [49m[39m src/services/__tests__/broadcast-integration.test.ts[2m > [22mBroadcast Integration Tests[2m > [22m錯誤處理[2m > [22m應該處理網絡錯誤[32m 1[2mms[22m[39m
 [32m✓[39m [30m[42m @makanmakan/api [49m[39m src/services/__tests__/broadcast-integration.test.ts[2m > [22mBroadcast Integration Tests[2m > [22m並發廣播[2m > [22m應該處理並發廣播請求[32m 6[2mms[22m[39m
[90mstdout[2m | src/__tests__/sse.test.ts
[22m[39m[sse] INFO: sse module initialized { version: [32m'1.0.0'[39m }

 [32m✓[39m [30m[42m @makanmakan/api [49m[39m src/__tests__/sse.test.ts[2m > [22mSSE Routes[2m > [22mPOST /broadcast/order-update[2m > [22mshould successfully broadcast order update with authentication[32m 99[2mms[22m[39m
 [32m✓[39m [30m[42m @makanmakan/api [49m[39m src/__tests__/sse.test.ts[2m > [22mSSE Routes[2m > [22mGET /connections[2m > [22mshould reject request without authentication[32m 84[2mms[22m[39m
 [32m✓[39m [30m[42m @makanmakan/api [49m[39m src/__tests__/sse.test.ts[2m > [22mSSE Routes[2m > [22mPOST /broadcast-test[2m > [22mshould reject test endpoint in production[32m 6[2mms[22m[39m
 [32m✓[39m [30m[42m @makanmakan/api [49m[39m src/__tests__/sse.test.ts[2m > [22mSSE Routes[2m > [22mSSE Event Broadcasting Logic[2m > [22mshould format SSE events correctly[32m 2[2mms[22m[39m
 [32m✓[39m [30m[42m @makanmakan/api [49m[39m src/__tests__/sse.test.ts[2m > [22mSSE Routes[2m > [22mSSE Event Broadcasting Logic[2m > [22mshould determine target roles correctly for different order statuses[32m 3[2mms[22m[39m
 [32m✓[39m [30m[42m @makanmakan/api [49m[39m src/__tests__/auth.test.ts[2m > [22mAuth Routes[2m > [22mPOST /login[2m > [22mshould successfully login with valid credentials[32m 58[2mms[22m[39m
 [32m✓[39m [30m[42m @makanmakan/api [49m[39m src/__tests__/auth.test.ts[2m > [22mAuth Routes[2m > [22mPOST /login[2m > [22mshould reject login with invalid credentials[32m 17[2mms[22m[39m
 [32m✓[39m [30m[42m @makanmakan/api [49m[39m src/__tests__/auth.test.ts[2m > [22mAuth Routes[2m > [22mPOST /login[2m > [22mshould reject login with wrong password[32m 16[2mms[22m[39m
 [32m✓[39m [30m[42m @makanmakan/api [49m[39m src/__tests__/auth.test.ts[2m > [22mAuth Routes[2m > [22mPOST /login[2m > [22mshould reject login with missing credentials[32m 6[2mms[22m[39m
 [32m✓[39m [30m[42m @makanmakan/api [49m[39m src/__tests__/auth.test.ts[2m > [22mAuth Routes[2m > [22mPOST /register[2m > [22mshould reject registration without authentication[32m 21[2mms[22m[39m
 [32m✓[39m [30m[42m @makanmakan/api [49m[39m src/__tests__/auth.test.ts[2m > [22mAuth Routes[2m > [22mGET /me[2m > [22mshould reject request without authentication[32m 20[2mms[22m[39m
[90mstdout[2m | tests/integration/cross-service/api-realtime-db.test.ts[2m > [22m[2mAPI + Realtime + Database Integration
[22m[39m🧹 Cleaning up Integration Test Environment...

[90mstdout[2m | tests/integration/cross-service/api-realtime-db.test.ts[2m > [22m[2mAPI + Realtime + Database Integration
[22m[39m✅ Cleanup Complete

 [2m[90m↓[39m[22m [30m[42m root [49m[39m tests/integration/cross-service/api-realtime-db.test.ts[2m > [22mAPI + Realtime + Database Integration[2m > [22mOrder Creation Flow[2m > [22mshould create order via API and receive realtime notification
 [2m[90m↓[39m[22m [30m[42m root [49m[39m tests/integration/cross-service/api-realtime-db.test.ts[2m > [22mAPI + Realtime + Database Integration[2m > [22mOrder Creation Flow[2m > [22mshould handle order status updates across all layers
 [2m[90m↓[39m[22m [30m[42m root [49m[39m tests/integration/cross-service/api-realtime-db.test.ts[2m > [22mAPI + Realtime + Database Integration[2m > [22mMenu Updates Flow[2m > [22mshould sync menu updates across API, DB, and Realtime
 [2m[90m↓[39m[22m [30m[42m root [49m[39m tests/integration/cross-service/api-realtime-db.test.ts[2m > [22mAPI + Realtime + Database Integration[2m > [22mTable Management Flow[2m > [22mshould sync table status across all layers
 [2m[90m↓[39m[22m [30m[42m root [49m[39m tests/integration/cross-service/api-realtime-db.test.ts[2m > [22mAPI + Realtime + Database Integration[2m > [22mPerformance Across Services[2m > [22mshould complete order creation within performance budget
 [2m[90m↓[39m[22m [30m[42m root [49m[39m tests/integration/cross-service/api-realtime-db.test.ts[2m > [22mAPI + Realtime + Database Integration[2m > [22mPerformance Across Services[2m > [22mshould handle concurrent orders efficiently
 [2m[90m↓[39m[22m [30m[42m root [49m[39m tests/integration/cross-service/api-realtime-db.test.ts[2m > [22mAPI + Realtime + Database Integration[2m > [22mError Handling and Recovery[2m > [22mshould handle database errors gracefully
 [2m[90m↓[39m[22m [30m[42m root [49m[39m tests/integration/cross-service/api-realtime-db.test.ts[2m > [22mAPI + Realtime + Database Integration[2m > [22mError Handling and Recovery[2m > [22mshould maintain data consistency after partial failures
 [2m[90m↓[39m[22m [30m[42m root [49m[39m tests/integration/cross-service/api-realtime-db.test.ts[2m > [22mAPI + Realtime + Database Integration[2m > [22mWebSocket Reconnection[2m > [22mshould handle WebSocket disconnection and reconnection
 [32m✓[39m [30m[42m root [49m[39m tests/unit/utils/format.test.ts[2m > [22mFormat Utils[2m > [22mformatPrice[2m > [22m正確格式化價格[32m 183[2mms[22m[39m
 [32m✓[39m [30m[42m root [49m[39m tests/unit/utils/format.test.ts[2m > [22mFormat Utils[2m > [22mformatPrice[2m > [22m處理小數點[32m 4[2mms[22m[39m
 [32m✓[39m [30m[42m root [49m[39m tests/unit/utils/format.test.ts[2m > [22mFormat Utils[2m > [22mformatPrice[2m > [22m處理大數字[32m 3[2mms[22m[39m
 [32m✓[39m [30m[42m root [49m[39m tests/unit/utils/format.test.ts[2m > [22mFormat Utils[2m > [22mformatPrice[2m > [22m處理負數[32m 1[2mms[22m[39m
 [32m✓[39m [30m[42m root [49m[39m tests/unit/utils/format.test.ts[2m > [22mFormat Utils[2m > [22mformatDate[2m > [22m正確格式化日期[32m 4[2mms[22m[39m
 [32m✓[39m [30m[42m root [49m[39m tests/unit/utils/format.test.ts[2m > [22mFormat Utils[2m > [22mformatDate[2m > [22m處理字串日期[32m 1[2mms[22m[39m
 [32m✓[39m [30m[42m root [49m[39m tests/unit/utils/format.test.ts[2m > [22mFormat Utils[2m > [22mformatDate[2m > [22m處理不同時間[32m 1[2mms[22m[39m
 [32m✓[39m [30m[42m root [49m[39m tests/unit/utils/format.test.ts[2m > [22mFormat Utils[2m > [22mformatDate[2m > [22m處理月份和日期的補零[32m 0[2mms[22m[39m
 [32m✓[39m [30m[42m root [49m[39m tests/unit/utils/format.test.ts[2m > [22mFormat Utils[2m > [22mformatOrderStatus[2m > [22m正確格式化訂單狀態[32m 2[2mms[22m[39m
 [32m✓[39m [30m[42m root [49m[39m tests/unit/utils/format.test.ts[2m > [22mFormat Utils[2m > [22mformatOrderStatus[2m > [22m處理未知狀態[32m 1[2mms[22m[39m
 [32m✓[39m [30m[42m root [49m[39m tests/unit/utils/format.test.ts[2m > [22mFormat Utils[2m > [22mformatOrderStatus[2m > [22m處理大小寫[32m 0[2mms[22m[39m
 [32m✓[39m [30m[42m root [49m[39m tests/unit/utils/format.test.ts[2m > [22mFormat Utils[2m > [22m邊界情況測試[2m > [22mformatPrice 處理極值[32m 1[2mms[22m[39m
 [32m✓[39m [30m[42m root [49m[39m tests/unit/utils/format.test.ts[2m > [22mFormat Utils[2m > [22m邊界情況測試[2m > [22mformatDate 處理無效日期[32m 0[2mms[22m[39m
 [32m✓[39m [30m[42m root [49m[39m tests/unit/utils/format.test.ts[2m > [22mFormat Utils[2m > [22m邊界情況測試[2m > [22mformatOrderStatus 處理 null/undefined[32m 0[2mms[22m[39m
 [2m[90m↓[39m[22m [30m[42m root [49m[39m tests/integration/e2e-scenarios/complete-ordering-flow.test.ts[2m > [22mComplete Ordering Flow - E2E Test[2m > [22mshould complete full ordering flow from scan to payment
[90mstdout[2m | tests/integration/e2e-scenarios/complete-ordering-flow.test.ts[2m > [22m[2mComplete Ordering Flow - E2E Test
[22m[39m🧹 Cleaning up Integration Test Environment...

[90mstdout[2m | tests/integration/e2e-scenarios/complete-ordering-flow.test.ts[2m > [22m[2mComplete Ordering Flow - E2E Test
[22m[39m✅ Cleanup Complete

[90mstdout[2m | tests/integration/e2e-scenarios/complete-ordering-flow.test.ts[2m > [22m[2mComplete Ordering Flow - E2E Test
[22m[39m\n📊 End-to-End Performance Summary:
   🔍 Scan to Menu: 0.00ms
   🛒 Menu to Order: 0.00ms
   🔔 Order to Kitchen: 0.00ms
   👨‍🍳 Kitchen to Complete: 0.00ms
   💰 Complete to Payment: 0.00ms
   ⏱️  Total Time: 0.00ms


 [2m[90m↓[39m[22m [30m[42m root [49m[39m tests/integration/e2e-scenarios/complete-ordering-flow.test.ts[2m > [22mComplete Ordering Flow - E2E Test[2m > [22mshould handle concurrent orders efficiently
 [2m[90m↓[39m[22m [30m[42m root [49m[39m tests/integration/e2e-scenarios/complete-ordering-flow.test.ts[2m > [22mComplete Ordering Flow - E2E Test[2m > [22mshould handle errors gracefully throughout the flow
 [2m[90m↓[39m[22m [30m[42m root [49m[39m tests/integration/e2e-scenarios/complete-ordering-flow.test.ts[2m > [22mComplete Ordering Flow - E2E Test[2m > [22mshould recover from WebSocket disconnection
 [2m[90m↓[39m[22m [30m[42m root [49m[39m tests/integration/e2e-scenarios/complete-ordering-flow.test.ts[2m > [22mComplete Ordering Flow - E2E Test[2m > [22mshould meet performance standards
 [32m✓[39m [30m[42m @makanmakan/api [49m[39m src/features/orders/__tests__/realtime-integration.test.ts[2m > [22mOrders + Realtime Integration[2m > [22mcreateOrder - Realtime Integration[2m > [22m應該在創建訂單後廣播 NEW_ORDER 事件[32m 68[2mms[22m[39m
 [32m✓[39m [30m[42m @makanmakan/api [49m[39m src/features/orders/__tests__/realtime-integration.test.ts[2m > [22mOrders + Realtime Integration[2m > [22mcreateOrder - Realtime Integration[2m > [22m應該即使廣播失敗也能成功創建訂單[32m 28[2mms[22m[39m
 [32m✓[39m [30m[42m @makanmakan/api [49m[39m src/features/orders/__tests__/realtime-integration.test.ts[2m > [22mOrders + Realtime Integration[2m > [22mupdateOrderStatus - Realtime Integration[2m > [22m應該在更新訂單狀態後廣播 ORDER_STATUS_UPDATE 事件[32m 17[2mms[22m[39m
 [32m✓[39m [30m[42m @makanmakan/api [49m[39m src/features/orders/__tests__/realtime-integration.test.ts[2m > [22mOrders + Realtime Integration[2m > [22mbroadcastOrderUpdate[2m > [22m應該正確處理訂單更新事件[32m 21[2mms[22m[39m
 [32m✓[39m [30m[42m @makanmakan/api [49m[39m src/features/orders/__tests__/realtime-integration.test.ts[2m > [22mOrders + Realtime Integration[2m > [22mbroadcastOrderUpdate[2m > [22m應該在訂單不存在時不廣播[32m 22[2mms[22m[39m
 [32m✓[39m [30m[42m @makanmakan/api [49m[39m src/features/orders/__tests__/realtime-integration.test.ts[2m > [22mOrders + Realtime Integration[2m > [22mEvent Data Mapping[2m > [22m應該正確映射訂單項目到事件資料[32m 9[2mms[22m[39m
[90mstdout[2m | src/features/group-orders/__tests__/e2e.test.ts[2m > [22m[2mGroup Orders E2E Tests[2m > [22m[2mGET /api/v1/orders/group/:groupOrderId/activities - Get Activities[2m > [22m[2mshould return activities in chronological order (newest first)
[22m[39m[SharedMockDB] EXEC executed successfully

[90mstdout[2m | src/features/group-orders/__tests__/e2e.test.ts[2m > [22m[2mGroup Orders E2E Tests[2m > [22m[2mGET /api/v1/orders/group/:groupOrderId/activities - Get Activities[2m > [22m[2mshould return activities in chronological order (newest first)
[22m[39m[SharedMockDB] EXEC executed successfully

[90mstdout[2m | src/features/group-orders/__tests__/e2e.test.ts[2m > [22m[2mGroup Orders E2E Tests[2m > [22m[2mGET /api/v1/orders/group/:groupOrderId/activities - Get Activities[2m > [22m[2mshould return activities in chronological order (newest first)
[22m[39m[SharedMockDB] EXEC executed successfully

[90mstdout[2m | src/features/group-orders/__tests__/e2e.test.ts[2m > [22m[2mGroup Orders E2E Tests[2m > [22m[2mGET /api/v1/orders/group/:groupOrderId/activities - Get Activities[2m > [22m[2mshould return activities in chronological order (newest first)
[22m[39m[SharedMockDB] EXEC executed successfully

[90mstdout[2m | src/features/group-orders/__tests__/e2e.test.ts[2m > [22m[2mGroup Orders E2E Tests[2m > [22m[2mGET /api/v1/orders/group/:groupOrderId/activities - Get Activities[2m > [22m[2mshould return activities in chronological order (newest first)
[22m[39m[SharedMockDB] EXEC executed successfully

[90mstdout[2m | src/features/group-orders/__tests__/e2e.test.ts[2m > [22m[2mGroup Orders E2E Tests[2m > [22m[2mGET /api/v1/orders/group/:groupOrderId/activities - Get Activities[2m > [22m[2mshould return activities in chronological order (newest first)
[22m[39m[API_V1] POST /api/v1/orders/group/create

[90mstdout[2m | src/features/group-orders/__tests__/e2e.test.ts[2m > [22m[2mGroup Orders E2E Tests[2m > [22m[2mGET /api/v1/orders/group/:groupOrderId/activities - Get Activities[2m > [22m[2mshould return activities in chronological order (newest first)
[22m[39m[group-orders] Creating group order { restaurantId: [33m1[39m, hostId: [33m2[39m }
[SharedMockDB] RUN executed: {
  sql: [32m'\n'[39m +
    [32m'        INSERT INTO group_orders (\n'[39m +
    [32m'          id, restaurant_id, table_id, share_code, created_by,\n'[39m +
    [32m' '[39m,
  changes: [33m1[39m,
  lastInsertRowid: [33m1[39m
}

[90mstdout[2m | src/features/group-orders/__tests__/e2e.test.ts[2m > [22m[2mGroup Orders E2E Tests[2m > [22m[2mGET /api/v1/orders/group/:groupOrderId/activities - Get Activities[2m > [22m[2mshould return activities in chronological order (newest first)
[22m[39m[SharedMockDB] RUN executed: {
  sql: [32m'\n'[39m +
    [32m'        INSERT INTO group_members (\n'[39m +
    [32m'          id, group_order_id, session_id, name, role,\n'[39m +
    [32m'         '[39m,
  changes: [33m1[39m,
  lastInsertRowid: [33m1[39m
}

[90mstdout[2m | src/features/group-orders/__tests__/e2e.test.ts[2m > [22m[2mGroup Orders E2E Tests[2m > [22m[2mGET /api/v1/orders/group/:groupOrderId/activities - Get Activities[2m > [22m[2mshould return activities in chronological order (newest first)
[22m[39m[SharedMockDB] RUN executed: {
  sql: [32m'\n'[39m +
    [32m'      INSERT INTO group_activity_logs (\n'[39m +
    [32m'        id, group_order_id, member_id, action, description,'[39m,
  changes: [33m1[39m,
  lastInsertRowid: [33m1[39m
}

[90mstdout[2m | src/features/group-orders/__tests__/e2e.test.ts[2m > [22m[2mGroup Orders E2E Tests[2m > [22m[2mGET /api/v1/orders/group/:groupOrderId/activities - Get Activities[2m > [22m[2mshould return activities in chronological order (newest first)
[22m[39m[SharedMockDB] FIRST executed: {
  sql: [32m'\n        SELECT * FROM group_members WHERE id = ?\n      '[39m,
  hasResult: [33mtrue[39m
}

[90mstdout[2m | src/features/group-orders/__tests__/e2e.test.ts[2m > [22m[2mGroup Orders E2E Tests[2m > [22m[2mGET /api/v1/orders/group/:groupOrderId/activities - Get Activities[2m > [22m[2mshould return activities in chronological order (newest first)
[22m[39m[group-orders] Group order created successfully {
  groupOrderId: [32m'27d07c1f-d439-4f9e-a436-e789169f2287'[39m,
  shareCode: [32m'P0NVEXRM'[39m
}
[group-orders] createGroupOrder took 6ms

 [31m×[39m [30m[42m @makanmakan/api [49m[39m src/features/group-orders/__tests__/e2e.test.ts[2m > [22mGroup Orders E2E Tests[2m > [22mGET /api/v1/orders/group/:groupOrderId/activities - Get Activities[2m > [22mshould get all activities for the group[33m 10049[2mms[22m[39m
[31m   → Hook timed out in 10000ms.
If this is a long-running hook, pass a timeout value as the last argument or configure it globally with "hookTimeout".[39m
 [32m✓[39m [30m[42m @makanmakan/api [49m[39m src/features/users/__tests__/feature.test.ts[2m > [22mUsers Feature Module[2m > [22mUsersService[2m > [22mcanManageUser[2m > [22madmin can manage all users[32m 45[2mms[22m[39m
 [32m✓[39m [30m[42m @makanmakan/api [49m[39m src/features/users/__tests__/feature.test.ts[2m > [22mUsers Feature Module[2m > [22mUsersService[2m > [22mcanManageUser[2m > [22mowner can only manage restaurant staff[32m 14[2mms[22m[39m
 [32m✓[39m [30m[42m @makanmakan/api [49m[39m src/features/users/__tests__/feature.test.ts[2m > [22mUsers Feature Module[2m > [22mUsersService[2m > [22mcanManageUser[2m > [22mother roles cannot manage users[32m 26[2mms[22m[39m
 [32m✓[39m [30m[42m @makanmakan/api [49m[39m src/features/users/__tests__/feature.test.ts[2m > [22mUsers Feature Module[2m > [22mUsersService[2m > [22mcanViewUser[2m > [22madmin can view all users[32m 9[2mms[22m[39m
 [32m✓[39m [30m[42m @makanmakan/api [49m[39m src/features/users/__tests__/feature.test.ts[2m > [22mUsers Feature Module[2m > [22mUsersService[2m > [22mcanViewUser[2m > [22muser can view themselves[32m 43[2mms[22m[39m
 [32m✓[39m [30m[42m @makanmakan/api [49m[39m src/features/users/__tests__/feature.test.ts[2m > [22mUsers Feature Module[2m > [22mUsersService[2m > [22mcanViewUser[2m > [22mowner can view restaurant staff[32m 18[2mms[22m[39m
 [32m✓[39m [30m[42m @makanmakan/api [49m[39m src/features/users/__tests__/feature.test.ts[2m > [22mUsers Feature Module[2m > [22mUsersService[2m > [22mformatUser[2m > [22mformats user data correctly[32m 24[2mms[22m[39m
 [32m✓[39m [30m[42m @makanmakan/api [49m[39m src/features/users/__tests__/feature.test.ts[2m > [22mUsers Feature Module[2m > [22mUsersService[2m > [22mformatUser[2m > [22mhandles unknown roles gracefully[32m 7[2mms[22m[39m
 [32m✓[39m [30m[42m @makanmakan/api [49m[39m src/features/users/__tests__/feature.test.ts[2m > [22mUsers Feature Module[2m > [22mPermission Validation[2m > [22mrole hierarchy is correctly enforced[32m 6[2mms[22m[39m
[90mstdout[2m | src/features/monitoring/__tests__/feature.test.ts[2m > [22m[2mMonitoring Feature[2m > [22m[2mMonitoringService[2m > [22m[2mshould record errors with appropriate severity
[22m[39m[monitoring] INFO: ALERT [CRITICAL]: CRITICAL: test_error - Test error message 

[90mstdout[2m | src/features/monitoring/__tests__/feature.test.ts[2m > [22m[2mMonitoring Feature[2m > [22m[2mMonitoringService[2m > [22m[2mshould record errors with appropriate severity
[22m[39m[monitoring] INFO: Error recorded: [critical] test_error: Test error message 

[90mstdout[2m | src/features/monitoring/__tests__/feature.test.ts[2m > [22m[2mMonitoring Feature[2m > [22m[2mMonitoringService[2m > [22m[2mshould create alert rule
[22m[39m[monitoring] INFO: Alert rule created: Test Alert { id: [32m'alert_1763311948625_xslgsfmzd'[39m }

[90mstdout[2m | src/features/monitoring/__tests__/feature.test.ts[2m > [22m[2mMonitoring Feature[2m > [22m[2mMonitoringService[2m > [22m[2mshould reset metrics
[22m[39m[monitoring] INFO: System metrics reset 

[90mstderr[2m | src/features/monitoring/__tests__/feature.test.ts[2m > [22m[2mMonitoring Feature[2m > [22m[2mMonitoringService[2m > [22m[2mshould handle errors gracefully
[22m[39m[monitoring] ERROR: Save metrics error Error: KV error
    at C:\Users\minim\OneDrive\文档\Code\platform\makanmakan\apps\api\src\features\monitoring\__tests__\feature.test.ts:192:36
    at file:///C:/Users/minim/OneDrive/%E6%96%87%E6%A1%A3/Code/platform/makanmakan/node_modules/.pnpm/@vitest+runner@3.2.4/node_modules/@vitest/runner/dist/chunk-hooks.js:155:11
    at file:///C:/Users/minim/OneDrive/%E6%96%87%E6%A1%A3/Code/platform/makanmakan/node_modules/.pnpm/@vitest+runner@3.2.4/node_modules/@vitest/runner/dist/chunk-hooks.js:752:26
    at file:///C:/Users/minim/OneDrive/%E6%96%87%E6%A1%A3/Code/platform/makanmakan/node_modules/.pnpm/@vitest+runner@3.2.4/node_modules/@vitest/runner/dist/chunk-hooks.js:1897:20
    at new Promise (<anonymous>)
    at runWithTimeout (file:///C:/Users/minim/OneDrive/%E6%96%87%E6%A1%A3/Code/platform/makanmakan/node_modules/.pnpm/@vitest+runner@3.2.4/node_modules/@vitest/runner/dist/chunk-hooks.js:1863:10)
    at runTest (file:///C:/Users/minim/OneDrive/%E6%96%87%E6%A1%A3/Code/platform/makanmakan/node_modules/.pnpm/@vitest+runner@3.2.4/node_modules/@vitest/runner/dist/chunk-hooks.js:1574:12)
    at processTicksAndRejections (node:internal/process/task_queues:105:5)
    at runSuite (file:///C:/Users/minim/OneDrive/%E6%96%87%E6%A1%A3/Code/platform/makanmakan/node_modules/.pnpm/@vitest+runner@3.2.4/node_modules/@vitest/runner/dist/chunk-hooks.js:1729:8)
    at runSuite (file:///C:/Users/minim/OneDrive/%E6%96%87%E6%A1%A3/Code/platform/makanmakan/node_modules/.pnpm/@vitest+runner@3.2.4/node_modules/@vitest/runner/dist/chunk-hooks.js:1729:8) 

[90mstdout[2m | src/features/monitoring/__tests__/feature.test.ts[2m > [22m[2mMonitoring Feature[2m > [22m[2mAlert Rules[2m > [22m[2mshould update existing alert rule
[22m[39m[monitoring] INFO: Alert rule updated: test_rule 

[90mstdout[2m | src/features/monitoring/__tests__/feature.test.ts[2m > [22m[2mMonitoring Feature[2m > [22m[2mAlert Rules[2m > [22m[2mshould delete alert rule
[22m[39m[monitoring] INFO: Alert rule deleted: test_rule 

 [32m✓[39m [30m[42m @makanmakan/api [49m[39m src/features/monitoring/__tests__/feature.test.ts[2m > [22mMonitoring Feature[2m > [22mMonitoringService[2m > [22mshould create monitoring service instance[32m 6[2mms[22m[39m
 [32m✓[39m [30m[42m @makanmakan/api [49m[39m src/features/monitoring/__tests__/feature.test.ts[2m > [22mMonitoring Feature[2m > [22mMonitoringService[2m > [22mshould record API request metrics[32m 2[2mms[22m[39m
 [32m✓[39m [30m[42m @makanmakan/api [49m[39m src/features/monitoring/__tests__/feature.test.ts[2m > [22mMonitoring Feature[2m > [22mMonitoringService[2m > [22mshould record database query metrics[32m 1[2mms[22m[39m
 [32m✓[39m [30m[42m @makanmakan/api [49m[39m src/features/monitoring/__tests__/feature.test.ts[2m > [22mMonitoring Feature[2m > [22mMonitoringService[2m > [22mshould record cache metrics[32m 1[2mms[22m[39m
 [32m✓[39m [30m[42m @makanmakan/api [49m[39m src/features/monitoring/__tests__/feature.test.ts[2m > [22mMonitoring Feature[2m > [22mMonitoringService[2m > [22mshould record errors with appropriate severity[32m 4[2mms[22m[39m
 [32m✓[39m [30m[42m @makanmakan/api [49m[39m src/features/monitoring/__tests__/feature.test.ts[2m > [22mMonitoring Feature[2m > [22mMonitoringService[2m > [22mshould get system metrics[32m 4[2mms[22m[39m
 [32m✓[39m [30m[42m @makanmakan/api [49m[39m src/features/monitoring/__tests__/feature.test.ts[2m > [22mMonitoring Feature[2m > [22mMonitoringService[2m > [22mshould get health status[32m 2[2mms[22m[39m
 [32m✓[39m [30m[42m @makanmakan/api [49m[39m src/features/monitoring/__tests__/feature.test.ts[2m > [22mMonitoring Feature[2m > [22mMonitoringService[2m > [22mshould create alert rule[32m 2[2mms[22m[39m
 [32m✓[39m [30m[42m @makanmakan/api [49m[39m src/features/monitoring/__tests__/feature.test.ts[2m > [22mMonitoring Feature[2m > [22mMonitoringService[2m > [22mshould get alert rules[32m 2[2mms[22m[39m
 [32m✓[39m [30m[42m @makanmakan/api [49m[39m src/features/monitoring/__tests__/feature.test.ts[2m > [22mMonitoring Feature[2m > [22mMonitoringService[2m > [22mshould reset metrics[32m 1[2mms[22m[39m
 [32m✓[39m [30m[42m @makanmakan/api [49m[39m src/features/monitoring/__tests__/feature.test.ts[2m > [22mMonitoring Feature[2m > [22mMonitoringService[2m > [22mshould handle errors gracefully[32m 35[2mms[22m[39m
 [32m✓[39m [30m[42m @makanmakan/api [49m[39m src/features/monitoring/__tests__/feature.test.ts[2m > [22mMonitoring Feature[2m > [22mService Factory[2m > [22mshould return singleton instance[32m 1[2mms[22m[39m
 [32m✓[39m [30m[42m @makanmakan/api [49m[39m src/features/monitoring/__tests__/feature.test.ts[2m > [22mMonitoring Feature[2m > [22mAlert Rules[2m > [22mshould update existing alert rule[32m 2[2mms[22m[39m
 [32m✓[39m [30m[42m @makanmakan/api [49m[39m src/features/monitoring/__tests__/feature.test.ts[2m > [22mMonitoring Feature[2m > [22mAlert Rules[2m > [22mshould delete alert rule[32m 1[2mms[22m[39m
 [32m✓[39m [30m[42m @makanmakan/api [49m[39m src/features/monitoring/__tests__/feature.test.ts[2m > [22mMonitoring Feature[2m > [22mAlert Rules[2m > [22mshould return false when updating non-existent rule[32m 0[2mms[22m[39m
 [32m✓[39m [30m[42m @makanmakan/api [49m[39m src/features/monitoring/__tests__/feature.test.ts[2m > [22mMonitoring Feature[2m > [22mAlert Rules[2m > [22mshould return false when deleting non-existent rule[32m 0[2mms[22m[39m
 [32m✓[39m [30m[42m @makanmakan/api [49m[39m src/services/__tests__/RealtimeBroadcastService.test.ts[2m > [22mRealtimeBroadcastService[2m > [22mbroadcastEvent[2m > [22m應該成功廣播事件到 Durable Object[32m 40[2mms[22m[39m
 [32m✓[39m [30m[42m @makanmakan/api [49m[39m src/services/__tests__/RealtimeBroadcastService.test.ts[2m > [22mRealtimeBroadcastService[2m > [22mbroadcastEvent[2m > [22m應該處理廣播失敗的情況[32m 3[2mms[22m[39m
 [32m✓[39m [30m[42m @makanmakan/api [49m[39m src/services/__tests__/RealtimeBroadcastService.test.ts[2m > [22mRealtimeBroadcastService[2m > [22mbroadcastEvent[2m > [22m應該處理網路錯誤[32m 2[2mms[22m[39m
 [32m✓[39m [30m[42m @makanmakan/api [49m[39m src/services/__tests__/RealtimeBroadcastService.test.ts[2m > [22mRealtimeBroadcastService[2m > [22mbroadcastNewOrder[2m > [22m應該廣播新訂單事件到餐廳房間[32m 2[2mms[22m[39m
 [32m✓[39m [30m[42m @makanmakan/api [49m[39m src/services/__tests__/RealtimeBroadcastService.test.ts[2m > [22mRealtimeBroadcastService[2m > [22mbroadcastOrderStatusUpdate[2m > [22m應該廣播訂單狀態更新事件[32m 3[2mms[22m[39m
 [32m✓[39m [30m[42m @makanmakan/api [49m[39m src/services/__tests__/RealtimeBroadcastService.test.ts[2m > [22mRealtimeBroadcastService[2m > [22mgenerateEventId[2m > [22m應該生成唯一的事件 ID[32m 3[2mms[22m[39m
 [32m✓[39m [30m[42m @makanmakan/api [49m[39m src/services/__tests__/RealtimeBroadcastService.test.ts[2m > [22mRealtimeBroadcastService[2m > [22mgenerateEventId[2m > [22m應該生成帶有時間戳的 ID[32m 2[2mms[22m[39m
 [32m✓[39m [30m[42m @makanmakan/api [49m[39m src/services/__tests__/RealtimeBroadcastService.test.ts[2m > [22mRealtimeBroadcastService[2m > [22mbroadcastOrderItemStatusUpdate[2m > [22m應該廣播訂單項目狀態更新[32m 2[2mms[22m[39m
 [32m✓[39m [30m[42m @makanmakan/api [49m[39m src/services/__tests__/RealtimeBroadcastService.test.ts[2m > [22mRealtimeBroadcastService[2m > [22mbroadcastKitchenItemStatus[2m > [22m應該廣播廚房項目狀態[32m 9[2mms[22m[39m
 [32m✓[39m [30m[42m @makanmakan/api [49m[39m src/services/__tests__/RealtimeBroadcastService.test.ts[2m > [22mRealtimeBroadcastService[2m > [22mbroadcastMenuAvailabilityUpdate[2m > [22m應該廣播菜單可用性更新[32m 7[2mms[22m[39m
 [32m✓[39m [30m[42m root [49m[39m tests/unit/components/simple-component.test.ts[2m > [22mSimple Component Logic[2m > [22m基本功能測試[2m > [22m正確格式化價格[32m 97[2mms[22m[39m
 [32m✓[39m [30m[42m root [49m[39m tests/unit/components/simple-component.test.ts[2m > [22mSimple Component Logic[2m > [22m基本功能測試[2m > [22m正確判斷商品可用性[32m 1[2mms[22m[39m
 [32m✓[39m [30m[42m root [49m[39m tests/unit/components/simple-component.test.ts[2m > [22mSimple Component Logic[2m > [22m基本功能測試[2m > [22m正確判斷是否可客製化[32m 1[2mms[22m[39m
 [32m✓[39m [30m[42m root [49m[39m tests/unit/components/simple-component.test.ts[2m > [22mSimple Component Logic[2m > [22m基本功能測試[2m > [22m正確取得顯示名稱[32m 1[2mms[22m[39m
 [32m✓[39m [30m[42m root [49m[39m tests/unit/components/simple-component.test.ts[2m > [22mSimple Component Logic[2m > [22m基本功能測試[2m > [22m正確生成購物車資料[32m 19[2mms[22m[39m
 [32m✓[39m [30m[42m root [49m[39m tests/unit/components/simple-component.test.ts[2m > [22mSimple Component Logic[2m > [22m邊界情況測試[2m > [22m處理缺失屬性[32m 1[2mms[22m[39m
 [32m✓[39m [30m[42m root [49m[39m tests/unit/components/simple-component.test.ts[2m > [22mSimple Component Logic[2m > [22m邊界情況測試[2m > [22m處理 null 和 undefined[32m 1[2mms[22m[39m
 [32m✓[39m [30m[42m root [49m[39m tests/unit/components/simple-component.test.ts[2m > [22mSimple Component Logic[2m > [22m邊界情況測試[2m > [22m處理極值價格[32m 1[2mms[22m[39m
 [32m✓[39m [30m[42m root [49m[39m tests/unit/components/simple-component.test.ts[2m > [22mSimple Component Logic[2m > [22m圖片處理邏輯[2m > [22m處理圖片 URL[32m 1[2mms[22m[39m
 [32m✓[39m [30m[42m root [49m[39m tests/unit/components/simple-component.test.ts[2m > [22mSimple Component Logic[2m > [22m圖片處理邏輯[2m > [22m處理預設圖片邏輯[32m 1[2mms[22m[39m
[90mstderr[2m | src/features/tables/__tests__/feature.test.ts[2m > [22m[2mTablesService[2m > [22m[2mgetRestaurantTables[2m > [22m[2mshould handle errors when fetching restaurant tables
[22m[39mTablesService.getRestaurantTables error: Database error

[90mstderr[2m | src/features/tables/__tests__/feature.test.ts[2m > [22m[2mTablesService[2m > [22m[2mcreateTable[2m > [22m[2mshould handle errors when creating table
[22m[39mTablesService.createTable error: Duplicate table number

 [32m✓[39m [30m[42m @makanmakan/api [49m[39m src/features/tables/__tests__/feature.test.ts[2m > [22mTablesService[2m > [22mgetRestaurantTables[2m > [22mshould fetch restaurant tables successfully[32m 9[2mms[22m[39m
 [32m✓[39m [30m[42m @makanmakan/api [49m[39m src/features/tables/__tests__/feature.test.ts[2m > [22mTablesService[2m > [22mgetRestaurantTables[2m > [22mshould handle errors when fetching restaurant tables[32m 8[2mms[22m[39m
 [32m✓[39m [30m[42m @makanmakan/api [49m[39m src/features/tables/__tests__/feature.test.ts[2m > [22mTablesService[2m > [22mgetTableById[2m > [22mshould fetch table by ID successfully[32m 6[2mms[22m[39m
 [32m✓[39m [30m[42m @makanmakan/api [49m[39m src/features/tables/__tests__/feature.test.ts[2m > [22mTablesService[2m > [22mgetTableById[2m > [22mshould return null when table not found[32m 2[2mms[22m[39m
 [32m✓[39m [30m[42m @makanmakan/api [49m[39m src/features/tables/__tests__/feature.test.ts[2m > [22mTablesService[2m > [22mcreateTable[2m > [22mshould create table successfully[32m 5[2mms[22m[39m
 [32m✓[39m [30m[42m @makanmakan/api [49m[39m src/features/tables/__tests__/feature.test.ts[2m > [22mTablesService[2m > [22mcreateTable[2m > [22mshould handle errors when creating table[32m 3[2mms[22m[39m
 [32m✓[39m [30m[42m @makanmakan/api [49m[39m src/features/tables/__tests__/feature.test.ts[2m > [22mTablesService[2m > [22mupdateTable[2m > [22mshould update table successfully[32m 2[2mms[22m[39m
 [32m✓[39m [30m[42m @makanmakan/api [49m[39m src/features/tables/__tests__/feature.test.ts[2m > [22mTablesService[2m > [22mdeleteTable[2m > [22mshould delete table successfully[32m 2[2mms[22m[39m
 [32m✓[39m [30m[42m @makanmakan/api [49m[39m src/features/tables/__tests__/feature.test.ts[2m > [22mTablesService[2m > [22mdeleteTable[2m > [22mshould return false when deletion fails[32m 2[2mms[22m[39m
 [32m✓[39m [30m[42m @makanmakan/api [49m[39m src/features/tables/__tests__/feature.test.ts[2m > [22mTablesService[2m > [22moccupyTable[2m > [22mshould occupy table successfully[32m 1[2mms[22m[39m
 [32m✓[39m [30m[42m @makanmakan/api [49m[39m src/features/tables/__tests__/feature.test.ts[2m > [22mTablesService[2m > [22mreleaseTable[2m > [22mshould release table successfully[32m 1[2mms[22m[39m
 [32m✓[39m [30m[42m @makanmakan/api [49m[39m src/features/tables/__tests__/feature.test.ts[2m > [22mTablesService[2m > [22mpermission validation[2m > [22mshould validate table access for admin users[32m 1[2mms[22m[39m
 [32m✓[39m [30m[42m @makanmakan/api [49m[39m src/features/tables/__tests__/feature.test.ts[2m > [22mTablesService[2m > [22mpermission validation[2m > [22mshould validate table access for restaurant owners[32m 1[2mms[22m[39m
 [32m✓[39m [30m[42m @makanmakan/api [49m[39m src/features/tables/__tests__/feature.test.ts[2m > [22mTablesService[2m > [22mpermission validation[2m > [22mshould deny table access for different restaurant[32m 0[2mms[22m[39m
 [32m✓[39m [30m[42m @makanmakan/api [49m[39m src/features/tables/__tests__/feature.test.ts[2m > [22mTablesService[2m > [22mpermission validation[2m > [22mshould validate restaurant access for admin users[32m 0[2mms[22m[39m
 [32m✓[39m [30m[42m @makanmakan/api [49m[39m src/features/tables/__tests__/feature.test.ts[2m > [22mTablesService[2m > [22mpermission validation[2m > [22mshould validate restaurant access for same restaurant[32m 0[2mms[22m[39m
 [32m✓[39m [30m[42m @makanmakan/api [49m[39m src/features/tables/__tests__/feature.test.ts[2m > [22mTablesService[2m > [22mpermission validation[2m > [22mshould deny restaurant access for different restaurant[32m 0[2mms[22m[39m
 [32m✓[39m [30m[42m @makanmakan/api [49m[39m src/features/tables/__tests__/feature.test.ts[2m > [22mTablesService[2m > [22mgetPublicTableInfo[2m > [22mshould return only public table information[32m 3[2mms[22m[39m
 [32m✓[39m [30m[42m @makanmakan/api [49m[39m src/features/tables/__tests__/feature.test.ts[2m > [22mTablesService[2m > [22mresponse helpers[2m > [22mshould create success response[32m 1[2mms[22m[39m
 [32m✓[39m [30m[42m @makanmakan/api [49m[39m src/features/tables/__tests__/feature.test.ts[2m > [22mTablesService[2m > [22mresponse helpers[2m > [22mshould create error response[32m 0[2mms[22m[39m
 [32m✓[39m [30m[46m @makanmakan/queue-core [49m[39m src/__tests__/queue-validators.test.ts[2m > [22mQueue Validators[2m > [22mJoin Queue Validation[2m > [22mshould validate valid join queue data[32m 15[2mms[22m[39m
 [32m✓[39m [30m[46m @makanmakan/queue-core [49m[39m src/__tests__/queue-validators.test.ts[2m > [22mQueue Validators[2m > [22mJoin Queue Validation[2m > [22mshould validate minimal valid data[32m 2[2mms[22m[39m
 [32m✓[39m [30m[46m @makanmakan/queue-core [49m[39m src/__tests__/queue-validators.test.ts[2m > [22mQueue Validators[2m > [22mJoin Queue Validation[2m > [22mshould reject invalid restaurant ID[32m 2[2mms[22m[39m
 [32m✓[39m [30m[46m @makanmakan/queue-core [49m[39m src/__tests__/queue-validators.test.ts[2m > [22mQueue Validators[2m > [22mJoin Queue Validation[2m > [22mshould reject invalid party size[32m 1[2mms[22m[39m
 [32m✓[39m [30m[46m @makanmakan/queue-core [49m[39m src/__tests__/queue-validators.test.ts[2m > [22mQueue Validators[2m > [22mJoin Queue Validation[2m > [22mshould reject excessively large party size[32m 1[2mms[22m[39m
 [32m✓[39m [30m[46m @makanmakan/queue-core [49m[39m src/__tests__/queue-validators.test.ts[2m > [22mQueue Validators[2m > [22mJoin Queue Validation[2m > [22mshould reject empty customer name[32m 2[2mms[22m[39m
 [32m✓[39m [30m[46m @makanmakan/queue-core [49m[39m src/__tests__/queue-validators.test.ts[2m > [22mQueue Validators[2m > [22mJoin Queue Validation[2m > [22mshould reject excessively long customer name[32m 28[2mms[22m[39m
 [32m✓[39m [30m[46m @makanmakan/queue-core [49m[39m src/__tests__/queue-validators.test.ts[2m > [22mQueue Validators[2m > [22mJoin Queue Validation[2m > [22mshould validate email format[32m 1[2mms[22m[39m
 [32m✓[39m [30m[46m @makanmakan/queue-core [49m[39m src/__tests__/queue-validators.test.ts[2m > [22mQueue Validators[2m > [22mJoin Queue Validation[2m > [22mshould validate phone number length[32m 3[2mms[22m[39m
 [32m✓[39m [30m[46m @makanmakan/queue-core [49m[39m src/__tests__/queue-validators.test.ts[2m > [22mQueue Validators[2m > [22mJoin Queue Validation[2m > [22mshould validate special requests length[32m 2[2mms[22m[39m
 [32m✓[39m [30m[46m @makanmakan/queue-core [49m[39m src/__tests__/queue-validators.test.ts[2m > [22mQueue Validators[2m > [22mJoin Queue Validation[2m > [22mshould validate table preferences array[32m 1[2mms[22m[39m
 [32m✓[39m [30m[46m @makanmakan/queue-core [49m[39m src/__tests__/queue-validators.test.ts[2m > [22mQueue Validators[2m > [22mCall Next Validation[2m > [22mshould validate valid call next data[32m 1[2mms[22m[39m
 [32m✓[39m [30m[46m @makanmakan/queue-core [49m[39m src/__tests__/queue-validators.test.ts[2m > [22mQueue Validators[2m > [22mCall Next Validation[2m > [22mshould validate minimal call next data[32m 1[2mms[22m[39m
 [32m✓[39m [30m[46m @makanmakan/queue-core [49m[39m src/__tests__/queue-validators.test.ts[2m > [22mQueue Validators[2m > [22mCall Next Validation[2m > [22mshould reject invalid restaurant ID[32m 1[2mms[22m[39m
 [32m✓[39m [30m[46m @makanmakan/queue-core [49m[39m src/__tests__/queue-validators.test.ts[2m > [22mQueue Validators[2m > [22mCall Next Validation[2m > [22mshould reject invalid table ID[32m 1[2mms[22m[39m
 [32m✓[39m [30m[46m @makanmakan/queue-core [49m[39m src/__tests__/queue-validators.test.ts[2m > [22mQueue Validators[2m > [22mUpdate Queue Settings Validation[2m > [22mshould validate settings updates[32m 1[2mms[22m[39m
 [32m✓[39m [30m[46m @makanmakan/queue-core [49m[39m src/__tests__/queue-validators.test.ts[2m > [22mQueue Validators[2m > [22mUpdate Queue Settings Validation[2m > [22mshould reject invalid settings[32m 1[2mms[22m[39m
 [32m✓[39m [30m[46m @makanmakan/queue-core [49m[39m src/__tests__/queue-validators.test.ts[2m > [22mQueue Validators[2m > [22mAPI Response Validation[2m > [22mshould validate success response[32m 1[2mms[22m[39m
 [32m✓[39m [30m[46m @makanmakan/queue-core [49m[39m src/__tests__/queue-validators.test.ts[2m > [22mQueue Validators[2m > [22mAPI Response Validation[2m > [22mshould validate error response[32m 1[2mms[22m[39m
 [32m✓[39m [30m[46m @makanmakan/queue-core [49m[39m src/__tests__/queue-validators.test.ts[2m > [22mQueue Validators[2m > [22mAPI Response Validation[2m > [22mshould reject invalid response structure[32m 1[2mms[22m[39m
 [32m✓[39m [30m[46m @makanmakan/queue-core [49m[39m src/__tests__/queue-validators.test.ts[2m > [22mQueue Validators[2m > [22mAPI Response Validation[2m > [22mshould validate response with timestamp[32m 3[2mms[22m[39m
 [32m✓[39m [30m[46m @makanmakan/queue-core [49m[39m src/__tests__/queue-validators.test.ts[2m > [22mQueue Validators[2m > [22mSchema Integration[2m > [22mshould work with join queue schema directly[32m 1[2mms[22m[39m
 [32m✓[39m [30m[46m @makanmakan/queue-core [49m[39m src/__tests__/queue-validators.test.ts[2m > [22mQueue Validators[2m > [22mSchema Integration[2m > [22mshould work with call next schema directly[32m 1[2mms[22m[39m
 [32m✓[39m [30m[46m @makanmakan/queue-core [49m[39m src/__tests__/queue-validators.test.ts[2m > [22mQueue Validators[2m > [22mSchema Integration[2m > [22mshould apply default values correctly[32m 2[2mms[22m[39m
 [32m✓[39m [30m[46m @makanmakan/queue-core [49m[39m src/__tests__/queue-types.test.ts[2m > [22mQueue Core Types[2m > [22mEnums[2m > [22mshould have correct QueueStatus values[32m 8[2mms[22m[39m
 [32m✓[39m [30m[46m @makanmakan/queue-core [49m[39m src/__tests__/queue-types.test.ts[2m > [22mQueue Core Types[2m > [22mEnums[2m > [22mshould have correct QueueType values[32m 1[2mms[22m[39m
 [32m✓[39m [30m[46m @makanmakan/queue-core [49m[39m src/__tests__/queue-types.test.ts[2m > [22mQueue Core Types[2m > [22mEnums[2m > [22mshould have correct NotificationType values[32m 1[2mms[22m[39m
 [32m✓[39m [30m[46m @makanmakan/queue-core [49m[39m src/__tests__/queue-types.test.ts[2m > [22mQueue Core Types[2m > [22mValidators[2m > [22mvalidateJoinQueue[2m > [22mshould validate valid join queue request[32m 8[2mms[22m[39m
 [32m✓[39m [30m[46m @makanmakan/queue-core [49m[39m src/__tests__/queue-types.test.ts[2m > [22mQueue Core Types[2m > [22mValidators[2m > [22mvalidateJoinQueue[2m > [22mshould throw on invalid restaurant ID[32m 3[2mms[22m[39m
 [32m✓[39m [30m[46m @makanmakan/queue-core [49m[39m src/__tests__/queue-types.test.ts[2m > [22mQueue Core Types[2m > [22mValidators[2m > [22mvalidateJoinQueue[2m > [22mshould throw on empty customer name[32m 1[2mms[22m[39m
 [32m✓[39m [30m[46m @makanmakan/queue-core [49m[39m src/__tests__/queue-types.test.ts[2m > [22mQueue Core Types[2m > [22mValidators[2m > [22mvalidateJoinQueue[2m > [22mshould throw on invalid party size[32m 1[2mms[22m[39m
 [32m✓[39m [30m[46m @makanmakan/queue-core [49m[39m src/__tests__/queue-types.test.ts[2m > [22mQueue Core Types[2m > [22mValidators[2m > [22mvalidateCallNext[2m > [22mshould validate valid call next request[32m 1[2mms[22m[39m
 [32m✓[39m [30m[46m @makanmakan/queue-core [49m[39m src/__tests__/queue-types.test.ts[2m > [22mQueue Core Types[2m > [22mValidators[2m > [22mvalidateCallNext[2m > [22mshould validate request with specific queue ID[32m 1[2mms[22m[39m
 [32m✓[39m [30m[46m @makanmakan/queue-core [49m[39m src/__tests__/queue-types.test.ts[2m > [22mQueue Core Types[2m > [22mValidators[2m > [22mvalidateCallNext[2m > [22mshould throw on invalid restaurant ID[32m 1[2mms[22m[39m
 [32m✓[39m [30m[46m @makanmakan/queue-core [49m[39m src/__tests__/queue-types.test.ts[2m > [22mQueue Core Types[2m > [22mError Handling[2m > [22mQueueError[2m > [22mshould create QueueError with correct properties[32m 2[2mms[22m[39m
 [32m✓[39m [30m[46m @makanmakan/queue-core [49m[39m src/__tests__/queue-types.test.ts[2m > [22mQueue Core Types[2m > [22mError Handling[2m > [22mQueueNotFoundError[2m > [22mshould create QueueNotFoundError with correct properties[32m 1[2mms[22m[39m
 [32m✓[39m [30m[46m @makanmakan/queue-core [49m[39m src/__tests__/queue-types.test.ts[2m > [22mQueue Core Types[2m > [22mError Handling[2m > [22misQueueError[2m > [22mshould return true for QueueError instances[32m 0[2mms[22m[39m
 [32m✓[39m [30m[46m @makanmakan/queue-core [49m[39m src/__tests__/queue-types.test.ts[2m > [22mQueue Core Types[2m > [22mError Handling[2m > [22misQueueError[2m > [22mshould return false for regular Error instances[32m 0[2mms[22m[39m
 [32m✓[39m [30m[46m @makanmakan/queue-core [49m[39m src/__tests__/queue-types.test.ts[2m > [22mQueue Core Types[2m > [22mError Handling[2m > [22misQueueError[2m > [22mshould return false for non-error values[32m 0[2mms[22m[39m
 [32m✓[39m [30m[46m @makanmakan/queue-core [49m[39m src/__tests__/queue-types.test.ts[2m > [22mQueue Core Types[2m > [22mError Handling[2m > [22mformatErrorResponse[2m > [22mshould format QueueError correctly[32m 1[2mms[22m[39m
 [32m✓[39m [30m[46m @makanmakan/queue-core [49m[39m src/__tests__/queue-types.test.ts[2m > [22mQueue Core Types[2m > [22mError Handling[2m > [22mformatErrorResponse[2m > [22mshould format regular Error correctly[32m 1[2mms[22m[39m
 [32m✓[39m [30m[46m @makanmakan/queue-core [49m[39m src/__tests__/queue-types.test.ts[2m > [22mQueue Core Types[2m > [22mError Handling[2m > [22mformatErrorResponse[2m > [22mshould format unknown errors correctly[32m 0[2mms[22m[39m
 [32m✓[39m [30m[46m @makanmakan/queue-core [49m[39m src/print/__tests__/PrintJobManager.test.ts[2m > [22mPrintJobManager[2m > [22mJob Creation[2m > [22mshould create a new print job[32m 5[2mms[22m[39m
 [32m✓[39m [30m[46m @makanmakan/queue-core [49m[39m src/print/__tests__/PrintJobManager.test.ts[2m > [22mPrintJobManager[2m > [22mJob Creation[2m > [22mshould reject job when queue is full[32m 5[2mms[22m[39m
 [32m✓[39m [30m[46m @makanmakan/queue-core [49m[39m src/print/__tests__/PrintJobManager.test.ts[2m > [22mPrintJobManager[2m > [22mJob Status Management[2m > [22mshould retrieve job by ID[32m 5[2mms[22m[39m
 [32m✓[39m [30m[46m @makanmakan/queue-core [49m[39m src/print/__tests__/PrintJobManager.test.ts[2m > [22mPrintJobManager[2m > [22mJob Status Management[2m > [22mshould return null for non-existent job[32m 6[2mms[22m[39m
 [32m✓[39m [30m[46m @makanmakan/queue-core [49m[39m src/print/__tests__/PrintJobManager.test.ts[2m > [22mPrintJobManager[2m > [22mJob Status Management[2m > [22mshould filter jobs by status[32m 12[2mms[22m[39m
 [32m✓[39m [30m[46m @makanmakan/queue-core [49m[39m src/print/__tests__/PrintJobManager.test.ts[2m > [22mPrintJobManager[2m > [22mJob Cancellation[2m > [22mshould cancel pending job[32m 1[2mms[22m[39m
 [32m✓[39m [30m[46m @makanmakan/queue-core [49m[39m src/print/__tests__/PrintJobManager.test.ts[2m > [22mPrintJobManager[2m > [22mJob Cancellation[2m > [22mshould not cancel non-pending job[32m 1[2mms[22m[39m
 [32m✓[39m [30m[46m @makanmakan/queue-core [49m[39m src/print/__tests__/PrintJobManager.test.ts[2m > [22mPrintJobManager[2m > [22mDevice Job Management[2m > [22mshould get jobs by device[32m 2[2mms[22m[39m
 [32m✓[39m [30m[46m @makanmakan/queue-core [49m[39m src/print/__tests__/PrintJobManager.test.ts[2m > [22mPrintJobManager[2m > [22mDevice Job Management[2m > [22mshould pause and resume device jobs[32m 2[2mms[22m[39m
 [32m✓[39m [30m[46m @makanmakan/queue-core [49m[39m src/print/__tests__/PrintJobManager.test.ts[2m > [22mPrintJobManager[2m > [22mStatistics[2m > [22mshould return queue statistics[32m 2[2mms[22m[39m
 [32m✓[39m [30m[46m @makanmakan/queue-core [49m[39m src/print/__tests__/PrintJobManager.test.ts[2m > [22mPrintJobManager[2m > [22mStatistics[2m > [22mshould clean up completed jobs[32m 1[2mms[22m[39m
 [32m✓[39m [30m[42m root [49m[39m tests/unit/stores/simple-cart.test.ts[2m > [22mSimple Cart Logic[2m > [22m初始狀態[2m > [22m初始狀態為空購物車[32m 12[2mms[22m[39m
 [32m✓[39m [30m[42m root [49m[39m tests/unit/stores/simple-cart.test.ts[2m > [22mSimple Cart Logic[2m > [22m添加商品[2m > [22m正確添加新商品到購物車[32m 3[2mms[22m[39m
 [32m✓[39m [30m[42m root [49m[39m tests/unit/stores/simple-cart.test.ts[2m > [22mSimple Cart Logic[2m > [22m添加商品[2m > [22m相同商品增加數量而非新增項目[32m 1[2mms[22m[39m
 [32m✓[39m [30m[42m root [49m[39m tests/unit/stores/simple-cart.test.ts[2m > [22mSimple Cart Logic[2m > [22m添加商品[2m > [22m不同商品分別添加[32m 1[2mms[22m[39m
 [32m✓[39m [30m[42m root [49m[39m tests/unit/stores/simple-cart.test.ts[2m > [22mSimple Cart Logic[2m > [22m添加商品[2m > [22m添加指定數量的商品[32m 3[2mms[22m[39m
 [32m✓[39m [30m[42m root [49m[39m tests/unit/stores/simple-cart.test.ts[2m > [22mSimple Cart Logic[2m > [22m更新商品數量[2m > [22m正確更新商品數量[32m 9[2mms[22m[39m
 [32m✓[39m [30m[42m root [49m[39m tests/unit/stores/simple-cart.test.ts[2m > [22mSimple Cart Logic[2m > [22m更新商品數量[2m > [22m更新數量為 0 時移除商品[32m 4[2mms[22m[39m
 [32m✓[39m [30m[42m root [49m[39m tests/unit/stores/simple-cart.test.ts[2m > [22mSimple Cart Logic[2m > [22m更新商品數量[2m > [22m更新不存在的商品 ID 不影響購物車[32m 1[2mms[22m[39m
 [32m✓[39m [30m[42m root [49m[39m tests/unit/stores/simple-cart.test.ts[2m > [22mSimple Cart Logic[2m > [22m移除商品[2m > [22m正確移除指定商品[32m 3[2mms[22m[39m
 [32m✓[39m [30m[42m root [49m[39m tests/unit/stores/simple-cart.test.ts[2m > [22mSimple Cart Logic[2m > [22m移除商品[2m > [22m移除不存在的商品 ID 不影響購物車[32m 1[2mms[22m[39m
 [32m✓[39m [30m[42m root [49m[39m tests/unit/stores/simple-cart.test.ts[2m > [22mSimple Cart Logic[2m > [22m清空購物車[2m > [22m正確清空購物車[32m 2[2mms[22m[39m
 [32m✓[39m [30m[42m root [49m[39m tests/unit/stores/simple-cart.test.ts[2m > [22mSimple Cart Logic[2m > [22m查詢方法[2m > [22m根據 ID 查找商品[32m 1[2mms[22m[39m
 [32m✓[39m [30m[42m root [49m[39m tests/unit/stores/simple-cart.test.ts[2m > [22mSimple Cart Logic[2m > [22m查詢方法[2m > [22m檢查商品是否在購物車中[32m 1[2mms[22m[39m
 [32m✓[39m [30m[42m root [49m[39m tests/unit/stores/simple-cart.test.ts[2m > [22mSimple Cart Logic[2m > [22m客製化商品處理[2m > [22m相同商品不同客製化選項分別添加[32m 4[2mms[22m[39m
 [32m✓[39m [30m[42m root [49m[39m tests/unit/stores/simple-cart.test.ts[2m > [22mSimple Cart Logic[2m > [22m客製化商品處理[2m > [22m相同客製化選項的商品增加數量[32m 1[2mms[22m[39m
 [32m✓[39m [30m[42m root [49m[39m tests/unit/stores/simple-cart.test.ts[2m > [22mSimple Cart Logic[2m > [22m數據持久化[2m > [22m正確序列化購物車資料[32m 0[2mms[22m[39m
 [32m✓[39m [30m[42m root [49m[39m tests/unit/stores/simple-cart.test.ts[2m > [22mSimple Cart Logic[2m > [22m數據持久化[2m > [22m正確反序列化購物車資料[32m 1[2mms[22m[39m
 [32m✓[39m [30m[42m root [49m[39m tests/unit/stores/simple-cart.test.ts[2m > [22mSimple Cart Logic[2m > [22m數據持久化[2m > [22m處理無效的序列化資料[32m 0[2mms[22m[39m
 [32m✓[39m [30m[42m root [49m[39m tests/unit/stores/simple-cart.test.ts[2m > [22mSimple Cart Logic[2m > [22m計算方法正確性[2m > [22m正確計算複雜購物車的總數和總價[32m 1[2mms[22m[39m
 [32m✓[39m [30m[42m @makanmakan/database [49m[39m src/services/__tests__/coupon.test.ts[2m > [22mCouponService[2m > [22mvalidateCoupon[2m > [22mshould return invalid result when coupon not found[32m 13[2mms[22m[39m
 [32m✓[39m [30m[42m @makanmakan/database [49m[39m src/services/__tests__/coupon.test.ts[2m > [22mCouponService[2m > [22mvalidateCoupon[2m > [22mshould return invalid result when coupon is expired[32m 2[2mms[22m[39m
 [32m✓[39m [30m[42m @makanmakan/database [49m[39m src/services/__tests__/coupon.test.ts[2m > [22mCouponService[2m > [22mvalidateCoupon[2m > [22mshould return invalid result when usage limit exceeded[32m 2[2mms[22m[39m
 [32m✓[39m [30m[42m @makanmakan/database [49m[39m src/services/__tests__/coupon.test.ts[2m > [22mCouponService[2m > [22mvalidateCoupon[2m > [22mshould return invalid result when order amount below minimum[32m 2[2mms[22m[39m
 [32m✓[39m [30m[42m @makanmakan/database [49m[39m src/services/__tests__/coupon.test.ts[2m > [22mCouponService[2m > [22mvalidateCoupon[2m > [22mshould calculate percentage discount correctly[32m 2[2mms[22m[39m
 [32m✓[39m [30m[42m @makanmakan/database [49m[39m src/services/__tests__/coupon.test.ts[2m > [22mCouponService[2m > [22mvalidateCoupon[2m > [22mshould apply maximum discount limit for percentage coupons[32m 2[2mms[22m[39m
 [32m✓[39m [30m[42m @makanmakan/database [49m[39m src/services/__tests__/coupon.test.ts[2m > [22mCouponService[2m > [22mvalidateCoupon[2m > [22mshould calculate fixed discount correctly[32m 1[2mms[22m[39m
 [32m✓[39m [30m[42m @makanmakan/database [49m[39m src/services/__tests__/coupon.test.ts[2m > [22mCouponService[2m > [22mvalidateCoupon[2m > [22mshould not exceed order amount[32m 1[2mms[22m[39m
 [32m✓[39m [30m[42m @makanmakan/database [49m[39m src/services/__tests__/coupon.test.ts[2m > [22mCouponService[2m > [22mcreateCoupon[2m > [22mshould create coupon successfully[32m 4[2mms[22m[39m
 [32m✓[39m [30m[42m @makanmakan/database [49m[39m src/services/__tests__/coupon.test.ts[2m > [22mCouponService[2m > [22mcreateCoupon[2m > [22mshould throw error when coupon code already exists[32m 4[2mms[22m[39m
 [32m✓[39m [30m[42m @makanmakan/database [49m[39m src/services/__tests__/coupon.test.ts[2m > [22mCouponService[2m > [22museCoupon[2m > [22mshould record coupon usage correctly[32m 28[2mms[22m[39m
 [32m✓[39m [30m[42m @makanmakan/database [49m[39m src/services/__tests__/coupon.test.ts[2m > [22mCouponService[2m > [22mgetCoupons[2m > [22mshould return paginated coupons list[32m 3[2mms[22m[39m
 [32m✓[39m [30m[42m @makanmakan/database [49m[39m src/services/__tests__/coupon.test.ts[2m > [22mCouponService[2m > [22mgetAvailableCoupons[2m > [22mshould return only valid and visible coupons[32m 7[2mms[22m[39m
[90mstderr[2m | src/services/__tests__/GroupOrderService.join.test.ts[2m > [22m[2mGroupOrderService - 加入群組[2m > [22m[2m應該成功加入群組
[22m[39m加入群組失敗: TypeError: Cannot read properties of undefined (reading 'expiresAt')
    at GroupOrderService.joinGroup [90m(C:\Users\minim\OneDrive\文档\Code\platform\makanmakan\[39mpackages\database\src\services\GroupOrderService.ts:312:31[90m)[39m
[90m    at processTicksAndRejections (node:internal/process/task_queues:105:5)[39m
    at [90mC:\Users\minim\OneDrive\文档\Code\platform\makanmakan\[39mpackages\database\src\services\__tests__\GroupOrderService.join.test.ts:54:20
    at [90mfile:///C:/Users/minim/OneDrive/%E6%96%87%E6%A1%A3/Code/platform/makanmakan/[39mnode_modules/[4m.pnpm[24m/@vitest+runner@3.2.4/node_modules/[4m@vitest[24m/runner/dist/chunk-hooks.js:752:20

[90mstderr[2m | src/services/__tests__/GroupOrderService.join.test.ts[2m > [22m[2mGroupOrderService - 加入群組[2m > [22m[2m應該拒絕無效的分享碼
[22m[39m加入群組失敗: TypeError: Cannot read properties of undefined (reading 'expiresAt')
    at GroupOrderService.joinGroup [90m(C:\Users\minim\OneDrive\文档\Code\platform\makanmakan\[39mpackages\database\src\services\GroupOrderService.ts:312:31[90m)[39m
[90m    at processTicksAndRejections (node:internal/process/task_queues:105:5)[39m
    at [90mC:\Users\minim\OneDrive\文档\Code\platform\makanmakan\[39mpackages\database\src\services\__tests__\GroupOrderService.join.test.ts:65:20
    at [90mfile:///C:/Users/minim/OneDrive/%E6%96%87%E6%A1%A3/Code/platform/makanmakan/[39mnode_modules/[4m.pnpm[24m/@vitest+runner@3.2.4/node_modules/[4m@vitest[24m/runner/dist/chunk-hooks.js:752:20

[90mstderr[2m | src/services/__tests__/GroupOrderService.join.test.ts[2m > [22m[2mGroupOrderService - 加入群組[2m > [22m[2m應該拒絕加入已過期的群組
[22m[39m加入群組失敗: TypeError: Cannot read properties of undefined (reading 'expiresAt')
    at GroupOrderService.joinGroup [90m(C:\Users\minim\OneDrive\文档\Code\platform\makanmakan\[39mpackages\database\src\services\GroupOrderService.ts:312:31[90m)[39m
[90m    at processTicksAndRejections (node:internal/process/task_queues:105:5)[39m
    at [90mC:\Users\minim\OneDrive\文档\Code\platform\makanmakan\[39mpackages\database\src\services\__tests__\GroupOrderService.join.test.ts:79:20
    at [90mfile:///C:/Users/minim/OneDrive/%E6%96%87%E6%A1%A3/Code/platform/makanmakan/[39mnode_modules/[4m.pnpm[24m/@vitest+runner@3.2.4/node_modules/[4m@vitest[24m/runner/dist/chunk-hooks.js:752:20

[90mstderr[2m | src/services/__tests__/GroupOrderService.join.test.ts[2m > [22m[2mGroupOrderService - 加入群組[2m > [22m[2m應該防止重複加入（相同電話）
[22m[39m加入群組失敗: TypeError: Cannot read properties of undefined (reading 'expiresAt')
    at GroupOrderService.joinGroup [90m(C:\Users\minim\OneDrive\文档\Code\platform\makanmakan\[39mpackages\database\src\services\GroupOrderService.ts:312:31[90m)[39m
[90m    at processTicksAndRejections (node:internal/process/task_queues:105:5)[39m
    at [90mC:\Users\minim\OneDrive\文档\Code\platform\makanmakan\[39mpackages\database\src\services\__tests__\GroupOrderService.join.test.ts:91:5
    at [90mfile:///C:/Users/minim/OneDrive/%E6%96%87%E6%A1%A3/Code/platform/makanmakan/[39mnode_modules/[4m.pnpm[24m/@vitest+runner@3.2.4/node_modules/[4m@vitest[24m/runner/dist/chunk-hooks.js:752:20

[90mstderr[2m | src/services/__tests__/GroupOrderService.join.test.ts[2m > [22m[2mGroupOrderService - 加入群組[2m > [22m[2m應該防止重複加入（相同電話）
[22m[39m加入群組失敗: TypeError: Cannot read properties of undefined (reading 'expiresAt')
    at GroupOrderService.joinGroup [90m(C:\Users\minim\OneDrive\文档\Code\platform\makanmakan\[39mpackages\database\src\services\GroupOrderService.ts:312:31[90m)[39m
[90m    at processTicksAndRejections (node:internal/process/task_queues:105:5)[39m
    at [90mC:\Users\minim\OneDrive\文档\Code\platform\makanmakan\[39mpackages\database\src\services\__tests__\GroupOrderService.join.test.ts:97:20
    at [90mfile:///C:/Users/minim/OneDrive/%E6%96%87%E6%A1%A3/Code/platform/makanmakan/[39mnode_modules/[4m.pnpm[24m/@vitest+runner@3.2.4/node_modules/[4m@vitest[24m/runner/dist/chunk-hooks.js:752:20

[90mstderr[2m | src/services/__tests__/GroupOrderService.join.test.ts[2m > [22m[2mGroupOrderService - 加入群組[2m > [22m[2m應該更新分享碼使用次數
[22m[39m加入群組失敗: TypeError: Cannot read properties of undefined (reading 'expiresAt')
    at GroupOrderService.joinGroup [90m(C:\Users\minim\OneDrive\文档\Code\platform\makanmakan\[39mpackages\database\src\services\GroupOrderService.ts:312:31[90m)[39m
[90m    at processTicksAndRejections (node:internal/process/task_queues:105:5)[39m
    at [90mC:\Users\minim\OneDrive\文档\Code\platform\makanmakan\[39mpackages\database\src\services\__tests__\GroupOrderService.join.test.ts:107:5
    at [90mfile:///C:/Users/minim/OneDrive/%E6%96%87%E6%A1%A3/Code/platform/makanmakan/[39mnode_modules/[4m.pnpm[24m/@vitest+runner@3.2.4/node_modules/[4m@vitest[24m/runner/dist/chunk-hooks.js:752:20

[90mstderr[2m | src/services/__tests__/GroupOrderService.join.test.ts[2m > [22m[2mGroupOrderService - 加入群組[2m > [22m[2m應該記錄加入活動日誌
[22m[39m加入群組失敗: TypeError: Cannot read properties of undefined (reading 'expiresAt')
    at GroupOrderService.joinGroup [90m(C:\Users\minim\OneDrive\文档\Code\platform\makanmakan\[39mpackages\database\src\services\GroupOrderService.ts:312:31[90m)[39m
[90m    at processTicksAndRejections (node:internal/process/task_queues:105:5)[39m
    at [90mC:\Users\minim\OneDrive\文档\Code\platform\makanmakan\[39mpackages\database\src\services\__tests__\GroupOrderService.join.test.ts:119:5
    at [90mfile:///C:/Users/minim/OneDrive/%E6%96%87%E6%A1%A3/Code/platform/makanmakan/[39mnode_modules/[4m.pnpm[24m/@vitest+runner@3.2.4/node_modules/[4m@vitest[24m/runner/dist/chunk-hooks.js:752:20

[90mstderr[2m | src/services/__tests__/GroupOrderService.join.test.ts[2m > [22m[2mGroupOrderService - 加入群組[2m > [22m[2m應該只接受 1-50 字符的成員名稱
[22m[39m加入群組失敗: ZodError: [
  {
    "code": "too_small",
    "minimum": 1,
    "type": "string",
    "inclusive": true,
    "exact": false,
    "message": "String must contain at least 1 character(s)",
    "path": [
      "memberName"
    ]
  }
]
    at Object.get error [as error] [90m(file:///C:/Users/minim/OneDrive/%E6%96%87%E6%A1%A3/Code/platform/makanmakan/[39mnode_modules/[4m.pnpm[24m/zod@3.22.3/node_modules/[4mzod[24m/lib/index.mjs:538:31[90m)[39m
    at ZodObject.parse [90m(file:///C:/Users/minim/OneDrive/%E6%96%87%E6%A1%A3/Code/platform/makanmakan/[39mnode_modules/[4m.pnpm[24m/zod@3.22.3/node_modules/[4mzod[24m/lib/index.mjs:638:22[90m)[39m
    at GroupOrderService.joinGroup [90m(C:\Users\minim\OneDrive\文档\Code\platform\makanmakan\[39mpackages\database\src\services\GroupOrderService.ts:282:45[90m)[39m
    at [90mC:\Users\minim\OneDrive\文档\Code\platform\makanmakan\[39mpackages\database\src\services\__tests__\GroupOrderService.join.test.ts:132:35
    at [90mfile:///C:/Users/minim/OneDrive/%E6%96%87%E6%A1%A3/Code/platform/makanmakan/[39mnode_modules/[4m.pnpm[24m/@vitest+runner@3.2.4/node_modules/[4m@vitest[24m/runner/dist/chunk-hooks.js:155:11
    at [90mfile:///C:/Users/minim/OneDrive/%E6%96%87%E6%A1%A3/Code/platform/makanmakan/[39mnode_modules/[4m.pnpm[24m/@vitest+runner@3.2.4/node_modules/[4m@vitest[24m/runner/dist/chunk-hooks.js:752:26
    at [90mfile:///C:/Users/minim/OneDrive/%E6%96%87%E6%A1%A3/Code/platform/makanmakan/[39mnode_modules/[4m.pnpm[24m/@vitest+runner@3.2.4/node_modules/[4m@vitest[24m/runner/dist/chunk-hooks.js:1897:20
    at new Promise (<anonymous>)
    at runWithTimeout [90m(file:///C:/Users/minim/OneDrive/%E6%96%87%E6%A1%A3/Code/platform/makanmakan/[39mnode_modules/[4m.pnpm[24m/@vitest+runner@3.2.4/node_modules/[4m@vitest[24m/runner/dist/chunk-hooks.js:1863:10[90m)[39m
    at runTest [90m(file:///C:/Users/minim/OneDrive/%E6%96%87%E6%A1%A3/Code/platform/makanmakan/[39mnode_modules/[4m.pnpm[24m/@vitest+runner@3.2.4/node_modules/[4m@vitest[24m/runner/dist/chunk-hooks.js:1574:12[90m)[39m {
  issues: [
    {
      code: [32m'too_small'[39m,
      minimum: [33m1[39m,
      type: [32m'string'[39m,
      inclusive: [33mtrue[39m,
      exact: [33mfalse[39m,
      message: [32m'String must contain at least 1 character(s)'[39m,
      path: [36m[Array][39m
    }
  ],
  addIssue: [36m[Function (anonymous)][39m,
  addIssues: [36m[Function (anonymous)][39m,
  errors: [
    {
      code: [32m'too_small'[39m,
      minimum: [33m1[39m,
      type: [32m'string'[39m,
      inclusive: [33mtrue[39m,
      exact: [33mfalse[39m,
      message: [32m'String must contain at least 1 character(s)'[39m,
      path: [36m[Array][39m
    }
  ]
}

[90mstderr[2m | src/services/__tests__/GroupOrderService.join.test.ts[2m > [22m[2mGroupOrderService - 加入群組[2m > [22m[2m應該只接受 1-50 字符的成員名稱
[22m[39m加入群組失敗: ZodError: [
  {
    "code": "too_big",
    "maximum": 50,
    "type": "string",
    "inclusive": true,
    "exact": false,
    "message": "String must contain at most 50 character(s)",
    "path": [
      "memberName"
    ]
  }
]
    at Object.get error [as error] [90m(file:///C:/Users/minim/OneDrive/%E6%96%87%E6%A1%A3/Code/platform/makanmakan/[39mnode_modules/[4m.pnpm[24m/zod@3.22.3/node_modules/[4mzod[24m/lib/index.mjs:538:31[90m)[39m
    at ZodObject.parse [90m(file:///C:/Users/minim/OneDrive/%E6%96%87%E6%A1%A3/Code/platform/makanmakan/[39mnode_modules/[4m.pnpm[24m/zod@3.22.3/node_modules/[4mzod[24m/lib/index.mjs:638:22[90m)[39m
    at GroupOrderService.joinGroup [90m(C:\Users\minim\OneDrive\文档\Code\platform\makanmakan\[39mpackages\database\src\services\GroupOrderService.ts:282:45[90m)[39m
    at [90mC:\Users\minim\OneDrive\文档\Code\platform\makanmakan\[39mpackages\database\src\services\__tests__\GroupOrderService.join.test.ts:138:35
[90m    at processTicksAndRejections (node:internal/process/task_queues:105:5)[39m
    at [90mfile:///C:/Users/minim/OneDrive/%E6%96%87%E6%A1%A3/Code/platform/makanmakan/[39mnode_modules/[4m.pnpm[24m/@vitest+runner@3.2.4/node_modules/[4m@vitest[24m/runner/dist/chunk-hooks.js:752:20 {
  issues: [
    {
      code: [32m'too_big'[39m,
      maximum: [33m50[39m,
      type: [32m'string'[39m,
      inclusive: [33mtrue[39m,
      exact: [33mfalse[39m,
      message: [32m'String must contain at most 50 character(s)'[39m,
      path: [36m[Array][39m
    }
  ],
  addIssue: [36m[Function (anonymous)][39m,
  addIssues: [36m[Function (anonymous)][39m,
  errors: [
    {
      code: [32m'too_big'[39m,
      maximum: [33m50[39m,
      type: [32m'string'[39m,
      inclusive: [33mtrue[39m,
      exact: [33mfalse[39m,
      message: [32m'String must contain at most 50 character(s)'[39m,
      path: [36m[Array][39m
    }
  ]
}

[90mstderr[2m | src/services/__tests__/GroupOrderService.join.test.ts[2m > [22m[2mGroupOrderService - 加入群組[2m > [22m[2m應該為新成員生成唯一的 session ID
[22m[39m加入群組失敗: TypeError: Cannot read properties of undefined (reading 'expiresAt')
    at GroupOrderService.joinGroup [90m(C:\Users\minim\OneDrive\文档\Code\platform\makanmakan\[39mpackages\database\src\services\GroupOrderService.ts:312:31[90m)[39m
[90m    at processTicksAndRejections (node:internal/process/task_queues:105:5)[39m
    at [90mC:\Users\minim\OneDrive\文档\Code\platform\makanmakan\[39mpackages\database\src\services\__tests__\GroupOrderService.join.test.ts:145:21
    at [90mfile:///C:/Users/minim/OneDrive/%E6%96%87%E6%A1%A3/Code/platform/makanmakan/[39mnode_modules/[4m.pnpm[24m/@vitest+runner@3.2.4/node_modules/[4m@vitest[24m/runner/dist/chunk-hooks.js:752:20

[90mstderr[2m | src/services/__tests__/GroupOrderService.join.test.ts[2m > [22m[2mGroupOrderService - 加入群組[2m > [22m[2m應該為新成員生成唯一的 session ID
[22m[39m加入群組失敗: TypeError: Cannot read properties of undefined (reading 'expiresAt')
    at GroupOrderService.joinGroup [90m(C:\Users\minim\OneDrive\文档\Code\platform\makanmakan\[39mpackages\database\src\services\GroupOrderService.ts:312:31[90m)[39m
[90m    at processTicksAndRejections (node:internal/process/task_queues:105:5)[39m
    at [90mC:\Users\minim\OneDrive\文档\Code\platform\makanmakan\[39mpackages\database\src\services\__tests__\GroupOrderService.join.test.ts:148:21
    at [90mfile:///C:/Users/minim/OneDrive/%E6%96%87%E6%A1%A3/Code/platform/makanmakan/[39mnode_modules/[4m.pnpm[24m/@vitest+runner@3.2.4/node_modules/[4m@vitest[24m/runner/dist/chunk-hooks.js:752:20

 [31m×[39m [30m[42m @makanmakan/database [49m[39m src/services/__tests__/GroupOrderService.join.test.ts[2m > [22mGroupOrderService - 加入群組[2m > [22m應該成功加入群組[32m 112[2mms[22m[39m
[31m   → expected false to be true // Object.is equality[39m
 [31m×[39m [30m[42m @makanmakan/database [49m[39m src/services/__tests__/GroupOrderService.join.test.ts[2m > [22mGroupOrderService - 加入群組[2m > [22m應該拒絕無效的分享碼[32m 15[2mms[22m[39m
[31m   → expected 'Cannot read properties of undefined (…' to contain '無效的分享代碼'[39m
 [31m×[39m [30m[42m @makanmakan/database [49m[39m src/services/__tests__/GroupOrderService.join.test.ts[2m > [22mGroupOrderService - 加入群組[2m > [22m應該拒絕加入已過期的群組[32m 15[2mms[22m[39m
[31m   → expected 'Cannot read properties of undefined (…' to contain '已過期'[39m
 [31m×[39m [30m[42m @makanmakan/database [49m[39m src/services/__tests__/GroupOrderService.join.test.ts[2m > [22mGroupOrderService - 加入群組[2m > [22m應該防止重複加入（相同電話）[32m 10[2mms[22m[39m
[31m   → expected 'Cannot read properties of undefined (…' to contain '已加入'[39m
 [31m×[39m [30m[42m @makanmakan/database [49m[39m src/services/__tests__/GroupOrderService.join.test.ts[2m > [22mGroupOrderService - 加入群組[2m > [22m應該更新分享碼使用次數[32m 5[2mms[22m[39m
[31m   → expected undefined to be defined[39m
 [31m×[39m [30m[42m @makanmakan/database [49m[39m src/services/__tests__/GroupOrderService.join.test.ts[2m > [22mGroupOrderService - 加入群組[2m > [22m應該記錄加入活動日誌[32m 4[2mms[22m[39m
[31m   → expected undefined to be defined[39m
 [32m✓[39m [30m[42m @makanmakan/database [49m[39m src/services/__tests__/GroupOrderService.join.test.ts[2m > [22mGroupOrderService - 加入群組[2m > [22m應該只接受 1-50 字符的成員名稱[32m 10[2mms[22m[39m
 [31m×[39m [30m[42m @makanmakan/database [49m[39m src/services/__tests__/GroupOrderService.join.test.ts[2m > [22mGroupOrderService - 加入群組[2m > [22m應該為新成員生成唯一的 session ID[32m 5[2mms[22m[39m
[31m   → expected undefined to be defined[39m
[90mstderr[2m | src/services/__tests__/GroupOrderService.cleanup.test.ts[2m > [22m[2mGroupOrderService - 清理與錯誤處理[2m > [22m[2m錯誤處理[2m > [22m[2m應該處理數據庫錯誤
[22m[39m創建群組訂單失敗: Error: Query failed
    at Object.get [90m(C:\Users\minim\OneDrive\文档\Code\platform\makanmakan\[39mpackages\database\src\services\__tests__\GroupOrderService.cleanup.test.ts:98:40[90m)[39m
    at GroupOrderService.createGroupOrder [90m(C:\Users\minim\OneDrive\文档\Code\platform\makanmakan\[39mpackages\database\src\services\GroupOrderService.ts:189:10[90m)[39m
    at [90mC:\Users\minim\OneDrive\文档\Code\platform\makanmakan\[39mpackages\database\src\services\__tests__\GroupOrderService.cleanup.test.ts:105:41
    at [90mfile:///C:/Users/minim/OneDrive/%E6%96%87%E6%A1%A3/Code/platform/makanmakan/[39mnode_modules/[4m.pnpm[24m/@vitest+runner@3.2.4/node_modules/[4m@vitest[24m/runner/dist/chunk-hooks.js:155:11
    at [90mfile:///C:/Users/minim/OneDrive/%E6%96%87%E6%A1%A3/Code/platform/makanmakan/[39mnode_modules/[4m.pnpm[24m/@vitest+runner@3.2.4/node_modules/[4m@vitest[24m/runner/dist/chunk-hooks.js:752:26
    at [90mfile:///C:/Users/minim/OneDrive/%E6%96%87%E6%A1%A3/Code/platform/makanmakan/[39mnode_modules/[4m.pnpm[24m/@vitest+runner@3.2.4/node_modules/[4m@vitest[24m/runner/dist/chunk-hooks.js:1897:20
    at new Promise (<anonymous>)
    at runWithTimeout [90m(file:///C:/Users/minim/OneDrive/%E6%96%87%E6%A1%A3/Code/platform/makanmakan/[39mnode_modules/[4m.pnpm[24m/@vitest+runner@3.2.4/node_modules/[4m@vitest[24m/runner/dist/chunk-hooks.js:1863:10[90m)[39m
    at runTest [90m(file:///C:/Users/minim/OneDrive/%E6%96%87%E6%A1%A3/Code/platform/makanmakan/[39mnode_modules/[4m.pnpm[24m/@vitest+runner@3.2.4/node_modules/[4m@vitest[24m/runner/dist/chunk-hooks.js:1574:12[90m)[39m
[90m    at processTicksAndRejections (node:internal/process/task_queues:105:5)[39m

 [31m×[39m [30m[42m @makanmakan/database [49m[39m src/services/__tests__/GroupOrderService.cleanup.test.ts[2m > [22mGroupOrderService - 清理與錯誤處理[2m > [22m清理過期群組[2m > [22m應該清理過期的群組訂單[32m 24[2mms[22m[39m
[31m   → expected 0 to be greater than 0[39m
 [31m×[39m [30m[42m @makanmakan/database [49m[39m src/services/__tests__/GroupOrderService.cleanup.test.ts[2m > [22mGroupOrderService - 清理與錯誤處理[2m > [22m清理過期群組[2m > [22m應該將過期群組狀態改為取消[32m 21[2mms[22m[39m
[31m   → expected 'active' to be 'cancelled' // Object.is equality[39m
 [32m✓[39m [30m[42m @makanmakan/database [49m[39m src/services/__tests__/GroupOrderService.cleanup.test.ts[2m > [22mGroupOrderService - 清理與錯誤處理[2m > [22m清理過期群組[2m > [22m應該返回清理的群組數量[32m 13[2mms[22m[39m
[90mstderr[2m | src/services/__tests__/GroupOrderService.cleanup.test.ts[2m > [22m[2mGroupOrderService - 清理與錯誤處理[2m > [22m[2m錯誤處理[2m > [22m[2m應該處理無效的輸入數據
[22m[39m創建群組訂單失敗: ZodError: [
  {
    "code": "too_small",
    "minimum": 0,
    "type": "number",
    "inclusive": false,
    "exact": false,
    "message": "Number must be greater than 0",
    "path": [
      "restaurantId"
    ]
  },
  {
    "code": "too_big",
    "maximum": 20,
    "type": "number",
    "inclusive": true,
    "exact": false,
    "message": "Number must be less than or equal to 20",
    "path": [
      "maxMembers"
    ]
  }
]
    at Object.get error [as error] [90m(file:///C:/Users/minim/OneDrive/%E6%96%87%E6%A1%A3/Code/platform/makanmakan/[39mnode_modules/[4m.pnpm[24m/zod@3.22.3/node_modules/[4mzod[24m/lib/index.mjs:538:31[90m)[39m
    at ZodObject.parse [90m(file:///C:/Users/minim/OneDrive/%E6%96%87%E6%A1%A3/Code/platform/makanmakan/[39mnode_modules/[4m.pnpm[24m/zod@3.22.3/node_modules/[4mzod[24m/lib/index.mjs:638:22[90m)[39m
    at GroupOrderService.createGroupOrder [90m(C:\Users\minim\OneDrive\文档\Code\platform\makanmakan\[39mpackages\database\src\services\GroupOrderService.ts:173:52[90m)[39m
    at [90mC:\Users\minim\OneDrive\文档\Code\platform\makanmakan\[39mpackages\database\src\services\__tests__\GroupOrderService.cleanup.test.ts:114:36
    at [90mfile:///C:/Users/minim/OneDrive/%E6%96%87%E6%A1%A3/Code/platform/makanmakan/[39mnode_modules/[4m.pnpm[24m/@vitest+runner@3.2.4/node_modules/[4m@vitest[24m/runner/dist/chunk-hooks.js:155:11
    at [90mfile:///C:/Users/minim/OneDrive/%E6%96%87%E6%A1%A3/Code/platform/makanmakan/[39mnode_modules/[4m.pnpm[24m/@vitest+runner@3.2.4/node_modules/[4m@vitest[24m/runner/dist/chunk-hooks.js:752:26
    at [90mfile:///C:/Users/minim/OneDrive/%E6%96%87%E6%A1%A3/Code/platform/makanmakan/[39mnode_modules/[4m.pnpm[24m/@vitest+runner@3.2.4/node_modules/[4m@vitest[24m/runner/dist/chunk-hooks.js:1897:20
    at new Promise (<anonymous>)
    at runWithTimeout [90m(file:///C:/Users/minim/OneDrive/%E6%96%87%E6%A1%A3/Code/platform/makanmakan/[39mnode_modules/[4m.pnpm[24m/@vitest+runner@3.2.4/node_modules/[4m@vitest[24m/runner/dist/chunk-hooks.js:1863:10[90m)[39m
    at runTest [90m(file:///C:/Users/minim/OneDrive/%E6%96%87%E6%A1%A3/Code/platform/makanmakan/[39mnode_modules/[4m.pnpm[24m/@vitest+runner@3.2.4/node_modules/[4m@vitest[24m/runner/dist/chunk-hooks.js:1574:12[90m)[39m {
  issues: [
    {
      code: [32m'too_small'[39m,
      minimum: [33m0[39m,
      type: [32m'number'[39m,
      inclusive: [33mfalse[39m,
      exact: [33mfalse[39m,
      message: [32m'Number must be greater than 0'[39m,
      path: [36m[Array][39m
    },
    {
      code: [32m'too_big'[39m,
      maximum: [33m20[39m,
      type: [32m'number'[39m,
      inclusive: [33mtrue[39m,
      exact: [33mfalse[39m,
      message: [32m'Number must be less than or equal to 20'[39m,
      path: [36m[Array][39m
    }
  ],
  addIssue: [36m[Function (anonymous)][39m,
  addIssues: [36m[Function (anonymous)][39m,
  errors: [
    {
      code: [32m'too_small'[39m,
      minimum: [33m0[39m,
      type: [32m'number'[39m,
      inclusive: [33mfalse[39m,
      exact: [33mfalse[39m,
      message: [32m'Number must be greater than 0'[39m,
      path: [36m[Array][39m
    },
    {
      code: [32m'too_big'[39m,
      maximum: [33m20[39m,
      type: [32m'number'[39m,
      inclusive: [33mtrue[39m,
      exact: [33mfalse[39m,
      message: [32m'Number must be less than or equal to 20'[39m,
      path: [36m[Array][39m
    }
  ]
}

[90mstderr[2m | src/services/__tests__/GroupOrderService.cleanup.test.ts[2m > [22m[2mGroupOrderService - 清理與錯誤處理[2m > [22m[2m併發處理[2m > [22m[2m應該處理多個成員同時加入
[22m[39m加入群組失敗: TypeError: Cannot read properties of undefined (reading 'expiresAt')
    at GroupOrderService.joinGroup [90m(C:\Users\minim\OneDrive\文档\Code\platform\makanmakan\[39mpackages\database\src\services\GroupOrderService.ts:312:31[90m)[39m
[90m    at processTicksAndRejections (node:internal/process/task_queues:105:5)[39m
    at async Promise.all (index 0)
    at [90mC:\Users\minim\OneDrive\文档\Code\platform\makanmakan\[39mpackages\database\src\services\__tests__\GroupOrderService.cleanup.test.ts:138:23
    at [90mfile:///C:/Users/minim/OneDrive/%E6%96%87%E6%A1%A3/Code/platform/makanmakan/[39mnode_modules/[4m.pnpm[24m/@vitest+runner@3.2.4/node_modules/[4m@vitest[24m/runner/dist/chunk-hooks.js:752:20
加入群組失敗: TypeError: Cannot read properties of undefined (reading 'expiresAt')
    at GroupOrderService.joinGroup [90m(C:\Users\minim\OneDrive\文档\Code\platform\makanmakan\[39mpackages\database\src\services\GroupOrderService.ts:312:31[90m)[39m
[90m    at processTicksAndRejections (node:internal/process/task_queues:105:5)[39m
    at async Promise.all (index 1)
    at [90mC:\Users\minim\OneDrive\文档\Code\platform\makanmakan\[39mpackages\database\src\services\__tests__\GroupOrderService.cleanup.test.ts:138:23
    at [90mfile:///C:/Users/minim/OneDrive/%E6%96%87%E6%A1%A3/Code/platform/makanmakan/[39mnode_modules/[4m.pnpm[24m/@vitest+runner@3.2.4/node_modules/[4m@vitest[24m/runner/dist/chunk-hooks.js:752:20
加入群組失敗: TypeError: Cannot read properties of undefined (reading 'expiresAt')
    at GroupOrderService.joinGroup [90m(C:\Users\minim\OneDrive\文档\Code\platform\makanmakan\[39mpackages\database\src\services\GroupOrderService.ts:312:31[90m)[39m
[90m    at processTicksAndRejections (node:internal/process/task_queues:105:5)[39m
    at async Promise.all (index 2)
    at [90mC:\Users\minim\OneDrive\文档\Code\platform\makanmakan\[39mpackages\database\src\services\__tests__\GroupOrderService.cleanup.test.ts:138:23
    at [90mfile:///C:/Users/minim/OneDrive/%E6%96%87%E6%A1%A3/Code/platform/makanmakan/[39mnode_modules/[4m.pnpm[24m/@vitest+runner@3.2.4/node_modules/[4m@vitest[24m/runner/dist/chunk-hooks.js:752:20

 [32m✓[39m [30m[42m @makanmakan/database [49m[39m src/services/__tests__/GroupOrderService.cleanup.test.ts[2m > [22mGroupOrderService - 清理與錯誤處理[2m > [22m錯誤處理[2m > [22m應該處理數據庫錯誤[32m 61[2mms[22m[39m
 [32m✓[39m [30m[42m @makanmakan/database [49m[39m src/services/__tests__/GroupOrderService.cleanup.test.ts[2m > [22mGroupOrderService - 清理與錯誤處理[2m > [22m錯誤處理[2m > [22m應該處理無效的輸入數據[32m 9[2mms[22m[39m
 [31m×[39m [30m[42m @makanmakan/database [49m[39m src/services/__tests__/GroupOrderService.cleanup.test.ts[2m > [22mGroupOrderService - 清理與錯誤處理[2m > [22m併發處理[2m > [22m應該處理多個成員同時加入[32m 10[2mms[22m[39m
[31m   → expected 0 to be greater than 0[39m
 [31m×[39m [30m[42m @makanmakan/database [49m[39m src/services/__tests__/GroupOrderService.split.test.ts[2m > [22mGroupOrderService - 帳單分攤[2m > [22m應該成功初始化平均分帳[32m 29[2mms[22m[39m
[31m   → Cannot read properties of undefined (reading 'id')[39m
 [31m×[39m [30m[42m @makanmakan/database [49m[39m src/services/__tests__/GroupOrderService.split.test.ts[2m > [22mGroupOrderService - 帳單分攤[2m > [22m應該成功初始化個人項目分帳[32m 3[2mms[22m[39m
[31m   → Cannot read properties of undefined (reading 'id')[39m
 [31m×[39m [30m[42m @makanmakan/database [49m[39m src/services/__tests__/GroupOrderService.split.test.ts[2m > [22mGroupOrderService - 帳單分攤[2m > [22m應該鎖定群組訂單狀態[32m 2[2mms[22m[39m
[31m   → Cannot read properties of undefined (reading 'id')[39m
 [31m×[39m [30m[42m @makanmakan/database [49m[39m src/services/__tests__/GroupOrderService.split.test.ts[2m > [22mGroupOrderService - 帳單分攤[2m > [22m應該拒絕非創建者/管理員執行分帳[32m 13[2mms[22m[39m
[31m   → Cannot read properties of undefined (reading 'id')[39m
 [31m×[39m [30m[42m @makanmakan/database [49m[39m src/services/__tests__/GroupOrderService.split.test.ts[2m > [22mGroupOrderService - 帳單分攤[2m > [22m平均分帳應該正確計算每人金額[32m 6[2mms[22m[39m
[31m   → Cannot read properties of undefined (reading 'id')[39m
 [31m×[39m [30m[42m @makanmakan/database [49m[39m src/services/__tests__/GroupOrderService.cart.test.ts[2m > [22mGroupOrderService - 購物車操作[2m > [22m應該成功添加購物車項目[32m 39[2mms[22m[39m
[31m   → Cannot read properties of undefined (reading 'id')[39m
 [31m×[39m [30m[42m @makanmakan/database [49m[39m src/services/__tests__/GroupOrderService.cart.test.ts[2m > [22mGroupOrderService - 購物車操作[2m > [22m應該正確計算項目總價[32m 4[2mms[22m[39m
[31m   → Cannot read properties of undefined (reading 'id')[39m
 [31m×[39m [30m[42m @makanmakan/database [49m[39m src/services/__tests__/GroupOrderService.cart.test.ts[2m > [22mGroupOrderService - 購物車操作[2m > [22m應該拒絕無效的成員ID[32m 3[2mms[22m[39m
[31m   → Cannot read properties of undefined (reading 'id')[39m
 [31m×[39m [30m[42m @makanmakan/database [49m[39m src/services/__tests__/GroupOrderService.cart.test.ts[2m > [22mGroupOrderService - 購物車操作[2m > [22m應該拒絕不可用的菜品[32m 9[2mms[22m[39m
[31m   → Cannot read properties of undefined (reading 'id')[39m
 [31m×[39m [30m[42m @makanmakan/database [49m[39m src/services/__tests__/GroupOrderService.cart.test.ts[2m > [22mGroupOrderService - 購物車操作[2m > [22m應該記錄添加項目的活動日誌[32m 4[2mms[22m[39m
[31m   → Cannot read properties of undefined (reading 'id')[39m
 [31m×[39m [30m[42m @makanmakan/database [49m[39m src/services/__tests__/GroupOrderService.cart.test.ts[2m > [22mGroupOrderService - 購物車操作[2m > [22m應該拒絕負數或零數量[32m 2[2mms[22m[39m
[31m   → Cannot read properties of undefined (reading 'id')[39m
[90mstdout[2m | src/features/group-orders/__tests__/e2e.test.ts[2m > [22m[2mGroup Orders E2E Tests[2m > [22m[2mPOST /api/v1/orders/group/:groupOrderId/split - Split Bill[2m > [22m[2mshould split bill by items successfully
[22m[39m[SharedMockDB] EXEC executed successfully

[90mstdout[2m | src/features/group-orders/__tests__/e2e.test.ts[2m > [22m[2mGroup Orders E2E Tests[2m > [22m[2mPOST /api/v1/orders/group/:groupOrderId/split - Split Bill[2m > [22m[2mshould split bill by items successfully
[22m[39m[SharedMockDB] EXEC executed successfully

[90mstdout[2m | src/features/group-orders/__tests__/e2e.test.ts[2m > [22m[2mGroup Orders E2E Tests[2m > [22m[2mPOST /api/v1/orders/group/:groupOrderId/split - Split Bill[2m > [22m[2mshould split bill by items successfully
[22m[39m[SharedMockDB] EXEC executed successfully

[90mstdout[2m | src/features/group-orders/__tests__/e2e.test.ts[2m > [22m[2mGroup Orders E2E Tests[2m > [22m[2mPOST /api/v1/orders/group/:groupOrderId/split - Split Bill[2m > [22m[2mshould split bill by items successfully
[22m[39m[SharedMockDB] EXEC executed successfully

[90mstdout[2m | src/features/group-orders/__tests__/e2e.test.ts[2m > [22m[2mGroup Orders E2E Tests[2m > [22m[2mPOST /api/v1/orders/group/:groupOrderId/split - Split Bill[2m > [22m[2mshould split bill by items successfully
[22m[39m[SharedMockDB] EXEC executed successfully

[90mstdout[2m | src/features/group-orders/__tests__/e2e.test.ts[2m > [22m[2mGroup Orders E2E Tests[2m > [22m[2mPOST /api/v1/orders/group/:groupOrderId/split - Split Bill[2m > [22m[2mshould split bill by items successfully
[22m[39m[API_V1] POST /api/v1/orders/group/create

[90mstdout[2m | src/features/group-orders/__tests__/e2e.test.ts[2m > [22m[2mGroup Orders E2E Tests[2m > [22m[2mPOST /api/v1/orders/group/:groupOrderId/split - Split Bill[2m > [22m[2mshould split bill by items successfully
[22m[39m[group-orders] Creating group order { restaurantId: [33m1[39m, hostId: [33m2[39m }
[SharedMockDB] RUN executed: {
  sql: [32m'\n'[39m +
    [32m'        INSERT INTO group_orders (\n'[39m +
    [32m'          id, restaurant_id, table_id, share_code, created_by,\n'[39m +
    [32m' '[39m,
  changes: [33m1[39m,
  lastInsertRowid: [33m1[39m
}

[90mstdout[2m | src/features/group-orders/__tests__/e2e.test.ts[2m > [22m[2mGroup Orders E2E Tests[2m > [22m[2mPOST /api/v1/orders/group/:groupOrderId/split - Split Bill[2m > [22m[2mshould split bill by items successfully
[22m[39m[SharedMockDB] RUN executed: {
  sql: [32m'\n'[39m +
    [32m'        INSERT INTO group_members (\n'[39m +
    [32m'          id, group_order_id, session_id, name, role,\n'[39m +
    [32m'         '[39m,
  changes: [33m1[39m,
  lastInsertRowid: [33m1[39m
}

[90mstdout[2m | src/features/group-orders/__tests__/e2e.test.ts[2m > [22m[2mGroup Orders E2E Tests[2m > [22m[2mPOST /api/v1/orders/group/:groupOrderId/split - Split Bill[2m > [22m[2mshould split bill by items successfully
[22m[39m[SharedMockDB] RUN executed: {
  sql: [32m'\n'[39m +
    [32m'      INSERT INTO group_activity_logs (\n'[39m +
    [32m'        id, group_order_id, member_id, action, description,'[39m,
  changes: [33m1[39m,
  lastInsertRowid: [33m1[39m
}

[90mstdout[2m | src/features/group-orders/__tests__/e2e.test.ts[2m > [22m[2mGroup Orders E2E Tests[2m > [22m[2mPOST /api/v1/orders/group/:groupOrderId/split - Split Bill[2m > [22m[2mshould split bill by items successfully
[22m[39m[SharedMockDB] FIRST executed: {
  sql: [32m'\n        SELECT * FROM group_members WHERE id = ?\n      '[39m,
  hasResult: [33mtrue[39m
}

[90mstdout[2m | src/features/group-orders/__tests__/e2e.test.ts[2m > [22m[2mGroup Orders E2E Tests[2m > [22m[2mPOST /api/v1/orders/group/:groupOrderId/split - Split Bill[2m > [22m[2mshould split bill by items successfully
[22m[39m[group-orders] Group order created successfully {
  groupOrderId: [32m'0a6fc533-f327-49d8-9219-07baa5a878d8'[39m,
  shareCode: [32m'EFAGTRMM'[39m
}
[group-orders] createGroupOrder took 15ms

 [31m×[39m [30m[42m @makanmakan/api [49m[39m src/features/group-orders/__tests__/e2e.test.ts[2m > [22mGroup Orders E2E Tests[2m > [22mGET /api/v1/orders/group/:groupOrderId/activities - Get Activities[2m > [22mshould return activities in chronological order (newest first)[33m 10046[2mms[22m[39m
[31m   → Hook timed out in 10000ms.
If this is a long-running hook, pass a timeout value as the last argument or configure it globally with "hookTimeout".[39m
 [32m✓[39m [30m[46m @makanmakan/queue-core [49m[39m src/print/__tests__/PrinterService.test.ts[2m > [22mPrinterService[2m > [22mPrinter Management[2m > [22mshould register a new printer device[32m 5[2mms[22m[39m
 [32m✓[39m [30m[46m @makanmakan/queue-core [49m[39m src/print/__tests__/PrinterService.test.ts[2m > [22mPrinterService[2m > [22mPrinter Management[2m > [22mshould get empty device list when no printers registered[32m 3[2mms[22m[39m
 [32m✓[39m [30m[46m @makanmakan/queue-core [49m[39m src/print/__tests__/PrinterService.test.ts[2m > [22mPrinterService[2m > [22mPrinter Management[2m > [22mshould return null for default device when none registered[32m 7[2mms[22m[39m
 [32m✓[39m [30m[46m @makanmakan/queue-core [49m[39m src/print/__tests__/PrinterService.test.ts[2m > [22mPrinterService[2m > [22mPrint Job Management[2m > [22mshould handle print request without available printers[32m 4[2mms[22m[39m
 [32m✓[39m [30m[46m @makanmakan/queue-core [49m[39m src/print/__tests__/PrinterService.test.ts[2m > [22mPrinterService[2m > [22mHealth Check[2m > [22mshould return unhealthy status when no devices[32m 3[2mms[22m[39m
 [32m✓[39m [30m[46m @makanmakan/queue-core [49m[39m src/print/__tests__/PrinterService.test.ts[2m > [22mPrinterService[2m > [22mStatistics[2m > [22mshould return initial statistics[32m 2[2mms[22m[39m
 [32m✓[39m [30m[46m @makanmakan/queue-core [49m[39m src/print/__tests__/PrinterService.test.ts[2m > [22mPrinterService[2m > [22mRegion Management[2m > [22mshould set and use region configuration[32m 1[2mms[22m[39m
[90mstderr[2m | src/features/kitchen/__tests__/feature.test.ts[2m > [22m[2mKitchen Feature Module[2m > [22m[2mshould validate chef access correctly
[22m[39m[KitchenService] WARN: Access denied - insufficient kitchen permissions {
  userId: [33m1[39m,
  userRole: [33m4[39m,
  restaurantId: [33m1[39m,
  allowedRoles: [ [33m0[39m, [33m1[39m, [33m2[39m, [33m3[39m ]
}

[90mstdout[2m | src/features/kitchen/__tests__/feature.test.ts[2m > [22m[2mKitchen Feature Module[2m > [22m[2mshould register and remove connections
[22m[39m[KitchenService] INFO: Kitchen SSE connection registered { connectionId: [32m'test-connection'[39m, restaurantId: [33m1[39m, userId: [33m1[39m }
[KitchenService] INFO: Kitchen SSE connection removed { connectionId: [32m'test-connection'[39m }

 [32m✓[39m [30m[42m @makanmakan/api [49m[39m src/features/kitchen/__tests__/feature.test.ts[2m > [22mKitchen Feature Module[2m > [22mshould create KitchenService instance[32m 5[2mms[22m[39m
 [32m✓[39m [30m[42m @makanmakan/api [49m[39m src/features/kitchen/__tests__/feature.test.ts[2m > [22mKitchen Feature Module[2m > [22mshould generate unique connection IDs[32m 3[2mms[22m[39m
 [32m✓[39m [30m[42m @makanmakan/api [49m[39m src/features/kitchen/__tests__/feature.test.ts[2m > [22mKitchen Feature Module[2m > [22mshould validate chef access correctly[32m 4[2mms[22m[39m
 [32m✓[39m [30m[42m @makanmakan/api [49m[39m src/features/kitchen/__tests__/feature.test.ts[2m > [22mKitchen Feature Module[2m > [22mshould format SSE events correctly[32m 1[2mms[22m[39m
 [32m✓[39m [30m[42m @makanmakan/api [49m[39m src/features/kitchen/__tests__/feature.test.ts[2m > [22mKitchen Feature Module[2m > [22mshould get connection status[32m 2[2mms[22m[39m
 [32m✓[39m [30m[42m @makanmakan/api [49m[39m src/features/kitchen/__tests__/feature.test.ts[2m > [22mKitchen Feature Module[2m > [22mshould cleanup expired connections[32m 4[2mms[22m[39m
 [32m✓[39m [30m[42m @makanmakan/api [49m[39m src/features/kitchen/__tests__/feature.test.ts[2m > [22mKitchen Feature Module[2m > [22mshould register and remove connections[32m 15[2mms[22m[39m
 [32m✓[39m [30m[42m @makanmakan/api [49m[39m src/features/kitchen/__tests__/feature.test.ts[2m > [22mKitchen Module Types[2m > [22mshould have proper type definitions[32m 1[2mms[22m[39m
[90mstderr[2m | src/services/__tests__/GroupOrderService.info.test.ts[2m > [22m[2mGroupOrderService - 獲取群組資訊[2m > [22m[2m應該成功獲取群組資訊
[22m[39m獲取群組資訊失敗: TypeError: Cannot read properties of undefined (reading 'permissions')
    at [90mC:\Users\minim\OneDrive\文档\Code\platform\makanmakan\[39mpackages\database\src\services\GroupOrderService.ts:474:45
    at Array.map (<anonymous>)
    at GroupOrderService.getGroupOrder [90m(C:\Users\minim\OneDrive\文档\Code\platform\makanmakan\[39mpackages\database\src\services\GroupOrderService.ts:472:37[90m)[39m
[90m    at processTicksAndRejections (node:internal/process/task_queues:105:5)[39m
    at [90mC:\Users\minim\OneDrive\文档\Code\platform\makanmakan\[39mpackages\database\src\services\__tests__\GroupOrderService.info.test.ts:67:20
    at [90mfile:///C:/Users/minim/OneDrive/%E6%96%87%E6%A1%A3/Code/platform/makanmakan/[39mnode_modules/[4m.pnpm[24m/@vitest+runner@3.2.4/node_modules/[4m@vitest[24m/runner/dist/chunk-hooks.js:752:20

[90mstderr[2m | src/services/__tests__/GroupOrderService.info.test.ts[2m > [22m[2mGroupOrderService - 獲取群組資訊[2m > [22m[2m應該返回所有活躍成員
[22m[39m獲取群組資訊失敗: TypeError: Cannot read properties of undefined (reading 'permissions')
    at [90mC:\Users\minim\OneDrive\文档\Code\platform\makanmakan\[39mpackages\database\src\services\GroupOrderService.ts:474:45
    at Array.map (<anonymous>)
    at GroupOrderService.getGroupOrder [90m(C:\Users\minim\OneDrive\文档\Code\platform\makanmakan\[39mpackages\database\src\services\GroupOrderService.ts:472:37[90m)[39m
[90m    at processTicksAndRejections (node:internal/process/task_queues:105:5)[39m
    at [90mC:\Users\minim\OneDrive\文档\Code\platform\makanmakan\[39mpackages\database\src\services\__tests__\GroupOrderService.info.test.ts:78:20
    at [90mfile:///C:/Users/minim/OneDrive/%E6%96%87%E6%A1%A3/Code/platform/makanmakan/[39mnode_modules/[4m.pnpm[24m/@vitest+runner@3.2.4/node_modules/[4m@vitest[24m/runner/dist/chunk-hooks.js:752:20

[90mstderr[2m | src/services/__tests__/GroupOrderService.info.test.ts[2m > [22m[2mGroupOrderService - 獲取群組資訊[2m > [22m[2m應該返回購物車項目（如果有）
[22m[39m獲取群組資訊失敗: TypeError: Cannot read properties of undefined (reading 'permissions')
    at [90mC:\Users\minim\OneDrive\文档\Code\platform\makanmakan\[39mpackages\database\src\services\GroupOrderService.ts:474:45
    at Array.map (<anonymous>)
    at GroupOrderService.getGroupOrder [90m(C:\Users\minim\OneDrive\文档\Code\platform\makanmakan\[39mpackages\database\src\services\GroupOrderService.ts:472:37[90m)[39m
[90m    at processTicksAndRejections (node:internal/process/task_queues:105:5)[39m
    at [90mC:\Users\minim\OneDrive\文档\Code\platform\makanmakan\[39mpackages\database\src\services\__tests__\GroupOrderService.info.test.ts:88:20
    at [90mfile:///C:/Users/minim/OneDrive/%E6%96%87%E6%A1%A3/Code/platform/makanmakan/[39mnode_modules/[4m.pnpm[24m/@vitest+runner@3.2.4/node_modules/[4m@vitest[24m/runner/dist/chunk-hooks.js:752:20

 [31m×[39m [30m[42m @makanmakan/database [49m[39m src/services/__tests__/GroupOrderService.info.test.ts[2m > [22mGroupOrderService - 獲取群組資訊[2m > [22m應該成功獲取群組資訊[32m 71[2mms[22m[39m
[31m   → expected false to be true // Object.is equality[39m
 [31m×[39m [30m[42m @makanmakan/database [49m[39m src/services/__tests__/GroupOrderService.info.test.ts[2m > [22mGroupOrderService - 獲取群組資訊[2m > [22m應該返回所有活躍成員[32m 21[2mms[22m[39m
[31m   → expected false to be true // Object.is equality[39m
[90mstderr[2m | src/services/__tests__/GroupOrderService.info.test.ts[2m > [22m[2mGroupOrderService - 獲取群組資訊[2m > [22m[2m應該正確計算總金額
[22m[39m獲取群組資訊失敗: TypeError: Cannot read properties of undefined (reading 'permissions')
    at [90mC:\Users\minim\OneDrive\文档\Code\platform\makanmakan\[39mpackages\database\src\services\GroupOrderService.ts:474:45
    at Array.map (<anonymous>)
    at GroupOrderService.getGroupOrder [90m(C:\Users\minim\OneDrive\文档\Code\platform\makanmakan\[39mpackages\database\src\services\GroupOrderService.ts:472:37[90m)[39m
[90m    at processTicksAndRejections (node:internal/process/task_queues:105:5)[39m
    at [90mC:\Users\minim\OneDrive\文档\Code\platform\makanmakan\[39mpackages\database\src\services\__tests__\GroupOrderService.info.test.ts:95:20
    at [90mfile:///C:/Users/minim/OneDrive/%E6%96%87%E6%A1%A3/Code/platform/makanmakan/[39mnode_modules/[4m.pnpm[24m/@vitest+runner@3.2.4/node_modules/[4m@vitest[24m/runner/dist/chunk-hooks.js:752:20

[90mstderr[2m | src/services/__tests__/GroupOrderService.info.test.ts[2m > [22m[2mGroupOrderService - 獲取群組資訊[2m > [22m[2m應該拒絕不存在的群組ID
[22m[39m獲取群組資訊失敗: TypeError: Cannot read properties of undefined (reading 'permissions')
    at [90mC:\Users\minim\OneDrive\文档\Code\platform\makanmakan\[39mpackages\database\src\services\GroupOrderService.ts:474:45
    at Array.map (<anonymous>)
    at GroupOrderService.getGroupOrder [90m(C:\Users\minim\OneDrive\文档\Code\platform\makanmakan\[39mpackages\database\src\services\GroupOrderService.ts:472:37[90m)[39m
[90m    at processTicksAndRejections (node:internal/process/task_queues:105:5)[39m
    at [90mC:\Users\minim\OneDrive\文档\Code\platform\makanmakan\[39mpackages\database\src\services\__tests__\GroupOrderService.info.test.ts:103:20
    at [90mfile:///C:/Users/minim/OneDrive/%E6%96%87%E6%A1%A3/Code/platform/makanmakan/[39mnode_modules/[4m.pnpm[24m/@vitest+runner@3.2.4/node_modules/[4m@vitest[24m/runner/dist/chunk-hooks.js:752:20

 [31m×[39m [30m[42m @makanmakan/database [49m[39m src/services/__tests__/GroupOrderService.info.test.ts[2m > [22mGroupOrderService - 獲取群組資訊[2m > [22m應該返回購物車項目（如果有）[32m 10[2mms[22m[39m
[31m   → expected false to be true // Object.is equality[39m
 [31m×[39m [30m[42m @makanmakan/database [49m[39m src/services/__tests__/GroupOrderService.info.test.ts[2m > [22mGroupOrderService - 獲取群組資訊[2m > [22m應該正確計算總金額[32m 5[2mms[22m[39m
[31m   → expected false to be true // Object.is equality[39m
 [31m×[39m [30m[42m @makanmakan/database [49m[39m src/services/__tests__/GroupOrderService.info.test.ts[2m > [22mGroupOrderService - 獲取群組資訊[2m > [22m應該拒絕不存在的群組ID[32m 7[2mms[22m[39m
[31m   → expected 'Cannot read properties of undefined (…' to contain '找不到'[39m
 [31m×[39m [30m[42m @makanmakan/database [49m[39m src/services/__tests__/GroupOrderService.payment.test.ts[2m > [22mGroupOrderService - 支付處理[2m > [22m應該成功處理支付[32m 27[2mms[22m[39m
[31m   → Cannot read properties of undefined (reading 'id')[39m
 [31m×[39m [30m[42m @makanmakan/database [49m[39m src/services/__tests__/GroupOrderService.payment.test.ts[2m > [22mGroupOrderService - 支付處理[2m > [22m應該更新支付狀態為已付款[32m 4[2mms[22m[39m
[31m   → Cannot read properties of undefined (reading 'id')[39m
 [31m×[39m [30m[42m @makanmakan/database [49m[39m src/services/__tests__/GroupOrderService.payment.test.ts[2m > [22mGroupOrderService - 支付處理[2m > [22m應該記錄支付方法[32m 3[2mms[22m[39m
[31m   → Cannot read properties of undefined (reading 'id')[39m
 [31m×[39m [30m[42m @makanmakan/database [49m[39m src/services/__tests__/GroupOrderService.payment.test.ts[2m > [22mGroupOrderService - 支付處理[2m > [22m應該拒絕找不到的分帳記錄[32m 15[2mms[22m[39m
[31m   → Cannot read properties of undefined (reading 'id')[39m
 [32m✓[39m [30m[42m root [49m[39m tests/unit/basic.test.ts[2m > [22m基本測試[2m > [22m數學運算正確[32m 5[2mms[22m[39m
 [32m✓[39m [30m[42m root [49m[39m tests/unit/basic.test.ts[2m > [22m基本測試[2m > [22m字串操作正確[32m 2[2mms[22m[39m
 [32m✓[39m [30m[42m root [49m[39m tests/unit/basic.test.ts[2m > [22m基本測試[2m > [22m陣列操作正確[32m 2[2mms[22m[39m
 [32m✓[39m [30m[42m root [49m[39m tests/unit/basic.test.ts[2m > [22m基本測試[2m > [22m物件操作正確[32m 1[2mms[22m[39m
 [32m✓[39m [30m[42m root [49m[39m tests/unit/basic.test.ts[2m > [22m基本測試[2m > [22m布林值操作正確[32m 1[2mms[22m[39m
 [32m✓[39m [30m[42m root [49m[39m tests/unit/basic.test.ts[2m > [22m基本測試[2m > [22m非同步操作正確[32m 0[2mms[22m[39m
 [32m✓[39m [30m[42m root [49m[39m tests/unit/basic.test.ts[2m > [22m基本測試[2m > [22m錯誤處理正確[32m 2[2mms[22m[39m
 [32m✓[39m [30m[42m root [49m[39m tests/unit/basic.test.ts[2m > [22m基本測試[2m > [22m型別檢查正確[32m 1[2mms[22m[39m
 [31m×[39m [30m[42m @makanmakan/database [49m[39m src/services/__tests__/GroupOrderService.member.test.ts[2m > [22mGroupOrderService - 成員管理[2m > [22m應該成功離開群組（普通成員）[32m 39[2mms[22m[39m
[31m   → Cannot read properties of undefined (reading 'id')[39m
 [31m×[39m [30m[42m @makanmakan/database [49m[39m src/services/__tests__/GroupOrderService.member.test.ts[2m > [22mGroupOrderService - 成員管理[2m > [22m應該拒絕創建者離開群組[32m 4[2mms[22m[39m
[31m   → Cannot read properties of undefined (reading 'id')[39m
 [31m×[39m [30m[42m @makanmakan/database [49m[39m src/services/__tests__/GroupOrderService.member.test.ts[2m > [22mGroupOrderService - 成員管理[2m > [22m應該將成員標記為非活躍[32m 3[2mms[22m[39m
[31m   → Cannot read properties of undefined (reading 'id')[39m
 [31m×[39m [30m[42m @makanmakan/database [49m[39m src/services/__tests__/GroupOrderService.member.test.ts[2m > [22mGroupOrderService - 成員管理[2m > [22m應該移除該成員的購物車項目[32m 3[2mms[22m[39m
[31m   → Cannot read properties of undefined (reading 'id')[39m
[90mstdout[2m | src/features/group-orders/__tests__/e2e.test.ts[2m > [22m[2mGroup Orders E2E Tests[2m > [22m[2mPOST /api/v1/orders/group/:groupOrderId/split - Split Bill[2m > [22m[2mshould split bill equally among all members
[22m[39m[SharedMockDB] EXEC executed successfully

[90mstdout[2m | src/features/group-orders/__tests__/e2e.test.ts[2m > [22m[2mGroup Orders E2E Tests[2m > [22m[2mPOST /api/v1/orders/group/:groupOrderId/split - Split Bill[2m > [22m[2mshould split bill equally among all members
[22m[39m[SharedMockDB] EXEC executed successfully

[90mstdout[2m | src/features/group-orders/__tests__/e2e.test.ts[2m > [22m[2mGroup Orders E2E Tests[2m > [22m[2mPOST /api/v1/orders/group/:groupOrderId/split - Split Bill[2m > [22m[2mshould split bill equally among all members
[22m[39m[SharedMockDB] EXEC executed successfully

[90mstdout[2m | src/features/group-orders/__tests__/e2e.test.ts[2m > [22m[2mGroup Orders E2E Tests[2m > [22m[2mPOST /api/v1/orders/group/:groupOrderId/split - Split Bill[2m > [22m[2mshould split bill equally among all members
[22m[39m[SharedMockDB] EXEC executed successfully

[90mstdout[2m | src/features/group-orders/__tests__/e2e.test.ts[2m > [22m[2mGroup Orders E2E Tests[2m > [22m[2mPOST /api/v1/orders/group/:groupOrderId/split - Split Bill[2m > [22m[2mshould split bill equally among all members
[22m[39m[SharedMockDB] EXEC executed successfully

[90mstdout[2m | src/features/group-orders/__tests__/e2e.test.ts[2m > [22m[2mGroup Orders E2E Tests[2m > [22m[2mPOST /api/v1/orders/group/:groupOrderId/split - Split Bill[2m > [22m[2mshould split bill equally among all members
[22m[39m[API_V1] POST /api/v1/orders/group/create

[90mstdout[2m | src/features/group-orders/__tests__/e2e.test.ts[2m > [22m[2mGroup Orders E2E Tests[2m > [22m[2mPOST /api/v1/orders/group/:groupOrderId/split - Split Bill[2m > [22m[2mshould split bill equally among all members
[22m[39m[group-orders] Creating group order { restaurantId: [33m1[39m, hostId: [33m2[39m }
[SharedMockDB] RUN executed: {
  sql: [32m'\n'[39m +
    [32m'        INSERT INTO group_orders (\n'[39m +
    [32m'          id, restaurant_id, table_id, share_code, created_by,\n'[39m +
    [32m' '[39m,
  changes: [33m1[39m,
  lastInsertRowid: [33m1[39m
}

[90mstdout[2m | src/features/group-orders/__tests__/e2e.test.ts[2m > [22m[2mGroup Orders E2E Tests[2m > [22m[2mPOST /api/v1/orders/group/:groupOrderId/split - Split Bill[2m > [22m[2mshould split bill equally among all members
[22m[39m[SharedMockDB] RUN executed: {
  sql: [32m'\n'[39m +
    [32m'        INSERT INTO group_members (\n'[39m +
    [32m'          id, group_order_id, session_id, name, role,\n'[39m +
    [32m'         '[39m,
  changes: [33m1[39m,
  lastInsertRowid: [33m1[39m
}

[90mstdout[2m | src/features/group-orders/__tests__/e2e.test.ts[2m > [22m[2mGroup Orders E2E Tests[2m > [22m[2mPOST /api/v1/orders/group/:groupOrderId/split - Split Bill[2m > [22m[2mshould split bill equally among all members
[22m[39m[SharedMockDB] RUN executed: {
  sql: [32m'\n'[39m +
    [32m'      INSERT INTO group_activity_logs (\n'[39m +
    [32m'        id, group_order_id, member_id, action, description,'[39m,
  changes: [33m1[39m,
  lastInsertRowid: [33m1[39m
}

[90mstdout[2m | src/features/group-orders/__tests__/e2e.test.ts[2m > [22m[2mGroup Orders E2E Tests[2m > [22m[2mPOST /api/v1/orders/group/:groupOrderId/split - Split Bill[2m > [22m[2mshould split bill equally among all members
[22m[39m[SharedMockDB] FIRST executed: {
  sql: [32m'\n        SELECT * FROM group_members WHERE id = ?\n      '[39m,
  hasResult: [33mtrue[39m
}

[90mstdout[2m | src/features/group-orders/__tests__/e2e.test.ts[2m > [22m[2mGroup Orders E2E Tests[2m > [22m[2mPOST /api/v1/orders/group/:groupOrderId/split - Split Bill[2m > [22m[2mshould split bill equally among all members
[22m[39m[group-orders] Group order created successfully {
  groupOrderId: [32m'fe096053-6243-482c-99d3-13d9ce2bdf34'[39m,
  shareCode: [32m'VZWM5FFQ'[39m
}
[group-orders] createGroupOrder took 5ms

 [31m×[39m [30m[42m @makanmakan/api [49m[39m src/features/group-orders/__tests__/e2e.test.ts[2m > [22mGroup Orders E2E Tests[2m > [22mPOST /api/v1/orders/group/:groupOrderId/split - Split Bill[2m > [22mshould split bill by items successfully[33m 10046[2mms[22m[39m
[31m   → Hook timed out in 10000ms.
If this is a long-running hook, pass a timeout value as the last argument or configure it globally with "hookTimeout".[39m
 [32m✓[39m [30m[43m @makanmakan/realtime [49m[39m src/__tests__/unit/routing/event-filtering.test.ts[2m > [22mEvent Filtering[2m > [22mRestaurant-Level Filtering[2m > [22mshould filter events by restaurantId[32m 10[2mms[22m[39m
 [32m✓[39m [30m[43m @makanmakan/realtime [49m[39m src/__tests__/unit/routing/event-filtering.test.ts[2m > [22mEvent Filtering[2m > [22mRestaurant-Level Filtering[2m > [22mshould reject events with mismatched restaurantId[32m 1[2mms[22m[39m
 [32m✓[39m [30m[43m @makanmakan/realtime [49m[39m src/__tests__/unit/routing/event-filtering.test.ts[2m > [22mEvent Filtering[2m > [22mRole-Based Filtering[2m > [22mshould send NEW_ORDER events to all roles[32m 2[2mms[22m[39m
 [32m✓[39m [30m[43m @makanmakan/realtime [49m[39m src/__tests__/unit/routing/event-filtering.test.ts[2m > [22mEvent Filtering[2m > [22mRole-Based Filtering[2m > [22mshould only send MENU_UPDATE to admin and kitchen[32m 2[2mms[22m[39m
 [31m×[39m [30m[43m @makanmakan/realtime [49m[39m src/__tests__/unit/routing/event-filtering.test.ts[2m > [22mEvent Filtering[2m > [22mRole-Based Filtering[2m > [22mshould only send TABLE_STATUS to admin and owner[32m 49[2mms[22m[39m
[31m   → expected true to be false // Object.is equality[39m
 [31m×[39m [30m[43m @makanmakan/realtime [49m[39m src/__tests__/unit/routing/event-filtering.test.ts[2m > [22mEvent Filtering[2m > [22mRole-Based Filtering[2m > [22mshould only send KITCHEN_ORDER_READY to kitchen and crew[32m 4[2mms[22m[39m
[31m   → expected true to be false // Object.is equality[39m
 [32m✓[39m [30m[43m @makanmakan/realtime [49m[39m src/__tests__/unit/routing/event-filtering.test.ts[2m > [22mEvent Filtering[2m > [22mRoom Type Filtering[2m > [22mshould filter events by room type[32m 1[2mms[22m[39m
 [32m✓[39m [30m[43m @makanmakan/realtime [49m[39m src/__tests__/unit/routing/event-filtering.test.ts[2m > [22mEvent Filtering[2m > [22mRoom Type Filtering[2m > [22mshould support customer room filtering[32m 1[2mms[22m[39m
 [32m✓[39m [30m[43m @makanmakan/realtime [49m[39m src/__tests__/unit/routing/event-filtering.test.ts[2m > [22mEvent Filtering[2m > [22mRoom Type Filtering[2m > [22mshould support admin room filtering[32m 1[2mms[22m[39m
 [32m✓[39m [30m[43m @makanmakan/realtime [49m[39m src/__tests__/unit/routing/event-filtering.test.ts[2m > [22mEvent Filtering[2m > [22mRoom Type Filtering[2m > [22mshould support kitchen room filtering[32m 1[2mms[22m[39m
 [32m✓[39m [30m[43m @makanmakan/realtime [49m[39m src/__tests__/unit/routing/event-filtering.test.ts[2m > [22mEvent Filtering[2m > [22mEvent Type Filtering[2m > [22mshould handle all defined event types[32m 1[2mms[22m[39m
 [32m✓[39m [30m[43m @makanmakan/realtime [49m[39m src/__tests__/unit/routing/event-filtering.test.ts[2m > [22mEvent Filtering[2m > [22mEvent Type Filtering[2m > [22mshould filter by specific event types[32m 1[2mms[22m[39m
 [32m✓[39m [30m[43m @makanmakan/realtime [49m[39m src/__tests__/unit/routing/event-filtering.test.ts[2m > [22mEvent Filtering[2m > [22mComplex Filtering Scenarios[2m > [22mshould filter multi-tenant events correctly[32m 3[2mms[22m[39m
 [32m✓[39m [30m[43m @makanmakan/realtime [49m[39m src/__tests__/unit/routing/event-filtering.test.ts[2m > [22mEvent Filtering[2m > [22mComplex Filtering Scenarios[2m > [22mshould handle connections without auth[32m 1[2mms[22m[39m
 [32m✓[39m [30m[43m @makanmakan/realtime [49m[39m src/__tests__/unit/routing/event-filtering.test.ts[2m > [22mEvent Filtering[2m > [22mComplex Filtering Scenarios[2m > [22mshould handle undefined role correctly[32m 1[2mms[22m[39m
 [32m✓[39m [30m[43m @makanmakan/realtime [49m[39m src/__tests__/unit/routing/event-filtering.test.ts[2m > [22mEvent Filtering[2m > [22mFiltering Performance[2m > [22mshould efficiently filter large numbers of connections[32m 2[2mms[22m[39m
 [32m✓[39m [30m[43m @makanmakan/realtime [49m[39m src/__tests__/unit/routing/event-filtering.test.ts[2m > [22mEvent Filtering[2m > [22mFiltering Performance[2m > [22mshould maintain correct filtering under load[32m 1[2mms[22m[39m
 [32m✓[39m [30m[43m @makanmakan/realtime [49m[39m src/__tests__/unit/connection/reconnection-strategy.test.ts[2m > [22mReconnection Strategy[2m > [22mExponential Backoff[2m > [22mshould calculate delay with exponential backoff[32m 13[2mms[22m[39m
 [32m✓[39m [30m[43m @makanmakan/realtime [49m[39m src/__tests__/unit/connection/reconnection-strategy.test.ts[2m > [22mReconnection Strategy[2m > [22mExponential Backoff[2m > [22mshould cap delay at maximum[32m 3[2mms[22m[39m
 [32m✓[39m [30m[43m @makanmakan/realtime [49m[39m src/__tests__/unit/connection/reconnection-strategy.test.ts[2m > [22mReconnection Strategy[2m > [22mExponential Backoff[2m > [22mshould add jitter to delay[32m 3[2mms[22m[39m
 [32m✓[39m [30m[43m @makanmakan/realtime [49m[39m src/__tests__/unit/connection/reconnection-strategy.test.ts[2m > [22mReconnection Strategy[2m > [22mExponential Backoff[2m > [22mshould handle custom backoff multiplier[32m 1[2mms[22m[39m
 [32m✓[39m [30m[43m @makanmakan/realtime [49m[39m src/__tests__/unit/connection/reconnection-strategy.test.ts[2m > [22mReconnection Strategy[2m > [22mRetry Logic[2m > [22mshould allow retries within limit[32m 2[2mms[22m[39m
 [32m✓[39m [30m[43m @makanmakan/realtime [49m[39m src/__tests__/unit/connection/reconnection-strategy.test.ts[2m > [22mReconnection Strategy[2m > [22mRetry Logic[2m > [22mshould track retry attempts[32m 1[2mms[22m[39m
 [32m✓[39m [30m[43m @makanmakan/realtime [49m[39m src/__tests__/unit/connection/reconnection-strategy.test.ts[2m > [22mReconnection Strategy[2m > [22mRetry Logic[2m > [22mshould reset attempts on successful reconnection[32m 1[2mms[22m[39m
 [32m✓[39m [30m[43m @makanmakan/realtime [49m[39m src/__tests__/unit/connection/reconnection-strategy.test.ts[2m > [22mReconnection Strategy[2m > [22mRetry Logic[2m > [22mshould handle max retries exceeded[32m 1[2mms[22m[39m
 [32m✓[39m [30m[43m @makanmakan/realtime [49m[39m src/__tests__/unit/connection/reconnection-strategy.test.ts[2m > [22mReconnection Strategy[2m > [22mConnection State Management[2m > [22mshould transition through connection states[32m 2[2mms[22m[39m
 [32m✓[39m [30m[43m @makanmakan/realtime [49m[39m src/__tests__/unit/connection/reconnection-strategy.test.ts[2m > [22mReconnection Strategy[2m > [22mConnection State Management[2m > [22mshould handle connection failure[32m 2[2mms[22m[39m
 [32m✓[39m [30m[43m @makanmakan/realtime [49m[39m src/__tests__/unit/connection/reconnection-strategy.test.ts[2m > [22mReconnection Strategy[2m > [22mConnection State Management[2m > [22mshould track last attempt time[32m 6[2mms[22m[39m
 [32m✓[39m [30m[43m @makanmakan/realtime [49m[39m src/__tests__/unit/connection/reconnection-strategy.test.ts[2m > [22mReconnection Strategy[2m > [22mConnection State Management[2m > [22mshould update next retry delay[32m 9[2mms[22m[39m
 [32m✓[39m [30m[43m @makanmakan/realtime [49m[39m src/__tests__/unit/connection/reconnection-strategy.test.ts[2m > [22mReconnection Strategy[2m > [22mEvent Synchronization[2m > [22mshould queue events during disconnection[32m 13[2mms[22m[39m
 [32m✓[39m [30m[43m @makanmakan/realtime [49m[39m src/__tests__/unit/connection/reconnection-strategy.test.ts[2m > [22mReconnection Strategy[2m > [22mEvent Synchronization[2m > [22mshould sync events on reconnection[32m 3[2mms[22m[39m
 [32m✓[39m [30m[43m @makanmakan/realtime [49m[39m src/__tests__/unit/connection/reconnection-strategy.test.ts[2m > [22mReconnection Strategy[2m > [22mEvent Synchronization[2m > [22mshould sync all events if no lastEventId[32m 1[2mms[22m[39m
 [32m✓[39m [30m[43m @makanmakan/realtime [49m[39m src/__tests__/unit/connection/reconnection-strategy.test.ts[2m > [22mReconnection Strategy[2m > [22mEvent Synchronization[2m > [22mshould clear queued events after sync[32m 2[2mms[22m[39m
 [32m✓[39m [30m[43m @makanmakan/realtime [49m[39m src/__tests__/unit/connection/reconnection-strategy.test.ts[2m > [22mReconnection Strategy[2m > [22mEvent Synchronization[2m > [22mshould handle missing events on server[32m 1[2mms[22m[39m
 [32m✓[39m [30m[43m @makanmakan/realtime [49m[39m src/__tests__/unit/connection/reconnection-strategy.test.ts[2m > [22mReconnection Strategy[2m > [22mReconnection Scenarios[2m > [22mshould handle network interruption[32m 1[2mms[22m[39m
 [32m✓[39m [30m[43m @makanmakan/realtime [49m[39m src/__tests__/unit/connection/reconnection-strategy.test.ts[2m > [22mReconnection Strategy[2m > [22mReconnection Scenarios[2m > [22mshould handle server unavailable[32m 1[2mms[22m[39m
 [32m✓[39m [30m[43m @makanmakan/realtime [49m[39m src/__tests__/unit/connection/reconnection-strategy.test.ts[2m > [22mReconnection Strategy[2m > [22mReconnection Scenarios[2m > [22mshould handle immediate reconnection success[32m 2[2mms[22m[39m
 [32m✓[39m [30m[43m @makanmakan/realtime [49m[39m src/__tests__/unit/connection/reconnection-strategy.test.ts[2m > [22mReconnection Strategy[2m > [22mReconnection Scenarios[2m > [22mshould handle reconnection after multiple failures[32m 1[2mms[22m[39m
 [32m✓[39m [30m[43m @makanmakan/realtime [49m[39m src/__tests__/unit/connection/reconnection-strategy.test.ts[2m > [22mReconnection Strategy[2m > [22mReconnection Scenarios[2m > [22mshould handle complete reconnection failure[32m 1[2mms[22m[39m
 [32m✓[39m [30m[43m @makanmakan/realtime [49m[39m src/__tests__/unit/connection/reconnection-strategy.test.ts[2m > [22mReconnection Strategy[2m > [22mTiming and Delays[2m > [22mshould respect retry delay[32m 1[2mms[22m[39m
 [32m✓[39m [30m[43m @makanmakan/realtime [49m[39m src/__tests__/unit/connection/reconnection-strategy.test.ts[2m > [22mReconnection Strategy[2m > [22mTiming and Delays[2m > [22mshould schedule retries with increasing delays[32m 1[2mms[22m[39m
 [32m✓[39m [30m[43m @makanmakan/realtime [49m[39m src/__tests__/unit/connection/reconnection-strategy.test.ts[2m > [22mReconnection Strategy[2m > [22mTiming and Delays[2m > [22mshould track time between attempts[32m 1[2mms[22m[39m
 [32m✓[39m [30m[43m @makanmakan/realtime [49m[39m src/__tests__/unit/connection/reconnection-strategy.test.ts[2m > [22mReconnection Strategy[2m > [22mCustom Configuration[2m > [22mshould support custom max retries[32m 6[2mms[22m[39m
 [32m✓[39m [30m[43m @makanmakan/realtime [49m[39m src/__tests__/unit/connection/reconnection-strategy.test.ts[2m > [22mReconnection Strategy[2m > [22mCustom Configuration[2m > [22mshould support custom initial delay[32m 1[2mms[22m[39m
 [32m✓[39m [30m[43m @makanmakan/realtime [49m[39m src/__tests__/unit/connection/reconnection-strategy.test.ts[2m > [22mReconnection Strategy[2m > [22mCustom Configuration[2m > [22mshould support custom backoff multiplier[32m 1[2mms[22m[39m
 [32m✓[39m [30m[43m @makanmakan/realtime [49m[39m src/__tests__/unit/connection/reconnection-strategy.test.ts[2m > [22mReconnection Strategy[2m > [22mCustom Configuration[2m > [22mshould validate configuration values[32m 1[2mms[22m[39m
 [32m✓[39m [30m[43m @makanmakan/realtime [49m[39m src/__tests__/unit/connection/reconnection-strategy.test.ts[2m > [22mReconnection Strategy[2m > [22mEdge Cases[2m > [22mshould handle reconnection with zero delay[32m 3[2mms[22m[39m
 [32m✓[39m [30m[43m @makanmakan/realtime [49m[39m src/__tests__/unit/connection/reconnection-strategy.test.ts[2m > [22mReconnection Strategy[2m > [22mEdge Cases[2m > [22mshould handle very large attempt numbers[32m 1[2mms[22m[39m
 [32m✓[39m [30m[43m @makanmakan/realtime [49m[39m src/__tests__/unit/connection/reconnection-strategy.test.ts[2m > [22mReconnection Strategy[2m > [22mEdge Cases[2m > [22mshould handle empty event sync[32m 13[2mms[22m[39m
 [32m✓[39m [30m[43m @makanmakan/realtime [49m[39m src/__tests__/unit/connection/reconnection-strategy.test.ts[2m > [22mReconnection Strategy[2m > [22mEdge Cases[2m > [22mshould handle rapid connect/disconnect cycles[32m 4[2mms[22m[39m
[90mstderr[2m | src/features/group-orders/__tests__/e2e.test.ts[2m > [22m[2mGroup Orders E2E Tests[2m > [22m[2mPOST /api/v1/orders/group/:groupOrderId/split - Split Bill[2m > [22m[2mshould split bill equally among all members
[22m[39m[orders] WARN: Slow orders API request detected {
  method: [32m'POST'[39m,
  path: [32m'/api/v1/orders/group/create'[39m,
  duration: [32m'34440.74ms'[39m
}

[90mstdout[2m | src/features/group-orders/__tests__/e2e.test.ts[2m > [22m[2mGroup Orders E2E Tests[2m > [22m[2mPOST /api/v1/orders/group/:groupOrderId/split - Split Bill[2m > [22m[2mshould split bill equally among all members
[22m[39m[orders] INFO: Orders API request completed {
  method: [32m'POST'[39m,
  path: [32m'/api/v1/orders/group/create'[39m,
  status: [33m200[39m,
  duration: [32m'34441ms'[39m,
  userAgent: [32m'unknown'[39m
}

[90mstdout[2m | src/features/group-orders/__tests__/e2e.test.ts[2m > [22m[2mGroup Orders E2E Tests[2m > [22m[2mPOST /api/v1/orders/group/:groupOrderId/split - Split Bill[2m > [22m[2mshould split bill equally among all members
[22m[39m[API_V1] Response status: 200

[90mstdout[2m | src/features/group-orders/__tests__/e2e.test.ts[2m > [22m[2mGroup Orders E2E Tests[2m > [22m[2mPOST /api/v1/orders/group/:groupOrderId/split - Split Bill[2m > [22m[2mshould split bill equally among all members
[22m[39m[API_V1] POST /api/v1/orders/group/join/NUQCH0AU

[90mstdout[2m | src/features/group-orders/__tests__/e2e.test.ts[2m > [22m[2mGroup Orders E2E Tests[2m > [22m[2mPOST /api/v1/orders/group/:groupOrderId/split - Split Bill[2m > [22m[2mshould split bill equally among all members
[22m[39m[group-orders] Member joining group { shareCode: [32m'NUQCH0AU'[39m, memberName: [32m'Member 1'[39m }
[SharedMockDB] FIRST executed: {
  sql: [32m'\n'[39m +
    [32m'        SELECT * FROM group_orders\n'[39m +
    [32m'        WHERE share_code = ?\n'[39m +
    [32m"        AND status = 'active'\n"[39m +
    [32m'     '[39m,
  hasResult: [33mfalse[39m
}

[90mstdout[2m | src/features/group-orders/__tests__/e2e.test.ts[2m > [22m[2mGroup Orders E2E Tests[2m > [22m[2mPOST /api/v1/orders/group/:groupOrderId/split - Split Bill[2m > [22m[2mshould split bill equally among all members
[22m[39m[group-orders] joinGroup took 1ms

[90mstdout[2m | src/features/group-orders/__tests__/e2e.test.ts[2m > [22m[2mGroup Orders E2E Tests[2m > [22m[2mPOST /api/v1/orders/group/:groupOrderId/split - Split Bill[2m > [22m[2mshould split bill equally among all members
[22m[39m[orders] INFO: Orders API request completed {
  method: [32m'POST'[39m,
  path: [32m'/api/v1/orders/group/join/NUQCH0AU'[39m,
  status: [33m400[39m,
  duration: [32m'3ms'[39m,
  userAgent: [32m'unknown'[39m
}

[90mstdout[2m | src/features/group-orders/__tests__/e2e.test.ts[2m > [22m[2mGroup Orders E2E Tests[2m > [22m[2mPOST /api/v1/orders/group/:groupOrderId/split - Split Bill[2m > [22m[2mshould split bill equally among all members
[22m[39m[API_V1] Response status: 400

[90mstdout[2m | src/features/group-orders/__tests__/e2e.test.ts[2m > [22m[2mGroup Orders E2E Tests[2m > [22m[2mPOST /api/v1/orders/group/:groupOrderId/split - Split Bill[2m > [22m[2mshould split bill equally among all members
[22m[39m[API_V1] POST /api/v1/orders/group/join/NUQCH0AU

[90mstdout[2m | src/features/group-orders/__tests__/e2e.test.ts[2m > [22m[2mGroup Orders E2E Tests[2m > [22m[2mPOST /api/v1/orders/group/:groupOrderId/split - Split Bill[2m > [22m[2mshould split bill equally among all members
[22m[39m[group-orders] Member joining group { shareCode: [32m'NUQCH0AU'[39m, memberName: [32m'Member 2'[39m }
[SharedMockDB] FIRST executed: {
  sql: [32m'\n'[39m +
    [32m'        SELECT * FROM group_orders\n'[39m +
    [32m'        WHERE share_code = ?\n'[39m +
    [32m"        AND status = 'active'\n"[39m +
    [32m'     '[39m,
  hasResult: [33mfalse[39m
}

[90mstdout[2m | src/features/group-orders/__tests__/e2e.test.ts[2m > [22m[2mGroup Orders E2E Tests[2m > [22m[2mPOST /api/v1/orders/group/:groupOrderId/split - Split Bill[2m > [22m[2mshould split bill equally among all members
[22m[39m[group-orders] joinGroup took 6ms

[90mstdout[2m | src/features/group-orders/__tests__/e2e.test.ts[2m > [22m[2mGroup Orders E2E Tests[2m > [22m[2mPOST /api/v1/orders/group/:groupOrderId/split - Split Bill[2m > [22m[2mshould split bill equally among all members
[22m[39m[orders] INFO: Orders API request completed {
  method: [32m'POST'[39m,
  path: [32m'/api/v1/orders/group/join/NUQCH0AU'[39m,
  status: [33m400[39m,
  duration: [32m'11ms'[39m,
  userAgent: [32m'unknown'[39m
}

[90mstdout[2m | src/features/group-orders/__tests__/e2e.test.ts[2m > [22m[2mGroup Orders E2E Tests[2m > [22m[2mPOST /api/v1/orders/group/:groupOrderId/split - Split Bill[2m > [22m[2mshould split bill equally among all members
[22m[39m[API_V1] Response status: 400

 [32m✓[39m [30m[45m makanmakan-kitchen-display [49m[39m src/components/orders/__tests__/OrderDetailsModal.test.ts[2m > [22mOrderDetailsModal Component[2m > [22mComponent Visibility[2m > [22mshould not render when show is false[32m 114[2mms[22m[39m
[90mstderr[2m | src/features/group-orders/__tests__/e2e.test.ts[2m > [22m[2mGroup Orders E2E Tests[2m > [22m[2mPOST /api/v1/orders/group/:groupOrderId/split - Split Bill[2m > [22m[2mshould split bill equally among all members
[22m[39mFailed to broadcast group creation: TypeError: fetch failed
[90m    at node:internal/deps/undici/undici:13510:13[39m
    at [90mC:\Users\minim\OneDrive\文档\Code\platform\makanmakan\[39mapps\api\src\features\group-orders\routes\index.ts:40:9
    at dispatch [90m(file:///C:/Users/minim/OneDrive/%E6%96%87%E6%A1%A3/Code/platform/makanmakan/[39mnode_modules/[4m.pnpm[24m/hono@4.9.6/node_modules/[4mhono[24m/dist/compose.js:22:17[90m)[39m
    at [90mC:\Users\minim\OneDrive\文档\Code\platform\makanmakan\[39mapps\api\src\middleware\validation.ts:29:7
    at dispatch [90m(file:///C:/Users/minim/OneDrive/%E6%96%87%E6%A1%A3/Code/platform/makanmakan/[39mnode_modules/[4m.pnpm[24m/hono@4.9.6/node_modules/[4mhono[24m/dist/compose.js:22:17[90m)[39m
    at [90mC:\Users\minim\OneDrive\文档\Code\platform\makanmakan\[39mapps\api\src\middleware\auth.ts:129:5
    at dispatch [90m(file:///C:/Users/minim/OneDrive/%E6%96%87%E6%A1%A3/Code/platform/makanmakan/[39mnode_modules/[4m.pnpm[24m/hono@4.9.6/node_modules/[4mhono[24m/dist/compose.js:22:17[90m)[39m
    at authMiddleware [90m(C:\Users\minim\OneDrive\文档\Code\platform\makanmakan\[39mapps\api\src\middleware\auth.ts:102:5[90m)[39m
    at dispatch [90m(file:///C:/Users/minim/OneDrive/%E6%96%87%E6%A1%A3/Code/platform/makanmakan/[39mnode_modules/[4m.pnpm[24m/hono@4.9.6/node_modules/[4mhono[24m/dist/compose.js:22:17[90m)[39m
    at Object.handler [90m(C:\Users\minim\OneDrive\文档\Code\platform\makanmakan\[39mapps\api\src\features\orders\index.ts:116:7[90m)[39m {
  [cause]: SocketError: other side closed
  [90m    at Socket.<anonymous> (node:internal/deps/undici/undici:6294:28)[39m
  [90m    at Socket.emit (node:events:530:35)[39m
  [90m    at endReadableNT (node:internal/streams/readable:1698:12)[39m
  [90m    at processTicksAndRejections (node:internal/process/task_queues:90:21)[39m {
    code: [32m'UND_ERR_SOCKET'[39m,
    socket: {
      localAddress: [32m'127.0.0.1'[39m,
      localPort: [33m6790[39m,
      remoteAddress: [32m'127.0.0.1'[39m,
      remotePort: [33m8787[39m,
      remoteFamily: [32m'IPv4'[39m,
      timeout: [90mundefined[39m,
      bytesWritten: [33m397[39m,
      bytesRead: [33m0[39m
    }
  }
}

[90mstderr[2m | src/features/group-orders/__tests__/e2e.test.ts[2m > [22m[2mGroup Orders E2E Tests[2m > [22m[2mPOST /api/v1/orders/group/:groupOrderId/split - Split Bill[2m > [22m[2mshould split bill equally among all members
[22m[39m[orders] WARN: Slow orders API request detected {
  method: [32m'POST'[39m,
  path: [32m'/api/v1/orders/group/create'[39m,
  duration: [32m'24958.30ms'[39m
}

[90mstdout[2m | src/features/group-orders/__tests__/e2e.test.ts[2m > [22m[2mGroup Orders E2E Tests[2m > [22m[2mPOST /api/v1/orders/group/:groupOrderId/split - Split Bill[2m > [22m[2mshould split bill equally among all members
[22m[39m[orders] INFO: Orders API request completed {
  method: [32m'POST'[39m,
  path: [32m'/api/v1/orders/group/create'[39m,
  status: [33m200[39m,
  duration: [32m'24959ms'[39m,
  userAgent: [32m'unknown'[39m
}

[90mstdout[2m | src/features/group-orders/__tests__/e2e.test.ts[2m > [22m[2mGroup Orders E2E Tests[2m > [22m[2mPOST /api/v1/orders/group/:groupOrderId/split - Split Bill[2m > [22m[2mshould split bill equally among all members
[22m[39m[API_V1] Response status: 200

[90mstdout[2m | src/features/group-orders/__tests__/e2e.test.ts[2m > [22m[2mGroup Orders E2E Tests[2m > [22m[2mPOST /api/v1/orders/group/:groupOrderId/split - Split Bill[2m > [22m[2mshould split bill equally among all members
[22m[39m[API_V1] POST /api/v1/orders/group/join/P0NVEXRM

[90mstdout[2m | src/features/group-orders/__tests__/e2e.test.ts[2m > [22m[2mGroup Orders E2E Tests[2m > [22m[2mPOST /api/v1/orders/group/:groupOrderId/split - Split Bill[2m > [22m[2mshould split bill equally among all members
[22m[39m[group-orders] Member joining group { shareCode: [32m'P0NVEXRM'[39m, memberName: [32m'Member 1'[39m }
[SharedMockDB] FIRST executed: {
  sql: [32m'\n'[39m +
    [32m'        SELECT * FROM group_orders\n'[39m +
    [32m'        WHERE share_code = ?\n'[39m +
    [32m"        AND status = 'active'\n"[39m +
    [32m'     '[39m,
  hasResult: [33mfalse[39m
}

[90mstdout[2m | src/features/group-orders/__tests__/e2e.test.ts[2m > [22m[2mGroup Orders E2E Tests[2m > [22m[2mPOST /api/v1/orders/group/:groupOrderId/split - Split Bill[2m > [22m[2mshould split bill equally among all members
[22m[39m[group-orders] joinGroup took 0ms

[90mstdout[2m | src/features/group-orders/__tests__/e2e.test.ts[2m > [22m[2mGroup Orders E2E Tests[2m > [22m[2mPOST /api/v1/orders/group/:groupOrderId/split - Split Bill[2m > [22m[2mshould split bill equally among all members
[22m[39m[orders] INFO: Orders API request completed {
  method: [32m'POST'[39m,
  path: [32m'/api/v1/orders/group/join/P0NVEXRM'[39m,
  status: [33m400[39m,
  duration: [32m'1ms'[39m,
  userAgent: [32m'unknown'[39m
}

[90mstdout[2m | src/features/group-orders/__tests__/e2e.test.ts[2m > [22m[2mGroup Orders E2E Tests[2m > [22m[2mPOST /api/v1/orders/group/:groupOrderId/split - Split Bill[2m > [22m[2mshould split bill equally among all members
[22m[39m[API_V1] Response status: 400

[90mstdout[2m | src/features/group-orders/__tests__/e2e.test.ts[2m > [22m[2mGroup Orders E2E Tests[2m > [22m[2mPOST /api/v1/orders/group/:groupOrderId/split - Split Bill[2m > [22m[2mshould split bill equally among all members
[22m[39m[API_V1] POST /api/v1/orders/group/join/P0NVEXRM

[90mstdout[2m | src/features/group-orders/__tests__/e2e.test.ts[2m > [22m[2mGroup Orders E2E Tests[2m > [22m[2mPOST /api/v1/orders/group/:groupOrderId/split - Split Bill[2m > [22m[2mshould split bill equally among all members
[22m[39m[group-orders] Member joining group { shareCode: [32m'P0NVEXRM'[39m, memberName: [32m'Member 2'[39m }
[SharedMockDB] FIRST executed: {
  sql: [32m'\n'[39m +
    [32m'        SELECT * FROM group_orders\n'[39m +
    [32m'        WHERE share_code = ?\n'[39m +
    [32m"        AND status = 'active'\n"[39m +
    [32m'     '[39m,
  hasResult: [33mfalse[39m
}

[90mstdout[2m | src/features/group-orders/__tests__/e2e.test.ts[2m > [22m[2mGroup Orders E2E Tests[2m > [22m[2mPOST /api/v1/orders/group/:groupOrderId/split - Split Bill[2m > [22m[2mshould split bill equally among all members
[22m[39m[group-orders] joinGroup took 1ms

[90mstdout[2m | src/features/group-orders/__tests__/e2e.test.ts[2m > [22m[2mGroup Orders E2E Tests[2m > [22m[2mPOST /api/v1/orders/group/:groupOrderId/split - Split Bill[2m > [22m[2mshould split bill equally among all members
[22m[39m[orders] INFO: Orders API request completed {
  method: [32m'POST'[39m,
  path: [32m'/api/v1/orders/group/join/P0NVEXRM'[39m,
  status: [33m400[39m,
  duration: [32m'2ms'[39m,
  userAgent: [32m'unknown'[39m
}

[90mstdout[2m | src/features/group-orders/__tests__/e2e.test.ts[2m > [22m[2mGroup Orders E2E Tests[2m > [22m[2mPOST /api/v1/orders/group/:groupOrderId/split - Split Bill[2m > [22m[2mshould split bill equally among all members
[22m[39m[API_V1] Response status: 400

 [32m✓[39m [30m[45m makanmakan-kitchen-display [49m[39m src/stores/__tests__/orderManagement.test.ts[2m > [22mOrderManagement Store[2m > [22mSelection Management[2m > [22mshould select an order[32m 24[2mms[22m[39m
 [32m✓[39m [30m[45m makanmakan-kitchen-display [49m[39m src/stores/__tests__/orderManagement.test.ts[2m > [22mOrderManagement Store[2m > [22mSelection Management[2m > [22mshould deselect an order[32m 44[2mms[22m[39m
 [32m✓[39m [30m[45m makanmakan-kitchen-display [49m[39m src/stores/__tests__/orderManagement.test.ts[2m > [22mOrderManagement Store[2m > [22mSelection Management[2m > [22mshould toggle order selection[32m 10[2mms[22m[39m
 [32m✓[39m [30m[45m makanmakan-kitchen-display [49m[39m src/stores/__tests__/orderManagement.test.ts[2m > [22mOrderManagement Store[2m > [22mSelection Management[2m > [22mshould select all orders[32m 4[2mms[22m[39m
 [32m✓[39m [30m[45m makanmakan-kitchen-display [49m[39m src/stores/__tests__/orderManagement.test.ts[2m > [22mOrderManagement Store[2m > [22mSelection Management[2m > [22mshould deselect all orders[32m 3[2mms[22m[39m
 [32m✓[39m [30m[45m makanmakan-kitchen-display [49m[39m src/stores/__tests__/orderManagement.test.ts[2m > [22mOrderManagement Store[2m > [22mSelection Management[2m > [22mshould track selected orders count[32m 2[2mms[22m[39m
 [32m✓[39m [30m[45m makanmakan-kitchen-display [49m[39m src/stores/__tests__/orderManagement.test.ts[2m > [22mOrderManagement Store[2m > [22mSelection Management[2m > [22mshould indicate if has selected orders[32m 7[2mms[22m[39m
 [32m✓[39m [30m[45m makanmakan-kitchen-display [49m[39m src/stores/__tests__/orderManagement.test.ts[2m > [22mOrderManagement Store[2m > [22mFiltering[2m > [22mshould filter orders by status[32m 21[2mms[22m[39m
 [32m✓[39m [30m[45m makanmakan-kitchen-display [49m[39m src/stores/__tests__/orderManagement.test.ts[2m > [22mOrderManagement Store[2m > [22mFiltering[2m > [22mshould filter orders by priority[32m 5[2mms[22m[39m
 [32m✓[39m [30m[45m makanmakan-kitchen-display [49m[39m src/stores/__tests__/orderManagement.test.ts[2m > [22mOrderManagement Store[2m > [22mFiltering[2m > [22mshould filter orders by search text[32m 5[2mms[22m[39m
 [32m✓[39m [30m[45m makanmakan-kitchen-display [49m[39m src/stores/__tests__/orderManagement.test.ts[2m > [22mOrderManagement Store[2m > [22mFiltering[2m > [22mshould filter by customer name[32m 9[2mms[22m[39m
 [32m✓[39m [30m[45m makanmakan-kitchen-display [49m[39m src/stores/__tests__/orderManagement.test.ts[2m > [22mOrderManagement Store[2m > [22mFiltering[2m > [22mshould filter by item name[32m 4[2mms[22m[39m
 [32m✓[39m [30m[45m makanmakan-kitchen-display [49m[39m src/stores/__tests__/orderManagement.test.ts[2m > [22mOrderManagement Store[2m > [22mFiltering[2m > [22mshould filter by elapsed time range[32m 2[2mms[22m[39m
 [32m✓[39m [30m[45m makanmakan-kitchen-display [49m[39m src/stores/__tests__/orderManagement.test.ts[2m > [22mOrderManagement Store[2m > [22mFiltering[2m > [22mshould filter by table IDs[32m 9[2mms[22m[39m
 [32m✓[39m [30m[45m makanmakan-kitchen-display [49m[39m src/stores/__tests__/orderManagement.test.ts[2m > [22mOrderManagement Store[2m > [22mFiltering[2m > [22mshould filter by has notes[32m 28[2mms[22m[39m
 [32m✓[39m [30m[45m makanmakan-kitchen-display [49m[39m src/stores/__tests__/orderManagement.test.ts[2m > [22mOrderManagement Store[2m > [22mFiltering[2m > [22mshould filter by has customizations[32m 4[2mms[22m[39m
 [32m✓[39m [30m[45m makanmakan-kitchen-display [49m[39m src/stores/__tests__/orderManagement.test.ts[2m > [22mOrderManagement Store[2m > [22mFiltering[2m > [22mshould clear all filters[32m 3[2mms[22m[39m
 [32m✓[39m [30m[45m makanmakan-kitchen-display [49m[39m src/stores/__tests__/orderManagement.test.ts[2m > [22mOrderManagement Store[2m > [22mFiltering[2m > [22mshould detect active filters[32m 2[2mms[22m[39m
 [32m✓[39m [30m[45m makanmakan-kitchen-display [49m[39m src/stores/__tests__/orderManagement.test.ts[2m > [22mOrderManagement Store[2m > [22mSorting[2m > [22mshould sort by created time ascending[32m 3[2mms[22m[39m
 [32m✓[39m [30m[45m makanmakan-kitchen-display [49m[39m src/stores/__tests__/orderManagement.test.ts[2m > [22mOrderManagement Store[2m > [22mSorting[2m > [22mshould sort by created time descending[32m 2[2mms[22m[39m
 [32m✓[39m [30m[45m makanmakan-kitchen-display [49m[39m src/stores/__tests__/orderManagement.test.ts[2m > [22mOrderManagement Store[2m > [22mSorting[2m > [22mshould sort by elapsed time[32m 2[2mms[22m[39m
 [32m✓[39m [30m[45m makanmakan-kitchen-display [49m[39m src/stores/__tests__/orderManagement.test.ts[2m > [22mOrderManagement Store[2m > [22mSorting[2m > [22mshould sort by priority[32m 5[2mms[22m[39m
 [32m✓[39m [30m[45m makanmakan-kitchen-display [49m[39m src/stores/__tests__/orderManagement.test.ts[2m > [22mOrderManagement Store[2m > [22mSorting[2m > [22mshould toggle sort direction[32m 3[2mms[22m[39m
 [31m×[39m [30m[45m makanmakan-kitchen-display [49m[39m src/stores/__tests__/orderManagement.test.ts[2m > [22mOrderManagement Store[2m > [22mPriority Management[2m > [22mshould calculate urgent priority for old orders[32m 91[2mms[22m[39m
[31m   → store.calculateOrderPriority is not a function[39m
 [31m×[39m [30m[45m makanmakan-kitchen-display [49m[39m src/stores/__tests__/orderManagement.test.ts[2m > [22mOrderManagement Store[2m > [22mPriority Management[2m > [22mshould calculate high priority for warning threshold[32m 4[2mms[22m[39m
[31m   → store.calculateOrderPriority is not a function[39m
 [31m×[39m [30m[45m makanmakan-kitchen-display [49m[39m src/stores/__tests__/orderManagement.test.ts[2m > [22mOrderManagement Store[2m > [22mPriority Management[2m > [22mshould calculate normal priority for new orders[32m 17[2mms[22m[39m
[31m   → store.calculateOrderPriority is not a function[39m
 [32m✓[39m [30m[45m makanmakan-kitchen-display [49m[39m src/stores/__tests__/orderManagement.test.ts[2m > [22mOrderManagement Store[2m > [22mPriority Management[2m > [22mshould update order priorities[32m 3[2mms[22m[39m
 [31m×[39m [30m[45m makanmakan-kitchen-display [49m[39m src/stores/__tests__/orderManagement.test.ts[2m > [22mOrderManagement Store[2m > [22mTime Management[2m > [22mshould calculate elapsed time[32m 18[2mms[22m[39m
[31m   → store.calculateElapsedTime is not a function[39m
 [32m✓[39m [30m[45m makanmakan-kitchen-display [49m[39m src/stores/__tests__/orderManagement.test.ts[2m > [22mOrderManagement Store[2m > [22mTime Management[2m > [22mshould update elapsed times for all orders[32m 7[2mms[22m[39m
 [32m✓[39m [30m[45m makanmakan-kitchen-display [49m[39m src/stores/__tests__/orderManagement.test.ts[2m > [22mOrderManagement Store[2m > [22mItem Status Management[2m > [22mshould get next item status[32m 3[2mms[22m[39m
 [32m✓[39m [30m[45m makanmakan-kitchen-display [49m[39m src/stores/__tests__/orderManagement.test.ts[2m > [22mOrderManagement Store[2m > [22mItem Status Management[2m > [22mshould check if can advance item status[32m 3[2mms[22m[39m
 [32m✓[39m [30m[45m makanmakan-kitchen-display [49m[39m src/stores/__tests__/orderManagement.test.ts[2m > [22mOrderManagement Store[2m > [22mItem Status Management[2m > [22mshould get items by status[32m 13[2mms[22m[39m
 [32m✓[39m [30m[45m makanmakan-kitchen-display [49m[39m src/stores/__tests__/orderManagement.test.ts[2m > [22mOrderManagement Store[2m > [22mItem Status Management[2m > [22mshould calculate order progress[32m 2[2mms[22m[39m
 [32m✓[39m [30m[45m makanmakan-kitchen-display [49m[39m src/stores/__tests__/orderManagement.test.ts[2m > [22mOrderManagement Store[2m > [22mBatch Operations[2m > [22mshould get selected orders data[32m 9[2mms[22m[39m
 [32m✓[39m [30m[45m makanmakan-kitchen-display [49m[39m src/stores/__tests__/orderManagement.test.ts[2m > [22mOrderManagement Store[2m > [22mBatch Operations[2m > [22mshould check if can batch start cooking[32m 2[2mms[22m[39m
 [32m✓[39m [30m[45m makanmakan-kitchen-display [49m[39m src/stores/__tests__/orderManagement.test.ts[2m > [22mOrderManagement Store[2m > [22mBatch Operations[2m > [22mshould check if can batch mark ready[32m 12[2mms[22m[39m
 [32m✓[39m [30m[45m makanmakan-kitchen-display [49m[39m src/stores/__tests__/orderManagement.test.ts[2m > [22mOrderManagement Store[2m > [22mBatch Operations[2m > [22mshould get batch operation summary[32m 28[2mms[22m[39m
 [32m✓[39m [30m[45m makanmakan-kitchen-display [49m[39m src/stores/__tests__/orderManagement.test.ts[2m > [22mOrderManagement Store[2m > [22mView Management[2m > [22mshould set view mode[32m 4[2mms[22m[39m
 [32m✓[39m [30m[45m makanmakan-kitchen-display [49m[39m src/stores/__tests__/orderManagement.test.ts[2m > [22mOrderManagement Store[2m > [22mView Management[2m > [22mshould toggle completed orders visibility[32m 3[2mms[22m[39m
 [32m✓[39m [30m[45m makanmakan-kitchen-display [49m[39m src/stores/__tests__/orderManagement.test.ts[2m > [22mOrderManagement Store[2m > [22mView Management[2m > [22mshould toggle auto refresh[32m 3[2mms[22m[39m
 [32m✓[39m [30m[45m makanmakan-kitchen-display [49m[39m src/stores/__tests__/orderManagement.test.ts[2m > [22mOrderManagement Store[2m > [22mQuick Filters[2m > [22mshould apply urgent only filter[32m 24[2mms[22m[39m
 [32m✓[39m [30m[45m makanmakan-kitchen-display [49m[39m src/stores/__tests__/orderManagement.test.ts[2m > [22mOrderManagement Store[2m > [22mQuick Filters[2m > [22mshould apply pending only filter[32m 6[2mms[22m[39m
 [32m✓[39m [30m[45m makanmakan-kitchen-display [49m[39m src/stores/__tests__/orderManagement.test.ts[2m > [22mOrderManagement Store[2m > [22mQuick Filters[2m > [22mshould apply preparing only filter[32m 3[2mms[22m[39m
 [32m✓[39m [30m[45m makanmakan-kitchen-display [49m[39m src/stores/__tests__/orderManagement.test.ts[2m > [22mOrderManagement Store[2m > [22mQuick Filters[2m > [22mshould apply with notes filter[32m 2[2mms[22m[39m
 [32m✓[39m [30m[45m makanmakan-kitchen-display [49m[39m src/stores/__tests__/orderManagement.test.ts[2m > [22mOrderManagement Store[2m > [22mQuick Filters[2m > [22mshould apply overdue filter[32m 2[2mms[22m[39m
 [32m✓[39m [30m[45m makanmakan-kitchen-display [49m[39m src/stores/__tests__/orderManagement.test.ts[2m > [22mOrderManagement Store[2m > [22mFocus Management[2m > [22mshould select next order[32m 4[2mms[22m[39m
 [32m✓[39m [30m[45m makanmakan-kitchen-display [49m[39m src/stores/__tests__/orderManagement.test.ts[2m > [22mOrderManagement Store[2m > [22mFocus Management[2m > [22mshould select previous order[32m 5[2mms[22m[39m
 [32m✓[39m [30m[45m makanmakan-kitchen-display [49m[39m src/stores/__tests__/orderManagement.test.ts[2m > [22mOrderManagement Store[2m > [22mFocus Management[2m > [22mshould wrap around when selecting next from last[32m 2[2mms[22m[39m
 [32m✓[39m [30m[45m makanmakan-kitchen-display [49m[39m src/stores/__tests__/orderManagement.test.ts[2m > [22mOrderManagement Store[2m > [22mFocus Management[2m > [22mshould select first order[32m 3[2mms[22m[39m
 [32m✓[39m [30m[45m makanmakan-kitchen-display [49m[39m src/stores/__tests__/orderManagement.test.ts[2m > [22mOrderManagement Store[2m > [22mFocus Management[2m > [22mshould select last order[32m 3[2mms[22m[39m
 [32m✓[39m [30m[45m makanmakan-kitchen-display [49m[39m src/stores/__tests__/orderManagement.test.ts[2m > [22mOrderManagement Store[2m > [22mFocus Management[2m > [22mshould select all visible orders[32m 4[2mms[22m[39m
 [32m✓[39m [30m[45m makanmakan-kitchen-display [49m[39m src/stores/__tests__/orderManagement.test.ts[2m > [22mOrderManagement Store[2m > [22mReset State[2m > [22mshould reset all management state[32m 6[2mms[22m[39m
 [32m✓[39m [30m[45m makanmakan-kitchen-display [49m[39m src/stores/__tests__/orderManagement.test.ts[2m > [22mOrderManagement Store[2m > [22mEdge Cases[2m > [22mshould handle empty orders array[32m 3[2mms[22m[39m
 [32m✓[39m [30m[45m makanmakan-kitchen-display [49m[39m src/stores/__tests__/orderManagement.test.ts[2m > [22mOrderManagement Store[2m > [22mEdge Cases[2m > [22mshould handle order with no items[32m 3[2mms[22m[39m
 [32m✓[39m [30m[45m makanmakan-kitchen-display [49m[39m src/stores/__tests__/orderManagement.test.ts[2m > [22mOrderManagement Store[2m > [22mEdge Cases[2m > [22mshould handle selecting non-existent order[32m 3[2mms[22m[39m
 [32m✓[39m [30m[45m makanmakan-kitchen-display [49m[39m src/stores/__tests__/orderManagement.test.ts[2m > [22mOrderManagement Store[2m > [22mEdge Cases[2m > [22mshould handle deselecting non-selected order[32m 3[2mms[22m[39m
[90mstderr[2m | src/features/group-orders/__tests__/e2e.test.ts[2m > [22m[2mGroup Orders E2E Tests[2m > [22m[2mPOST /api/v1/orders/group/:groupOrderId/split - Split Bill[2m > [22m[2mshould split bill equally among all members
[22m[39m[orders] WARN: Slow orders API request detected {
  method: [32m'POST'[39m,
  path: [32m'/api/v1/orders/group/create'[39m,
  duration: [32m'15756.71ms'[39m
}

[90mstdout[2m | src/features/group-orders/__tests__/e2e.test.ts[2m > [22m[2mGroup Orders E2E Tests[2m > [22m[2mPOST /api/v1/orders/group/:groupOrderId/split - Split Bill[2m > [22m[2mshould split bill equally among all members
[22m[39m[orders] INFO: Orders API request completed {
  method: [32m'POST'[39m,
  path: [32m'/api/v1/orders/group/create'[39m,
  status: [33m200[39m,
  duration: [32m'15758ms'[39m,
  userAgent: [32m'unknown'[39m
}

[90mstdout[2m | src/features/group-orders/__tests__/e2e.test.ts[2m > [22m[2mGroup Orders E2E Tests[2m > [22m[2mPOST /api/v1/orders/group/:groupOrderId/split - Split Bill[2m > [22m[2mshould split bill equally among all members
[22m[39m[API_V1] Response status: 200

[90mstdout[2m | src/features/group-orders/__tests__/e2e.test.ts[2m > [22m[2mGroup Orders E2E Tests[2m > [22m[2mPOST /api/v1/orders/group/:groupOrderId/split - Split Bill[2m > [22m[2mshould split bill equally among all members
[22m[39m[API_V1] POST /api/v1/orders/group/join/EFAGTRMM

[90mstdout[2m | src/features/group-orders/__tests__/e2e.test.ts[2m > [22m[2mGroup Orders E2E Tests[2m > [22m[2mPOST /api/v1/orders/group/:groupOrderId/split - Split Bill[2m > [22m[2mshould split bill equally among all members
[22m[39m[group-orders] Member joining group { shareCode: [32m'EFAGTRMM'[39m, memberName: [32m'Member 1'[39m }
[SharedMockDB] FIRST executed: {
  sql: [32m'\n'[39m +
    [32m'        SELECT * FROM group_orders\n'[39m +
    [32m'        WHERE share_code = ?\n'[39m +
    [32m"        AND status = 'active'\n"[39m +
    [32m'     '[39m,
  hasResult: [33mfalse[39m
}

[90mstdout[2m | src/features/group-orders/__tests__/e2e.test.ts[2m > [22m[2mGroup Orders E2E Tests[2m > [22m[2mPOST /api/v1/orders/group/:groupOrderId/split - Split Bill[2m > [22m[2mshould split bill equally among all members
[22m[39m[group-orders] joinGroup took 1ms

[90mstdout[2m | src/features/group-orders/__tests__/e2e.test.ts[2m > [22m[2mGroup Orders E2E Tests[2m > [22m[2mPOST /api/v1/orders/group/:groupOrderId/split - Split Bill[2m > [22m[2mshould split bill equally among all members
[22m[39m[orders] INFO: Orders API request completed {
  method: [32m'POST'[39m,
  path: [32m'/api/v1/orders/group/join/EFAGTRMM'[39m,
  status: [33m400[39m,
  duration: [32m'1ms'[39m,
  userAgent: [32m'unknown'[39m
}

[90mstdout[2m | src/features/group-orders/__tests__/e2e.test.ts[2m > [22m[2mGroup Orders E2E Tests[2m > [22m[2mPOST /api/v1/orders/group/:groupOrderId/split - Split Bill[2m > [22m[2mshould split bill equally among all members
[22m[39m[API_V1] Response status: 400

[90mstderr[2m | src/features/group-orders/__tests__/e2e.test.ts[2m > [22m[2mGroup Orders E2E Tests[2m > [22m[2mPOST /api/v1/orders/group/:groupOrderId/split - Split Bill[2m > [22m[2mshould split bill equally among all members
[22m[39m[orders] WARN: Slow orders API request detected {
  method: [32m'POST'[39m,
  path: [32m'/api/v1/orders/group/create'[39m,
  duration: [32m'6070.12ms'[39m
}

[90mstdout[2m | src/features/group-orders/__tests__/e2e.test.ts[2m > [22m[2mGroup Orders E2E Tests[2m > [22m[2mPOST /api/v1/orders/group/:groupOrderId/split - Split Bill[2m > [22m[2mshould split bill equally among all members
[22m[39m[orders] INFO: Orders API request completed {
  method: [32m'POST'[39m,
  path: [32m'/api/v1/orders/group/create'[39m,
  status: [33m200[39m,
  duration: [32m'6071ms'[39m,
  userAgent: [32m'unknown'[39m
}

[90mstdout[2m | src/features/group-orders/__tests__/e2e.test.ts[2m > [22m[2mGroup Orders E2E Tests[2m > [22m[2mPOST /api/v1/orders/group/:groupOrderId/split - Split Bill[2m > [22m[2mshould split bill equally among all members
[22m[39m[API_V1] Response status: 200

[90mstdout[2m | src/features/group-orders/__tests__/e2e.test.ts[2m > [22m[2mGroup Orders E2E Tests[2m > [22m[2mPOST /api/v1/orders/group/:groupOrderId/split - Split Bill[2m > [22m[2mshould split bill equally among all members
[22m[39m[API_V1] POST /api/v1/orders/group/join/VZWM5FFQ

[90mstdout[2m | src/features/group-orders/__tests__/e2e.test.ts[2m > [22m[2mGroup Orders E2E Tests[2m > [22m[2mPOST /api/v1/orders/group/:groupOrderId/split - Split Bill[2m > [22m[2mshould split bill equally among all members
[22m[39m[group-orders] Member joining group { shareCode: [32m'VZWM5FFQ'[39m, memberName: [32m'Member 1'[39m }
[SharedMockDB] FIRST executed: {
  sql: [32m'\n'[39m +
    [32m'        SELECT * FROM group_orders\n'[39m +
    [32m'        WHERE share_code = ?\n'[39m +
    [32m"        AND status = 'active'\n"[39m +
    [32m'     '[39m,
  hasResult: [33mtrue[39m
}

[90mstdout[2m | src/features/group-orders/__tests__/e2e.test.ts[2m > [22m[2mGroup Orders E2E Tests[2m > [22m[2mPOST /api/v1/orders/group/:groupOrderId/split - Split Bill[2m > [22m[2mshould split bill equally among all members
[22m[39m[SharedMockDB] FIRST executed: {
  sql: [32m'\n'[39m +
    [32m'        SELECT COUNT(*) as count FROM group_members\n'[39m +
    [32m'        WHERE group_order_id = ? AND left_at IS'[39m,
  hasResult: [33mtrue[39m
}

[90mstdout[2m | src/features/group-orders/__tests__/e2e.test.ts[2m > [22m[2mGroup Orders E2E Tests[2m > [22m[2mPOST /api/v1/orders/group/:groupOrderId/split - Split Bill[2m > [22m[2mshould split bill equally among all members
[22m[39m[SharedMockDB] FIRST executed: {
  sql: [32m'\n'[39m +
    [32m'        SELECT * FROM group_members\n'[39m +
    [32m'        WHERE group_order_id = ? AND name = ? AND left_at IS NU'[39m,
  hasResult: [33mfalse[39m
}

[90mstdout[2m | src/features/group-orders/__tests__/e2e.test.ts[2m > [22m[2mGroup Orders E2E Tests[2m > [22m[2mPOST /api/v1/orders/group/:groupOrderId/split - Split Bill[2m > [22m[2mshould split bill equally among all members
[22m[39m[SharedMockDB] RUN executed: {
  sql: [32m'\n'[39m +
    [32m'        INSERT INTO group_members (\n'[39m +
    [32m'          id, group_order_id, session_id, name, phone, email, r'[39m,
  changes: [33m1[39m,
  lastInsertRowid: [33m2[39m
}

[90mstdout[2m | src/features/group-orders/__tests__/e2e.test.ts[2m > [22m[2mGroup Orders E2E Tests[2m > [22m[2mPOST /api/v1/orders/group/:groupOrderId/split - Split Bill[2m > [22m[2mshould split bill equally among all members
[22m[39m[SharedMockDB] RUN executed: {
  sql: [32m'\n'[39m +
    [32m'      INSERT INTO group_activity_logs (\n'[39m +
    [32m'        id, group_order_id, member_id, action, description,'[39m,
  changes: [33m1[39m,
  lastInsertRowid: [33m2[39m
}

[90mstdout[2m | src/features/group-orders/__tests__/e2e.test.ts[2m > [22m[2mGroup Orders E2E Tests[2m > [22m[2mPOST /api/v1/orders/group/:groupOrderId/split - Split Bill[2m > [22m[2mshould split bill equally among all members
[22m[39m[SharedMockDB] FIRST executed: {
  sql: [32m'\n        SELECT * FROM group_members WHERE id = ?\n      '[39m,
  hasResult: [33mtrue[39m
}

[90mstdout[2m | src/features/group-orders/__tests__/e2e.test.ts[2m > [22m[2mGroup Orders E2E Tests[2m > [22m[2mPOST /api/v1/orders/group/:groupOrderId/split - Split Bill[2m > [22m[2mshould split bill equally among all members
[22m[39m[group-orders] Member joined group successfully {
  groupOrderId: [32m'fe096053-6243-482c-99d3-13d9ce2bdf34'[39m,
  memberId: [32m'64d8d1c6-905f-4584-afed-92004b568aaf'[39m,
  memberName: [32m'Member 1'[39m
}
[group-orders] joinGroup took 6ms

[90mstdout[2m | src/features/group-orders/__tests__/e2e.test.ts[2m > [22m[2mGroup Orders E2E Tests[2m > [22m[2mPOST /api/v1/orders/group/:groupOrderId/split - Split Bill[2m > [22m[2mshould split bill equally among all members
[22m[39m[orders] INFO: Orders API request completed {
  method: [32m'POST'[39m,
  path: [32m'/api/v1/orders/group/join/VZWM5FFQ'[39m,
  status: [33m200[39m,
  duration: [32m'508ms'[39m,
  userAgent: [32m'unknown'[39m
}

[90mstdout[2m | src/features/group-orders/__tests__/e2e.test.ts[2m > [22m[2mGroup Orders E2E Tests[2m > [22m[2mPOST /api/v1/orders/group/:groupOrderId/split - Split Bill[2m > [22m[2mshould split bill equally among all members
[22m[39m[API_V1] Response status: 200

[90mstdout[2m | src/features/group-orders/__tests__/e2e.test.ts[2m > [22m[2mGroup Orders E2E Tests[2m > [22m[2mPOST /api/v1/orders/group/:groupOrderId/split - Split Bill[2m > [22m[2mshould split bill equally among all members
[22m[39m[API_V1] POST /api/v1/orders/group/fe096053-6243-482c-99d3-13d9ce2bdf34/cart

[90mstdout[2m | src/features/group-orders/__tests__/e2e.test.ts[2m > [22m[2mGroup Orders E2E Tests[2m > [22m[2mPOST /api/v1/orders/group/:groupOrderId/split - Split Bill[2m > [22m[2mshould split bill equally among all members
[22m[39m[SharedMockDB] FIRST executed: {
  sql: [32m'\n      SELECT * FROM group_orders WHERE id = ?\n    '[39m,
  hasResult: [33mtrue[39m
}

[90mstdout[2m | src/features/group-orders/__tests__/e2e.test.ts[2m > [22m[2mGroup Orders E2E Tests[2m > [22m[2mPOST /api/v1/orders/group/:groupOrderId/split - Split Bill[2m > [22m[2mshould split bill equally among all members
[22m[39m[SharedMockDB] FIRST executed: {
  sql: [32m'\n'[39m +
    [32m'      SELECT * FROM group_members\n'[39m +
    [32m'      WHERE id = ? AND group_order_id = ? AND left_at IS NULL\n'[39m +
    [32m'   '[39m,
  hasResult: [33mtrue[39m
}

[90mstdout[2m | src/features/group-orders/__tests__/e2e.test.ts[2m > [22m[2mGroup Orders E2E Tests[2m > [22m[2mPOST /api/v1/orders/group/:groupOrderId/split - Split Bill[2m > [22m[2mshould split bill equally among all members
[22m[39m[SharedMockDB] FIRST executed: {
  sql: [32m'\n        SELECT * FROM menu_items WHERE id = ? AND restaurantId = ?\n      '[39m,
  hasResult: [33mtrue[39m
}

[90mstdout[2m | src/features/group-orders/__tests__/e2e.test.ts[2m > [22m[2mGroup Orders E2E Tests[2m > [22m[2mPOST /api/v1/orders/group/:groupOrderId/split - Split Bill[2m > [22m[2mshould split bill equally among all members
[22m[39m[SharedMockDB] RUN executed: {
  sql: [32m'\n'[39m +
    [32m'        INSERT INTO group_cart_items (\n'[39m +
    [32m'          id, group_order_id, member_id, menu_item_id, quant'[39m,
  changes: [33m1[39m,
  lastInsertRowid: [33m1[39m
}

[90mstdout[2m | src/features/group-orders/__tests__/e2e.test.ts[2m > [22m[2mGroup Orders E2E Tests[2m > [22m[2mPOST /api/v1/orders/group/:groupOrderId/split - Split Bill[2m > [22m[2mshould split bill equally among all members
[22m[39m[SharedMockDB] FIRST executed: {
  sql: [32m'\n'[39m +
    [32m'      SELECT COALESCE(SUM(total_price), 0) as total\n'[39m +
    [32m'      FROM group_cart_items\n'[39m +
    [32m'      WHERE group_o'[39m,
  hasResult: [33mtrue[39m
}

[90mstdout[2m | src/features/group-orders/__tests__/e2e.test.ts[2m > [22m[2mGroup Orders E2E Tests[2m > [22m[2mPOST /api/v1/orders/group/:groupOrderId/split - Split Bill[2m > [22m[2mshould split bill equally among all members
[22m[39m[SharedMockDB] RUN executed: {
  sql: [32m'\n'[39m +
    [32m'      INSERT INTO split_bills (\n'[39m +
    [32m'        id, group_order_id, member_id, subtotal, total_amount,\n'[39m +
    [32m'    '[39m,
  changes: [33m1[39m,
  lastInsertRowid: [33m1[39m
}

[90mstdout[2m | src/features/group-orders/__tests__/e2e.test.ts[2m > [22m[2mGroup Orders E2E Tests[2m > [22m[2mPOST /api/v1/orders/group/:groupOrderId/split - Split Bill[2m > [22m[2mshould split bill equally among all members
[22m[39m[SharedMockDB] FIRST executed: {
  sql: [32m'\n'[39m +
    [32m'      SELECT COALESCE(SUM(total_price), 0) as total\n'[39m +
    [32m'      FROM group_cart_items\n'[39m +
    [32m'      WHERE group_o'[39m,
  hasResult: [33mtrue[39m
}

[90mstdout[2m | src/features/group-orders/__tests__/e2e.test.ts[2m > [22m[2mGroup Orders E2E Tests[2m > [22m[2mPOST /api/v1/orders/group/:groupOrderId/split - Split Bill[2m > [22m[2mshould split bill equally among all members
[22m[39m[SharedMockDB] RUN executed: {
  sql: [32m'\n'[39m +
    [32m'      UPDATE group_orders\n'[39m +
    [32m"      SET total_amount = ?, updated_at = unixepoch('now')\n"[39m +
    [32m'      WHERE id '[39m,
  changes: [33m1[39m,
  lastInsertRowid: [33m1[39m
}

[90mstdout[2m | src/features/group-orders/__tests__/e2e.test.ts[2m > [22m[2mGroup Orders E2E Tests[2m > [22m[2mPOST /api/v1/orders/group/:groupOrderId/split - Split Bill[2m > [22m[2mshould split bill equally among all members
[22m[39m[SharedMockDB] RUN executed: {
  sql: [32m'\n'[39m +
    [32m'      INSERT INTO group_activity_logs (\n'[39m +
    [32m'        id, group_order_id, member_id, action, description,'[39m,
  changes: [33m1[39m,
  lastInsertRowid: [33m3[39m
}

[90mstdout[2m | src/features/group-orders/__tests__/e2e.test.ts[2m > [22m[2mGroup Orders E2E Tests[2m > [22m[2mPOST /api/v1/orders/group/:groupOrderId/split - Split Bill[2m > [22m[2mshould split bill equally among all members
[22m[39m[SharedMockDB] FIRST executed: {
  sql: [32m'\n        SELECT * FROM group_cart_items WHERE id = ?\n      '[39m,
  hasResult: [33mtrue[39m
}

[90mstdout[2m | src/features/group-orders/__tests__/e2e.test.ts[2m > [22m[2mGroup Orders E2E Tests[2m > [22m[2mPOST /api/v1/orders/group/:groupOrderId/split - Split Bill[2m > [22m[2mshould split bill equally among all members
[22m[39m[group-orders] addCartItem took 12ms

 [32m✓[39m [30m[45m makanmakan-kitchen-display [49m[39m src/components/orders/__tests__/OrderDetailsModal.test.ts[2m > [22mOrderDetailsModal Component[2m > [22mComponent Visibility[2m > [22mshould render when show is true[33m 2655[2mms[22m[39m
[90mstdout[2m | src/features/group-orders/__tests__/e2e.test.ts[2m > [22m[2mGroup Orders E2E Tests[2m > [22m[2mPOST /api/v1/orders/group/:groupOrderId/split - Split Bill[2m > [22m[2mshould split bill equally among all members
[22m[39m[orders] INFO: Orders API request completed {
  method: [32m'POST'[39m,
  path: [32m'/api/v1/orders/group/fe096053-6243-482c-99d3-13d9ce2bdf34/cart'[39m,
  status: [33m200[39m,
  duration: [32m'959ms'[39m,
  userAgent: [32m'unknown'[39m
}

[90mstdout[2m | src/features/group-orders/__tests__/e2e.test.ts[2m > [22m[2mGroup Orders E2E Tests[2m > [22m[2mPOST /api/v1/orders/group/:groupOrderId/split - Split Bill[2m > [22m[2mshould split bill equally among all members
[22m[39m[API_V1] Response status: 200

[90mstdout[2m | src/features/group-orders/__tests__/e2e.test.ts[2m > [22m[2mGroup Orders E2E Tests[2m > [22m[2mPOST /api/v1/orders/group/:groupOrderId/split - Split Bill[2m > [22m[2mshould split bill equally among all members
[22m[39m[API_V1] POST /api/v1/orders/group/join/VZWM5FFQ

[90mstdout[2m | src/features/group-orders/__tests__/e2e.test.ts[2m > [22m[2mGroup Orders E2E Tests[2m > [22m[2mPOST /api/v1/orders/group/:groupOrderId/split - Split Bill[2m > [22m[2mshould split bill equally among all members
[22m[39m[group-orders] Member joining group { shareCode: [32m'VZWM5FFQ'[39m, memberName: [32m'Member 2'[39m }
[SharedMockDB] FIRST executed: {
  sql: [32m'\n'[39m +
    [32m'        SELECT * FROM group_orders\n'[39m +
    [32m'        WHERE share_code = ?\n'[39m +
    [32m"        AND status = 'active'\n"[39m +
    [32m'     '[39m,
  hasResult: [33mtrue[39m
}

[90mstdout[2m | src/features/group-orders/__tests__/e2e.test.ts[2m > [22m[2mGroup Orders E2E Tests[2m > [22m[2mPOST /api/v1/orders/group/:groupOrderId/split - Split Bill[2m > [22m[2mshould split bill equally among all members
[22m[39m[SharedMockDB] FIRST executed: {
  sql: [32m'\n'[39m +
    [32m'        SELECT COUNT(*) as count FROM group_members\n'[39m +
    [32m'        WHERE group_order_id = ? AND left_at IS'[39m,
  hasResult: [33mtrue[39m
}

[90mstdout[2m | src/features/group-orders/__tests__/e2e.test.ts[2m > [22m[2mGroup Orders E2E Tests[2m > [22m[2mPOST /api/v1/orders/group/:groupOrderId/split - Split Bill[2m > [22m[2mshould split bill equally among all members
[22m[39m[SharedMockDB] FIRST executed: {
  sql: [32m'\n'[39m +
    [32m'        SELECT * FROM group_members\n'[39m +
    [32m'        WHERE group_order_id = ? AND name = ? AND left_at IS NU'[39m,
  hasResult: [33mfalse[39m
}

[90mstdout[2m | src/features/group-orders/__tests__/e2e.test.ts[2m > [22m[2mGroup Orders E2E Tests[2m > [22m[2mPOST /api/v1/orders/group/:groupOrderId/split - Split Bill[2m > [22m[2mshould split bill equally among all members
[22m[39m[SharedMockDB] RUN executed: {
  sql: [32m'\n'[39m +
    [32m'        INSERT INTO group_members (\n'[39m +
    [32m'          id, group_order_id, session_id, name, phone, email, r'[39m,
  changes: [33m1[39m,
  lastInsertRowid: [33m3[39m
}

[90mstdout[2m | src/features/group-orders/__tests__/e2e.test.ts[2m > [22m[2mGroup Orders E2E Tests[2m > [22m[2mPOST /api/v1/orders/group/:groupOrderId/split - Split Bill[2m > [22m[2mshould split bill equally among all members
[22m[39m[SharedMockDB] RUN executed: {
  sql: [32m'\n'[39m +
    [32m'      INSERT INTO group_activity_logs (\n'[39m +
    [32m'        id, group_order_id, member_id, action, description,'[39m,
  changes: [33m1[39m,
  lastInsertRowid: [33m4[39m
}

[90mstdout[2m | src/features/group-orders/__tests__/e2e.test.ts[2m > [22m[2mGroup Orders E2E Tests[2m > [22m[2mPOST /api/v1/orders/group/:groupOrderId/split - Split Bill[2m > [22m[2mshould split bill equally among all members
[22m[39m[SharedMockDB] FIRST executed: {
  sql: [32m'\n        SELECT * FROM group_members WHERE id = ?\n      '[39m,
  hasResult: [33mtrue[39m
}

[90mstdout[2m | src/features/group-orders/__tests__/e2e.test.ts[2m > [22m[2mGroup Orders E2E Tests[2m > [22m[2mPOST /api/v1/orders/group/:groupOrderId/split - Split Bill[2m > [22m[2mshould split bill equally among all members
[22m[39m[group-orders] Member joined group successfully {
  groupOrderId: [32m'fe096053-6243-482c-99d3-13d9ce2bdf34'[39m,
  memberId: [32m'5d0b8c64-5f74-4b92-a329-3bf91a76add5'[39m,
  memberName: [32m'Member 2'[39m
}
[group-orders] joinGroup took 4ms

 [32m✓[39m [30m[45m makanmakan-kitchen-display [49m[39m src/components/orders/__tests__/OrderDetailsModal.test.ts[2m > [22mOrderDetailsModal Component[2m > [22mOrder Header[2m > [22mshould display order number[32m 63[2mms[22m[39m
 [32m✓[39m [30m[45m makanmakan-kitchen-display [49m[39m src/components/orders/__tests__/OrderDetailsModal.test.ts[2m > [22mOrderDetailsModal Component[2m > [22mOrder Header[2m > [22mshould display close button[32m 41[2mms[22m[39m
 [32m✓[39m [30m[45m makanmakan-kitchen-display [49m[39m src/components/orders/__tests__/OrderDetailsModal.test.ts[2m > [22mOrderDetailsModal Component[2m > [22mOrder Header[2m > [22mshould emit close event when close button clicked[32m 49[2mms[22m[39m
 [32m✓[39m [30m[45m makanmakan-kitchen-display [49m[39m src/components/orders/__tests__/OrderDetailsModal.test.ts[2m > [22mOrderDetailsModal Component[2m > [22mOrder Basic Info[2m > [22mshould display table name[32m 72[2mms[22m[39m
 [32m✓[39m [30m[45m makanmakan-kitchen-display [49m[39m src/components/orders/__tests__/OrderDetailsModal.test.ts[2m > [22mOrderDetailsModal Component[2m > [22mOrder Basic Info[2m > [22mshould display created time[32m 37[2mms[22m[39m
 [32m✓[39m [30m[45m makanmakan-kitchen-display [49m[39m src/components/orders/__tests__/OrderDetailsModal.test.ts[2m > [22mOrderDetailsModal Component[2m > [22mOrder Basic Info[2m > [22mshould display customer name when available[32m 31[2mms[22m[39m
 [32m✓[39m [30m[45m makanmakan-kitchen-display [49m[39m src/components/orders/__tests__/OrderDetailsModal.test.ts[2m > [22mOrderDetailsModal Component[2m > [22mOrder Basic Info[2m > [22mshould display elapsed time[32m 38[2mms[22m[39m
 [32m✓[39m [30m[45m makanmakan-kitchen-display [49m[39m src/components/orders/__tests__/OrderDetailsModal.test.ts[2m > [22mOrderDetailsModal Component[2m > [22mOrder Basic Info[2m > [22mshould format elapsed time over 60 minutes correctly[32m 34[2mms[22m[39m
 [32m✓[39m [30m[45m makanmakan-kitchen-display [49m[39m src/components/orders/__tests__/OrderDetailsModal.test.ts[2m > [22mOrderDetailsModal Component[2m > [22mOrder Items Display[2m > [22mshould display all order items[32m 37[2mms[22m[39m
 [32m✓[39m [30m[45m makanmakan-kitchen-display [49m[39m src/components/orders/__tests__/OrderDetailsModal.test.ts[2m > [22mOrderDetailsModal Component[2m > [22mOrder Items Display[2m > [22mshould display item quantities[32m 52[2mms[22m[39m
 [32m✓[39m [30m[45m makanmakan-kitchen-display [49m[39m src/components/orders/__tests__/OrderDetailsModal.test.ts[2m > [22mOrderDetailsModal Component[2m > [22mOrder Items Display[2m > [22mshould display item status badges[32m 36[2mms[22m[39m
 [32m✓[39m [30m[45m makanmakan-kitchen-display [49m[39m src/components/orders/__tests__/OrderDetailsModal.test.ts[2m > [22mOrderDetailsModal Component[2m > [22mOrder Items Display[2m > [22mshould display item notes when available[32m 13[2mms[22m[39m
 [32m✓[39m [30m[45m makanmakan-kitchen-display [49m[39m src/components/orders/__tests__/OrderDetailsModal.test.ts[2m > [22mOrderDetailsModal Component[2m > [22mOrder Items Display[2m > [22mshould display item customizations[32m 53[2mms[22m[39m
 [32m✓[39m [30m[45m makanmakan-kitchen-display [49m[39m src/components/orders/__tests__/OrderDetailsModal.test.ts[2m > [22mOrderDetailsModal Component[2m > [22mItem Status Actions[2m > [22mshould show start button for pending items[32m 39[2mms[22m[39m
 [32m✓[39m [30m[45m makanmakan-kitchen-display [49m[39m src/components/orders/__tests__/OrderDetailsModal.test.ts[2m > [22mOrderDetailsModal Component[2m > [22mItem Status Actions[2m > [22mshould show complete button for preparing items[32m 14[2mms[22m[39m
 [32m✓[39m [30m[45m makanmakan-kitchen-display [49m[39m src/components/orders/__tests__/OrderDetailsModal.test.ts[2m > [22mOrderDetailsModal Component[2m > [22mItem Status Actions[2m > [22mshould show ready badge for completed items[32m 14[2mms[22m[39m
 [32m✓[39m [30m[45m makanmakan-kitchen-display [49m[39m src/components/orders/__tests__/OrderDetailsModal.test.ts[2m > [22mOrderDetailsModal Component[2m > [22mItem Status Actions[2m > [22mshould emit update-status when start button clicked[32m 50[2mms[22m[39m
 [32m✓[39m [30m[45m makanmakan-kitchen-display [49m[39m src/components/orders/__tests__/OrderDetailsModal.test.ts[2m > [22mOrderDetailsModal Component[2m > [22mItem Status Actions[2m > [22mshould emit update-status when complete button clicked[32m 10[2mms[22m[39m
 [32m✓[39m [30m[45m makanmakan-kitchen-display [49m[39m src/components/orders/__tests__/OrderDetailsModal.test.ts[2m > [22mOrderDetailsModal Component[2m > [22mOrder Notes[2m > [22mshould display order notes when available[32m 29[2mms[22m[39m
 [32m✓[39m [30m[45m makanmakan-kitchen-display [49m[39m src/components/orders/__tests__/OrderDetailsModal.test.ts[2m > [22mOrderDetailsModal Component[2m > [22mOrder Notes[2m > [22mshould not display notes section when no notes[32m 14[2mms[22m[39m
 [32m✓[39m [30m[45m makanmakan-kitchen-display [49m[39m src/components/orders/__tests__/OrderDetailsModal.test.ts[2m > [22mOrderDetailsModal Component[2m > [22mOrder Timeline[2m > [22mshould display creation time[32m 38[2mms[22m[39m
 [32m✓[39m [30m[45m makanmakan-kitchen-display [49m[39m src/components/orders/__tests__/OrderDetailsModal.test.ts[2m > [22mOrderDetailsModal Component[2m > [22mOrder Timeline[2m > [22mshould display confirmed time when available[32m 25[2mms[22m[39m
 [32m✓[39m [30m[45m makanmakan-kitchen-display [49m[39m src/components/orders/__tests__/OrderDetailsModal.test.ts[2m > [22mOrderDetailsModal Component[2m > [22mBatch Complete All[2m > [22mshould show complete all button when has uncompleted items[32m 13[2mms[22m[39m
 [32m✓[39m [30m[45m makanmakan-kitchen-display [49m[39m src/components/orders/__tests__/OrderDetailsModal.test.ts[2m > [22mOrderDetailsModal Component[2m > [22mBatch Complete All[2m > [22mshould not show complete all button when all items ready[32m 22[2mms[22m[39m
 [32m✓[39m [30m[45m makanmakan-kitchen-display [49m[39m src/components/orders/__tests__/OrderDetailsModal.test.ts[2m > [22mOrderDetailsModal Component[2m > [22mBatch Complete All[2m > [22mshould emit multiple update-status events when complete all clicked[32m 19[2mms[22m[39m
 [32m✓[39m [30m[45m makanmakan-kitchen-display [49m[39m src/components/orders/__tests__/OrderDetailsModal.test.ts[2m > [22mOrderDetailsModal Component[2m > [22mModal Backdrop[2m > [22mshould emit close when backdrop clicked[32m 31[2mms[22m[39m
 [32m✓[39m [30m[45m makanmakan-kitchen-display [49m[39m src/components/orders/__tests__/OrderDetailsModal.test.ts[2m > [22mOrderDetailsModal Component[2m > [22mModal Backdrop[2m > [22mshould not close when modal content clicked[32m 18[2mms[22m[39m
 [32m✓[39m [30m[45m makanmakan-kitchen-display [49m[39m src/components/orders/__tests__/OrderDetailsModal.test.ts[2m > [22mOrderDetailsModal Component[2m > [22mTime Formatting[2m > [22mshould format date time correctly[32m 15[2mms[22m[39m
 [32m✓[39m [30m[45m makanmakan-kitchen-display [49m[39m src/components/orders/__tests__/OrderDetailsModal.test.ts[2m > [22mOrderDetailsModal Component[2m > [22mTime Formatting[2m > [22mshould highlight overdue time in red[32m 34[2mms[22m[39m
 [32m✓[39m [30m[45m makanmakan-kitchen-display [49m[39m src/components/orders/__tests__/OrderDetailsModal.test.ts[2m > [22mOrderDetailsModal Component[2m > [22mTime Formatting[2m > [22mshould highlight warning time in orange[32m 14[2mms[22m[39m
 [32m✓[39m [30m[45m makanmakan-kitchen-display [49m[39m src/components/orders/__tests__/OrderDetailsModal.test.ts[2m > [22mOrderDetailsModal Component[2m > [22mTime Formatting[2m > [22mshould show normal time in gray[32m 18[2mms[22m[39m
 [32m✓[39m [30m[45m makanmakan-kitchen-display [49m[39m src/components/orders/__tests__/OrderDetailsModal.test.ts[2m > [22mOrderDetailsModal Component[2m > [22mItem Status Classes[2m > [22mshould apply correct class for pending status[32m 63[2mms[22m[39m
 [32m✓[39m [30m[45m makanmakan-kitchen-display [49m[39m src/components/orders/__tests__/OrderDetailsModal.test.ts[2m > [22mOrderDetailsModal Component[2m > [22mItem Status Classes[2m > [22mshould apply correct class for preparing status[32m 20[2mms[22m[39m
 [32m✓[39m [30m[45m makanmakan-kitchen-display [49m[39m src/components/orders/__tests__/OrderDetailsModal.test.ts[2m > [22mOrderDetailsModal Component[2m > [22mItem Status Classes[2m > [22mshould apply correct class for ready status[32m 15[2mms[22m[39m
 [32m✓[39m [30m[45m makanmakan-kitchen-display [49m[39m src/components/orders/__tests__/OrderDetailsModal.test.ts[2m > [22mOrderDetailsModal Component[2m > [22mItem Status Text[2m > [22mshould show correct text for pending items[32m 39[2mms[22m[39m
 [32m✓[39m [30m[45m makanmakan-kitchen-display [49m[39m src/components/orders/__tests__/OrderDetailsModal.test.ts[2m > [22mOrderDetailsModal Component[2m > [22mItem Status Text[2m > [22mshould show correct text for preparing items[32m 8[2mms[22m[39m
 [32m✓[39m [30m[45m makanmakan-kitchen-display [49m[39m src/components/orders/__tests__/OrderDetailsModal.test.ts[2m > [22mOrderDetailsModal Component[2m > [22mItem Status Text[2m > [22mshould show correct text for ready items[32m 8[2mms[22m[39m
 [32m✓[39m [30m[45m makanmakan-kitchen-display [49m[39m src/components/orders/__tests__/OrderDetailsModal.test.ts[2m > [22mOrderDetailsModal Component[2m > [22mItem Status Text[2m > [22mshould show correct text for completed items[32m 54[2mms[22m[39m
 [32m✓[39m [30m[45m makanmakan-kitchen-display [49m[39m src/components/orders/__tests__/OrderDetailsModal.test.ts[2m > [22mOrderDetailsModal Component[2m > [22mEdge Cases[2m > [22mshould handle order with no items[32m 24[2mms[22m[39m
 [32m✓[39m [30m[45m makanmakan-kitchen-display [49m[39m src/components/orders/__tests__/OrderDetailsModal.test.ts[2m > [22mOrderDetailsModal Component[2m > [22mEdge Cases[2m > [22mshould handle very long item names[32m 11[2mms[22m[39m
 [32m✓[39m [30m[45m makanmakan-kitchen-display [49m[39m src/components/orders/__tests__/OrderDetailsModal.test.ts[2m > [22mOrderDetailsModal Component[2m > [22mEdge Cases[2m > [22mshould handle large quantities[32m 9[2mms[22m[39m
 [32m✓[39m [30m[45m makanmakan-kitchen-display [49m[39m src/components/orders/__tests__/OrderDetailsModal.test.ts[2m > [22mOrderDetailsModal Component[2m > [22mEdge Cases[2m > [22mshould handle items with all optional fields[32m 13[2mms[22m[39m
 [32m✓[39m [30m[45m makanmakan-kitchen-display [49m[39m src/components/orders/__tests__/OrderDetailsModal.test.ts[2m > [22mOrderDetailsModal Component[2m > [22mFooter Actions[2m > [22mshould display last update time[32m 25[2mms[22m[39m
 [32m✓[39m [30m[45m makanmakan-kitchen-display [49m[39m src/components/orders/__tests__/OrderDetailsModal.test.ts[2m > [22mOrderDetailsModal Component[2m > [22mFooter Actions[2m > [22mshould have close button in footer[32m 14[2mms[22m[39m
 [32m✓[39m [30m[45m makanmakan-kitchen-display [49m[39m src/components/orders/__tests__/OrderDetailsModal.test.ts[2m > [22mOrderDetailsModal Component[2m > [22mFooter Actions[2m > [22mshould emit close when footer close clicked[32m 10[2mms[22m[39m
[90mstdout[2m | src/features/group-orders/__tests__/e2e.test.ts[2m > [22m[2mGroup Orders E2E Tests[2m > [22m[2mPOST /api/v1/orders/group/:groupOrderId/split - Split Bill[2m > [22m[2mshould handle custom split amounts
[22m[39m[SharedMockDB] EXEC executed successfully

[90mstdout[2m | src/features/group-orders/__tests__/e2e.test.ts[2m > [22m[2mGroup Orders E2E Tests[2m > [22m[2mPOST /api/v1/orders/group/:groupOrderId/split - Split Bill[2m > [22m[2mshould handle custom split amounts
[22m[39m[SharedMockDB] EXEC executed successfully

[90mstdout[2m | src/features/group-orders/__tests__/e2e.test.ts[2m > [22m[2mGroup Orders E2E Tests[2m > [22m[2mPOST /api/v1/orders/group/:groupOrderId/split - Split Bill[2m > [22m[2mshould handle custom split amounts
[22m[39m[SharedMockDB] EXEC executed successfully

[90mstdout[2m | src/features/group-orders/__tests__/e2e.test.ts[2m > [22m[2mGroup Orders E2E Tests[2m > [22m[2mPOST /api/v1/orders/group/:groupOrderId/split - Split Bill[2m > [22m[2mshould handle custom split amounts
[22m[39m[SharedMockDB] EXEC executed successfully

[90mstdout[2m | src/features/group-orders/__tests__/e2e.test.ts[2m > [22m[2mGroup Orders E2E Tests[2m > [22m[2mPOST /api/v1/orders/group/:groupOrderId/split - Split Bill[2m > [22m[2mshould handle custom split amounts
[22m[39m[SharedMockDB] EXEC executed successfully

[90mstdout[2m | src/features/group-orders/__tests__/e2e.test.ts[2m > [22m[2mGroup Orders E2E Tests[2m > [22m[2mPOST /api/v1/orders/group/:groupOrderId/split - Split Bill[2m > [22m[2mshould handle custom split amounts
[22m[39m[API_V1] POST /api/v1/orders/group/create

[90mstdout[2m | src/features/group-orders/__tests__/e2e.test.ts[2m > [22m[2mGroup Orders E2E Tests[2m > [22m[2mPOST /api/v1/orders/group/:groupOrderId/split - Split Bill[2m > [22m[2mshould handle custom split amounts
[22m[39m[group-orders] Creating group order { restaurantId: [33m1[39m, hostId: [33m2[39m }
[SharedMockDB] RUN executed: {
  sql: [32m'\n'[39m +
    [32m'        INSERT INTO group_orders (\n'[39m +
    [32m'          id, restaurant_id, table_id, share_code, created_by,\n'[39m +
    [32m' '[39m,
  changes: [33m1[39m,
  lastInsertRowid: [33m1[39m
}

[90mstdout[2m | src/features/group-orders/__tests__/e2e.test.ts[2m > [22m[2mGroup Orders E2E Tests[2m > [22m[2mPOST /api/v1/orders/group/:groupOrderId/split - Split Bill[2m > [22m[2mshould handle custom split amounts
[22m[39m[SharedMockDB] RUN executed: {
  sql: [32m'\n'[39m +
    [32m'        INSERT INTO group_members (\n'[39m +
    [32m'          id, group_order_id, session_id, name, role,\n'[39m +
    [32m'         '[39m,
  changes: [33m1[39m,
  lastInsertRowid: [33m1[39m
}

[90mstdout[2m | src/features/group-orders/__tests__/e2e.test.ts[2m > [22m[2mGroup Orders E2E Tests[2m > [22m[2mPOST /api/v1/orders/group/:groupOrderId/split - Split Bill[2m > [22m[2mshould handle custom split amounts
[22m[39m[SharedMockDB] RUN executed: {
  sql: [32m'\n'[39m +
    [32m'      INSERT INTO group_activity_logs (\n'[39m +
    [32m'        id, group_order_id, member_id, action, description,'[39m,
  changes: [33m1[39m,
  lastInsertRowid: [33m1[39m
}

[90mstdout[2m | src/features/group-orders/__tests__/e2e.test.ts[2m > [22m[2mGroup Orders E2E Tests[2m > [22m[2mPOST /api/v1/orders/group/:groupOrderId/split - Split Bill[2m > [22m[2mshould handle custom split amounts
[22m[39m[SharedMockDB] FIRST executed: {
  sql: [32m'\n        SELECT * FROM group_members WHERE id = ?\n      '[39m,
  hasResult: [33mtrue[39m
}

[90mstdout[2m | src/features/group-orders/__tests__/e2e.test.ts[2m > [22m[2mGroup Orders E2E Tests[2m > [22m[2mPOST /api/v1/orders/group/:groupOrderId/split - Split Bill[2m > [22m[2mshould handle custom split amounts
[22m[39m[group-orders] Group order created successfully {
  groupOrderId: [32m'9dcbd4ae-6011-4587-9f1f-225eb1545a19'[39m,
  shareCode: [32m'2TARWOE2'[39m
}
[group-orders] createGroupOrder took 7ms

 [31m×[39m [30m[42m @makanmakan/api [49m[39m src/features/group-orders/__tests__/e2e.test.ts[2m > [22mGroup Orders E2E Tests[2m > [22mPOST /api/v1/orders/group/:groupOrderId/split - Split Bill[2m > [22mshould split bill equally among all members[33m 10048[2mms[22m[39m
[31m   → Hook timed out in 10000ms.
If this is a long-running hook, pass a timeout value as the last argument or configure it globally with "hookTimeout".[39m
 [32m✓[39m [30m[43m @makanmakan/realtime [49m[39m src/__tests__/unit/connection/connection-pool.test.ts[2m > [22mConnection Pool Management[2m > [22m連接添加[2m > [22m應該成功添加新連接[32m 6[2mms[22m[39m
 [32m✓[39m [30m[43m @makanmakan/realtime [49m[39m src/__tests__/unit/connection/connection-pool.test.ts[2m > [22mConnection Pool Management[2m > [22m連接添加[2m > [22m應該為每個連接分配唯一 ID[32m 2[2mms[22m[39m
 [32m✓[39m [30m[43m @makanmakan/realtime [49m[39m src/__tests__/unit/connection/connection-pool.test.ts[2m > [22mConnection Pool Management[2m > [22m連接添加[2m > [22m應該記錄連接建立時間[32m 1[2mms[22m[39m
 [32m✓[39m [30m[43m @makanmakan/realtime [49m[39m src/__tests__/unit/connection/connection-pool.test.ts[2m > [22mConnection Pool Management[2m > [22m連接添加[2m > [22m應該支持同一 room 的多個連接[32m 1[2mms[22m[39m
 [32m✓[39m [30m[43m @makanmakan/realtime [49m[39m src/__tests__/unit/connection/connection-pool.test.ts[2m > [22mConnection Pool Management[2m > [22m連接添加[2m > [22m應該儲存連接的認證信息[32m 1[2mms[22m[39m
 [32m✓[39m [30m[43m @makanmakan/realtime [49m[39m src/__tests__/unit/connection/connection-pool.test.ts[2m > [22mConnection Pool Management[2m > [22m連接移除[2m > [22m應該成功移除連接[32m 1[2mms[22m[39m
 [32m✓[39m [30m[43m @makanmakan/realtime [49m[39m src/__tests__/unit/connection/connection-pool.test.ts[2m > [22mConnection Pool Management[2m > [22m連接移除[2m > [22m應該在連接關閉時清理資源[32m 1[2mms[22m[39m
 [32m✓[39m [30m[43m @makanmakan/realtime [49m[39m src/__tests__/unit/connection/connection-pool.test.ts[2m > [22mConnection Pool Management[2m > [22m連接移除[2m > [22m移除不存在的連接應該不會拋出錯誤[32m 2[2mms[22m[39m
 [32m✓[39m [30m[43m @makanmakan/realtime [49m[39m src/__tests__/unit/connection/connection-pool.test.ts[2m > [22mConnection Pool Management[2m > [22m連接移除[2m > [22m應該移除特定 room 的所有連接[32m 2[2mms[22m[39m
 [32m✓[39m [30m[43m @makanmakan/realtime [49m[39m src/__tests__/unit/connection/connection-pool.test.ts[2m > [22mConnection Pool Management[2m > [22m連接池容量管理[2m > [22m應該限制最大連接數[32m 2[2mms[22m[39m
 [32m✓[39m [30m[43m @makanmakan/realtime [49m[39m src/__tests__/unit/connection/connection-pool.test.ts[2m > [22mConnection Pool Management[2m > [22m連接池容量管理[2m > [22m應該統計每個 room 的連接數[32m 1[2mms[22m[39m
 [32m✓[39m [30m[43m @makanmakan/realtime [49m[39m src/__tests__/unit/connection/connection-pool.test.ts[2m > [22mConnection Pool Management[2m > [22m連接池容量管理[2m > [22m應該限制單個 room 的最大連接數[32m 1[2mms[22m[39m
 [32m✓[39m [30m[43m @makanmakan/realtime [49m[39m src/__tests__/unit/connection/connection-pool.test.ts[2m > [22mConnection Pool Management[2m > [22m連接查詢[2m > [22m應該按類型過濾連接[32m 1[2mms[22m[39m
 [32m✓[39m [30m[43m @makanmakan/realtime [49m[39m src/__tests__/unit/connection/connection-pool.test.ts[2m > [22mConnection Pool Management[2m > [22m連接查詢[2m > [22m應該按 roomId 過濾連接[32m 5[2mms[22m[39m
 [32m✓[39m [30m[43m @makanmakan/realtime [49m[39m src/__tests__/unit/connection/connection-pool.test.ts[2m > [22mConnection Pool Management[2m > [22m連接查詢[2m > [22m應該根據 connection ID 查找連接[32m 5[2mms[22m[39m
 [32m✓[39m [30m[43m @makanmakan/realtime [49m[39m src/__tests__/unit/connection/connection-pool.test.ts[2m > [22mConnection Pool Management[2m > [22m連接查詢[2m > [22m應該返回所有活躍連接[32m 2[2mms[22m[39m
 [32m✓[39m [30m[43m @makanmakan/realtime [49m[39m src/__tests__/unit/connection/connection-pool.test.ts[2m > [22mConnection Pool Management[2m > [22m連接狀態追蹤[2m > [22m應該更新最後活動時間[32m 2[2mms[22m[39m
 [32m✓[39m [30m[43m @makanmakan/realtime [49m[39m src/__tests__/unit/connection/connection-pool.test.ts[2m > [22mConnection Pool Management[2m > [22m連接狀態追蹤[2m > [22m應該計算連接持續時間[32m 2[2mms[22m[39m
 [32m✓[39m [30m[43m @makanmakan/realtime [49m[39m src/__tests__/unit/connection/connection-pool.test.ts[2m > [22mConnection Pool Management[2m > [22m連接狀態追蹤[2m > [22m應該識別閒置連接[32m 2[2mms[22m[39m
 [32m✓[39m [30m[43m @makanmakan/realtime [49m[39m src/__tests__/unit/connection/connection-pool.test.ts[2m > [22mConnection Pool Management[2m > [22m記憶體清理[2m > [22m應該清理所有連接[32m 2[2mms[22m[39m
 [32m✓[39m [30m[43m @makanmakan/realtime [49m[39m src/__tests__/unit/connection/connection-pool.test.ts[2m > [22mConnection Pool Management[2m > [22m記憶體清理[2m > [22m應該清理閒置連接[32m 2[2mms[22m[39m
 [32m✓[39m [30m[43m @makanmakan/realtime [49m[39m src/__tests__/unit/connection/connection-pool.test.ts[2m > [22mConnection Pool Management[2m > [22m記憶體清理[2m > [22m應該生成連接池統計信息[32m 2[2mms[22m[39m
 [32m✓[39m [30m[43m @makanmakan/realtime [49m[39m src/__tests__/unit/auth/role-validation.test.ts[2m > [22mRole Validation[2m > [22mRole Definition Validation[2m > [22mshould validate all defined roles[32m 6[2mms[22m[39m
 [32m✓[39m [30m[43m @makanmakan/realtime [49m[39m src/__tests__/unit/auth/role-validation.test.ts[2m > [22mRole Validation[2m > [22mRole Definition Validation[2m > [22mshould reject invalid role numbers[32m 1[2mms[22m[39m
 [32m✓[39m [30m[43m @makanmakan/realtime [49m[39m src/__tests__/unit/auth/role-validation.test.ts[2m > [22mRole Validation[2m > [22mRole Definition Validation[2m > [22mshould map role numbers to correct roles[32m 1[2mms[22m[39m
 [32m✓[39m [30m[43m @makanmakan/realtime [49m[39m src/__tests__/unit/auth/role-validation.test.ts[2m > [22mRole Validation[2m > [22mAdmin Privileges[2m > [22mshould grant admin privileges to Admin role[32m 0[2mms[22m[39m
 [32m✓[39m [30m[43m @makanmakan/realtime [49m[39m src/__tests__/unit/auth/role-validation.test.ts[2m > [22mRole Validation[2m > [22mAdmin Privileges[2m > [22mshould grant admin privileges to Owner role[32m 0[2mms[22m[39m
 [32m✓[39m [30m[43m @makanmakan/realtime [49m[39m src/__tests__/unit/auth/role-validation.test.ts[2m > [22mRole Validation[2m > [22mAdmin Privileges[2m > [22mshould not grant admin privileges to Chef[32m 0[2mms[22m[39m
 [32m✓[39m [30m[43m @makanmakan/realtime [49m[39m src/__tests__/unit/auth/role-validation.test.ts[2m > [22mRole Validation[2m > [22mAdmin Privileges[2m > [22mshould not grant admin privileges to Crew[32m 0[2mms[22m[39m
 [32m✓[39m [30m[43m @makanmakan/realtime [49m[39m src/__tests__/unit/auth/role-validation.test.ts[2m > [22mRole Validation[2m > [22mAdmin Privileges[2m > [22mshould not grant admin privileges to Customer[32m 0[2mms[22m[39m
 [32m✓[39m [30m[43m @makanmakan/realtime [49m[39m src/__tests__/unit/auth/role-validation.test.ts[2m > [22mRole Validation[2m > [22mKitchen Access[2m > [22mshould allow Admin to access kitchen[32m 1[2mms[22m[39m
 [32m✓[39m [30m[43m @makanmakan/realtime [49m[39m src/__tests__/unit/auth/role-validation.test.ts[2m > [22mRole Validation[2m > [22mKitchen Access[2m > [22mshould not allow Owner to access kitchen[32m 1[2mms[22m[39m
 [32m✓[39m [30m[43m @makanmakan/realtime [49m[39m src/__tests__/unit/auth/role-validation.test.ts[2m > [22mRole Validation[2m > [22mKitchen Access[2m > [22mshould allow Chef to access kitchen[32m 2[2mms[22m[39m
 [32m✓[39m [30m[43m @makanmakan/realtime [49m[39m src/__tests__/unit/auth/role-validation.test.ts[2m > [22mRole Validation[2m > [22mKitchen Access[2m > [22mshould not allow Crew to access kitchen[32m 1[2mms[22m[39m
 [32m✓[39m [30m[43m @makanmakan/realtime [49m[39m src/__tests__/unit/auth/role-validation.test.ts[2m > [22mRole Validation[2m > [22mKitchen Access[2m > [22mshould not allow Customer to access kitchen[32m 1[2mms[22m[39m
 [32m✓[39m [30m[43m @makanmakan/realtime [49m[39m src/__tests__/unit/auth/role-validation.test.ts[2m > [22mRole Validation[2m > [22mCustomer Service Access[2m > [22mshould not allow Admin to serve customers directly[32m 2[2mms[22m[39m
 [32m✓[39m [30m[43m @makanmakan/realtime [49m[39m src/__tests__/unit/auth/role-validation.test.ts[2m > [22mRole Validation[2m > [22mCustomer Service Access[2m > [22mshould not allow Owner to serve customers directly[32m 1[2mms[22m[39m
 [32m✓[39m [30m[43m @makanmakan/realtime [49m[39m src/__tests__/unit/auth/role-validation.test.ts[2m > [22mRole Validation[2m > [22mCustomer Service Access[2m > [22mshould allow Chef to serve customers[32m 1[2mms[22m[39m
 [32m✓[39m [30m[43m @makanmakan/realtime [49m[39m src/__tests__/unit/auth/role-validation.test.ts[2m > [22mRole Validation[2m > [22mCustomer Service Access[2m > [22mshould allow Crew to serve customers[32m 1[2mms[22m[39m
 [32m✓[39m [30m[43m @makanmakan/realtime [49m[39m src/__tests__/unit/auth/role-validation.test.ts[2m > [22mRole Validation[2m > [22mCustomer Service Access[2m > [22mshould not allow Customer to serve customers[32m 1[2mms[22m[39m
 [32m✓[39m [30m[43m @makanmakan/realtime [49m[39m src/__tests__/unit/auth/role-validation.test.ts[2m > [22mRole Validation[2m > [22mRoom Type Access Control[2m > [22mshould allow Admin to access admin rooms[32m 1[2mms[22m[39m
 [32m✓[39m [30m[43m @makanmakan/realtime [49m[39m src/__tests__/unit/auth/role-validation.test.ts[2m > [22mRole Validation[2m > [22mRoom Type Access Control[2m > [22mshould allow Owner to access admin rooms[32m 1[2mms[22m[39m
 [32m✓[39m [30m[43m @makanmakan/realtime [49m[39m src/__tests__/unit/auth/role-validation.test.ts[2m > [22mRole Validation[2m > [22mRoom Type Access Control[2m > [22mshould not allow Chef to access admin rooms[32m 0[2mms[22m[39m
 [32m✓[39m [30m[43m @makanmakan/realtime [49m[39m src/__tests__/unit/auth/role-validation.test.ts[2m > [22mRole Validation[2m > [22mRoom Type Access Control[2m > [22mshould allow Admin to access kitchen rooms[32m 0[2mms[22m[39m
 [32m✓[39m [30m[43m @makanmakan/realtime [49m[39m src/__tests__/unit/auth/role-validation.test.ts[2m > [22mRole Validation[2m > [22mRoom Type Access Control[2m > [22mshould allow Chef to access kitchen rooms[32m 0[2mms[22m[39m
 [32m✓[39m [30m[43m @makanmakan/realtime [49m[39m src/__tests__/unit/auth/role-validation.test.ts[2m > [22mRole Validation[2m > [22mRoom Type Access Control[2m > [22mshould not allow Customer to access kitchen rooms[32m 0[2mms[22m[39m
 [32m✓[39m [30m[43m @makanmakan/realtime [49m[39m src/__tests__/unit/auth/role-validation.test.ts[2m > [22mRole Validation[2m > [22mRoom Type Access Control[2m > [22mshould allow all roles to access customer rooms[32m 1[2mms[22m[39m
 [32m✓[39m [30m[43m @makanmakan/realtime [49m[39m src/__tests__/unit/auth/role-validation.test.ts[2m > [22mRole Validation[2m > [22mAuth Payload Validation[2m > [22mshould validate complete auth payload[32m 1[2mms[22m[39m
 [32m✓[39m [30m[43m @makanmakan/realtime [49m[39m src/__tests__/unit/auth/role-validation.test.ts[2m > [22mRole Validation[2m > [22mAuth Payload Validation[2m > [22mshould validate admin auth payload[32m 1[2mms[22m[39m
 [32m✓[39m [30m[43m @makanmakan/realtime [49m[39m src/__tests__/unit/auth/role-validation.test.ts[2m > [22mRole Validation[2m > [22mAuth Payload Validation[2m > [22mshould validate kitchen staff auth payload[32m 1[2mms[22m[39m
 [32m✓[39m [30m[43m @makanmakan/realtime [49m[39m src/__tests__/unit/auth/role-validation.test.ts[2m > [22mRole Validation[2m > [22mAuth Payload Validation[2m > [22mshould detect role mismatch with room type[32m 1[2mms[22m[39m
 [32m✓[39m [30m[43m @makanmakan/realtime [49m[39m src/__tests__/unit/auth/role-validation.test.ts[2m > [22mRole Validation[2m > [22mRole-Based Access Scenarios[2m > [22mshould allow admin to access all room types[32m 1[2mms[22m[39m
 [32m✓[39m [30m[43m @makanmakan/realtime [49m[39m src/__tests__/unit/auth/role-validation.test.ts[2m > [22mRole Validation[2m > [22mRole-Based Access Scenarios[2m > [22mshould restrict customer access to customer rooms only[32m 1[2mms[22m[39m
 [32m✓[39m [30m[43m @makanmakan/realtime [49m[39m src/__tests__/unit/auth/role-validation.test.ts[2m > [22mRole Validation[2m > [22mRole-Based Access Scenarios[2m > [22mshould allow owner access to admin and customer rooms[32m 1[2mms[22m[39m
 [32m✓[39m [30m[43m @makanmakan/realtime [49m[39m src/__tests__/unit/auth/role-validation.test.ts[2m > [22mRole Validation[2m > [22mRole-Based Access Scenarios[2m > [22mshould allow chef access to kitchen and customer rooms[32m 1[2mms[22m[39m
 [32m✓[39m [30m[43m @makanmakan/realtime [49m[39m src/__tests__/unit/auth/role-validation.test.ts[2m > [22mRole Validation[2m > [22mRole-Based Access Scenarios[2m > [22mshould allow crew access to customer rooms only[32m 1[2mms[22m[39m
 [32m✓[39m [30m[43m @makanmakan/realtime [49m[39m src/__tests__/unit/auth/role-validation.test.ts[2m > [22mRole Validation[2m > [22mRole Validation in WebSocket Context[2m > [22mshould validate role before WebSocket upgrade[32m 1[2mms[22m[39m
 [32m✓[39m [30m[43m @makanmakan/realtime [49m[39m src/__tests__/unit/auth/role-validation.test.ts[2m > [22mRole Validation[2m > [22mRole Validation in WebSocket Context[2m > [22mshould reject invalid role during validation[32m 1[2mms[22m[39m
 [32m✓[39m [30m[43m @makanmakan/realtime [49m[39m src/__tests__/unit/auth/role-validation.test.ts[2m > [22mRole Validation[2m > [22mRole Validation in WebSocket Context[2m > [22mshould reject role-roomType mismatch[32m 1[2mms[22m[39m
 [32m✓[39m [30m[43m @makanmakan/realtime [49m[39m src/__tests__/unit/auth/role-validation.test.ts[2m > [22mRole Validation[2m > [22mRole Hierarchy[2m > [22mshould maintain correct role hierarchy[32m 1[2mms[22m[39m
 [32m✓[39m [30m[43m @makanmakan/realtime [49m[39m src/__tests__/unit/auth/role-validation.test.ts[2m > [22mRole Validation[2m > [22mRole Hierarchy[2m > [22mshould identify higher privilege roles[32m 1[2mms[22m[39m
 [32m✓[39m [30m[43m @makanmakan/realtime [49m[39m src/__tests__/unit/auth/role-validation.test.ts[2m > [22mRole Validation[2m > [22mRole Hierarchy[2m > [22mshould check if role meets minimum privilege level[32m 0[2mms[22m[39m
 [32m✓[39m [30m[43m @makanmakan/realtime [49m[39m src/__tests__/unit/auth/role-validation.test.ts[2m > [22mRole Validation[2m > [22mOptional Role Handling[2m > [22mshould handle undefined role as lowest privilege[32m 1[2mms[22m[39m
 [32m✓[39m [30m[43m @makanmakan/realtime [49m[39m src/__tests__/unit/auth/role-validation.test.ts[2m > [22mRole Validation[2m > [22mOptional Role Handling[2m > [22mshould default to customer permissions for missing role[32m 0[2mms[22m[39m
 [32m✓[39m [30m[43m @makanmakan/realtime [49m[39m src/__tests__/unit/auth/role-validation.test.ts[2m > [22mRole Validation[2m > [22mMulti-Role Scenarios[2m > [22mshould handle user with multiple roles[32m 0[2mms[22m[39m
 [32m✓[39m [30m[43m @makanmakan/realtime [49m[39m src/__tests__/unit/auth/role-validation.test.ts[2m > [22mRole Validation[2m > [22mMulti-Role Scenarios[2m > [22mshould validate role for specific restaurant context[32m 1[2mms[22m[39m
 [32m✓[39m [30m[43m @makanmakan/realtime [49m[39m src/__tests__/unit/auth/role-validation.test.ts[2m > [22mRole Validation[2m > [22mRole Validation Error Cases[2m > [22mshould handle negative role numbers[32m 0[2mms[22m[39m
 [32m✓[39m [30m[43m @makanmakan/realtime [49m[39m src/__tests__/unit/auth/role-validation.test.ts[2m > [22mRole Validation[2m > [22mRole Validation Error Cases[2m > [22mshould handle extremely large role numbers[32m 0[2mms[22m[39m
 [32m✓[39m [30m[43m @makanmakan/realtime [49m[39m src/__tests__/unit/auth/role-validation.test.ts[2m > [22mRole Validation[2m > [22mRole Validation Error Cases[2m > [22mshould handle NaN as invalid role[32m 0[2mms[22m[39m
 [32m✓[39m [30m[43m @makanmakan/realtime [49m[39m src/__tests__/unit/auth/role-validation.test.ts[2m > [22mRole Validation[2m > [22mRole Validation Error Cases[2m > [22mshould handle null role gracefully[32m 0[2mms[22m[39m
 [32m✓[39m [30m[43m @makanmakan/realtime [49m[39m src/__tests__/unit/auth/role-validation.test.ts[2m > [22mRole Validation[2m > [22mRole Permission Matrix[2m > [22mshould create complete permission matrix[32m 1[2mms[22m[39m
 [32m✓[39m [30m[43m @makanmakan/realtime [49m[39m src/__tests__/unit/auth/role-validation.test.ts[2m > [22mRole Validation[2m > [22mRole Permission Matrix[2m > [22mshould check specific permission for role[32m 1[2mms[22m[39m
 [32m✓[39m [30m[43m @makanmakan/realtime [49m[39m src/__tests__/unit/connection/timeout-detection.test.ts[2m > [22mTimeout Detection[2m > [22mIdle Connection Detection[2m > [22mshould detect idle connection after timeout period[32m 12[2mms[22m[39m
 [32m✓[39m [30m[43m @makanmakan/realtime [49m[39m src/__tests__/unit/connection/timeout-detection.test.ts[2m > [22mTimeout Detection[2m > [22mIdle Connection Detection[2m > [22mshould not detect active connection as idle[32m 2[2mms[22m[39m
 [32m✓[39m [30m[43m @makanmakan/realtime [49m[39m src/__tests__/unit/connection/timeout-detection.test.ts[2m > [22mTimeout Detection[2m > [22mIdle Connection Detection[2m > [22mshould reset idle timer on activity[32m 1[2mms[22m[39m
 [32m✓[39m [30m[43m @makanmakan/realtime [49m[39m src/__tests__/unit/connection/timeout-detection.test.ts[2m > [22mTimeout Detection[2m > [22mIdle Connection Detection[2m > [22mshould handle custom idle timeout[32m 1[2mms[22m[39m
 [32m✓[39m [30m[43m @makanmakan/realtime [49m[39m src/__tests__/unit/connection/timeout-detection.test.ts[2m > [22mTimeout Detection[2m > [22mIdle Connection Detection[2m > [22mshould not be idle if just under timeout threshold[32m 1[2mms[22m[39m
 [32m✓[39m [30m[43m @makanmakan/realtime [49m[39m src/__tests__/unit/connection/timeout-detection.test.ts[2m > [22mTimeout Detection[2m > [22mHeartbeat Timeout Detection[2m > [22mshould detect missing heartbeat[32m 1[2mms[22m[39m
 [32m✓[39m [30m[43m @makanmakan/realtime [49m[39m src/__tests__/unit/connection/timeout-detection.test.ts[2m > [22mTimeout Detection[2m > [22mHeartbeat Timeout Detection[2m > [22mshould not detect overdue heartbeat for recent heartbeat[32m 1[2mms[22m[39m
 [32m✓[39m [30m[43m @makanmakan/realtime [49m[39m src/__tests__/unit/connection/timeout-detection.test.ts[2m > [22mTimeout Detection[2m > [22mHeartbeat Timeout Detection[2m > [22mshould use connection time for first heartbeat check[32m 1[2mms[22m[39m
 [32m✓[39m [30m[43m @makanmakan/realtime [49m[39m src/__tests__/unit/connection/timeout-detection.test.ts[2m > [22mTimeout Detection[2m > [22mHeartbeat Timeout Detection[2m > [22mshould update heartbeat timestamp[32m 2[2mms[22m[39m
 [32m✓[39m [30m[43m @makanmakan/realtime [49m[39m src/__tests__/unit/connection/timeout-detection.test.ts[2m > [22mTimeout Detection[2m > [22mHeartbeat Timeout Detection[2m > [22mshould handle heartbeat interval scheduling[32m 1[2mms[22m[39m
 [32m✓[39m [30m[43m @makanmakan/realtime [49m[39m src/__tests__/unit/connection/timeout-detection.test.ts[2m > [22mTimeout Detection[2m > [22mConnection Cleanup Decision[2m > [22mshould cleanup idle connection[32m 1[2mms[22m[39m
 [32m✓[39m [30m[43m @makanmakan/realtime [49m[39m src/__tests__/unit/connection/timeout-detection.test.ts[2m > [22mTimeout Detection[2m > [22mConnection Cleanup Decision[2m > [22mshould cleanup connection with overdue heartbeat[32m 1[2mms[22m[39m
 [32m✓[39m [30m[43m @makanmakan/realtime [49m[39m src/__tests__/unit/connection/timeout-detection.test.ts[2m > [22mTimeout Detection[2m > [22mConnection Cleanup Decision[2m > [22mshould not cleanup active connection[32m 4[2mms[22m[39m
 [32m✓[39m [30m[43m @makanmakan/realtime [49m[39m src/__tests__/unit/connection/timeout-detection.test.ts[2m > [22mTimeout Detection[2m > [22mConnection Cleanup Decision[2m > [22mshould cleanup based on first condition met[32m 6[2mms[22m[39m
 [31m×[39m [30m[43m @makanmakan/realtime [49m[39m src/__tests__/unit/connection/timeout-detection.test.ts[2m > [22mTimeout Detection[2m > [22mTimeout Calculation[2m > [22mshould calculate time until idle timeout[32m 36[2mms[22m[39m
[31m   → expected +0 to be 240000 // Object.is equality[39m
 [32m✓[39m [30m[43m @makanmakan/realtime [49m[39m src/__tests__/unit/connection/timeout-detection.test.ts[2m > [22mTimeout Detection[2m > [22mTimeout Calculation[2m > [22mshould return 0 for already timed out connection[32m 1[2mms[22m[39m
 [32m✓[39m [30m[43m @makanmakan/realtime [49m[39m src/__tests__/unit/connection/timeout-detection.test.ts[2m > [22mTimeout Detection[2m > [22mTimeout Calculation[2m > [22mshould return minimum of idle and heartbeat timeouts[32m 1[2mms[22m[39m
 [32m✓[39m [30m[43m @makanmakan/realtime [49m[39m src/__tests__/unit/connection/timeout-detection.test.ts[2m > [22mTimeout Detection[2m > [22mTimeout Calculation[2m > [22mshould handle connection with recent heartbeat[32m 1[2mms[22m[39m
 [32m✓[39m [30m[43m @makanmakan/realtime [49m[39m src/__tests__/unit/connection/timeout-detection.test.ts[2m > [22mTimeout Detection[2m > [22mGrace Period Handling[2m > [22mshould allow reconnection within grace period[32m 1[2mms[22m[39m
 [32m✓[39m [30m[43m @makanmakan/realtime [49m[39m src/__tests__/unit/connection/timeout-detection.test.ts[2m > [22mTimeout Detection[2m > [22mGrace Period Handling[2m > [22mshould not allow reconnection after grace period[32m 1[2mms[22m[39m
 [32m✓[39m [30m[43m @makanmakan/realtime [49m[39m src/__tests__/unit/connection/timeout-detection.test.ts[2m > [22mTimeout Detection[2m > [22mGrace Period Handling[2m > [22mshould handle edge case at grace period boundary[32m 1[2mms[22m[39m
 [32m✓[39m [30m[43m @makanmakan/realtime [49m[39m src/__tests__/unit/connection/timeout-detection.test.ts[2m > [22mTimeout Detection[2m > [22mGrace Period Handling[2m > [22mshould maintain connection state during grace period[32m 2[2mms[22m[39m
 [32m✓[39m [30m[43m @makanmakan/realtime [49m[39m src/__tests__/unit/connection/timeout-detection.test.ts[2m > [22mTimeout Detection[2m > [22mMultiple Connections Cleanup[2m > [22mshould identify which connections need cleanup[32m 1[2mms[22m[39m
 [32m✓[39m [30m[43m @makanmakan/realtime [49m[39m src/__tests__/unit/connection/timeout-detection.test.ts[2m > [22mTimeout Detection[2m > [22mMultiple Connections Cleanup[2m > [22mshould cleanup connections in batch[32m 1[2mms[22m[39m
 [32m✓[39m [30m[43m @makanmakan/realtime [49m[39m src/__tests__/unit/connection/timeout-detection.test.ts[2m > [22mTimeout Detection[2m > [22mMultiple Connections Cleanup[2m > [22mshould track cleanup statistics[32m 11[2mms[22m[39m
 [32m✓[39m [30m[43m @makanmakan/realtime [49m[39m src/__tests__/unit/connection/timeout-detection.test.ts[2m > [22mTimeout Detection[2m > [22mCustom Timeout Configuration[2m > [22mshould support custom heartbeat interval[32m 14[2mms[22m[39m
 [32m✓[39m [30m[43m @makanmakan/realtime [49m[39m src/__tests__/unit/connection/timeout-detection.test.ts[2m > [22mTimeout Detection[2m > [22mCustom Timeout Configuration[2m > [22mshould support custom idle timeout[32m 1[2mms[22m[39m
 [32m✓[39m [30m[43m @makanmakan/realtime [49m[39m src/__tests__/unit/connection/timeout-detection.test.ts[2m > [22mTimeout Detection[2m > [22mCustom Timeout Configuration[2m > [22mshould validate timeout configuration[32m 1[2mms[22m[39m
 [32m✓[39m [30m[43m @makanmakan/realtime [49m[39m src/__tests__/unit/connection/timeout-detection.test.ts[2m > [22mTimeout Detection[2m > [22mEdge Cases[2m > [22mshould handle connection created at epoch time[32m 1[2mms[22m[39m
 [32m✓[39m [30m[43m @makanmakan/realtime [49m[39m src/__tests__/unit/connection/timeout-detection.test.ts[2m > [22mTimeout Detection[2m > [22mEdge Cases[2m > [22mshould handle very recent connection[32m 1[2mms[22m[39m
 [32m✓[39m [30m[43m @makanmakan/realtime [49m[39m src/__tests__/unit/connection/timeout-detection.test.ts[2m > [22mTimeout Detection[2m > [22mEdge Cases[2m > [22mshould handle rapid activity updates[32m 1[2mms[22m[39m
 [32m✓[39m [30m[43m @makanmakan/realtime [49m[39m src/__tests__/unit/connection/timeout-detection.test.ts[2m > [22mTimeout Detection[2m > [22mEdge Cases[2m > [22mshould handle cleanup of all connections[32m 2[2mms[22m[39m
 [32m✓[39m [30m[43m @makanmakan/realtime [49m[39m src/__tests__/unit/connection/timeout-detection.test.ts[2m > [22mTimeout Detection[2m > [22mEdge Cases[2m > [22mshould handle cleanup of no connections[32m 1[2mms[22m[39m
 [32m✓[39m [30m[43m @makanmakan/realtime [49m[39m src/__tests__/unit/auth/token-refresh.test.ts[2m > [22mToken Refresh[2m > [22mToken Expiry Detection[2m > [22mshould detect expired token[32m 6[2mms[22m[39m
 [32m✓[39m [30m[43m @makanmakan/realtime [49m[39m src/__tests__/unit/auth/token-refresh.test.ts[2m > [22mToken Refresh[2m > [22mToken Expiry Detection[2m > [22mshould detect valid token[32m 1[2mms[22m[39m
 [32m✓[39m [30m[43m @makanmakan/realtime [49m[39m src/__tests__/unit/auth/token-refresh.test.ts[2m > [22mToken Refresh[2m > [22mToken Expiry Detection[2m > [22mshould detect token at exact expiry moment[32m 0[2mms[22m[39m
 [32m✓[39m [30m[43m @makanmakan/realtime [49m[39m src/__tests__/unit/auth/token-refresh.test.ts[2m > [22mToken Refresh[2m > [22mToken Expiry Detection[2m > [22mshould handle token with future expiry[32m 0[2mms[22m[39m
 [32m✓[39m [30m[43m @makanmakan/realtime [49m[39m src/__tests__/unit/auth/token-refresh.test.ts[2m > [22mToken Refresh[2m > [22mToken Near Expiry Detection[2m > [22mshould detect token near expiry (within 5 minutes)[32m 1[2mms[22m[39m
 [32m✓[39m [30m[43m @makanmakan/realtime [49m[39m src/__tests__/unit/auth/token-refresh.test.ts[2m > [22mToken Refresh[2m > [22mToken Near Expiry Detection[2m > [22mshould not trigger near expiry for fresh token[32m 0[2mms[22m[39m
 [32m✓[39m [30m[43m @makanmakan/realtime [49m[39m src/__tests__/unit/auth/token-refresh.test.ts[2m > [22mToken Refresh[2m > [22mToken Near Expiry Detection[2m > [22mshould handle custom expiry threshold[32m 0[2mms[22m[39m
 [32m✓[39m [30m[43m @makanmakan/realtime [49m[39m src/__tests__/unit/auth/token-refresh.test.ts[2m > [22mToken Refresh[2m > [22mToken Near Expiry Detection[2m > [22mshould detect token within 1 minute of expiry[32m 0[2mms[22m[39m
 [32m✓[39m [30m[43m @makanmakan/realtime [49m[39m src/__tests__/unit/auth/token-refresh.test.ts[2m > [22mToken Refresh[2m > [22mToken Remaining Time[2m > [22mshould calculate correct remaining time[32m 1[2mms[22m[39m
 [32m✓[39m [30m[43m @makanmakan/realtime [49m[39m src/__tests__/unit/auth/token-refresh.test.ts[2m > [22mToken Refresh[2m > [22mToken Remaining Time[2m > [22mshould return 0 for expired token[32m 0[2mms[22m[39m
 [32m✓[39m [30m[43m @makanmakan/realtime [49m[39m src/__tests__/unit/auth/token-refresh.test.ts[2m > [22mToken Refresh[2m > [22mToken Remaining Time[2m > [22mshould handle token with very short remaining time[32m 0[2mms[22m[39m
 [32m✓[39m [30m[43m @makanmakan/realtime [49m[39m src/__tests__/unit/auth/token-refresh.test.ts[2m > [22mToken Refresh[2m > [22mToken Refresh Logic[2m > [22mshould create new token with extended expiry[32m 0[2mms[22m[39m
 [32m✓[39m [30m[43m @makanmakan/realtime [49m[39m src/__tests__/unit/auth/token-refresh.test.ts[2m > [22mToken Refresh[2m > [22mToken Refresh Logic[2m > [22mshould preserve token payload during refresh[32m 0[2mms[22m[39m
 [32m✓[39m [30m[43m @makanmakan/realtime [49m[39m src/__tests__/unit/auth/token-refresh.test.ts[2m > [22mToken Refresh[2m > [22mToken Refresh Logic[2m > [22mshould generate new signature for refreshed token[32m 2[2mms[22m[39m
 [32m✓[39m [30m[43m @makanmakan/realtime [49m[39m src/__tests__/unit/auth/token-refresh.test.ts[2m > [22mToken Refresh[2m > [22mToken Refresh Logic[2m > [22mshould update iat (issued at) timestamp[32m 0[2mms[22m[39m
 [32m✓[39m [30m[43m @makanmakan/realtime [49m[39m src/__tests__/unit/auth/token-refresh.test.ts[2m > [22mToken Refresh[2m > [22mToken Refresh Strategies[2m > [22mshould support proactive refresh (before expiry)[32m 0[2mms[22m[39m
 [32m✓[39m [30m[43m @makanmakan/realtime [49m[39m src/__tests__/unit/auth/token-refresh.test.ts[2m > [22mToken Refresh[2m > [22mToken Refresh Strategies[2m > [22mshould trigger refresh when near expiry[32m 0[2mms[22m[39m
 [32m✓[39m [30m[43m @makanmakan/realtime [49m[39m src/__tests__/unit/auth/token-refresh.test.ts[2m > [22mToken Refresh[2m > [22mToken Refresh Strategies[2m > [22mshould not refresh fresh tokens unnecessarily[32m 0[2mms[22m[39m
 [32m✓[39m [30m[43m @makanmakan/realtime [49m[39m src/__tests__/unit/auth/token-refresh.test.ts[2m > [22mToken Refresh[2m > [22mToken Expiry Scenarios[2m > [22mshould handle token that expires during WebSocket connection[32m 0[2mms[22m[39m
 [31m×[39m [30m[43m @makanmakan/realtime [49m[39m src/__tests__/unit/auth/token-refresh.test.ts[2m > [22mToken Refresh[2m > [22mToken Expiry Scenarios[2m > [22mshould handle rapid token refresh requests[32m 39[2mms[22m[39m
[31m   → expected 1763315582267 to be greater than 1763315582267[39m
 [32m✓[39m [30m[43m @makanmakan/realtime [49m[39m src/__tests__/unit/auth/token-refresh.test.ts[2m > [22mToken Refresh[2m > [22mToken Expiry Scenarios[2m > [22mshould handle token with maximum allowed lifetime[32m 1[2mms[22m[39m
 [32m✓[39m [30m[43m @makanmakan/realtime [49m[39m src/__tests__/unit/auth/token-refresh.test.ts[2m > [22mToken Refresh[2m > [22mToken Validation After Refresh[2m > [22mshould validate refreshed token structure[32m 2[2mms[22m[39m
 [32m✓[39m [30m[43m @makanmakan/realtime [49m[39m src/__tests__/unit/auth/token-refresh.test.ts[2m > [22mToken Refresh[2m > [22mToken Validation After Refresh[2m > [22mshould ensure refreshed token has valid expiry time[32m 1[2mms[22m[39m
 [32m✓[39m [30m[43m @makanmakan/realtime [49m[39m src/__tests__/unit/auth/token-refresh.test.ts[2m > [22mToken Refresh[2m > [22mToken Validation After Refresh[2m > [22mshould validate that exp is greater than iat[32m 0[2mms[22m[39m
 [32m✓[39m [30m[43m @makanmakan/realtime [49m[39m src/__tests__/unit/auth/token-refresh.test.ts[2m > [22mToken Refresh[2m > [22mError Handling[2m > [22mshould handle negative expiry time gracefully[32m 0[2mms[22m[39m
 [32m✓[39m [30m[43m @makanmakan/realtime [49m[39m src/__tests__/unit/auth/token-refresh.test.ts[2m > [22mToken Refresh[2m > [22mError Handling[2m > [22mshould handle extremely long expiry times[32m 0[2mms[22m[39m
 [32m✓[39m [30m[43m @makanmakan/realtime [49m[39m src/__tests__/unit/auth/token-refresh.test.ts[2m > [22mToken Refresh[2m > [22mError Handling[2m > [22mshould handle token refresh with 0 extension[32m 1[2mms[22m[39m
 [32m✓[39m [30m[43m @makanmakan/realtime [49m[39m src/__tests__/unit/auth/token-refresh.test.ts[2m > [22mToken Refresh[2m > [22mToken Lifecycle Management[2m > [22mshould track token age[32m 0[2mms[22m[39m
 [32m✓[39m [30m[43m @makanmakan/realtime [49m[39m src/__tests__/unit/auth/token-refresh.test.ts[2m > [22mToken Refresh[2m > [22mToken Lifecycle Management[2m > [22mshould determine token lifecycle stage[32m 1[2mms[22m[39m
 [32m✓[39m [30m[43m @makanmakan/realtime [49m[39m src/__tests__/unit/auth/token-refresh.test.ts[2m > [22mToken Refresh[2m > [22mToken Lifecycle Management[2m > [22mshould calculate token usage percentage[32m 0[2mms[22m[39m
 [32m✓[39m [30m[43m @makanmakan/realtime [49m[39m src/__tests__/unit/auth/token-refresh.test.ts[2m > [22mToken Refresh[2m > [22mRefresh Window Calculation[2m > [22mshould calculate optimal refresh window[32m 2[2mms[22m[39m
 [32m✓[39m [30m[43m @makanmakan/realtime [49m[39m src/__tests__/unit/auth/token-refresh.test.ts[2m > [22mToken Refresh[2m > [22mRefresh Window Calculation[2m > [22mshould support multiple refresh strategies[32m 1[2mms[22m[39m
 [32m✓[39m [30m[43m @makanmakan/realtime [49m[39m src/__tests__/unit/auth/token-refresh.test.ts[2m > [22mToken Refresh[2m > [22mConcurrent Refresh Handling[2m > [22mshould handle concurrent refresh requests[32m 1[2mms[22m[39m
 [32m✓[39m [30m[43m @makanmakan/realtime [49m[39m src/__tests__/unit/auth/token-refresh.test.ts[2m > [22mToken Refresh[2m > [22mConcurrent Refresh Handling[2m > [22mshould ensure only one refresh succeeds per window[32m 0[2mms[22m[39m
 [32m✓[39m [30m[43m @makanmakan/realtime [49m[39m src/__tests__/unit/auth/token-refresh.test.ts[2m > [22mToken Refresh[2m > [22mToken Refresh Notifications[2m > [22mshould signal when token refresh is needed[32m 0[2mms[22m[39m
 [32m✓[39m [30m[43m @makanmakan/realtime [49m[39m src/__tests__/unit/auth/token-refresh.test.ts[2m > [22mToken Refresh[2m > [22mToken Refresh Notifications[2m > [22mshould calculate time until refresh needed[32m 0[2mms[22m[39m
[90mstdout[2m | src/features/group-orders/__tests__/e2e.test.ts[2m > [22m[2mGroup Orders E2E Tests[2m > [22m[2mPOST /api/v1/orders/group/:groupOrderId/payment/:memberId - Process Payment[2m > [22m[2mshould process payment successfully
[22m[39m[SharedMockDB] EXEC executed successfully

[90mstdout[2m | src/features/group-orders/__tests__/e2e.test.ts[2m > [22m[2mGroup Orders E2E Tests[2m > [22m[2mPOST /api/v1/orders/group/:groupOrderId/payment/:memberId - Process Payment[2m > [22m[2mshould process payment successfully
[22m[39m[SharedMockDB] EXEC executed successfully

[90mstdout[2m | src/features/group-orders/__tests__/e2e.test.ts[2m > [22m[2mGroup Orders E2E Tests[2m > [22m[2mPOST /api/v1/orders/group/:groupOrderId/payment/:memberId - Process Payment[2m > [22m[2mshould process payment successfully
[22m[39m[SharedMockDB] EXEC executed successfully

[90mstdout[2m | src/features/group-orders/__tests__/e2e.test.ts[2m > [22m[2mGroup Orders E2E Tests[2m > [22m[2mPOST /api/v1/orders/group/:groupOrderId/payment/:memberId - Process Payment[2m > [22m[2mshould process payment successfully
[22m[39m[SharedMockDB] EXEC executed successfully

[90mstdout[2m | src/features/group-orders/__tests__/e2e.test.ts[2m > [22m[2mGroup Orders E2E Tests[2m > [22m[2mPOST /api/v1/orders/group/:groupOrderId/payment/:memberId - Process Payment[2m > [22m[2mshould process payment successfully
[22m[39m[SharedMockDB] EXEC executed successfully

[90mstdout[2m | src/features/group-orders/__tests__/e2e.test.ts[2m > [22m[2mGroup Orders E2E Tests[2m > [22m[2mPOST /api/v1/orders/group/:groupOrderId/payment/:memberId - Process Payment[2m > [22m[2mshould process payment successfully
[22m[39m[API_V1] POST /api/v1/orders/group/create

[90mstdout[2m | src/features/group-orders/__tests__/e2e.test.ts[2m > [22m[2mGroup Orders E2E Tests[2m > [22m[2mPOST /api/v1/orders/group/:groupOrderId/payment/:memberId - Process Payment[2m > [22m[2mshould process payment successfully
[22m[39m[group-orders] Creating group order { restaurantId: [33m1[39m, hostId: [33m2[39m }
[SharedMockDB] RUN executed: {
  sql: [32m'\n'[39m +
    [32m'        INSERT INTO group_orders (\n'[39m +
    [32m'          id, restaurant_id, table_id, share_code, created_by,\n'[39m +
    [32m' '[39m,
  changes: [33m1[39m,
  lastInsertRowid: [33m1[39m
}

[90mstdout[2m | src/features/group-orders/__tests__/e2e.test.ts[2m > [22m[2mGroup Orders E2E Tests[2m > [22m[2mPOST /api/v1/orders/group/:groupOrderId/payment/:memberId - Process Payment[2m > [22m[2mshould process payment successfully
[22m[39m[SharedMockDB] RUN executed: {
  sql: [32m'\n'[39m +
    [32m'        INSERT INTO group_members (\n'[39m +
    [32m'          id, group_order_id, session_id, name, role,\n'[39m +
    [32m'         '[39m,
  changes: [33m1[39m,
  lastInsertRowid: [33m1[39m
}

[90mstdout[2m | src/features/group-orders/__tests__/e2e.test.ts[2m > [22m[2mGroup Orders E2E Tests[2m > [22m[2mPOST /api/v1/orders/group/:groupOrderId/payment/:memberId - Process Payment[2m > [22m[2mshould process payment successfully
[22m[39m[SharedMockDB] RUN executed: {
  sql: [32m'\n'[39m +
    [32m'      INSERT INTO group_activity_logs (\n'[39m +
    [32m'        id, group_order_id, member_id, action, description,'[39m,
  changes: [33m1[39m,
  lastInsertRowid: [33m1[39m
}

[90mstdout[2m | src/features/group-orders/__tests__/e2e.test.ts[2m > [22m[2mGroup Orders E2E Tests[2m > [22m[2mPOST /api/v1/orders/group/:groupOrderId/payment/:memberId - Process Payment[2m > [22m[2mshould process payment successfully
[22m[39m[SharedMockDB] FIRST executed: {
  sql: [32m'\n        SELECT * FROM group_members WHERE id = ?\n      '[39m,
  hasResult: [33mtrue[39m
}

[90mstdout[2m | src/features/group-orders/__tests__/e2e.test.ts[2m > [22m[2mGroup Orders E2E Tests[2m > [22m[2mPOST /api/v1/orders/group/:groupOrderId/payment/:memberId - Process Payment[2m > [22m[2mshould process payment successfully
[22m[39m[group-orders] Group order created successfully {
  groupOrderId: [32m'466deadb-5d4e-48d8-ac38-c6c89c08b4a9'[39m,
  shareCode: [32m'7NR2QQEC'[39m
}
[group-orders] createGroupOrder took 4ms

 [31m×[39m [30m[42m @makanmakan/api [49m[39m src/features/group-orders/__tests__/e2e.test.ts[2m > [22mGroup Orders E2E Tests[2m > [22mPOST /api/v1/orders/group/:groupOrderId/split - Split Bill[2m > [22mshould handle custom split amounts[33m 10038[2mms[22m[39m
[31m   → Hook timed out in 10000ms.
If this is a long-running hook, pass a timeout value as the last argument or configure it globally with "hookTimeout".[39m
 [32m✓[39m [30m[43m makanmakan-admin-dashboard [49m[39m src/services/__tests__/monitoringStorage.test.ts[2m > [22mMonitoringStorageService[2m > [22mFilter Management[2m > [22msaveFilter[2m > [22mshould save a filter[32m 18[2mms[22m[39m
 [32m✓[39m [30m[43m makanmakan-admin-dashboard [49m[39m src/services/__tests__/monitoringStorage.test.ts[2m > [22mMonitoringStorageService[2m > [22mFilter Management[2m > [22msaveFilter[2m > [22mshould set first filter as default[32m 3[2mms[22m[39m
 [32m✓[39m [30m[43m makanmakan-admin-dashboard [49m[39m src/services/__tests__/monitoringStorage.test.ts[2m > [22mMonitoringStorageService[2m > [22mFilter Management[2m > [22msaveFilter[2m > [22mshould not set subsequent filters as default[32m 2[2mms[22m[39m
 [32m✓[39m [30m[43m makanmakan-admin-dashboard [49m[39m src/services/__tests__/monitoringStorage.test.ts[2m > [22mMonitoringStorageService[2m > [22mFilter Management[2m > [22mgetSavedFilters[2m > [22mshould return empty array when no filters saved[32m 1[2mms[22m[39m
 [32m✓[39m [30m[43m makanmakan-admin-dashboard [49m[39m src/services/__tests__/monitoringStorage.test.ts[2m > [22mMonitoringStorageService[2m > [22mFilter Management[2m > [22mgetSavedFilters[2m > [22mshould return all saved filters[32m 3[2mms[22m[39m
 [32m✓[39m [30m[43m makanmakan-admin-dashboard [49m[39m src/services/__tests__/monitoringStorage.test.ts[2m > [22mMonitoringStorageService[2m > [22mFilter Management[2m > [22mgetSavedFilters[2m > [22mshould parse dates correctly[32m 1[2mms[22m[39m
[90mstderr[2m | src/services/__tests__/monitoringStorage.test.ts[2m > [22m[2mMonitoringStorageService[2m > [22m[2mData Export/Import[2m > [22m[2mshould handle invalid import data
[22m[39m[Storage] Failed to import data: SyntaxError: Unexpected token 'i', "invalid json" is not valid JSON
    at JSON.parse (<anonymous>)
    at MonitoringStorageService.importData [90m(C:\Users\minim\OneDrive\文档\Code\platform\makanmakan\[39mapps\admin-dashboard\src\services\monitoringStorage.ts:330:25[90m)[39m
    at [90mC:\Users\minim\OneDrive\文档\Code\platform\makanmakan\[39mapps\admin-dashboard\src\services\__tests__\monitoringStorage.test.ts:369:38
    at [90mfile:///C:/Users/minim/OneDrive/%E6%96%87%E6%A1%A3/Code/platform/makanmakan/[39mnode_modules/[4m.pnpm[24m/@vitest+runner@3.2.4/node_modules/[4m@vitest[24m/runner/dist/chunk-hooks.js:155:11
    at [90mfile:///C:/Users/minim/OneDrive/%E6%96%87%E6%A1%A3/Code/platform/makanmakan/[39mnode_modules/[4m.pnpm[24m/@vitest+runner@3.2.4/node_modules/[4m@vitest[24m/runner/dist/chunk-hooks.js:752:26
    at [90mfile:///C:/Users/minim/OneDrive/%E6%96%87%E6%A1%A3/Code/platform/makanmakan/[39mnode_modules/[4m.pnpm[24m/@vitest+runner@3.2.4/node_modules/[4m@vitest[24m/runner/dist/chunk-hooks.js:1897:20
    at new Promise (<anonymous>)
    at runWithTimeout [90m(file:///C:/Users/minim/OneDrive/%E6%96%87%E6%A1%A3/Code/platform/makanmakan/[39mnode_modules/[4m.pnpm[24m/@vitest+runner@3.2.4/node_modules/[4m@vitest[24m/runner/dist/chunk-hooks.js:1863:10[90m)[39m
    at runTest [90m(file:///C:/Users/minim/OneDrive/%E6%96%87%E6%A1%A3/Code/platform/makanmakan/[39mnode_modules/[4m.pnpm[24m/@vitest+runner@3.2.4/node_modules/[4m@vitest[24m/runner/dist/chunk-hooks.js:1574:12[90m)[39m
[90m    at processTicksAndRejections (node:internal/process/task_queues:105:5)[39m

[90mstderr[2m | src/services/__tests__/monitoringStorage.test.ts[2m > [22m[2mMonitoringStorageService[2m > [22m[2mEdge Cases[2m > [22m[2mshould handle corrupted localStorage data
[22m[39m[Storage] Failed to load filters: SyntaxError: Unexpected token 'c', "corrupted data" is not valid JSON
    at JSON.parse (<anonymous>)
    at MonitoringStorageService.getSavedFilters [90m(C:\Users\minim\OneDrive\文档\Code\platform\makanmakan\[39mapps\admin-dashboard\src\services\monitoringStorage.ts:28:28[90m)[39m
    at [90mC:\Users\minim\OneDrive\文档\Code\platform\makanmakan\[39mapps\admin-dashboard\src\services\__tests__\monitoringStorage.test.ts:392:38
    at [90mfile:///C:/Users/minim/OneDrive/%E6%96%87%E6%A1%A3/Code/platform/makanmakan/[39mnode_modules/[4m.pnpm[24m/@vitest+runner@3.2.4/node_modules/[4m@vitest[24m/runner/dist/chunk-hooks.js:155:11
    at [90mfile:///C:/Users/minim/OneDrive/%E6%96%87%E6%A1%A3/Code/platform/makanmakan/[39mnode_modules/[4m.pnpm[24m/@vitest+runner@3.2.4/node_modules/[4m@vitest[24m/runner/dist/chunk-hooks.js:752:26
    at [90mfile:///C:/Users/minim/OneDrive/%E6%96%87%E6%A1%A3/Code/platform/makanmakan/[39mnode_modules/[4m.pnpm[24m/@vitest+runner@3.2.4/node_modules/[4m@vitest[24m/runner/dist/chunk-hooks.js:1897:20
    at new Promise (<anonymous>)
    at runWithTimeout [90m(file:///C:/Users/minim/OneDrive/%E6%96%87%E6%A1%A3/Code/platform/makanmakan/[39mnode_modules/[4m.pnpm[24m/@vitest+runner@3.2.4/node_modules/[4m@vitest[24m/runner/dist/chunk-hooks.js:1863:10[90m)[39m
    at runTest [90m(file:///C:/Users/minim/OneDrive/%E6%96%87%E6%A1%A3/Code/platform/makanmakan/[39mnode_modules/[4m.pnpm[24m/@vitest+runner@3.2.4/node_modules/[4m@vitest[24m/runner/dist/chunk-hooks.js:1574:12[90m)[39m
[90m    at processTicksAndRejections (node:internal/process/task_queues:105:5)[39m


[1m[33mwarn[39m[22m - The `content` option in your Tailwind CSS configuration is missing or empty.
[1m[33mwarn[39m[22m - Configure your content sources or your generated CSS will be missing styles.
[1m[33mwarn[39m[22m - https://tailwindcss.com/docs/content-configuration
 [32m✓[39m [30m[43m makanmakan-admin-dashboard [49m[39m src/tests/integration/queue-integration.test.ts[2m > [22mQueue Management Integration Tests[2m > [22mComponent Mounting and Initial State[2m > [22mshould mount successfully[33m 566[2mms[22m[39m
 [32m✓[39m [30m[43m makanmakan-admin-dashboard [49m[39m src/tests/integration/queue-integration.test.ts[2m > [22mQueue Management Integration Tests[2m > [22mComponent Mounting and Initial State[2m > [22mshould display queue management title[32m 143[2mms[22m[39m
 [32m✓[39m [30m[43m makanmakan-admin-dashboard [49m[39m src/tests/integration/queue-integration.test.ts[2m > [22mQueue Management Integration Tests[2m > [22mComponent Mounting and Initial State[2m > [22mshould load queue data on mount[32m 147[2mms[22m[39m
 [32m✓[39m [30m[43m makanmakan-admin-dashboard [49m[39m src/tests/integration/queue-integration.test.ts[2m > [22mQueue Management Integration Tests[2m > [22mComponent Mounting and Initial State[2m > [22mshould display statistics cards[32m 188[2mms[22m[39m
 [31m×[39m [30m[43m makanmakan-admin-dashboard [49m[39m src/tests/integration/queue-integration.test.ts[2m > [22mQueue Management Integration Tests[2m > [22mQueue List Display[2m > [22mshould display queue items[32m 157[2mms[22m[39m
[31m   → expected '候位管理系統智能候位管理與座位分配 候位中: 0平均等待: 0分鐘 候位設…' to contain '排隊佇列'[39m
[1m[33m[@vue/compiler-sfc][0m[33m `withDefaults` is a compiler macro and no longer needs to be imported.[0m

 [32m✓[39m [30m[43m makanmakan-admin-dashboard [49m[39m src/tests/integration/queue-integration.test.ts[2m > [22mQueue Management Integration Tests[2m > [22mQueue List Display[2m > [22mshould show queue number badges[32m 123[2mms[22m[39m
 [32m✓[39m [30m[43m makanmakan-admin-dashboard [49m[39m src/tests/integration/queue-integration.test.ts[2m > [22mQueue Management Integration Tests[2m > [22mQueue List Display[2m > [22mshould display customer information[32m 63[2mms[22m[39m
 [32m✓[39m [30m[43m makanmakan-admin-dashboard [49m[39m src/tests/integration/queue-integration.test.ts[2m > [22mQueue Management Integration Tests[2m > [22mQueue List Display[2m > [22mshould show status badges[32m 94[2mms[22m[39m
 [32m✓[39m [30m[43m makanmakan-admin-dashboard [49m[39m src/tests/integration/queue-integration.test.ts[2m > [22mQueue Management Integration Tests[2m > [22mQueue Filtering and Search[2m > [22mshould filter queue by status[32m 114[2mms[22m[39m
 [32m✓[39m [30m[43m makanmakan-admin-dashboard [49m[39m src/tests/integration/queue-integration.test.ts[2m > [22mQueue Management Integration Tests[2m > [22mQueue Filtering and Search[2m > [22mshould sort queue by priority and time[32m 66[2mms[22m[39m
 [32m✓[39m [30m[43m makanmakan-admin-dashboard [49m[39m src/tests/integration/queue-integration.test.ts[2m > [22mQueue Management Integration Tests[2m > [22mTable Management[2m > [22mshould display table grid[32m 100[2mms[22m[39m
 [32m✓[39m [30m[43m makanmakan-admin-dashboard [49m[39m src/tests/integration/queue-integration.test.ts[2m > [22mQueue Management Integration Tests[2m > [22mTable Management[2m > [22mshould show table status correctly[32m 84[2mms[22m[39m
 [32m✓[39m [30m[43m makanmakan-admin-dashboard [49m[39m src/tests/integration/queue-integration.test.ts[2m > [22mQueue Management Integration Tests[2m > [22mTable Management[2m > [22mshould handle table selection[32m 78[2mms[22m[39m
 [32m✓[39m [30m[43m makanmakan-admin-dashboard [49m[39m src/tests/integration/queue-integration.test.ts[2m > [22mQueue Management Integration Tests[2m > [22mTable Management[2m > [22mshould filter tables by status[32m 90[2mms[22m[39m
 [31m×[39m [30m[43m makanmakan-admin-dashboard [49m[39m src/tests/integration/queue-integration.test.ts[2m > [22mQueue Management Integration Tests[2m > [22mQueue Operations[2m > [22mshould call next customer[32m 141[2mms[22m[39m
[31m   → expected "spy" to be called with arguments: [ 1, { operatorId: Any<Number> } ][90m

Received: 

[1m  1st spy call:

[22m[2m  [[22m
[2m    1,[22m
[32m-   {[90m
[32m-     "operatorId": Any<Number>,[90m
[32m-   },[90m
[31m+   {},[90m
[2m  ][22m
[31m[90m

Number of calls: [1m1[22m
[31m[39m
 [32m✓[39m [30m[43m makanmakan-admin-dashboard [49m[39m src/tests/integration/queue-integration.test.ts[2m > [22mQueue Management Integration Tests[2m > [22mQueue Operations[2m > [22mshould call specific customer[32m 58[2mms[22m[39m
 [32m✓[39m [30m[43m makanmakan-admin-dashboard [49m[39m src/tests/integration/queue-integration.test.ts[2m > [22mQueue Management Integration Tests[2m > [22mQueue Operations[2m > [22mshould handle customer seating[32m 80[2mms[22m[39m
 [32m✓[39m [30m[43m makanmakan-admin-dashboard [49m[39m src/tests/integration/queue-integration.test.ts[2m > [22mQueue Management Integration Tests[2m > [22mManual Queue Addition[2m > [22mshould open add to queue dialog[32m 111[2mms[22m[39m
 [32m✓[39m [30m[43m makanmakan-admin-dashboard [49m[39m src/tests/integration/queue-integration.test.ts[2m > [22mQueue Management Integration Tests[2m > [22mManual Queue Addition[2m > [22mshould validate add queue form[32m 105[2mms[22m[39m
 [31m×[39m [30m[43m makanmakan-admin-dashboard [49m[39m src/tests/integration/queue-integration.test.ts[2m > [22mQueue Management Integration Tests[2m > [22mManual Queue Addition[2m > [22mshould add customer to queue[32m 109[2mms[22m[39m
[31m   → expected "spy" to be called with arguments: [ StringContaining "已加入排隊" ][90m

Received: 

[1m  1st spy call:

[22m[2m  [[22m
[32m-   StringContaining "已加入排隊",[90m
[31m+   "已新增至候位：3，預估等待 25 分鐘",[90m
[2m  ][22m
[31m[90m

Number of calls: [1m1[22m
[31m[39m
 [32m✓[39m [30m[43m makanmakan-admin-dashboard [49m[39m src/tests/integration/queue-integration.test.ts[2m > [22mQueue Management Integration Tests[2m > [22mSeat Assignment Dialog[2m > [22mshould open seat dialog[32m 92[2mms[22m[39m
 [32m✓[39m [30m[43m makanmakan-admin-dashboard [49m[39m src/tests/integration/queue-integration.test.ts[2m > [22mQueue Management Integration Tests[2m > [22mSeat Assignment Dialog[2m > [22mshould load recommended tables[32m 53[2mms[22m[39m
 [32m✓[39m [30m[43m makanmakan-admin-dashboard [49m[39m src/tests/integration/queue-integration.test.ts[2m > [22mQueue Management Integration Tests[2m > [22mSeat Assignment Dialog[2m > [22mshould validate seat assignment[32m 53[2mms[22m[39m
 [32m✓[39m [30m[43m makanmakan-admin-dashboard [49m[39m src/tests/integration/queue-integration.test.ts[2m > [22mQueue Management Integration Tests[2m > [22mReal-time Integration[2m > [22mshould initialize real-time connection[32m 79[2mms[22m[39m
 [32m✓[39m [30m[43m makanmakan-admin-dashboard [49m[39m src/tests/integration/queue-integration.test.ts[2m > [22mQueue Management Integration Tests[2m > [22mReal-time Integration[2m > [22mshould handle real-time queue updates[32m 101[2mms[22m[39m
 [32m✓[39m [30m[43m makanmakan-admin-dashboard [49m[39m src/tests/integration/queue-integration.test.ts[2m > [22mQueue Management Integration Tests[2m > [22mReal-time Integration[2m > [22mshould request notification permission[32m 84[2mms[22m[39m
 [32m✓[39m [30m[43m makanmakan-admin-dashboard [49m[39m src/tests/integration/queue-integration.test.ts[2m > [22mQueue Management Integration Tests[2m > [22mQueue Statistics[2m > [22mshould display current statistics[32m 59[2mms[22m[39m
 [32m✓[39m [30m[43m makanmakan-admin-dashboard [49m[39m src/tests/integration/queue-integration.test.ts[2m > [22mQueue Management Integration Tests[2m > [22mQueue Statistics[2m > [22mshould calculate estimated wait times[32m 57[2mms[22m[39m
 [32m✓[39m [30m[43m makanmakan-admin-dashboard [49m[39m src/tests/integration/queue-integration.test.ts[2m > [22mQueue Management Integration Tests[2m > [22mQueue Statistics[2m > [22mshould calculate wait time from join date[32m 92[2mms[22m[39m
 [32m✓[39m [30m[43m makanmakan-admin-dashboard [49m[39m src/tests/integration/queue-integration.test.ts[2m > [22mQueue Management Integration Tests[2m > [22mTable Cleaning Operations[2m > [22mshould clean table[32m 112[2mms[22m[39m
 [32m✓[39m [30m[45m makanmakan-kitchen-display [49m[39m src/components/common/__tests__/ConnectionStatus.test.ts[2m > [22mConnectionStatus Component[2m > [22mComponent Mounting[2m > [22mshould mount successfully[32m 98[2mms[22m[39m
 [31m×[39m [30m[45m makanmakan-kitchen-display [49m[39m src/components/common/__tests__/ConnectionStatus.test.ts[2m > [22mConnectionStatus Component[2m > [22mConnection Status Display[2m > [22mshould display connected status[32m 86[2mms[22m[39m
[31m   → expected '' to contain 'SSE 已連線'[39m
 [32m✓[39m [30m[45m makanmakan-kitchen-display [49m[39m src/components/common/__tests__/ConnectionStatus.test.ts[2m > [22mConnectionStatus Component[2m > [22mConnection Status Display[2m > [22mshould display connecting status[32m 64[2mms[22m[39m
 [32m✓[39m [30m[45m makanmakan-kitchen-display [49m[39m src/components/common/__tests__/ConnectionStatus.test.ts[2m > [22mConnectionStatus Component[2m > [22mConnection Status Display[2m > [22mshould display disconnected status[32m 12[2mms[22m[39m
 [32m✓[39m [30m[45m makanmakan-kitchen-display [49m[39m src/components/common/__tests__/ConnectionStatus.test.ts[2m > [22mConnectionStatus Component[2m > [22mConnection Status Display[2m > [22mshould display error status[32m 11[2mms[22m[39m
 [31m×[39m [30m[45m makanmakan-kitchen-display [49m[39m src/components/common/__tests__/ConnectionStatus.test.ts[2m > [22mConnectionStatus Component[2m > [22mStatus Descriptions[2m > [22mshould show connected description[32m 7[2mms[22m[39m
[31m   → expected '' to contain '即時訂單更新已啟用'[39m
 [32m✓[39m [30m[45m makanmakan-kitchen-display [49m[39m src/components/common/__tests__/ConnectionStatus.test.ts[2m > [22mConnectionStatus Component[2m > [22mStatus Descriptions[2m > [22mshould show connecting description[32m 22[2mms[22m[39m
 [32m✓[39m [30m[45m makanmakan-kitchen-display [49m[39m src/components/common/__tests__/ConnectionStatus.test.ts[2m > [22mConnectionStatus Component[2m > [22mStatus Descriptions[2m > [22mshould show disconnected description[32m 9[2mms[22m[39m
 [32m✓[39m [30m[45m makanmakan-kitchen-display [49m[39m src/components/common/__tests__/ConnectionStatus.test.ts[2m > [22mConnectionStatus Component[2m > [22mStatus Indicator Colors[2m > [22mshould show green indicator when connected[32m 14[2mms[22m[39m
 [32m✓[39m [30m[45m makanmakan-kitchen-display [49m[39m src/components/common/__tests__/ConnectionStatus.test.ts[2m > [22mConnectionStatus Component[2m > [22mStatus Indicator Colors[2m > [22mshould show yellow indicator when connecting[32m 36[2mms[22m[39m
 [32m✓[39m [30m[45m makanmakan-kitchen-display [49m[39m src/components/common/__tests__/ConnectionStatus.test.ts[2m > [22mConnectionStatus Component[2m > [22mStatus Indicator Colors[2m > [22mshould show red indicator when disconnected[32m 9[2mms[22m[39m
 [32m✓[39m [30m[45m makanmakan-kitchen-display [49m[39m src/components/common/__tests__/ConnectionStatus.test.ts[2m > [22mConnectionStatus Component[2m > [22mStatus Indicator Colors[2m > [22mshould show red indicator on error[32m 15[2mms[22m[39m
 [32m✓[39m [30m[45m makanmakan-kitchen-display [49m[39m src/components/common/__tests__/ConnectionStatus.test.ts[2m > [22mConnectionStatus Component[2m > [22mDetails Panel[2m > [22mshould toggle details panel when button clicked[32m 157[2mms[22m[39m
[90mstdout[2m | src/features/group-orders/__tests__/e2e.test.ts[2m > [22m[2mGroup Orders E2E Tests[2m > [22m[2mPOST /api/v1/orders/group/:groupOrderId/payment/:memberId - Process Payment[2m > [22m[2mshould reject payment without valid payment method
[22m[39m[SharedMockDB] EXEC executed successfully

[90mstdout[2m | src/features/group-orders/__tests__/e2e.test.ts[2m > [22m[2mGroup Orders E2E Tests[2m > [22m[2mPOST /api/v1/orders/group/:groupOrderId/payment/:memberId - Process Payment[2m > [22m[2mshould reject payment without valid payment method
[22m[39m[SharedMockDB] EXEC executed successfully

[90mstdout[2m | src/features/group-orders/__tests__/e2e.test.ts[2m > [22m[2mGroup Orders E2E Tests[2m > [22m[2mPOST /api/v1/orders/group/:groupOrderId/payment/:memberId - Process Payment[2m > [22m[2mshould reject payment without valid payment method
[22m[39m[SharedMockDB] EXEC executed successfully

[90mstdout[2m | src/features/group-orders/__tests__/e2e.test.ts[2m > [22m[2mGroup Orders E2E Tests[2m > [22m[2mPOST /api/v1/orders/group/:groupOrderId/payment/:memberId - Process Payment[2m > [22m[2mshould reject payment without valid payment method
[22m[39m[SharedMockDB] EXEC executed successfully

[90mstdout[2m | src/features/group-orders/__tests__/e2e.test.ts[2m > [22m[2mGroup Orders E2E Tests[2m > [22m[2mPOST /api/v1/orders/group/:groupOrderId/payment/:memberId - Process Payment[2m > [22m[2mshould reject payment without valid payment method
[22m[39m[SharedMockDB] EXEC executed successfully

[90mstdout[2m | src/features/group-orders/__tests__/e2e.test.ts[2m > [22m[2mGroup Orders E2E Tests[2m > [22m[2mPOST /api/v1/orders/group/:groupOrderId/payment/:memberId - Process Payment[2m > [22m[2mshould reject payment without valid payment method
[22m[39m[API_V1] POST /api/v1/orders/group/create

[90mstdout[2m | src/features/group-orders/__tests__/e2e.test.ts[2m > [22m[2mGroup Orders E2E Tests[2m > [22m[2mPOST /api/v1/orders/group/:groupOrderId/payment/:memberId - Process Payment[2m > [22m[2mshould reject payment without valid payment method
[22m[39m[group-orders] Creating group order { restaurantId: [33m1[39m, hostId: [33m2[39m }
[SharedMockDB] RUN executed: {
  sql: [32m'\n'[39m +
    [32m'        INSERT INTO group_orders (\n'[39m +
    [32m'          id, restaurant_id, table_id, share_code, created_by,\n'[39m +
    [32m' '[39m,
  changes: [33m1[39m,
  lastInsertRowid: [33m1[39m
}

[90mstdout[2m | src/features/group-orders/__tests__/e2e.test.ts[2m > [22m[2mGroup Orders E2E Tests[2m > [22m[2mPOST /api/v1/orders/group/:groupOrderId/payment/:memberId - Process Payment[2m > [22m[2mshould reject payment without valid payment method
[22m[39m[SharedMockDB] RUN executed: {
  sql: [32m'\n'[39m +
    [32m'        INSERT INTO group_members (\n'[39m +
    [32m'          id, group_order_id, session_id, name, role,\n'[39m +
    [32m'         '[39m,
  changes: [33m1[39m,
  lastInsertRowid: [33m1[39m
}

[90mstdout[2m | src/features/group-orders/__tests__/e2e.test.ts[2m > [22m[2mGroup Orders E2E Tests[2m > [22m[2mPOST /api/v1/orders/group/:groupOrderId/payment/:memberId - Process Payment[2m > [22m[2mshould reject payment without valid payment method
[22m[39m[SharedMockDB] RUN executed: {
  sql: [32m'\n'[39m +
    [32m'      INSERT INTO group_activity_logs (\n'[39m +
    [32m'        id, group_order_id, member_id, action, description,'[39m,
  changes: [33m1[39m,
  lastInsertRowid: [33m1[39m
}

[90mstdout[2m | src/features/group-orders/__tests__/e2e.test.ts[2m > [22m[2mGroup Orders E2E Tests[2m > [22m[2mPOST /api/v1/orders/group/:groupOrderId/payment/:memberId - Process Payment[2m > [22m[2mshould reject payment without valid payment method
[22m[39m[SharedMockDB] FIRST executed: {
  sql: [32m'\n        SELECT * FROM group_members WHERE id = ?\n      '[39m,
  hasResult: [33mtrue[39m
}

[90mstdout[2m | src/features/group-orders/__tests__/e2e.test.ts[2m > [22m[2mGroup Orders E2E Tests[2m > [22m[2mPOST /api/v1/orders/group/:groupOrderId/payment/:memberId - Process Payment[2m > [22m[2mshould reject payment without valid payment method
[22m[39m[group-orders] Group order created successfully {
  groupOrderId: [32m'5c85d204-48ea-47b8-ac22-2e71577daeb5'[39m,
  shareCode: [32m'MC7MMGSH'[39m
}
[group-orders] createGroupOrder took 4ms

 [32m✓[39m [30m[45m makanmakan-kitchen-display [49m[39m src/components/common/__tests__/ConnectionStatus.test.ts[2m > [22mConnectionStatus Component[2m > [22mDetails Panel[2m > [22mshould show reconnect attempts in details[32m 15[2mms[22m[39m
 [31m×[39m [30m[45m makanmakan-kitchen-display [49m[39m src/components/common/__tests__/ConnectionStatus.test.ts[2m > [22mConnectionStatus Component[2m > [22mDetails Panel[2m > [22mshould show last heartbeat time[32m 22[2mms[22m[39m
[31m   → Cannot call trigger on an empty DOMWrapper.[39m
 [32m✓[39m [30m[45m makanmakan-kitchen-display [49m[39m src/components/common/__tests__/ConnectionStatus.test.ts[2m > [22mConnectionStatus Component[2m > [22mConnection Actions[2m > [22mshould emit reconnect event when reconnect clicked[32m 19[2mms[22m[39m
 [31m×[39m [30m[45m makanmakan-kitchen-display [49m[39m src/components/common/__tests__/ConnectionStatus.test.ts[2m > [22mConnectionStatus Component[2m > [22mConnection Actions[2m > [22mshould emit refresh event when refresh clicked[32m 4[2mms[22m[39m
[31m   → Cannot call trigger on an empty DOMWrapper.[39m
 [31m×[39m [30m[45m makanmakan-kitchen-display [49m[39m src/components/common/__tests__/ConnectionStatus.test.ts[2m > [22mConnectionStatus Component[2m > [22mConnection Actions[2m > [22mshould not show reconnect button when connected[32m 7[2mms[22m[39m
[31m   → Cannot call trigger on an empty DOMWrapper.[39m
 [31m×[39m [30m[42m @makanmakan/api [49m[39m src/features/group-orders/__tests__/e2e.test.ts[2m > [22mGroup Orders E2E Tests[2m > [22mPOST /api/v1/orders/group/:groupOrderId/payment/:memberId - Process Payment[2m > [22mshould process payment successfully[33m 10035[2mms[22m[39m
[31m   → Hook timed out in 10000ms.
If this is a long-running hook, pass a timeout value as the last argument or configure it globally with "hookTimeout".[39m
 [31m×[39m [30m[45m makanmakan-kitchen-display [49m[39m src/components/common/__tests__/ConnectionStatus.test.ts[2m > [22mConnectionStatus Component[2m > [22mConnection History[2m > [22mshould track connection status changes[32m 56[2mms[22m[39m
[31m   → expected 'SSE 離線即時更新暫停' to contain '連線歷史'[39m
 [32m✓[39m [30m[45m makanmakan-kitchen-display [49m[39m src/components/common/__tests__/ConnectionStatus.test.ts[2m > [22mConnectionStatus Component[2m > [22mConnection History[2m > [22mshould limit history to 20 entries[32m 170[2mms[22m[39m
 [32m✓[39m [30m[45m makanmakan-kitchen-display [49m[39m src/components/common/__tests__/ConnectionStatus.test.ts[2m > [22mConnectionStatus Component[2m > [22mConnection History[2m > [22mshould display last 5 entries in history[32m 102[2mms[22m[39m
 [32m✓[39m [30m[45m makanmakan-kitchen-display [49m[39m src/components/common/__tests__/ConnectionStatus.test.ts[2m > [22mConnectionStatus Component[2m > [22mHeartbeat Display[2m > [22mshould show "無" when no heartbeat[32m 8[2mms[22m[39m
 [31m×[39m [30m[45m makanmakan-kitchen-display [49m[39m src/components/common/__tests__/ConnectionStatus.test.ts[2m > [22mConnectionStatus Component[2m > [22mHeartbeat Display[2m > [22mshould show seconds ago for recent heartbeat[32m 3[2mms[22m[39m
[31m   → Cannot call trigger on an empty DOMWrapper.[39m
 [31m×[39m [30m[45m makanmakan-kitchen-display [49m[39m src/components/common/__tests__/ConnectionStatus.test.ts[2m > [22mConnectionStatus Component[2m > [22mHeartbeat Display[2m > [22mshould show minutes ago for older heartbeat[32m 3[2mms[22m[39m
[31m   → Cannot call trigger on an empty DOMWrapper.[39m
 [31m×[39m [30m[45m makanmakan-kitchen-display [49m[39m src/components/common/__tests__/ConnectionStatus.test.ts[2m > [22mConnectionStatus Component[2m > [22mHeartbeat Display[2m > [22mshould show time for very old heartbeat[32m 15[2mms[22m[39m
[31m   → Cannot call trigger on an empty DOMWrapper.[39m
 [32m✓[39m [30m[45m makanmakan-kitchen-display [49m[39m src/components/common/__tests__/ConnectionStatus.test.ts[2m > [22mConnectionStatus Component[2m > [22mAuto-hide Behavior[2m > [22mshould auto-hide details after 10 seconds when connected[32m 27[2mms[22m[39m
 [32m✓[39m [30m[45m makanmakan-kitchen-display [49m[39m src/components/common/__tests__/ConnectionStatus.test.ts[2m > [22mConnectionStatus Component[2m > [22mAuto-hide Behavior[2m > [22mshould auto-show details when disconnected[32m 7[2mms[22m[39m
 [32m✓[39m [30m[45m makanmakan-kitchen-display [49m[39m src/components/common/__tests__/ConnectionStatus.test.ts[2m > [22mConnectionStatus Component[2m > [22mAuto-hide Behavior[2m > [22mshould auto-show details on error[32m 7[2mms[22m[39m
 [32m✓[39m [30m[45m makanmakan-kitchen-display [49m[39m src/components/common/__tests__/ConnectionStatus.test.ts[2m > [22mConnectionStatus Component[2m > [22mMinimized State[2m > [22mshould show minimized indicator when connected and details hidden[32m 16[2mms[22m[39m
 [32m✓[39m [30m[45m makanmakan-kitchen-display [49m[39m src/components/common/__tests__/ConnectionStatus.test.ts[2m > [22mConnectionStatus Component[2m > [22mMinimized State[2m > [22mshould expand when minimized indicator clicked[32m 15[2mms[22m[39m
 [32m✓[39m [30m[45m makanmakan-kitchen-display [49m[39m src/components/common/__tests__/ConnectionStatus.test.ts[2m > [22mConnectionStatus Component[2m > [22mMinimized State[2m > [22mshould not show minimized indicator when disconnected[32m 5[2mms[22m[39m
 [32m✓[39m [30m[45m makanmakan-kitchen-display [49m[39m src/components/common/__tests__/ConnectionStatus.test.ts[2m > [22mConnectionStatus Component[2m > [22mPulse Animation[2m > [22mshould animate indicator when connecting[32m 5[2mms[22m[39m
 [31m×[39m [30m[45m makanmakan-kitchen-display [49m[39m src/components/common/__tests__/ConnectionStatus.test.ts[2m > [22mConnectionStatus Component[2m > [22mPulse Animation[2m > [22mshould not animate when connected[32m 9[2mms[22m[39m
[31m   → expected false to be true // Object.is equality[39m
 [31m×[39m [30m[45m makanmakan-kitchen-display [49m[39m src/components/common/__tests__/ConnectionStatus.test.ts[2m > [22mConnectionStatus Component[2m > [22mEdge Cases[2m > [22mshould handle zero reconnect attempts[32m 5[2mms[22m[39m
[31m   → Cannot call trigger on an empty DOMWrapper.[39m
 [32m✓[39m [30m[45m makanmakan-kitchen-display [49m[39m src/components/common/__tests__/ConnectionStatus.test.ts[2m > [22mConnectionStatus Component[2m > [22mEdge Cases[2m > [22mshould handle many reconnect attempts[32m 24[2mms[22m[39m
 [32m✓[39m [30m[45m makanmakan-kitchen-display [49m[39m src/components/common/__tests__/ConnectionStatus.test.ts[2m > [22mConnectionStatus Component[2m > [22mEdge Cases[2m > [22mshould handle rapid status changes[32m 19[2mms[22m[39m
[90mstderr[2m | src/tests/integration/queue-integration.test.ts[2m > [22m[2mQueue Management Integration Tests[2m > [22m[2mError Handling[2m > [22m[2mshould handle service errors gracefully
[22m[39mFailed to refresh queue: Error: Service unavailable
    at [90mC:\Users\minim\OneDrive\文档\Code\platform\makanmakan\[39mapps\admin-dashboard\src\tests\integration\queue-integration.test.ts:613:9
    at [90mfile:///C:/Users/minim/OneDrive/%E6%96%87%E6%A1%A3/Code/platform/makanmakan/[39mnode_modules/[4m.pnpm[24m/@vitest+runner@3.2.4/node_modules/[4m@vitest[24m/runner/dist/chunk-hooks.js:155:11
    at [90mfile:///C:/Users/minim/OneDrive/%E6%96%87%E6%A1%A3/Code/platform/makanmakan/[39mnode_modules/[4m.pnpm[24m/@vitest+runner@3.2.4/node_modules/[4m@vitest[24m/runner/dist/chunk-hooks.js:752:26
    at [90mfile:///C:/Users/minim/OneDrive/%E6%96%87%E6%A1%A3/Code/platform/makanmakan/[39mnode_modules/[4m.pnpm[24m/@vitest+runner@3.2.4/node_modules/[4m@vitest[24m/runner/dist/chunk-hooks.js:1897:20
    at new Promise (<anonymous>)
    at runWithTimeout [90m(file:///C:/Users/minim/OneDrive/%E6%96%87%E6%A1%A3/Code/platform/makanmakan/[39mnode_modules/[4m.pnpm[24m/@vitest+runner@3.2.4/node_modules/[4m@vitest[24m/runner/dist/chunk-hooks.js:1863:10[90m)[39m
    at runTest [90m(file:///C:/Users/minim/OneDrive/%E6%96%87%E6%A1%A3/Code/platform/makanmakan/[39mnode_modules/[4m.pnpm[24m/@vitest+runner@3.2.4/node_modules/[4m@vitest[24m/runner/dist/chunk-hooks.js:1574:12[90m)[39m
    at runSuite [90m(file:///C:/Users/minim/OneDrive/%E6%96%87%E6%A1%A3/Code/platform/makanmakan/[39mnode_modules/[4m.pnpm[24m/@vitest+runner@3.2.4/node_modules/[4m@vitest[24m/runner/dist/chunk-hooks.js:1729:8[90m)[39m
    at runSuite [90m(file:///C:/Users/minim/OneDrive/%E6%96%87%E6%A1%A3/Code/platform/makanmakan/[39mnode_modules/[4m.pnpm[24m/@vitest+runner@3.2.4/node_modules/[4m@vitest[24m/runner/dist/chunk-hooks.js:1729:8[90m)[39m
    at runSuite [90m(file:///C:/Users/minim/OneDrive/%E6%96%87%E6%A1%A3/Code/platform/makanmakan/[39mnode_modules/[4m.pnpm[24m/@vitest+runner@3.2.4/node_modules/[4m@vitest[24m/runner/dist/chunk-hooks.js:1729:8[90m)[39m

 [32m✓[39m [30m[43m makanmakan-admin-dashboard [49m[39m src/tests/integration/queue-integration.test.ts[2m > [22mQueue Management Integration Tests[2m > [22mTable Cleaning Operations[2m > [22mshould complete table cleaning after delay[33m 3221[2mms[22m[39m
 [32m✓[39m [30m[43m makanmakan-admin-dashboard [49m[39m src/tests/integration/queue-integration.test.ts[2m > [22mQueue Management Integration Tests[2m > [22mError Handling[2m > [22mshould handle service errors gracefully[32m 94[2mms[22m[39m
[90mstderr[2m | src/tests/integration/queue-integration.test.ts[2m > [22m[2mQueue Management Integration Tests[2m > [22m[2mError Handling[2m > [22m[2mshould show error messages for failed operations
[22m[39mFailed to add to queue: RefImpl {
  dep: Dep {
    computed: [90mundefined[39m,
    version: [33m0[39m,
    activeLink: [90mundefined[39m,
    subs: [90mundefined[39m,
    map: [90mundefined[39m,
    key: [90mundefined[39m,
    sc: [33m0[39m,
    __v_skip: [33mtrue[39m,
    subsHead: [90mundefined[39m
  },
  __v_isRef: [33mtrue[39m,
  __v_isShallow: [33mfalse[39m,
  _rawValue: [1mnull[22m,
  _value: [1mnull[22m
}

 [31m×[39m [30m[43m makanmakan-admin-dashboard [49m[39m src/tests/integration/queue-integration.test.ts[2m > [22mQueue Management Integration Tests[2m > [22mError Handling[2m > [22mshould show error messages for failed operations[32m 108[2mms[22m[39m
[31m   → expected "spy" to be called with arguments: [ '加入排隊失敗，請重試' ][90m

Received: 

[1m  1st spy call:

[22m[2m  [[22m
[32m-   "加入排隊失敗，請重試",[90m
[31m+   "加入候位失敗，請重試",[90m
[2m  ][22m
[31m[90m

Number of calls: [1m1[22m
[31m[39m
 [32m✓[39m [30m[43m makanmakan-admin-dashboard [49m[39m src/tests/integration/queue-integration.test.ts[2m > [22mQueue Management Integration Tests[2m > [22mStatus Helper Functions[2m > [22mshould return correct queue status classes[32m 71[2mms[22m[39m
 [32m✓[39m [30m[43m makanmakan-admin-dashboard [49m[39m src/tests/integration/queue-integration.test.ts[2m > [22mQueue Management Integration Tests[2m > [22mStatus Helper Functions[2m > [22mshould return correct queue status text[32m 83[2mms[22m[39m
 [32m✓[39m [30m[43m makanmakan-admin-dashboard [49m[39m src/tests/integration/queue-integration.test.ts[2m > [22mQueue Management Integration Tests[2m > [22mStatus Helper Functions[2m > [22mshould return correct table status colors[32m 77[2mms[22m[39m
[90mstderr[2m | src/components/orders/__tests__/OrderFilters.test.ts[2m > [22m[2mOrderFilters Component[2m > [22m[2mComponent Rendering[2m > [22m[2mshould render filter header
[22m[39m[Vue warn]: Missing required prop: "orders" 
  at <OrderFilters ref="VTU_COMPONENT" > 
  at <VTUROOT>
[Vue warn]: Missing required prop: "filteredCount" 
  at <OrderFilters ref="VTU_COMPONENT" > 
  at <VTUROOT>

[90mstderr[2m | src/components/orders/__tests__/OrderFilters.test.ts[2m > [22m[2mOrderFilters Component[2m > [22m[2mComponent Rendering[2m > [22m[2mshould render search input
[22m[39m[Vue warn]: Missing required prop: "orders" 
  at <OrderFilters ref="VTU_COMPONENT" > 
  at <VTUROOT>
[Vue warn]: Missing required prop: "filteredCount" 
  at <OrderFilters ref="VTU_COMPONENT" > 
  at <VTUROOT>

[90mstderr[2m | src/components/orders/__tests__/OrderFilters.test.ts[2m > [22m[2mOrderFilters Component[2m > [22m[2mComponent Rendering[2m > [22m[2mshould render quick filter buttons
[22m[39m[Vue warn]: Missing required prop: "orders" 
  at <OrderFilters ref="VTU_COMPONENT" > 
  at <VTUROOT>
[Vue warn]: Missing required prop: "filteredCount" 
  at <OrderFilters ref="VTU_COMPONENT" > 
  at <VTUROOT>

[90mstderr[2m | src/components/orders/__tests__/OrderFilters.test.ts[2m > [22m[2mOrderFilters Component[2m > [22m[2mComponent Rendering[2m > [22m[2mshould start with filters collapsed by default
[22m[39m[Vue warn]: Missing required prop: "orders" 
  at <OrderFilters showFilters=false ref="VTU_COMPONENT" > 
  at <VTUROOT>
[Vue warn]: Missing required prop: "filteredCount" 
  at <OrderFilters showFilters=false ref="VTU_COMPONENT" > 
  at <VTUROOT>

[90mstderr[2m | src/components/orders/__tests__/OrderFilters.test.ts[2m > [22m[2mOrderFilters Component[2m > [22m[2mSearch Functionality[2m > [22m[2mshould update search text on input
[22m[39m[Vue warn]: Missing required prop: "orders" 
  at <OrderFilters ref="VTU_COMPONENT" > 
  at <VTUROOT>
[Vue warn]: Missing required prop: "filteredCount" 
  at <OrderFilters ref="VTU_COMPONENT" > 
  at <VTUROOT>

[90mstderr[2m | src/components/orders/__tests__/OrderFilters.test.ts[2m > [22m[2mOrderFilters Component[2m > [22m[2mSearch Functionality[2m > [22m[2mshould emit search event with query
[22m[39m[Vue warn]: Missing required prop: "orders" 
  at <OrderFilters ref="VTU_COMPONENT" > 
  at <VTUROOT>
[Vue warn]: Missing required prop: "filteredCount" 
  at <OrderFilters ref="VTU_COMPONENT" > 
  at <VTUROOT>

[90mstderr[2m | src/components/orders/__tests__/OrderFilters.test.ts[2m > [22m[2mOrderFilters Component[2m > [22m[2mSearch Functionality[2m > [22m[2mshould clear search text when clear button clicked
[22m[39m[Vue warn]: Missing required prop: "orders" 
  at <OrderFilters ref="VTU_COMPONENT" > 
  at <VTUROOT>
[Vue warn]: Missing required prop: "filteredCount" 
  at <OrderFilters ref="VTU_COMPONENT" > 
  at <VTUROOT>

[90mstderr[2m | src/components/orders/__tests__/OrderFilters.test.ts[2m > [22m[2mOrderFilters Component[2m > [22m[2mSearch Functionality[2m > [22m[2mshould show clear button only when search has text
[22m[39m[Vue warn]: Missing required prop: "orders" 
  at <OrderFilters ref="VTU_COMPONENT" > 
  at <VTUROOT>
[Vue warn]: Missing required prop: "filteredCount" 
  at <OrderFilters ref="VTU_COMPONENT" > 
  at <VTUROOT>

[90mstderr[2m | src/components/orders/__tests__/OrderFilters.test.ts[2m > [22m[2mOrderFilters Component[2m > [22m[2mSearch Functionality[2m > [22m[2mshould search across multiple fields
[22m[39m[Vue warn]: Missing required prop: "orders" 
  at <OrderFilters ref="VTU_COMPONENT" > 
  at <VTUROOT>
[Vue warn]: Missing required prop: "filteredCount" 
  at <OrderFilters ref="VTU_COMPONENT" > 
  at <VTUROOT>

 [31m×[39m [30m[45m makanmakan-kitchen-display [49m[39m src/components/orders/__tests__/OrderFilters.test.ts[2m > [22mOrderFilters Component[2m > [22mComponent Rendering[2m > [22mshould render filter header[32m 151[2mms[22m[39m
[31m   → [vitest] No "ChatBubbleLeftEllipsisIcon" export is defined on the "@heroicons/vue/24/outline" mock. Did you forget to return it from "vi.mock"?
If you need to partially mock a module, you can use "importOriginal" helper inside:
[39m
 [31m×[39m [30m[45m makanmakan-kitchen-display [49m[39m src/components/orders/__tests__/OrderFilters.test.ts[2m > [22mOrderFilters Component[2m > [22mComponent Rendering[2m > [22mshould render search input[32m 8[2mms[22m[39m
[31m   → [vitest] No "ChatBubbleLeftEllipsisIcon" export is defined on the "@heroicons/vue/24/outline" mock. Did you forget to return it from "vi.mock"?
If you need to partially mock a module, you can use "importOriginal" helper inside:
[39m
 [31m×[39m [30m[45m makanmakan-kitchen-display [49m[39m src/components/orders/__tests__/OrderFilters.test.ts[2m > [22mOrderFilters Component[2m > [22mComponent Rendering[2m > [22mshould render quick filter buttons[32m 26[2mms[22m[39m
[31m   → [vitest] No "ChatBubbleLeftEllipsisIcon" export is defined on the "@heroicons/vue/24/outline" mock. Did you forget to return it from "vi.mock"?
If you need to partially mock a module, you can use "importOriginal" helper inside:
[39m
 [31m×[39m [30m[45m makanmakan-kitchen-display [49m[39m src/components/orders/__tests__/OrderFilters.test.ts[2m > [22mOrderFilters Component[2m > [22mComponent Rendering[2m > [22mshould start with filters collapsed by default[32m 11[2mms[22m[39m
[31m   → [vitest] No "ChatBubbleLeftEllipsisIcon" export is defined on the "@heroicons/vue/24/outline" mock. Did you forget to return it from "vi.mock"?
If you need to partially mock a module, you can use "importOriginal" helper inside:
[39m
 [31m×[39m [30m[45m makanmakan-kitchen-display [49m[39m src/components/orders/__tests__/OrderFilters.test.ts[2m > [22mOrderFilters Component[2m > [22mSearch Functionality[2m > [22mshould update search text on input[32m 15[2mms[22m[39m
[31m   → [vitest] No "ChatBubbleLeftEllipsisIcon" export is defined on the "@heroicons/vue/24/outline" mock. Did you forget to return it from "vi.mock"?
If you need to partially mock a module, you can use "importOriginal" helper inside:
[39m
 [31m×[39m [30m[45m makanmakan-kitchen-display [49m[39m src/components/orders/__tests__/OrderFilters.test.ts[2m > [22mOrderFilters Component[2m > [22mSearch Functionality[2m > [22mshould emit search event with query[32m 4[2mms[22m[39m
[31m   → [vitest] No "ChatBubbleLeftEllipsisIcon" export is defined on the "@heroicons/vue/24/outline" mock. Did you forget to return it from "vi.mock"?
If you need to partially mock a module, you can use "importOriginal" helper inside:
[39m
 [31m×[39m [30m[45m makanmakan-kitchen-display [49m[39m src/components/orders/__tests__/OrderFilters.test.ts[2m > [22mOrderFilters Component[2m > [22mSearch Functionality[2m > [22mshould clear search text when clear button clicked[32m 21[2mms[22m[39m
[31m   → [vitest] No "ChatBubbleLeftEllipsisIcon" export is defined on the "@heroicons/vue/24/outline" mock. Did you forget to return it from "vi.mock"?
If you need to partially mock a module, you can use "importOriginal" helper inside:
[39m
 [31m×[39m [30m[45m makanmakan-kitchen-display [49m[39m src/components/orders/__tests__/OrderFilters.test.ts[2m > [22mOrderFilters Component[2m > [22mSearch Functionality[2m > [22mshould show clear button only when search has text[32m 9[2mms[22m[39m
[31m   → [vitest] No "ChatBubbleLeftEllipsisIcon" export is defined on the "@heroicons/vue/24/outline" mock. Did you forget to return it from "vi.mock"?
If you need to partially mock a module, you can use "importOriginal" helper inside:
[39m
[90mstderr[2m | src/components/orders/__tests__/OrderFilters.test.ts[2m > [22m[2mOrderFilters Component[2m > [22m[2mQuick Filters[2m > [22m[2mshould toggle quick filter on click
[22m[39m[Vue warn]: Missing required prop: "orders" 
  at <OrderFilters ref="VTU_COMPONENT" > 
  at <VTUROOT>
[Vue warn]: Missing required prop: "filteredCount" 
  at <OrderFilters ref="VTU_COMPONENT" > 
  at <VTUROOT>

[90mstderr[2m | src/components/orders/__tests__/OrderFilters.test.ts[2m > [22m[2mOrderFilters Component[2m > [22m[2mQuick Filters[2m > [22m[2mshould display active filter count badge
[22m[39m[Vue warn]: Missing required prop: "orders" 
  at <OrderFilters ref="VTU_COMPONENT" > 
  at <VTUROOT>
[Vue warn]: Missing required prop: "filteredCount" 
  at <OrderFilters ref="VTU_COMPONENT" > 
  at <VTUROOT>

[90mstderr[2m | src/components/orders/__tests__/OrderFilters.test.ts[2m > [22m[2mOrderFilters Component[2m > [22m[2mQuick Filters[2m > [22m[2mshould support multiple quick filters simultaneously
[22m[39m[Vue warn]: Missing required prop: "orders" 
  at <OrderFilters ref="VTU_COMPONENT" > 
  at <VTUROOT>
[Vue warn]: Missing required prop: "filteredCount" 
  at <OrderFilters ref="VTU_COMPONENT" > 
  at <VTUROOT>

[90mstderr[2m | src/components/orders/__tests__/OrderFilters.test.ts[2m > [22m[2mOrderFilters Component[2m > [22m[2mQuick Filters[2m > [22m[2mshould have urgent orders quick filter
[22m[39m[Vue warn]: Missing required prop: "orders" 
  at <OrderFilters ref="VTU_COMPONENT" > 
  at <VTUROOT>
[Vue warn]: Missing required prop: "filteredCount" 
  at <OrderFilters ref="VTU_COMPONENT" > 
  at <VTUROOT>

[90mstderr[2m | src/components/orders/__tests__/OrderFilters.test.ts[2m > [22m[2mOrderFilters Component[2m > [22m[2mQuick Filters[2m > [22m[2mshould have new orders quick filter
[22m[39m[Vue warn]: Missing required prop: "orders" 
  at <OrderFilters ref="VTU_COMPONENT" > 
  at <VTUROOT>
[Vue warn]: Missing required prop: "filteredCount" 
  at <OrderFilters ref="VTU_COMPONENT" > 
  at <VTUROOT>

[90mstderr[2m | src/components/orders/__tests__/OrderFilters.test.ts[2m > [22m[2mOrderFilters Component[2m > [22m[2mDetailed Filters[2m > [22m[2mshould toggle detailed filters visibility
[22m[39m[Vue warn]: Missing required prop: "orders" 
  at <OrderFilters ref="VTU_COMPONENT" > 
  at <VTUROOT>
[Vue warn]: Missing required prop: "filteredCount" 
  at <OrderFilters ref="VTU_COMPONENT" > 
  at <VTUROOT>

[90mstderr[2m | src/components/orders/__tests__/OrderFilters.test.ts[2m > [22m[2mOrderFilters Component[2m > [22m[2mDetailed Filters[2m > [22m[2mshould render status filter options
[22m[39m[Vue warn]: Missing required prop: "orders" 
  at <OrderFilters ref="VTU_COMPONENT" > 
  at <VTUROOT>
[Vue warn]: Missing required prop: "filteredCount" 
  at <OrderFilters ref="VTU_COMPONENT" > 
  at <VTUROOT>

[90mstderr[2m | src/components/orders/__tests__/OrderFilters.test.ts[2m > [22m[2mOrderFilters Component[2m > [22m[2mDetailed Filters[2m > [22m[2mshould filter by single status
[22m[39m[Vue warn]: Missing required prop: "orders" 
  at <OrderFilters ref="VTU_COMPONENT" > 
  at <VTUROOT>
[Vue warn]: Missing required prop: "filteredCount" 
  at <OrderFilters ref="VTU_COMPONENT" > 
  at <VTUROOT>

[90mstderr[2m | src/components/orders/__tests__/OrderFilters.test.ts[2m > [22m[2mOrderFilters Component[2m > [22m[2mDetailed Filters[2m > [22m[2mshould filter by multiple statuses
[22m[39m[Vue warn]: Missing required prop: "orders" 
  at <OrderFilters ref="VTU_COMPONENT" > 
  at <VTUROOT>
[Vue warn]: Missing required prop: "filteredCount" 
  at <OrderFilters ref="VTU_COMPONENT" > 
  at <VTUROOT>

[90mstderr[2m | src/components/orders/__tests__/OrderFilters.test.ts[2m > [22m[2mOrderFilters Component[2m > [22m[2mDetailed Filters[2m > [22m[2mshould have priority filter options
[22m[39m[Vue warn]: Missing required prop: "orders" 
  at <OrderFilters ref="VTU_COMPONENT" > 
  at <VTUROOT>
[Vue warn]: Missing required prop: "filteredCount" 
  at <OrderFilters ref="VTU_COMPONENT" > 
  at <VTUROOT>

 [31m×[39m [30m[45m makanmakan-kitchen-display [49m[39m src/components/orders/__tests__/OrderFilters.test.ts[2m > [22mOrderFilters Component[2m > [22mSearch Functionality[2m > [22mshould search across multiple fields[32m 26[2mms[22m[39m
[31m   → [vitest] No "ChatBubbleLeftEllipsisIcon" export is defined on the "@heroicons/vue/24/outline" mock. Did you forget to return it from "vi.mock"?
If you need to partially mock a module, you can use "importOriginal" helper inside:
[39m
 [31m×[39m [30m[45m makanmakan-kitchen-display [49m[39m src/components/orders/__tests__/OrderFilters.test.ts[2m > [22mOrderFilters Component[2m > [22mQuick Filters[2m > [22mshould toggle quick filter on click[32m 4[2mms[22m[39m
[31m   → [vitest] No "ChatBubbleLeftEllipsisIcon" export is defined on the "@heroicons/vue/24/outline" mock. Did you forget to return it from "vi.mock"?
If you need to partially mock a module, you can use "importOriginal" helper inside:
[39m
 [31m×[39m [30m[45m makanmakan-kitchen-display [49m[39m src/components/orders/__tests__/OrderFilters.test.ts[2m > [22mOrderFilters Component[2m > [22mQuick Filters[2m > [22mshould display active filter count badge[32m 3[2mms[22m[39m
[31m   → [vitest] No "ChatBubbleLeftEllipsisIcon" export is defined on the "@heroicons/vue/24/outline" mock. Did you forget to return it from "vi.mock"?
If you need to partially mock a module, you can use "importOriginal" helper inside:
[39m
 [31m×[39m [30m[45m makanmakan-kitchen-display [49m[39m src/components/orders/__tests__/OrderFilters.test.ts[2m > [22mOrderFilters Component[2m > [22mQuick Filters[2m > [22mshould support multiple quick filters simultaneously[32m 25[2mms[22m[39m
[31m   → [vitest] No "ChatBubbleLeftEllipsisIcon" export is defined on the "@heroicons/vue/24/outline" mock. Did you forget to return it from "vi.mock"?
If you need to partially mock a module, you can use "importOriginal" helper inside:
[39m
 [31m×[39m [30m[45m makanmakan-kitchen-display [49m[39m src/components/orders/__tests__/OrderFilters.test.ts[2m > [22mOrderFilters Component[2m > [22mQuick Filters[2m > [22mshould have urgent orders quick filter[32m 5[2mms[22m[39m
[31m   → [vitest] No "ChatBubbleLeftEllipsisIcon" export is defined on the "@heroicons/vue/24/outline" mock. Did you forget to return it from "vi.mock"?
If you need to partially mock a module, you can use "importOriginal" helper inside:
[39m
 [31m×[39m [30m[45m makanmakan-kitchen-display [49m[39m src/components/orders/__tests__/OrderFilters.test.ts[2m > [22mOrderFilters Component[2m > [22mQuick Filters[2m > [22mshould have new orders quick filter[32m 7[2mms[22m[39m
[31m   → [vitest] No "ChatBubbleLeftEllipsisIcon" export is defined on the "@heroicons/vue/24/outline" mock. Did you forget to return it from "vi.mock"?
If you need to partially mock a module, you can use "importOriginal" helper inside:
[39m
 [31m×[39m [30m[45m makanmakan-kitchen-display [49m[39m src/components/orders/__tests__/OrderFilters.test.ts[2m > [22mOrderFilters Component[2m > [22mDetailed Filters[2m > [22mshould toggle detailed filters visibility[32m 4[2mms[22m[39m
[31m   → [vitest] No "ChatBubbleLeftEllipsisIcon" export is defined on the "@heroicons/vue/24/outline" mock. Did you forget to return it from "vi.mock"?
If you need to partially mock a module, you can use "importOriginal" helper inside:
[39m
 [31m×[39m [30m[45m makanmakan-kitchen-display [49m[39m src/components/orders/__tests__/OrderFilters.test.ts[2m > [22mOrderFilters Component[2m > [22mDetailed Filters[2m > [22mshould render status filter options[32m 8[2mms[22m[39m
[31m   → [vitest] No "ChatBubbleLeftEllipsisIcon" export is defined on the "@heroicons/vue/24/outline" mock. Did you forget to return it from "vi.mock"?
If you need to partially mock a module, you can use "importOriginal" helper inside:
[39m
 [31m×[39m [30m[45m makanmakan-kitchen-display [49m[39m src/components/orders/__tests__/OrderFilters.test.ts[2m > [22mOrderFilters Component[2m > [22mDetailed Filters[2m > [22mshould filter by single status[32m 3[2mms[22m[39m
[31m   → [vitest] No "ChatBubbleLeftEllipsisIcon" export is defined on the "@heroicons/vue/24/outline" mock. Did you forget to return it from "vi.mock"?
If you need to partially mock a module, you can use "importOriginal" helper inside:
[39m
 [31m×[39m [30m[45m makanmakan-kitchen-display [49m[39m src/components/orders/__tests__/OrderFilters.test.ts[2m > [22mOrderFilters Component[2m > [22mDetailed Filters[2m > [22mshould filter by multiple statuses[32m 36[2mms[22m[39m
[31m   → [vitest] No "ChatBubbleLeftEllipsisIcon" export is defined on the "@heroicons/vue/24/outline" mock. Did you forget to return it from "vi.mock"?
If you need to partially mock a module, you can use "importOriginal" helper inside:
[39m
[90mstderr[2m | src/components/orders/__tests__/OrderFilters.test.ts[2m > [22m[2mOrderFilters Component[2m > [22m[2mDetailed Filters[2m > [22m[2mshould have time range filter
[22m[39m[Vue warn]: Missing required prop: "orders" 
  at <OrderFilters ref="VTU_COMPONENT" > 
  at <VTUROOT>
[Vue warn]: Missing required prop: "filteredCount" 
  at <OrderFilters ref="VTU_COMPONENT" > 
  at <VTUROOT>

[90mstderr[2m | src/components/orders/__tests__/OrderFilters.test.ts[2m > [22m[2mOrderFilters Component[2m > [22m[2mClear Filters[2m > [22m[2mshould show clear button when filters are active
[22m[39m[Vue warn]: Missing required prop: "orders" 
  at <OrderFilters ref="VTU_COMPONENT" > 
  at <VTUROOT>
[Vue warn]: Missing required prop: "filteredCount" 
  at <OrderFilters ref="VTU_COMPONENT" > 
  at <VTUROOT>

[90mstderr[2m | src/components/orders/__tests__/OrderFilters.test.ts[2m > [22m[2mOrderFilters Component[2m > [22m[2mClear Filters[2m > [22m[2mshould clear all filters when clear button clicked
[22m[39m[Vue warn]: Missing required prop: "orders" 
  at <OrderFilters ref="VTU_COMPONENT" > 
  at <VTUROOT>
[Vue warn]: Missing required prop: "filteredCount" 
  at <OrderFilters ref="VTU_COMPONENT" > 
  at <VTUROOT>

[90mstderr[2m | src/components/orders/__tests__/OrderFilters.test.ts[2m > [22m[2mOrderFilters Component[2m > [22m[2mClear Filters[2m > [22m[2mshould not show clear button when no filters active
[22m[39m[Vue warn]: Missing required prop: "orders" 
  at <OrderFilters ref="VTU_COMPONENT" > 
  at <VTUROOT>
[Vue warn]: Missing required prop: "filteredCount" 
  at <OrderFilters ref="VTU_COMPONENT" > 
  at <VTUROOT>

[90mstderr[2m | src/components/orders/__tests__/OrderFilters.test.ts[2m > [22m[2mOrderFilters Component[2m > [22m[2mFilter Count Badge[2m > [22m[2mshould display correct number of active filters
[22m[39m[Vue warn]: Missing required prop: "orders" 
  at <OrderFilters ref="VTU_COMPONENT" > 
  at <VTUROOT>
[Vue warn]: Missing required prop: "filteredCount" 
  at <OrderFilters ref="VTU_COMPONENT" > 
  at <VTUROOT>

[90mstderr[2m | src/components/orders/__tests__/OrderFilters.test.ts[2m > [22m[2mOrderFilters Component[2m > [22m[2mFilter Count Badge[2m > [22m[2mshould update count when filters change
[22m[39m[Vue warn]: Missing required prop: "orders" 
  at <OrderFilters ref="VTU_COMPONENT" > 
  at <VTUROOT>
[Vue warn]: Missing required prop: "filteredCount" 
  at <OrderFilters ref="VTU_COMPONENT" > 
  at <VTUROOT>

[90mstderr[2m | src/components/orders/__tests__/OrderFilters.test.ts[2m > [22m[2mOrderFilters Component[2m > [22m[2mFilter Count Badge[2m > [22m[2mshould hide badge when no filters active
[22m[39m[Vue warn]: Missing required prop: "orders" 
  at <OrderFilters ref="VTU_COMPONENT" > 
  at <VTUROOT>
[Vue warn]: Missing required prop: "filteredCount" 
  at <OrderFilters ref="VTU_COMPONENT" > 
  at <VTUROOT>

[90mstderr[2m | src/components/orders/__tests__/OrderFilters.test.ts[2m > [22m[2mOrderFilters Component[2m > [22m[2mFilter Combinations[2m > [22m[2mshould combine search with quick filters
[22m[39m[Vue warn]: Missing required prop: "orders" 
  at <OrderFilters ref="VTU_COMPONENT" > 
  at <VTUROOT>
[Vue warn]: Missing required prop: "filteredCount" 
  at <OrderFilters ref="VTU_COMPONENT" > 
  at <VTUROOT>

[90mstderr[2m | src/components/orders/__tests__/OrderFilters.test.ts[2m > [22m[2mOrderFilters Component[2m > [22m[2mFilter Combinations[2m > [22m[2mshould combine multiple filter types
[22m[39m[Vue warn]: Missing required prop: "orders" 
  at <OrderFilters ref="VTU_COMPONENT" > 
  at <VTUROOT>
[Vue warn]: Missing required prop: "filteredCount" 
  at <OrderFilters ref="VTU_COMPONENT" > 
  at <VTUROOT>

[90mstderr[2m | src/components/orders/__tests__/OrderFilters.test.ts[2m > [22m[2mOrderFilters Component[2m > [22m[2mFilter Combinations[2m > [22m[2mshould emit combined filter changes
[22m[39m[Vue warn]: Missing required prop: "orders" 
  at <OrderFilters ref="VTU_COMPONENT" > 
  at <VTUROOT>
[Vue warn]: Missing required prop: "filteredCount" 
  at <OrderFilters ref="VTU_COMPONENT" > 
  at <VTUROOT>

[90mstderr[2m | src/components/orders/__tests__/OrderFilters.test.ts[2m > [22m[2mOrderFilters Component[2m > [22m[2mAccessibility[2m > [22m[2mshould have proper labels for inputs
[22m[39m[Vue warn]: Missing required prop: "orders" 
  at <OrderFilters ref="VTU_COMPONENT" > 
  at <VTUROOT>
[Vue warn]: Missing required prop: "filteredCount" 
  at <OrderFilters ref="VTU_COMPONENT" > 
  at <VTUROOT>

[90mstderr[2m | src/components/orders/__tests__/OrderFilters.test.ts[2m > [22m[2mOrderFilters Component[2m > [22m[2mAccessibility[2m > [22m[2mshould have keyboard navigation support
[22m[39m[Vue warn]: Missing required prop: "orders" 
  at <OrderFilters ref="VTU_COMPONENT" > 
  at <VTUROOT>
[Vue warn]: Missing required prop: "filteredCount" 
  at <OrderFilters ref="VTU_COMPONENT" > 
  at <VTUROOT>

[90mstderr[2m | src/components/orders/__tests__/OrderFilters.test.ts[2m > [22m[2mOrderFilters Component[2m > [22m[2mAccessibility[2m > [22m[2mshould have clear button descriptions
[22m[39m[Vue warn]: Missing required prop: "orders" 
  at <OrderFilters ref="VTU_COMPONENT" > 
  at <VTUROOT>
[Vue warn]: Missing required prop: "filteredCount" 
  at <OrderFilters ref="VTU_COMPONENT" > 
  at <VTUROOT>

[90mstderr[2m | src/components/orders/__tests__/OrderFilters.test.ts[2m > [22m[2mOrderFilters Component[2m > [22m[2mPerformance[2m > [22m[2mshould debounce search input
[22m[39m[Vue warn]: Missing required prop: "orders" 
  at <OrderFilters ref="VTU_COMPONENT" > 
  at <VTUROOT>
[Vue warn]: Missing required prop: "filteredCount" 
  at <OrderFilters ref="VTU_COMPONENT" > 
  at <VTUROOT>

 [31m×[39m [30m[45m makanmakan-kitchen-display [49m[39m src/components/orders/__tests__/OrderFilters.test.ts[2m > [22mOrderFilters Component[2m > [22mDetailed Filters[2m > [22mshould have priority filter options[32m 12[2mms[22m[39m
[31m   → [vitest] No "ChatBubbleLeftEllipsisIcon" export is defined on the "@heroicons/vue/24/outline" mock. Did you forget to return it from "vi.mock"?
If you need to partially mock a module, you can use "importOriginal" helper inside:
[39m
 [31m×[39m [30m[45m makanmakan-kitchen-display [49m[39m src/components/orders/__tests__/OrderFilters.test.ts[2m > [22mOrderFilters Component[2m > [22mDetailed Filters[2m > [22mshould have time range filter[32m 4[2mms[22m[39m
[31m   → [vitest] No "ChatBubbleLeftEllipsisIcon" export is defined on the "@heroicons/vue/24/outline" mock. Did you forget to return it from "vi.mock"?
If you need to partially mock a module, you can use "importOriginal" helper inside:
[39m
 [31m×[39m [30m[45m makanmakan-kitchen-display [49m[39m src/components/orders/__tests__/OrderFilters.test.ts[2m > [22mOrderFilters Component[2m > [22mClear Filters[2m > [22mshould show clear button when filters are active[32m 3[2mms[22m[39m
[31m   → [vitest] No "ChatBubbleLeftEllipsisIcon" export is defined on the "@heroicons/vue/24/outline" mock. Did you forget to return it from "vi.mock"?
If you need to partially mock a module, you can use "importOriginal" helper inside:
[39m
 [31m×[39m [30m[45m makanmakan-kitchen-display [49m[39m src/components/orders/__tests__/OrderFilters.test.ts[2m > [22mOrderFilters Component[2m > [22mClear Filters[2m > [22mshould clear all filters when clear button clicked[32m 18[2mms[22m[39m
[31m   → [vitest] No "ChatBubbleLeftEllipsisIcon" export is defined on the "@heroicons/vue/24/outline" mock. Did you forget to return it from "vi.mock"?
If you need to partially mock a module, you can use "importOriginal" helper inside:
[39m
 [31m×[39m [30m[45m makanmakan-kitchen-display [49m[39m src/components/orders/__tests__/OrderFilters.test.ts[2m > [22mOrderFilters Component[2m > [22mClear Filters[2m > [22mshould not show clear button when no filters active[32m 10[2mms[22m[39m
[31m   → [vitest] No "ChatBubbleLeftEllipsisIcon" export is defined on the "@heroicons/vue/24/outline" mock. Did you forget to return it from "vi.mock"?
If you need to partially mock a module, you can use "importOriginal" helper inside:
[39m
 [31m×[39m [30m[45m makanmakan-kitchen-display [49m[39m src/components/orders/__tests__/OrderFilters.test.ts[2m > [22mOrderFilters Component[2m > [22mFilter Count Badge[2m > [22mshould display correct number of active filters[32m 9[2mms[22m[39m
[31m   → [vitest] No "ChatBubbleLeftEllipsisIcon" export is defined on the "@heroicons/vue/24/outline" mock. Did you forget to return it from "vi.mock"?
If you need to partially mock a module, you can use "importOriginal" helper inside:
[39m
 [31m×[39m [30m[45m makanmakan-kitchen-display [49m[39m src/components/orders/__tests__/OrderFilters.test.ts[2m > [22mOrderFilters Component[2m > [22mFilter Count Badge[2m > [22mshould update count when filters change[32m 5[2mms[22m[39m
[31m   → [vitest] No "ChatBubbleLeftEllipsisIcon" export is defined on the "@heroicons/vue/24/outline" mock. Did you forget to return it from "vi.mock"?
If you need to partially mock a module, you can use "importOriginal" helper inside:
[39m
 [31m×[39m [30m[45m makanmakan-kitchen-display [49m[39m src/components/orders/__tests__/OrderFilters.test.ts[2m > [22mOrderFilters Component[2m > [22mFilter Count Badge[2m > [22mshould hide badge when no filters active[32m 6[2mms[22m[39m
[31m   → [vitest] No "ChatBubbleLeftEllipsisIcon" export is defined on the "@heroicons/vue/24/outline" mock. Did you forget to return it from "vi.mock"?
If you need to partially mock a module, you can use "importOriginal" helper inside:
[39m
 [31m×[39m [30m[45m makanmakan-kitchen-display [49m[39m src/components/orders/__tests__/OrderFilters.test.ts[2m > [22mOrderFilters Component[2m > [22mFilter Combinations[2m > [22mshould combine search with quick filters[32m 4[2mms[22m[39m
[31m   → [vitest] No "ChatBubbleLeftEllipsisIcon" export is defined on the "@heroicons/vue/24/outline" mock. Did you forget to return it from "vi.mock"?
If you need to partially mock a module, you can use "importOriginal" helper inside:
[39m
 [31m×[39m [30m[45m makanmakan-kitchen-display [49m[39m src/components/orders/__tests__/OrderFilters.test.ts[2m > [22mOrderFilters Component[2m > [22mFilter Combinations[2m > [22mshould combine multiple filter types[32m 3[2mms[22m[39m
[31m   → [vitest] No "ChatBubbleLeftEllipsisIcon" export is defined on the "@heroicons/vue/24/outline" mock. Did you forget to return it from "vi.mock"?
If you need to partially mock a module, you can use "importOriginal" helper inside:
[39m
 [31m×[39m [30m[45m makanmakan-kitchen-display [49m[39m src/components/orders/__tests__/OrderFilters.test.ts[2m > [22mOrderFilters Component[2m > [22mFilter Combinations[2m > [22mshould emit combined filter changes[32m 2[2mms[22m[39m
[31m   → [vitest] No "ChatBubbleLeftEllipsisIcon" export is defined on the "@heroicons/vue/24/outline" mock. Did you forget to return it from "vi.mock"?
If you need to partially mock a module, you can use "importOriginal" helper inside:
[39m
 [31m×[39m [30m[45m makanmakan-kitchen-display [49m[39m src/components/orders/__tests__/OrderFilters.test.ts[2m > [22mOrderFilters Component[2m > [22mAccessibility[2m > [22mshould have proper labels for inputs[32m 8[2mms[22m[39m
[31m   → [vitest] No "ChatBubbleLeftEllipsisIcon" export is defined on the "@heroicons/vue/24/outline" mock. Did you forget to return it from "vi.mock"?
If you need to partially mock a module, you can use "importOriginal" helper inside:
[39m
 [31m×[39m [30m[45m makanmakan-kitchen-display [49m[39m src/components/orders/__tests__/OrderFilters.test.ts[2m > [22mOrderFilters Component[2m > [22mAccessibility[2m > [22mshould have keyboard navigation support[32m 10[2mms[22m[39m
[31m   → [vitest] No "ChatBubbleLeftEllipsisIcon" export is defined on the "@heroicons/vue/24/outline" mock. Did you forget to return it from "vi.mock"?
If you need to partially mock a module, you can use "importOriginal" helper inside:
[39m
 [31m×[39m [30m[45m makanmakan-kitchen-display [49m[39m src/components/orders/__tests__/OrderFilters.test.ts[2m > [22mOrderFilters Component[2m > [22mAccessibility[2m > [22mshould have clear button descriptions[32m 5[2mms[22m[39m
[31m   → [vitest] No "ChatBubbleLeftEllipsisIcon" export is defined on the "@heroicons/vue/24/outline" mock. Did you forget to return it from "vi.mock"?
If you need to partially mock a module, you can use "importOriginal" helper inside:
[39m
[90mstderr[2m | src/components/orders/__tests__/OrderFilters.test.ts[2m > [22m[2mOrderFilters Component[2m > [22m[2mPerformance[2m > [22m[2mshould handle rapid filter toggling
[22m[39m[Vue warn]: Missing required prop: "orders" 
  at <OrderFilters ref="VTU_COMPONENT" > 
  at <VTUROOT>
[Vue warn]: Missing required prop: "filteredCount" 
  at <OrderFilters ref="VTU_COMPONENT" > 
  at <VTUROOT>

[90mstderr[2m | src/components/orders/__tests__/OrderFilters.test.ts[2m > [22m[2mOrderFilters Component[2m > [22m[2mEdge Cases[2m > [22m[2mshould handle empty search query
[22m[39m[Vue warn]: Missing required prop: "orders" 
  at <OrderFilters ref="VTU_COMPONENT" > 
  at <VTUROOT>
[Vue warn]: Missing required prop: "filteredCount" 
  at <OrderFilters ref="VTU_COMPONENT" > 
  at <VTUROOT>

[90mstderr[2m | src/components/orders/__tests__/OrderFilters.test.ts[2m > [22m[2mOrderFilters Component[2m > [22m[2mEdge Cases[2m > [22m[2mshould handle very long search queries
[22m[39m[Vue warn]: Missing required prop: "orders" 
  at <OrderFilters ref="VTU_COMPONENT" > 
  at <VTUROOT>
[Vue warn]: Missing required prop: "filteredCount" 
  at <OrderFilters ref="VTU_COMPONENT" > 
  at <VTUROOT>

[90mstderr[2m | src/components/orders/__tests__/OrderFilters.test.ts[2m > [22m[2mOrderFilters Component[2m > [22m[2mEdge Cases[2m > [22m[2mshould handle special characters in search
[22m[39m[Vue warn]: Missing required prop: "orders" 
  at <OrderFilters ref="VTU_COMPONENT" > 
  at <VTUROOT>
[Vue warn]: Missing required prop: "filteredCount" 
  at <OrderFilters ref="VTU_COMPONENT" > 
  at <VTUROOT>

[90mstderr[2m | src/components/orders/__tests__/OrderFilters.test.ts[2m > [22m[2mOrderFilters Component[2m > [22m[2mEdge Cases[2m > [22m[2mshould handle no filter options selected
[22m[39m[Vue warn]: Missing required prop: "orders" 
  at <OrderFilters ref="VTU_COMPONENT" > 
  at <VTUROOT>
[Vue warn]: Missing required prop: "filteredCount" 
  at <OrderFilters ref="VTU_COMPONENT" > 
  at <VTUROOT>

[90mstderr[2m | src/components/orders/__tests__/OrderFilters.test.ts[2m > [22m[2mOrderFilters Component[2m > [22m[2mEdge Cases[2m > [22m[2mshould handle all filter options selected
[22m[39m[Vue warn]: Missing required prop: "orders" 
  at <OrderFilters ref="VTU_COMPONENT" > 
  at <VTUROOT>
[Vue warn]: Missing required prop: "filteredCount" 
  at <OrderFilters ref="VTU_COMPONENT" > 
  at <VTUROOT>

 [31m×[39m [30m[45m makanmakan-kitchen-display [49m[39m src/components/orders/__tests__/OrderFilters.test.ts[2m > [22mOrderFilters Component[2m > [22mPerformance[2m > [22mshould debounce search input[32m 11[2mms[22m[39m
[31m   → [vitest] No "ChatBubbleLeftEllipsisIcon" export is defined on the "@heroicons/vue/24/outline" mock. Did you forget to return it from "vi.mock"?
If you need to partially mock a module, you can use "importOriginal" helper inside:
[39m
 [31m×[39m [30m[45m makanmakan-kitchen-display [49m[39m src/components/orders/__tests__/OrderFilters.test.ts[2m > [22mOrderFilters Component[2m > [22mPerformance[2m > [22mshould handle rapid filter toggling[32m 3[2mms[22m[39m
[31m   → [vitest] No "ChatBubbleLeftEllipsisIcon" export is defined on the "@heroicons/vue/24/outline" mock. Did you forget to return it from "vi.mock"?
If you need to partially mock a module, you can use "importOriginal" helper inside:
[39m
 [31m×[39m [30m[45m makanmakan-kitchen-display [49m[39m src/components/orders/__tests__/OrderFilters.test.ts[2m > [22mOrderFilters Component[2m > [22mEdge Cases[2m > [22mshould handle empty search query[32m 3[2mms[22m[39m
[31m   → [vitest] No "ChatBubbleLeftEllipsisIcon" export is defined on the "@heroicons/vue/24/outline" mock. Did you forget to return it from "vi.mock"?
If you need to partially mock a module, you can use "importOriginal" helper inside:
[39m
 [31m×[39m [30m[45m makanmakan-kitchen-display [49m[39m src/components/orders/__tests__/OrderFilters.test.ts[2m > [22mOrderFilters Component[2m > [22mEdge Cases[2m > [22mshould handle very long search queries[32m 3[2mms[22m[39m
[31m   → [vitest] No "ChatBubbleLeftEllipsisIcon" export is defined on the "@heroicons/vue/24/outline" mock. Did you forget to return it from "vi.mock"?
If you need to partially mock a module, you can use "importOriginal" helper inside:
[39m
 [31m×[39m [30m[45m makanmakan-kitchen-display [49m[39m src/components/orders/__tests__/OrderFilters.test.ts[2m > [22mOrderFilters Component[2m > [22mEdge Cases[2m > [22mshould handle special characters in search[32m 3[2mms[22m[39m
[31m   → [vitest] No "ChatBubbleLeftEllipsisIcon" export is defined on the "@heroicons/vue/24/outline" mock. Did you forget to return it from "vi.mock"?
If you need to partially mock a module, you can use "importOriginal" helper inside:
[39m
 [31m×[39m [30m[45m makanmakan-kitchen-display [49m[39m src/components/orders/__tests__/OrderFilters.test.ts[2m > [22mOrderFilters Component[2m > [22mEdge Cases[2m > [22mshould handle no filter options selected[32m 3[2mms[22m[39m
[31m   → [vitest] No "ChatBubbleLeftEllipsisIcon" export is defined on the "@heroicons/vue/24/outline" mock. Did you forget to return it from "vi.mock"?
If you need to partially mock a module, you can use "importOriginal" helper inside:
[39m
 [31m×[39m [30m[45m makanmakan-kitchen-display [49m[39m src/components/orders/__tests__/OrderFilters.test.ts[2m > [22mOrderFilters Component[2m > [22mEdge Cases[2m > [22mshould handle all filter options selected[32m 3[2mms[22m[39m
[31m   → [vitest] No "ChatBubbleLeftEllipsisIcon" export is defined on the "@heroicons/vue/24/outline" mock. Did you forget to return it from "vi.mock"?
If you need to partially mock a module, you can use "importOriginal" helper inside:
[39m
 [32m✓[39m [30m[43m @makanmakan/realtime [49m[39m src/__tests__/unit/routing/broadcast-logic.test.ts[2m > [22mBroadcast Logic[2m > [22mBasic Broadcasting[2m > [22mshould broadcast event to all connected clients[32m 9[2mms[22m[39m
 [32m✓[39m [30m[43m @makanmakan/realtime [49m[39m src/__tests__/unit/routing/broadcast-logic.test.ts[2m > [22mBroadcast Logic[2m > [22mBasic Broadcasting[2m > [22mshould only send to connections with matching restaurantId[32m 1[2mms[22m[39m
 [32m✓[39m [30m[43m @makanmakan/realtime [49m[39m src/__tests__/unit/routing/broadcast-logic.test.ts[2m > [22mBroadcast Logic[2m > [22mBasic Broadcasting[2m > [22mshould track number of recipients[32m 1[2mms[22m[39m
 [32m✓[39m [30m[43m @makanmakan/realtime [49m[39m src/__tests__/unit/routing/broadcast-logic.test.ts[2m > [22mBroadcast Logic[2m > [22mBroadcast with Exclusions[2m > [22mshould exclude sender when excludeSender is true[32m 1[2mms[22m[39m
 [32m✓[39m [30m[43m @makanmakan/realtime [49m[39m src/__tests__/unit/routing/broadcast-logic.test.ts[2m > [22mBroadcast Logic[2m > [22mBroadcast with Exclusions[2m > [22mshould include sender when excludeSender is false[32m 1[2mms[22m[39m
 [32m✓[39m [30m[43m @makanmakan/realtime [49m[39m src/__tests__/unit/routing/broadcast-logic.test.ts[2m > [22mBroadcast Logic[2m > [22mWebSocket State Handling[2m > [22mshould only send to connections with OPEN state[32m 1[2mms[22m[39m
 [32m✓[39m [30m[43m @makanmakan/realtime [49m[39m src/__tests__/unit/routing/broadcast-logic.test.ts[2m > [22mBroadcast Logic[2m > [22mWebSocket State Handling[2m > [22mshould handle send errors gracefully[32m 3[2mms[22m[39m
 [32m✓[39m [30m[43m @makanmakan/realtime [49m[39m src/__tests__/unit/routing/broadcast-logic.test.ts[2m > [22mBroadcast Logic[2m > [22mEvent History for Broadcast[2m > [22mshould add broadcast events to history[32m 0[2mms[22m[39m
 [32m✓[39m [30m[43m @makanmakan/realtime [49m[39m src/__tests__/unit/routing/broadcast-logic.test.ts[2m > [22mBroadcast Logic[2m > [22mEvent History for Broadcast[2m > [22mshould maintain history size limit[32m 1[2mms[22m[39m
 [32m✓[39m [30m[43m @makanmakan/realtime [49m[39m src/__tests__/unit/routing/broadcast-logic.test.ts[2m > [22mBroadcast Logic[2m > [22mEvent History for Broadcast[2m > [22mshould cleanup old events from history[32m 1[2mms[22m[39m
 [32m✓[39m [30m[43m @makanmakan/realtime [49m[39m src/__tests__/unit/routing/broadcast-logic.test.ts[2m > [22mBroadcast Logic[2m > [22mLast Event ID Tracking[2m > [22mshould update lastEventId after broadcast[32m 0[2mms[22m[39m
 [32m✓[39m [30m[43m @makanmakan/realtime [49m[39m src/__tests__/unit/routing/broadcast-logic.test.ts[2m > [22mBroadcast Logic[2m > [22mLast Event ID Tracking[2m > [22mshould track sequence of event IDs[32m 0[2mms[22m[39m
 [32m✓[39m [30m[43m @makanmakan/realtime [49m[39m src/__tests__/unit/routing/broadcast-logic.test.ts[2m > [22mBroadcast Logic[2m > [22mBroadcast Response[2m > [22mshould return success response with recipient count[32m 0[2mms[22m[39m
 [32m✓[39m [30m[43m @makanmakan/realtime [49m[39m src/__tests__/unit/routing/broadcast-logic.test.ts[2m > [22mBroadcast Logic[2m > [22mBroadcast Response[2m > [22mshould return error response on invalid event format[32m 0[2mms[22m[39m
 [32m✓[39m [30m[43m @makanmakan/realtime [49m[39m src/__tests__/unit/routing/broadcast-logic.test.ts[2m > [22mBroadcast Logic[2m > [22mBroadcast Response[2m > [22mshould return error response on broadcast failure[32m 0[2mms[22m[39m
 [32m✓[39m [30m[43m @makanmakan/realtime [49m[39m src/__tests__/unit/routing/broadcast-logic.test.ts[2m > [22mBroadcast Logic[2m > [22mConcurrent Broadcasting[2m > [22mshould handle multiple concurrent broadcasts[32m 3[2mms[22m[39m
 [32m✓[39m [30m[43m @makanmakan/realtime [49m[39m src/__tests__/unit/routing/broadcast-logic.test.ts[2m > [22mBroadcast Logic[2m > [22mConcurrent Broadcasting[2m > [22mshould maintain event order during concurrent broadcasts[32m 1[2mms[22m[39m
 [32m✓[39m [30m[43m @makanmakan/realtime [49m[39m src/__tests__/unit/routing/broadcast-logic.test.ts[2m > [22mBroadcast Logic[2m > [22mBroadcast Validation[2m > [22mshould validate event has required fields[32m 0[2mms[22m[39m
 [32m✓[39m [30m[43m @makanmakan/realtime [49m[39m src/__tests__/unit/routing/broadcast-logic.test.ts[2m > [22mBroadcast Logic[2m > [22mBroadcast Validation[2m > [22mshould reject events with missing type[32m 0[2mms[22m[39m
 [32m✓[39m [30m[43m @makanmakan/realtime [49m[39m src/__tests__/unit/routing/broadcast-logic.test.ts[2m > [22mBroadcast Logic[2m > [22mBroadcast Validation[2m > [22mshould reject events with missing eventId[32m 0[2mms[22m[39m
 [32m✓[39m [30m[43m @makanmakan/realtime [49m[39m src/__tests__/unit/routing/broadcast-logic.test.ts[2m > [22mBroadcast Logic[2m > [22mEvent ID Generation[2m > [22mshould generate unique event IDs[32m 1[2mms[22m[39m
 [32m✓[39m [30m[43m @makanmakan/realtime [49m[39m src/__tests__/unit/routing/broadcast-logic.test.ts[2m > [22mBroadcast Logic[2m > [22mEvent ID Generation[2m > [22mshould format event IDs consistently[32m 0[2mms[22m[39m
 [32m✓[39m [30m[45m makanmakan-kitchen-display [49m[39m src/__tests__/unit/composables/useNotifications.test.ts[2m > [22museNotifications Composable[2m > [22m初始狀態[2m > [22m應該初始化空的通知列表[32m 13[2mms[22m[39m
 [32m✓[39m [30m[45m makanmakan-kitchen-display [49m[39m src/__tests__/unit/composables/useNotifications.test.ts[2m > [22museNotifications Composable[2m > [22m初始狀態[2m > [22m應該初始化 unreadCount 為 0[32m 1[2mms[22m[39m
 [32m✓[39m [30m[45m makanmakan-kitchen-display [49m[39m src/__tests__/unit/composables/useNotifications.test.ts[2m > [22museNotifications Composable[2m > [22m初始狀態[2m > [22m應該初始化音效設置[32m 2[2mms[22m[39m
 [32m✓[39m [30m[45m makanmakan-kitchen-display [49m[39m src/__tests__/unit/composables/useNotifications.test.ts[2m > [22museNotifications Composable[2m > [22m添加通知[2m > [22m應該成功添加通知[32m 8[2mms[22m[39m
 [32m✓[39m [30m[45m makanmakan-kitchen-display [49m[39m src/__tests__/unit/composables/useNotifications.test.ts[2m > [22museNotifications Composable[2m > [22m添加通知[2m > [22m應該自動生成唯一 ID[32m 2[2mms[22m[39m
 [32m✓[39m [30m[45m makanmakan-kitchen-display [49m[39m src/__tests__/unit/composables/useNotifications.test.ts[2m > [22museNotifications Composable[2m > [22m添加通知[2m > [22m應該自動設置時間戳[32m 1[2mms[22m[39m
 [32m✓[39m [30m[45m makanmakan-kitchen-display [49m[39m src/__tests__/unit/composables/useNotifications.test.ts[2m > [22museNotifications Composable[2m > [22m添加通知[2m > [22m應該增加未讀計數[32m 2[2mms[22m[39m
 [32m✓[39m [30m[45m makanmakan-kitchen-display [49m[39m src/__tests__/unit/composables/useNotifications.test.ts[2m > [22museNotifications Composable[2m > [22m添加通知[2m > [22m應該保存額外數據[32m 1[2mms[22m[39m
 [32m✓[39m [30m[45m makanmakan-kitchen-display [49m[39m src/__tests__/unit/composables/useNotifications.test.ts[2m > [22museNotifications Composable[2m > [22m優先級排序[2m > [22m應該按優先級排序通知[32m 32[2mms[22m[39m
 [32m✓[39m [30m[45m makanmakan-kitchen-display [49m[39m src/__tests__/unit/composables/useNotifications.test.ts[2m > [22museNotifications Composable[2m > [22m優先級排序[2m > [22m緊急通知應該排在最前面[32m 2[2mms[22m[39m
 [32m✓[39m [30m[45m makanmakan-kitchen-display [49m[39m src/__tests__/unit/composables/useNotifications.test.ts[2m > [22museNotifications Composable[2m > [22m標記已讀[2m > [22m應該標記單個通知為已讀[32m 2[2mms[22m[39m
 [32m✓[39m [30m[45m makanmakan-kitchen-display [49m[39m src/__tests__/unit/composables/useNotifications.test.ts[2m > [22museNotifications Composable[2m > [22m標記已讀[2m > [22m重複標記已讀不應該減少未讀計數[32m 2[2mms[22m[39m
 [32m✓[39m [30m[45m makanmakan-kitchen-display [49m[39m src/__tests__/unit/composables/useNotifications.test.ts[2m > [22museNotifications Composable[2m > [22m標記已讀[2m > [22m應該標記所有通知為已讀[32m 2[2mms[22m[39m
 [32m✓[39m [30m[45m makanmakan-kitchen-display [49m[39m src/__tests__/unit/composables/useNotifications.test.ts[2m > [22museNotifications Composable[2m > [22m標記已讀[2m > [22m標記不存在的通知不應該報錯[32m 4[2mms[22m[39m
 [32m✓[39m [30m[45m makanmakan-kitchen-display [49m[39m src/__tests__/unit/composables/useNotifications.test.ts[2m > [22museNotifications Composable[2m > [22m刪除通知[2m > [22m應該刪除單個通知[32m 3[2mms[22m[39m
 [32m✓[39m [30m[45m makanmakan-kitchen-display [49m[39m src/__tests__/unit/composables/useNotifications.test.ts[2m > [22museNotifications Composable[2m > [22m刪除通知[2m > [22m刪除未讀通知應該減少未讀計數[32m 2[2mms[22m[39m
 [32m✓[39m [30m[45m makanmakan-kitchen-display [49m[39m src/__tests__/unit/composables/useNotifications.test.ts[2m > [22museNotifications Composable[2m > [22m刪除通知[2m > [22m刪除已讀通知不應該影響未讀計數[32m 1[2mms[22m[39m
 [32m✓[39m [30m[45m makanmakan-kitchen-display [49m[39m src/__tests__/unit/composables/useNotifications.test.ts[2m > [22museNotifications Composable[2m > [22m刪除通知[2m > [22m應該清空所有通知[32m 2[2mms[22m[39m
 [32m✓[39m [30m[45m makanmakan-kitchen-display [49m[39m src/__tests__/unit/composables/useNotifications.test.ts[2m > [22museNotifications Composable[2m > [22m刪除通知[2m > [22m應該只清空已讀通知[32m 2[2mms[22m[39m
 [32m✓[39m [30m[45m makanmakan-kitchen-display [49m[39m src/__tests__/unit/composables/useNotifications.test.ts[2m > [22museNotifications Composable[2m > [22m音效設置[2m > [22m應該更新音效設置[32m 1[2mms[22m[39m
 [32m✓[39m [30m[45m makanmakan-kitchen-display [49m[39m src/__tests__/unit/composables/useNotifications.test.ts[2m > [22museNotifications Composable[2m > [22m音效設置[2m > [22m應該啟用/停用音效[32m 1[2mms[22m[39m
 [32m✓[39m [30m[45m makanmakan-kitchen-display [49m[39m src/__tests__/unit/composables/useNotifications.test.ts[2m > [22museNotifications Composable[2m > [22m音效設置[2m > [22m更新音效設置不應該影響其他屬性[32m 1[2mms[22m[39m
 [32m✓[39m [30m[45m makanmakan-kitchen-display [49m[39m src/__tests__/unit/composables/useNotifications.test.ts[2m > [22museNotifications Composable[2m > [22m過濾和查詢[2m > [22m應該按類型過濾通知[32m 1[2mms[22m[39m
 [32m✓[39m [30m[45m makanmakan-kitchen-display [49m[39m src/__tests__/unit/composables/useNotifications.test.ts[2m > [22museNotifications Composable[2m > [22m過濾和查詢[2m > [22m應該按優先級過濾通知[32m 2[2mms[22m[39m
[90mstdout[2m | src/features/group-orders/__tests__/e2e.test.ts[2m > [22m[2mGroup Orders E2E Tests[2m > [22m[2mPOST /api/v1/orders/group/:groupOrderId/leave/:memberId - Leave Group[2m > [22m[2mshould allow member to leave group successfully
[22m[39m[SharedMockDB] EXEC executed successfully

[90mstdout[2m | src/features/group-orders/__tests__/e2e.test.ts[2m > [22m[2mGroup Orders E2E Tests[2m > [22m[2mPOST /api/v1/orders/group/:groupOrderId/leave/:memberId - Leave Group[2m > [22m[2mshould allow member to leave group successfully
[22m[39m[SharedMockDB] EXEC executed successfully

[90mstdout[2m | src/features/group-orders/__tests__/e2e.test.ts[2m > [22m[2mGroup Orders E2E Tests[2m > [22m[2mPOST /api/v1/orders/group/:groupOrderId/leave/:memberId - Leave Group[2m > [22m[2mshould allow member to leave group successfully
[22m[39m[SharedMockDB] EXEC executed successfully

[90mstdout[2m | src/features/group-orders/__tests__/e2e.test.ts[2m > [22m[2mGroup Orders E2E Tests[2m > [22m[2mPOST /api/v1/orders/group/:groupOrderId/leave/:memberId - Leave Group[2m > [22m[2mshould allow member to leave group successfully
[22m[39m[SharedMockDB] EXEC executed successfully

[90mstdout[2m | src/features/group-orders/__tests__/e2e.test.ts[2m > [22m[2mGroup Orders E2E Tests[2m > [22m[2mPOST /api/v1/orders/group/:groupOrderId/leave/:memberId - Leave Group[2m > [22m[2mshould allow member to leave group successfully
[22m[39m[SharedMockDB] EXEC executed successfully

[90mstdout[2m | src/features/group-orders/__tests__/e2e.test.ts[2m > [22m[2mGroup Orders E2E Tests[2m > [22m[2mPOST /api/v1/orders/group/:groupOrderId/leave/:memberId - Leave Group[2m > [22m[2mshould allow member to leave group successfully
[22m[39m[API_V1] POST /api/v1/orders/group/create

[90mstdout[2m | src/features/group-orders/__tests__/e2e.test.ts[2m > [22m[2mGroup Orders E2E Tests[2m > [22m[2mPOST /api/v1/orders/group/:groupOrderId/leave/:memberId - Leave Group[2m > [22m[2mshould allow member to leave group successfully
[22m[39m[group-orders] Creating group order { restaurantId: [33m1[39m, hostId: [33m2[39m }
[SharedMockDB] RUN executed: {
  sql: [32m'\n'[39m +
    [32m'        INSERT INTO group_orders (\n'[39m +
    [32m'          id, restaurant_id, table_id, share_code, created_by,\n'[39m +
    [32m' '[39m,
  changes: [33m1[39m,
  lastInsertRowid: [33m1[39m
}

[90mstdout[2m | src/features/group-orders/__tests__/e2e.test.ts[2m > [22m[2mGroup Orders E2E Tests[2m > [22m[2mPOST /api/v1/orders/group/:groupOrderId/leave/:memberId - Leave Group[2m > [22m[2mshould allow member to leave group successfully
[22m[39m[SharedMockDB] RUN executed: {
  sql: [32m'\n'[39m +
    [32m'        INSERT INTO group_members (\n'[39m +
    [32m'          id, group_order_id, session_id, name, role,\n'[39m +
    [32m'         '[39m,
  changes: [33m1[39m,
  lastInsertRowid: [33m1[39m
}

[90mstdout[2m | src/features/group-orders/__tests__/e2e.test.ts[2m > [22m[2mGroup Orders E2E Tests[2m > [22m[2mPOST /api/v1/orders/group/:groupOrderId/leave/:memberId - Leave Group[2m > [22m[2mshould allow member to leave group successfully
[22m[39m[SharedMockDB] RUN executed: {
  sql: [32m'\n'[39m +
    [32m'      INSERT INTO group_activity_logs (\n'[39m +
    [32m'        id, group_order_id, member_id, action, description,'[39m,
  changes: [33m1[39m,
  lastInsertRowid: [33m1[39m
}

[90mstdout[2m | src/features/group-orders/__tests__/e2e.test.ts[2m > [22m[2mGroup Orders E2E Tests[2m > [22m[2mPOST /api/v1/orders/group/:groupOrderId/leave/:memberId - Leave Group[2m > [22m[2mshould allow member to leave group successfully
[22m[39m[SharedMockDB] FIRST executed: {
  sql: [32m'\n        SELECT * FROM group_members WHERE id = ?\n      '[39m,
  hasResult: [33mtrue[39m
}

[90mstdout[2m | src/features/group-orders/__tests__/e2e.test.ts[2m > [22m[2mGroup Orders E2E Tests[2m > [22m[2mPOST /api/v1/orders/group/:groupOrderId/leave/:memberId - Leave Group[2m > [22m[2mshould allow member to leave group successfully
[22m[39m[group-orders] Group order created successfully {
  groupOrderId: [32m'11d21394-812d-4ed2-bc54-56a1409c2420'[39m,
  shareCode: [32m'9KYP97WY'[39m
}
[group-orders] createGroupOrder took 4ms

 [31m×[39m [30m[42m @makanmakan/api [49m[39m src/features/group-orders/__tests__/e2e.test.ts[2m > [22mGroup Orders E2E Tests[2m > [22mPOST /api/v1/orders/group/:groupOrderId/payment/:memberId - Process Payment[2m > [22mshould reject payment without valid payment method[33m 10025[2mms[22m[39m
[31m   → Hook timed out in 10000ms.
If this is a long-running hook, pass a timeout value as the last argument or configure it globally with "hookTimeout".[39m
 [32m✓[39m [30m[45m makanmakan-kitchen-display [49m[39m src/__tests__/unit/composables/useNotifications.test.ts[2m > [22museNotifications Composable[2m > [22m過濾和查詢[2m > [22m應該獲取未讀通知[32m 18[2mms[22m[39m
 [32m✓[39m [30m[45m makanmakan-kitchen-display [49m[39m src/__tests__/unit/composables/useNotifications.test.ts[2m > [22museNotifications Composable[2m > [22m過濾和查詢[2m > [22m應該獲取最近的通知[32m 4[2mms[22m[39m
 [32m✓[39m [30m[45m makanmakan-kitchen-display [49m[39m src/__tests__/unit/composables/useNotifications.test.ts[2m > [22museNotifications Composable[2m > [22m過濾和查詢[2m > [22m應該處理空結果[32m 3[2mms[22m[39m
 [32m✓[39m [30m[45m makanmakan-kitchen-display [49m[39m src/__tests__/unit/composables/useNotifications.test.ts[2m > [22museNotifications Composable[2m > [22m響應式[2m > [22mnotifications 應該是響應式的[32m 4[2mms[22m[39m
 [32m✓[39m [30m[45m makanmakan-kitchen-display [49m[39m src/__tests__/unit/composables/useNotifications.test.ts[2m > [22museNotifications Composable[2m > [22m響應式[2m > [22munreadCount 應該是響應式的[32m 2[2mms[22m[39m
 [32m✓[39m [30m[45m makanmakan-kitchen-display [49m[39m src/__tests__/unit/composables/useNotifications.test.ts[2m > [22museNotifications Composable[2m > [22m響應式[2m > [22msoundSettings 應該是響應式的[32m 1[2mms[22m[39m
 [32m✓[39m [30m[45m makanmakan-kitchen-display [49m[39m src/__tests__/unit/composables/useNotifications.test.ts[2m > [22museNotifications Composable[2m > [22m邊界情況[2m > [22m應該處理大量通知[33m 732[2mms[22m[39m
 [32m✓[39m [30m[45m makanmakan-kitchen-display [49m[39m src/__tests__/unit/composables/useNotifications.test.ts[2m > [22museNotifications Composable[2m > [22m邊界情況[2m > [22m應該處理特殊字符[32m 2[2mms[22m[39m
 [32m✓[39m [30m[45m makanmakan-kitchen-display [49m[39m src/__tests__/unit/composables/useNotifications.test.ts[2m > [22museNotifications Composable[2m > [22m邊界情況[2m > [22m未讀計數不應該低於 0[32m 1[2mms[22m[39m
[90mstderr[2m | src/components/orders/__tests__/OrderCard.test.ts[2m > [22m[2mOrderCard Component[2m > [22m[2mOrder Display[2m > [22m[2mshould render order number and table name
[22m[39m[Vue warn]: Missing required prop: "statusType" 
  at <OrderCard order= {
  id: [32m'order-001'[39m,
  orderNumber: [32m'ORD-001'[39m,
  tableName: [32m'T1'[39m,
  customerName: [32m'張三'[39m,
  status: [33m1[39m,
  priority: [32m'normal'[39m,
  createdAt: [32m'2025-11-16T16:53:35.700Z'[39m,
  elapsedTime: [33m0[39m,
  estimatedTime: [33m15[39m,
  items: [
    {
      id: [32m'item-001'[39m,
      name: [32m'宮保雞丁'[39m,
      quantity: [33m2[39m,
      status: [32m'pending'[39m,
      notes: [32m''[39m,
      customizations: [],
      estimatedTime: [33m15[39m
    }
  ]
} ref="VTU_COMPONENT" > 
  at <VTUROOT>

[90mstderr[2m | src/components/orders/__tests__/OrderCard.test.ts[2m > [22m[2mOrderCard Component[2m > [22m[2mOrder Display[2m > [22m[2mshould display customer name when provided and enabled
[22m[39m[Vue warn]: Missing required prop: "statusType" 
  at <OrderCard order= {
  id: [32m'order-001'[39m,
  orderNumber: [32m'ORD-001'[39m,
  tableName: [32m'T1'[39m,
  customerName: [32m'李四'[39m,
  status: [33m1[39m,
  priority: [32m'normal'[39m,
  createdAt: [32m'2025-11-16T16:53:35.885Z'[39m,
  elapsedTime: [33m0[39m,
  estimatedTime: [33m15[39m,
  items: [
    {
      id: [32m'item-001'[39m,
      name: [32m'宮保雞丁'[39m,
      quantity: [33m2[39m,
      status: [32m'pending'[39m,
      notes: [32m''[39m,
      customizations: [],
      estimatedTime: [33m15[39m
    }
  ]
} showCustomerNames=true ref="VTU_COMPONENT" > 
  at <VTUROOT>

[90mstderr[2m | src/components/orders/__tests__/OrderCard.test.ts[2m > [22m[2mOrderCard Component[2m > [22m[2mOrder Display[2m > [22m[2mshould hide customer name when showCustomerNames is false
[22m[39m[Vue warn]: Missing required prop: "statusType" 
  at <OrderCard order= {
  id: [32m'order-001'[39m,
  orderNumber: [32m'ORD-001'[39m,
  tableName: [32m'T1'[39m,
  customerName: [32m'王五'[39m,
  status: [33m1[39m,
  priority: [32m'normal'[39m,
  createdAt: [32m'2025-11-16T16:53:35.895Z'[39m,
  elapsedTime: [33m0[39m,
  estimatedTime: [33m15[39m,
  items: [
    {
      id: [32m'item-001'[39m,
      name: [32m'宮保雞丁'[39m,
      quantity: [33m2[39m,
      status: [32m'pending'[39m,
      notes: [32m''[39m,
      customizations: [],
      estimatedTime: [33m15[39m
    }
  ]
} showCustomerNames=false ref="VTU_COMPONENT" > 
  at <VTUROOT>

[90mstderr[2m | src/components/orders/__tests__/OrderCard.test.ts[2m > [22m[2mOrderCard Component[2m > [22m[2mOrder Display[2m > [22m[2mshould display all order items
[22m[39m[Vue warn]: Missing required prop: "statusType" 
  at <OrderCard order= {
  id: [32m'order-001'[39m,
  orderNumber: [32m'ORD-001'[39m,
  tableName: [32m'T1'[39m,
  customerName: [32m'張三'[39m,
  status: [33m1[39m,
  priority: [32m'normal'[39m,
  createdAt: [32m'2025-11-16T16:53:35.906Z'[39m,
  elapsedTime: [33m0[39m,
  estimatedTime: [33m15[39m,
  items: [
    {
      id: [32m'1'[39m,
      name: [32m'炒飯'[39m,
      quantity: [33m1[39m,
      status: [32m'pending'[39m,
      estimatedTime: [33m10[39m
    },
    {
      id: [32m'2'[39m,
      name: [32m'炒麵'[39m,
      quantity: [33m2[39m,
      status: [32m'pending'[39m,
      estimatedTime: [33m12[39m
    },
    {
      id: [32m'3'[39m,
      name: [32m'湯'[39m,
      quantity: [33m1[39m,
      status: [32m'pending'[39m,
      estimatedTime: [33m5[39m
    }
  ]
} ref="VTU_COMPONENT" > 
  at <VTUROOT>

[90mstderr[2m | src/components/orders/__tests__/OrderCard.test.ts[2m > [22m[2mOrderCard Component[2m > [22m[2mOrder Display[2m > [22m[2mshould display item notes when present
[22m[39m[Vue warn]: Missing required prop: "statusType" 
  at <OrderCard order= {
  id: [32m'order-001'[39m,
  orderNumber: [32m'ORD-001'[39m,
  tableName: [32m'T1'[39m,
  customerName: [32m'張三'[39m,
  status: [33m1[39m,
  priority: [32m'normal'[39m,
  createdAt: [32m'2025-11-16T16:53:35.915Z'[39m,
  elapsedTime: [33m0[39m,
  estimatedTime: [33m15[39m,
  items: [
    {
      id: [32m'1'[39m,
      name: [32m'炒飯'[39m,
      quantity: [33m1[39m,
      status: [32m'pending'[39m,
      notes: [32m'不要蔥'[39m,
      estimatedTime: [33m10[39m
    }
  ]
} ref="VTU_COMPONENT" > 
  at <VTUROOT>

[90mstderr[2m | src/components/orders/__tests__/OrderCard.test.ts[2m > [22m[2mOrderCard Component[2m > [22m[2mOrder Display[2m > [22m[2mshould display item customizations
[22m[39m[Vue warn]: Missing required prop: "statusType" 
  at <OrderCard order= {
  id: [32m'order-001'[39m,
  orderNumber: [32m'ORD-001'[39m,
  tableName: [32m'T1'[39m,
  customerName: [32m'張三'[39m,
  status: [33m1[39m,
  priority: [32m'normal'[39m,
  createdAt: [32m'2025-11-16T16:53:35.927Z'[39m,
  elapsedTime: [33m0[39m,
  estimatedTime: [33m15[39m,
  items: [
    {
      id: [32m'1'[39m,
      name: [32m'炒飯'[39m,
      quantity: [33m1[39m,
      status: [32m'pending'[39m,
      customizations: [36m[Array][39m,
      estimatedTime: [33m10[39m
    }
  ]
} ref="VTU_COMPONENT" > 
  at <VTUROOT>

[90mstderr[2m | src/components/orders/__tests__/OrderCard.test.ts[2m > [22m[2mOrderCard Component[2m > [22m[2mPriority Styling[2m > [22m[2mshould apply normal priority class
[22m[39m[Vue warn]: Missing required prop: "statusType" 
  at <OrderCard order= {
  id: [32m'order-001'[39m,
  orderNumber: [32m'ORD-001'[39m,
  tableName: [32m'T1'[39m,
  customerName: [32m'張三'[39m,
  status: [33m1[39m,
  priority: [32m'normal'[39m,
  createdAt: [32m'2025-11-16T16:53:35.937Z'[39m,
  elapsedTime: [33m0[39m,
  estimatedTime: [33m15[39m,
  items: [
    {
      id: [32m'item-001'[39m,
      name: [32m'宮保雞丁'[39m,
      quantity: [33m2[39m,
      status: [32m'pending'[39m,
      notes: [32m''[39m,
      customizations: [],
      estimatedTime: [33m15[39m
    }
  ]
} ref="VTU_COMPONENT" > 
  at <VTUROOT>

[90mstderr[2m | src/components/orders/__tests__/OrderCard.test.ts[2m > [22m[2mOrderCard Component[2m > [22m[2mPriority Styling[2m > [22m[2mshould apply urgent priority class and animation
[22m[39m[Vue warn]: Missing required prop: "statusType" 
  at <OrderCard order= {
  id: [32m'order-001'[39m,
  orderNumber: [32m'ORD-001'[39m,
  tableName: [32m'T1'[39m,
  customerName: [32m'張三'[39m,
  status: [33m1[39m,
  priority: [32m'urgent'[39m,
  createdAt: [32m'2025-11-16T16:53:35.944Z'[39m,
  elapsedTime: [33m0[39m,
  estimatedTime: [33m15[39m,
  items: [
    {
      id: [32m'item-001'[39m,
      name: [32m'宮保雞丁'[39m,
      quantity: [33m2[39m,
      status: [32m'pending'[39m,
      notes: [32m''[39m,
      customizations: [],
      estimatedTime: [33m15[39m
    }
  ]
} ref="VTU_COMPONENT" > 
  at <VTUROOT>

[90mstderr[2m | src/components/orders/__tests__/OrderCard.test.ts[2m > [22m[2mOrderCard Component[2m > [22m[2mPriority Styling[2m > [22m[2mshould display priority badge for urgent orders
[22m[39m[Vue warn]: Missing required prop: "statusType" 
  at <OrderCard order= {
  id: [32m'order-001'[39m,
  orderNumber: [32m'ORD-001'[39m,
  tableName: [32m'T1'[39m,
  customerName: [32m'張三'[39m,
  status: [33m1[39m,
  priority: [32m'urgent'[39m,
  createdAt: [32m'2025-11-16T16:53:35.958Z'[39m,
  elapsedTime: [33m0[39m,
  estimatedTime: [33m15[39m,
  items: [
    {
      id: [32m'item-001'[39m,
      name: [32m'宮保雞丁'[39m,
      quantity: [33m2[39m,
      status: [32m'pending'[39m,
      notes: [32m''[39m,
      customizations: [],
      estimatedTime: [33m15[39m
    }
  ]
} ref="VTU_COMPONENT" > 
  at <VTUROOT>

[90mstderr[2m | src/components/orders/__tests__/OrderCard.test.ts[2m > [22m[2mOrderCard Component[2m > [22m[2mTime Display[2m > [22m[2mshould display formatted elapsed time
[22m[39m[Vue warn]: Missing required prop: "statusType" 
  at <OrderCard order= {
  id: [32m'order-001'[39m,
  orderNumber: [32m'ORD-001'[39m,
  tableName: [32m'T1'[39m,
  customerName: [32m'張三'[39m,
  status: [33m1[39m,
  priority: [32m'normal'[39m,
  createdAt: [32m'2025-11-16T16:53:35.970Z'[39m,
  elapsedTime: [33m5[39m,
  estimatedTime: [33m15[39m,
  items: [
    {
      id: [32m'item-001'[39m,
      name: [32m'宮保雞丁'[39m,
      quantity: [33m2[39m,
      status: [32m'pending'[39m,
      notes: [32m''[39m,
      customizations: [],
      estimatedTime: [33m15[39m
    }
  ]
} ref="VTU_COMPONENT" > 
  at <VTUROOT>

[90mstderr[2m | src/components/orders/__tests__/OrderCard.test.ts[2m > [22m[2mOrderCard Component[2m > [22m[2mTime Display[2m > [22m[2mshould display creation time
[22m[39m[Vue warn]: Missing required prop: "statusType" 
  at <OrderCard order= {
  id: [32m'order-001'[39m,
  orderNumber: [32m'ORD-001'[39m,
  tableName: [32m'T1'[39m,
  customerName: [32m'張三'[39m,
  status: [33m1[39m,
  priority: [32m'normal'[39m,
  createdAt: [32m'2025-11-16T16:53:35.977Z'[39m,
  elapsedTime: [33m0[39m,
  estimatedTime: [33m15[39m,
  items: [
    {
      id: [32m'item-001'[39m,
      name: [32m'宮保雞丁'[39m,
      quantity: [33m2[39m,
      status: [32m'pending'[39m,
      notes: [32m''[39m,
      customizations: [],
      estimatedTime: [33m15[39m
    }
  ]
} ref="VTU_COMPONENT" > 
  at <VTUROOT>

 [31m×[39m [30m[45m makanmakan-kitchen-display [49m[39m src/components/orders/__tests__/OrderCard.test.ts[2m > [22mOrderCard Component[2m > [22mOrder Display[2m > [22mshould render order number and table name[32m 186[2mms[22m[39m
[31m   → [vitest] No "FireIcon" export is defined on the "@heroicons/vue/24/outline" mock. Did you forget to return it from "vi.mock"?
If you need to partially mock a module, you can use "importOriginal" helper inside:
[39m
 [31m×[39m [30m[45m makanmakan-kitchen-display [49m[39m src/components/orders/__tests__/OrderCard.test.ts[2m > [22mOrderCard Component[2m > [22mOrder Display[2m > [22mshould display customer name when provided and enabled[32m 10[2mms[22m[39m
[31m   → [vitest] No "FireIcon" export is defined on the "@heroicons/vue/24/outline" mock. Did you forget to return it from "vi.mock"?
If you need to partially mock a module, you can use "importOriginal" helper inside:
[39m
 [31m×[39m [30m[45m makanmakan-kitchen-display [49m[39m src/components/orders/__tests__/OrderCard.test.ts[2m > [22mOrderCard Component[2m > [22mOrder Display[2m > [22mshould hide customer name when showCustomerNames is false[32m 11[2mms[22m[39m
[31m   → [vitest] No "FireIcon" export is defined on the "@heroicons/vue/24/outline" mock. Did you forget to return it from "vi.mock"?
If you need to partially mock a module, you can use "importOriginal" helper inside:
[39m
 [31m×[39m [30m[45m makanmakan-kitchen-display [49m[39m src/components/orders/__tests__/OrderCard.test.ts[2m > [22mOrderCard Component[2m > [22mOrder Display[2m > [22mshould display all order items[32m 9[2mms[22m[39m
[31m   → [vitest] No "FireIcon" export is defined on the "@heroicons/vue/24/outline" mock. Did you forget to return it from "vi.mock"?
If you need to partially mock a module, you can use "importOriginal" helper inside:
[39m
 [31m×[39m [30m[45m makanmakan-kitchen-display [49m[39m src/components/orders/__tests__/OrderCard.test.ts[2m > [22mOrderCard Component[2m > [22mOrder Display[2m > [22mshould display item notes when present[32m 12[2mms[22m[39m
[31m   → [vitest] No "FireIcon" export is defined on the "@heroicons/vue/24/outline" mock. Did you forget to return it from "vi.mock"?
If you need to partially mock a module, you can use "importOriginal" helper inside:
[39m
 [31m×[39m [30m[45m makanmakan-kitchen-display [49m[39m src/components/orders/__tests__/OrderCard.test.ts[2m > [22mOrderCard Component[2m > [22mOrder Display[2m > [22mshould display item customizations[32m 9[2mms[22m[39m
[31m   → [vitest] No "FireIcon" export is defined on the "@heroicons/vue/24/outline" mock. Did you forget to return it from "vi.mock"?
If you need to partially mock a module, you can use "importOriginal" helper inside:
[39m
 [31m×[39m [30m[45m makanmakan-kitchen-display [49m[39m src/components/orders/__tests__/OrderCard.test.ts[2m > [22mOrderCard Component[2m > [22mPriority Styling[2m > [22mshould apply normal priority class[32m 8[2mms[22m[39m
[31m   → [vitest] No "FireIcon" export is defined on the "@heroicons/vue/24/outline" mock. Did you forget to return it from "vi.mock"?
If you need to partially mock a module, you can use "importOriginal" helper inside:
[39m
 [31m×[39m [30m[45m makanmakan-kitchen-display [49m[39m src/components/orders/__tests__/OrderCard.test.ts[2m > [22mOrderCard Component[2m > [22mPriority Styling[2m > [22mshould apply urgent priority class and animation[32m 13[2mms[22m[39m
[31m   → [vitest] No "FireIcon" export is defined on the "@heroicons/vue/24/outline" mock. Did you forget to return it from "vi.mock"?
If you need to partially mock a module, you can use "importOriginal" helper inside:
[39m
 [31m×[39m [30m[45m makanmakan-kitchen-display [49m[39m src/components/orders/__tests__/OrderCard.test.ts[2m > [22mOrderCard Component[2m > [22mPriority Styling[2m > [22mshould display priority badge for urgent orders[32m 12[2mms[22m[39m
[31m   → [vitest] No "FireIcon" export is defined on the "@heroicons/vue/24/outline" mock. Did you forget to return it from "vi.mock"?
If you need to partially mock a module, you can use "importOriginal" helper inside:
[39m
 [31m×[39m [30m[45m makanmakan-kitchen-display [49m[39m src/components/orders/__tests__/OrderCard.test.ts[2m > [22mOrderCard Component[2m > [22mTime Display[2m > [22mshould display formatted elapsed time[32m 7[2mms[22m[39m
[31m   → [vitest] No "FireIcon" export is defined on the "@heroicons/vue/24/outline" mock. Did you forget to return it from "vi.mock"?
If you need to partially mock a module, you can use "importOriginal" helper inside:
[39m
[90mstderr[2m | src/components/orders/__tests__/OrderCard.test.ts[2m > [22m[2mOrderCard Component[2m > [22m[2mTime Display[2m > [22m[2mshould apply warning color for long elapsed time
[22m[39m[Vue warn]: Missing required prop: "statusType" 
  at <OrderCard order= {
  id: [32m'order-001'[39m,
  orderNumber: [32m'ORD-001'[39m,
  tableName: [32m'T1'[39m,
  customerName: [32m'張三'[39m,
  status: [33m1[39m,
  priority: [32m'normal'[39m,
  createdAt: [32m'2025-11-16T16:53:36.001Z'[39m,
  elapsedTime: [33m25[39m,
  estimatedTime: [33m15[39m,
  items: [
    {
      id: [32m'item-001'[39m,
      name: [32m'宮保雞丁'[39m,
      quantity: [33m2[39m,
      status: [32m'pending'[39m,
      notes: [32m''[39m,
      customizations: [],
      estimatedTime: [33m15[39m
    }
  ]
} ref="VTU_COMPONENT" > 
  at <VTUROOT>

[90mstderr[2m | src/components/orders/__tests__/OrderCard.test.ts[2m > [22m[2mOrderCard Component[2m > [22m[2mTime Display[2m > [22m[2mshould display estimated time when enabled
[22m[39m[Vue warn]: Missing required prop: "statusType" 
  at <OrderCard order= {
  id: [32m'order-001'[39m,
  orderNumber: [32m'ORD-001'[39m,
  tableName: [32m'T1'[39m,
  customerName: [32m'張三'[39m,
  status: [33m1[39m,
  priority: [32m'normal'[39m,
  createdAt: [32m'2025-11-16T16:53:36.006Z'[39m,
  elapsedTime: [33m0[39m,
  estimatedTime: [33m15[39m,
  items: [
    {
      id: [32m'1'[39m,
      name: [32m'炒飯'[39m,
      quantity: [33m1[39m,
      status: [32m'pending'[39m,
      estimatedTime: [33m15[39m
    }
  ]
} showEstimatedTime=true ref="VTU_COMPONENT" > 
  at <VTUROOT>

[90mstderr[2m | src/components/orders/__tests__/OrderCard.test.ts[2m > [22m[2mOrderCard Component[2m > [22m[2mOrder Status[2m > [22m[2mshould apply correct class for pending status
[22m[39m[Vue warn]: Missing required prop: "statusType" 
  at <OrderCard order= {
  id: [32m'order-001'[39m,
  orderNumber: [32m'ORD-001'[39m,
  tableName: [32m'T1'[39m,
  customerName: [32m'張三'[39m,
  status: [33m1[39m,
  priority: [32m'normal'[39m,
  createdAt: [32m'2025-11-16T16:53:36.011Z'[39m,
  elapsedTime: [33m0[39m,
  estimatedTime: [33m15[39m,
  items: [
    {
      id: [32m'item-001'[39m,
      name: [32m'宮保雞丁'[39m,
      quantity: [33m2[39m,
      status: [32m'pending'[39m,
      notes: [32m''[39m,
      customizations: [],
      estimatedTime: [33m15[39m
    }
  ]
} ref="VTU_COMPONENT" > 
  at <VTUROOT>

[90mstderr[2m | src/components/orders/__tests__/OrderCard.test.ts[2m > [22m[2mOrderCard Component[2m > [22m[2mOrder Status[2m > [22m[2mshould apply correct class for preparing status
[22m[39m[Vue warn]: Missing required prop: "statusType" 
  at <OrderCard order= {
  id: [32m'order-001'[39m,
  orderNumber: [32m'ORD-001'[39m,
  tableName: [32m'T1'[39m,
  customerName: [32m'張三'[39m,
  status: [33m2[39m,
  priority: [32m'normal'[39m,
  createdAt: [32m'2025-11-16T16:53:36.019Z'[39m,
  elapsedTime: [33m0[39m,
  estimatedTime: [33m15[39m,
  items: [
    {
      id: [32m'item-001'[39m,
      name: [32m'宮保雞丁'[39m,
      quantity: [33m2[39m,
      status: [32m'pending'[39m,
      notes: [32m''[39m,
      customizations: [],
      estimatedTime: [33m15[39m
    }
  ]
} ref="VTU_COMPONENT" > 
  at <VTUROOT>

[90mstderr[2m | src/components/orders/__tests__/OrderCard.test.ts[2m > [22m[2mOrderCard Component[2m > [22m[2mOrder Status[2m > [22m[2mshould apply correct class for ready status
[22m[39m[Vue warn]: Missing required prop: "statusType" 
  at <OrderCard order= {
  id: [32m'order-001'[39m,
  orderNumber: [32m'ORD-001'[39m,
  tableName: [32m'T1'[39m,
  customerName: [32m'張三'[39m,
  status: [33m3[39m,
  priority: [32m'normal'[39m,
  createdAt: [32m'2025-11-16T16:53:36.029Z'[39m,
  elapsedTime: [33m0[39m,
  estimatedTime: [33m15[39m,
  items: [
    {
      id: [32m'item-001'[39m,
      name: [32m'宮保雞丁'[39m,
      quantity: [33m2[39m,
      status: [32m'pending'[39m,
      notes: [32m''[39m,
      customizations: [],
      estimatedTime: [33m15[39m
    }
  ]
} ref="VTU_COMPONENT" > 
  at <VTUROOT>

[90mstderr[2m | src/components/orders/__tests__/OrderCard.test.ts[2m > [22m[2mOrderCard Component[2m > [22m[2mOrder Status[2m > [22m[2mshould apply correct class for completed status
[22m[39m[Vue warn]: Missing required prop: "statusType" 
  at <OrderCard order= {
  id: [32m'order-001'[39m,
  orderNumber: [32m'ORD-001'[39m,
  tableName: [32m'T1'[39m,
  customerName: [32m'張三'[39m,
  status: [33m4[39m,
  priority: [32m'normal'[39m,
  createdAt: [32m'2025-11-16T16:53:36.034Z'[39m,
  elapsedTime: [33m0[39m,
  estimatedTime: [33m15[39m,
  items: [
    {
      id: [32m'item-001'[39m,
      name: [32m'宮保雞丁'[39m,
      quantity: [33m2[39m,
      status: [32m'pending'[39m,
      notes: [32m''[39m,
      customizations: [],
      estimatedTime: [33m15[39m
    }
  ]
} ref="VTU_COMPONENT" > 
  at <VTUROOT>

[90mstderr[2m | src/components/orders/__tests__/OrderCard.test.ts[2m > [22m[2mOrderCard Component[2m > [22m[2mItem Status[2m > [22m[2mshould show start button for pending items
[22m[39m[Vue warn]: Missing required prop: "statusType" 
  at <OrderCard order= {
  id: [32m'order-001'[39m,
  orderNumber: [32m'ORD-001'[39m,
  tableName: [32m'T1'[39m,
  customerName: [32m'張三'[39m,
  status: [33m1[39m,
  priority: [32m'normal'[39m,
  createdAt: [32m'2025-11-16T16:53:36.040Z'[39m,
  elapsedTime: [33m0[39m,
  estimatedTime: [33m15[39m,
  items: [
    {
      id: [32m'1'[39m,
      name: [32m'炒飯'[39m,
      quantity: [33m1[39m,
      status: [32m'pending'[39m,
      estimatedTime: [33m10[39m
    }
  ]
} ref="VTU_COMPONENT" > 
  at <VTUROOT>

[90mstderr[2m | src/components/orders/__tests__/OrderCard.test.ts[2m > [22m[2mOrderCard Component[2m > [22m[2mItem Status[2m > [22m[2mshould show complete button for preparing items
[22m[39m[Vue warn]: Missing required prop: "statusType" 
  at <OrderCard order= {
  id: [32m'order-001'[39m,
  orderNumber: [32m'ORD-001'[39m,
  tableName: [32m'T1'[39m,
  customerName: [32m'張三'[39m,
  status: [33m1[39m,
  priority: [32m'normal'[39m,
  createdAt: [32m'2025-11-16T16:53:36.045Z'[39m,
  elapsedTime: [33m0[39m,
  estimatedTime: [33m15[39m,
  items: [
    {
      id: [32m'1'[39m,
      name: [32m'炒飯'[39m,
      quantity: [33m1[39m,
      status: [32m'preparing'[39m,
      estimatedTime: [33m10[39m
    }
  ]
} ref="VTU_COMPONENT" > 
  at <VTUROOT>

[90mstderr[2m | src/components/orders/__tests__/OrderCard.test.ts[2m > [22m[2mOrderCard Component[2m > [22m[2mItem Status[2m > [22m[2mshould show checkmark for completed items
[22m[39m[Vue warn]: Missing required prop: "statusType" 
  at <OrderCard order= {
  id: [32m'order-001'[39m,
  orderNumber: [32m'ORD-001'[39m,
  tableName: [32m'T1'[39m,
  customerName: [32m'張三'[39m,
  status: [33m1[39m,
  priority: [32m'normal'[39m,
  createdAt: [32m'2025-11-16T16:53:36.050Z'[39m,
  elapsedTime: [33m0[39m,
  estimatedTime: [33m15[39m,
  items: [
    {
      id: [32m'1'[39m,
      name: [32m'炒飯'[39m,
      quantity: [33m1[39m,
      status: [32m'ready'[39m,
      estimatedTime: [33m10[39m
    }
  ]
} ref="VTU_COMPONENT" > 
  at <VTUROOT>

[90mstderr[2m | src/components/orders/__tests__/OrderCard.test.ts[2m > [22m[2mOrderCard Component[2m > [22m[2mUser Interactions[2m > [22m[2mshould emit start-cooking event when start button clicked
[22m[39m[Vue warn]: Missing required prop: "statusType" 
  at <OrderCard order= {
  id: [32m'order-001'[39m,
  orderNumber: [32m'ORD-001'[39m,
  tableName: [32m'T1'[39m,
  customerName: [32m'張三'[39m,
  status: [33m1[39m,
  priority: [32m'normal'[39m,
  createdAt: [32m'2025-11-16T16:53:36.055Z'[39m,
  elapsedTime: [33m0[39m,
  estimatedTime: [33m15[39m,
  items: [
    {
      id: [32m'1'[39m,
      name: [32m'炒飯'[39m,
      quantity: [33m1[39m,
      status: [32m'pending'[39m,
      estimatedTime: [33m10[39m
    }
  ]
} ref="VTU_COMPONENT" > 
  at <VTUROOT>

[90mstderr[2m | src/components/orders/__tests__/OrderCard.test.ts[2m > [22m[2mOrderCard Component[2m > [22m[2mUser Interactions[2m > [22m[2mshould emit mark-ready event when complete button clicked
[22m[39m[Vue warn]: Missing required prop: "statusType" 
  at <OrderCard order= {
  id: [32m'order-001'[39m,
  orderNumber: [32m'ORD-001'[39m,
  tableName: [32m'T1'[39m,
  customerName: [32m'張三'[39m,
  status: [33m1[39m,
  priority: [32m'normal'[39m,
  createdAt: [32m'2025-11-16T16:53:36.061Z'[39m,
  elapsedTime: [33m0[39m,
  estimatedTime: [33m15[39m,
  items: [
    {
      id: [32m'1'[39m,
      name: [32m'炒飯'[39m,
      quantity: [33m1[39m,
      status: [32m'preparing'[39m,
      estimatedTime: [33m10[39m
    }
  ]
} ref="VTU_COMPONENT" > 
  at <VTUROOT>

[90mstderr[2m | src/components/orders/__tests__/OrderCard.test.ts[2m > [22m[2mOrderCard Component[2m > [22m[2mUser Interactions[2m > [22m[2mshould emit order-complete event when all items ready
[22m[39m[Vue warn]: Missing required prop: "statusType" 
  at <OrderCard order= {
  id: [32m'order-001'[39m,
  orderNumber: [32m'ORD-001'[39m,
  tableName: [32m'T1'[39m,
  customerName: [32m'張三'[39m,
  status: [33m1[39m,
  priority: [32m'normal'[39m,
  createdAt: [32m'2025-11-16T16:53:36.067Z'[39m,
  elapsedTime: [33m0[39m,
  estimatedTime: [33m15[39m,
  items: [
    {
      id: [32m'1'[39m,
      name: [32m'炒飯'[39m,
      quantity: [33m1[39m,
      status: [32m'ready'[39m,
      estimatedTime: [33m10[39m
    }
  ]
} ref="VTU_COMPONENT" > 
  at <VTUROOT>

[90mstderr[2m | src/components/orders/__tests__/OrderCard.test.ts[2m > [22m[2mOrderCard Component[2m > [22m[2mEmpty States[2m > [22m[2mshould handle order with no items
[22m[39m[Vue warn]: Missing required prop: "statusType" 
  at <OrderCard order= {
  id: [32m'order-001'[39m,
  orderNumber: [32m'ORD-001'[39m,
  tableName: [32m'T1'[39m,
  customerName: [32m'張三'[39m,
  status: [33m1[39m,
  priority: [32m'normal'[39m,
  createdAt: [32m'2025-11-16T16:53:36.073Z'[39m,
  elapsedTime: [33m0[39m,
  estimatedTime: [33m15[39m,
  items: []
} ref="VTU_COMPONENT" > 
  at <VTUROOT>

[90mstderr[2m | src/components/orders/__tests__/OrderCard.test.ts[2m > [22m[2mOrderCard Component[2m > [22m[2mEmpty States[2m > [22m[2mshould handle missing customer name
[22m[39m[Vue warn]: Missing required prop: "statusType" 
  at <OrderCard order= {
  id: [32m'order-001'[39m,
  orderNumber: [32m'ORD-001'[39m,
  tableName: [32m'T1'[39m,
  customerName: [90mundefined[39m,
  status: [33m1[39m,
  priority: [32m'normal'[39m,
  createdAt: [32m'2025-11-16T16:53:36.078Z'[39m,
  elapsedTime: [33m0[39m,
  estimatedTime: [33m15[39m,
  items: [
    {
      id: [32m'item-001'[39m,
      name: [32m'宮保雞丁'[39m,
      quantity: [33m2[39m,
      status: [32m'pending'[39m,
      notes: [32m''[39m,
      customizations: [],
      estimatedTime: [33m15[39m
    }
  ]
} showCustomerNames=true ref="VTU_COMPONENT" > 
  at <VTUROOT>

[90mstderr[2m | src/components/orders/__tests__/OrderCard.test.ts[2m > [22m[2mOrderCard Component[2m > [22m[2mEmpty States[2m > [22m[2mshould handle missing estimated time
[22m[39m[Vue warn]: Missing required prop: "statusType" 
  at <OrderCard order= {
  id: [32m'order-001'[39m,
  orderNumber: [32m'ORD-001'[39m,
  tableName: [32m'T1'[39m,
  customerName: [32m'張三'[39m,
  status: [33m1[39m,
  priority: [32m'normal'[39m,
  createdAt: [32m'2025-11-16T16:53:36.083Z'[39m,
  elapsedTime: [33m0[39m,
  estimatedTime: [33m15[39m,
  items: [ { id: [32m'1'[39m, name: [32m'炒飯'[39m, quantity: [33m1[39m, status: [32m'pending'[39m } ]
} showEstimatedTime=true ref="VTU_COMPONENT" > 
  at <VTUROOT>

[90mstderr[2m | src/components/orders/__tests__/OrderCard.test.ts[2m > [22m[2mOrderCard Component[2m > [22m[2mProps Validation[2m > [22m[2mshould accept valid order prop
[22m[39m[Vue warn]: Missing required prop: "statusType" 
  at <OrderCard order= {
  id: [32m'order-001'[39m,
  orderNumber: [32m'ORD-001'[39m,
  tableName: [32m'T1'[39m,
  customerName: [32m'張三'[39m,
  status: [33m1[39m,
  priority: [32m'normal'[39m,
  createdAt: [32m'2025-11-16T16:53:36.089Z'[39m,
  elapsedTime: [33m0[39m,
  estimatedTime: [33m15[39m,
  items: [
    {
      id: [32m'item-001'[39m,
      name: [32m'宮保雞丁'[39m,
      quantity: [33m2[39m,
      status: [32m'pending'[39m,
      notes: [32m''[39m,
      customizations: [],
      estimatedTime: [33m15[39m
    }
  ]
} ref="VTU_COMPONENT" > 
  at <VTUROOT>

[90mstderr[2m | src/components/orders/__tests__/OrderCard.test.ts[2m > [22m[2mOrderCard Component[2m > [22m[2mProps Validation[2m > [22m[2mshould use default values for optional props
[22m[39m[Vue warn]: Missing required prop: "statusType" 
  at <OrderCard order= {
  id: [32m'order-001'[39m,
  orderNumber: [32m'ORD-001'[39m,
  tableName: [32m'T1'[39m,
  customerName: [32m'張三'[39m,
  status: [33m1[39m,
  priority: [32m'normal'[39m,
  createdAt: [32m'2025-11-16T16:53:36.094Z'[39m,
  elapsedTime: [33m0[39m,
  estimatedTime: [33m15[39m,
  items: [
    {
      id: [32m'item-001'[39m,
      name: [32m'宮保雞丁'[39m,
      quantity: [33m2[39m,
      status: [32m'pending'[39m,
      notes: [32m''[39m,
      customizations: [],
      estimatedTime: [33m15[39m
    }
  ]
} ref="VTU_COMPONENT" > 
  at <VTUROOT>

 [31m×[39m [30m[45m makanmakan-kitchen-display [49m[39m src/components/orders/__tests__/OrderCard.test.ts[2m > [22mOrderCard Component[2m > [22mTime Display[2m > [22mshould display creation time[32m 24[2mms[22m[39m
[31m   → [vitest] No "FireIcon" export is defined on the "@heroicons/vue/24/outline" mock. Did you forget to return it from "vi.mock"?
If you need to partially mock a module, you can use "importOriginal" helper inside:
[39m
 [31m×[39m [30m[45m makanmakan-kitchen-display [49m[39m src/components/orders/__tests__/OrderCard.test.ts[2m > [22mOrderCard Component[2m > [22mTime Display[2m > [22mshould apply warning color for long elapsed time[32m 5[2mms[22m[39m
[31m   → [vitest] No "FireIcon" export is defined on the "@heroicons/vue/24/outline" mock. Did you forget to return it from "vi.mock"?
If you need to partially mock a module, you can use "importOriginal" helper inside:
[39m
 [31m×[39m [30m[45m makanmakan-kitchen-display [49m[39m src/components/orders/__tests__/OrderCard.test.ts[2m > [22mOrderCard Component[2m > [22mTime Display[2m > [22mshould display estimated time when enabled[32m 5[2mms[22m[39m
[31m   → [vitest] No "FireIcon" export is defined on the "@heroicons/vue/24/outline" mock. Did you forget to return it from "vi.mock"?
If you need to partially mock a module, you can use "importOriginal" helper inside:
[39m
 [31m×[39m [30m[45m makanmakan-kitchen-display [49m[39m src/components/orders/__tests__/OrderCard.test.ts[2m > [22mOrderCard Component[2m > [22mOrder Status[2m > [22mshould apply correct class for pending status[32m 7[2mms[22m[39m
[31m   → [vitest] No "FireIcon" export is defined on the "@heroicons/vue/24/outline" mock. Did you forget to return it from "vi.mock"?
If you need to partially mock a module, you can use "importOriginal" helper inside:
[39m
 [31m×[39m [30m[45m makanmakan-kitchen-display [49m[39m src/components/orders/__tests__/OrderCard.test.ts[2m > [22mOrderCard Component[2m > [22mOrder Status[2m > [22mshould apply correct class for preparing status[32m 10[2mms[22m[39m
[31m   → [vitest] No "FireIcon" export is defined on the "@heroicons/vue/24/outline" mock. Did you forget to return it from "vi.mock"?
If you need to partially mock a module, you can use "importOriginal" helper inside:
[39m
 [31m×[39m [30m[45m makanmakan-kitchen-display [49m[39m src/components/orders/__tests__/OrderCard.test.ts[2m > [22mOrderCard Component[2m > [22mOrder Status[2m > [22mshould apply correct class for ready status[32m 5[2mms[22m[39m
[31m   → [vitest] No "FireIcon" export is defined on the "@heroicons/vue/24/outline" mock. Did you forget to return it from "vi.mock"?
If you need to partially mock a module, you can use "importOriginal" helper inside:
[39m
 [31m×[39m [30m[45m makanmakan-kitchen-display [49m[39m src/components/orders/__tests__/OrderCard.test.ts[2m > [22mOrderCard Component[2m > [22mOrder Status[2m > [22mshould apply correct class for completed status[32m 5[2mms[22m[39m
[31m   → [vitest] No "FireIcon" export is defined on the "@heroicons/vue/24/outline" mock. Did you forget to return it from "vi.mock"?
If you need to partially mock a module, you can use "importOriginal" helper inside:
[39m
 [31m×[39m [30m[45m makanmakan-kitchen-display [49m[39m src/components/orders/__tests__/OrderCard.test.ts[2m > [22mOrderCard Component[2m > [22mItem Status[2m > [22mshould show start button for pending items[32m 6[2mms[22m[39m
[31m   → [vitest] No "FireIcon" export is defined on the "@heroicons/vue/24/outline" mock. Did you forget to return it from "vi.mock"?
If you need to partially mock a module, you can use "importOriginal" helper inside:
[39m
 [31m×[39m [30m[45m makanmakan-kitchen-display [49m[39m src/components/orders/__tests__/OrderCard.test.ts[2m > [22mOrderCard Component[2m > [22mItem Status[2m > [22mshould show complete button for preparing items[32m 5[2mms[22m[39m
[31m   → [vitest] No "FireIcon" export is defined on the "@heroicons/vue/24/outline" mock. Did you forget to return it from "vi.mock"?
If you need to partially mock a module, you can use "importOriginal" helper inside:
[39m
 [31m×[39m [30m[45m makanmakan-kitchen-display [49m[39m src/components/orders/__tests__/OrderCard.test.ts[2m > [22mOrderCard Component[2m > [22mItem Status[2m > [22mshould show checkmark for completed items[32m 5[2mms[22m[39m
[31m   → [vitest] No "FireIcon" export is defined on the "@heroicons/vue/24/outline" mock. Did you forget to return it from "vi.mock"?
If you need to partially mock a module, you can use "importOriginal" helper inside:
[39m
 [31m×[39m [30m[45m makanmakan-kitchen-display [49m[39m src/components/orders/__tests__/OrderCard.test.ts[2m > [22mOrderCard Component[2m > [22mUser Interactions[2m > [22mshould emit start-cooking event when start button clicked[32m 5[2mms[22m[39m
[31m   → [vitest] No "FireIcon" export is defined on the "@heroicons/vue/24/outline" mock. Did you forget to return it from "vi.mock"?
If you need to partially mock a module, you can use "importOriginal" helper inside:
[39m
 [31m×[39m [30m[45m makanmakan-kitchen-display [49m[39m src/components/orders/__tests__/OrderCard.test.ts[2m > [22mOrderCard Component[2m > [22mUser Interactions[2m > [22mshould emit mark-ready event when complete button clicked[32m 6[2mms[22m[39m
[31m   → [vitest] No "FireIcon" export is defined on the "@heroicons/vue/24/outline" mock. Did you forget to return it from "vi.mock"?
If you need to partially mock a module, you can use "importOriginal" helper inside:
[39m
 [31m×[39m [30m[45m makanmakan-kitchen-display [49m[39m src/components/orders/__tests__/OrderCard.test.ts[2m > [22mOrderCard Component[2m > [22mUser Interactions[2m > [22mshould emit order-complete event when all items ready[32m 5[2mms[22m[39m
[31m   → [vitest] No "FireIcon" export is defined on the "@heroicons/vue/24/outline" mock. Did you forget to return it from "vi.mock"?
If you need to partially mock a module, you can use "importOriginal" helper inside:
[39m
 [31m×[39m [30m[45m makanmakan-kitchen-display [49m[39m src/components/orders/__tests__/OrderCard.test.ts[2m > [22mOrderCard Component[2m > [22mEmpty States[2m > [22mshould handle order with no items[32m 5[2mms[22m[39m
[31m   → [vitest] No "EyeIcon" export is defined on the "@heroicons/vue/24/outline" mock. Did you forget to return it from "vi.mock"?
If you need to partially mock a module, you can use "importOriginal" helper inside:
[39m
 [31m×[39m [30m[45m makanmakan-kitchen-display [49m[39m src/components/orders/__tests__/OrderCard.test.ts[2m > [22mOrderCard Component[2m > [22mEmpty States[2m > [22mshould handle missing customer name[32m 5[2mms[22m[39m
[31m   → [vitest] No "FireIcon" export is defined on the "@heroicons/vue/24/outline" mock. Did you forget to return it from "vi.mock"?
If you need to partially mock a module, you can use "importOriginal" helper inside:
[39m
 [31m×[39m [30m[45m makanmakan-kitchen-display [49m[39m src/components/orders/__tests__/OrderCard.test.ts[2m > [22mOrderCard Component[2m > [22mEmpty States[2m > [22mshould handle missing estimated time[32m 5[2mms[22m[39m
[31m   → [vitest] No "FireIcon" export is defined on the "@heroicons/vue/24/outline" mock. Did you forget to return it from "vi.mock"?
If you need to partially mock a module, you can use "importOriginal" helper inside:
[39m
 [31m×[39m [30m[45m makanmakan-kitchen-display [49m[39m src/components/orders/__tests__/OrderCard.test.ts[2m > [22mOrderCard Component[2m > [22mProps Validation[2m > [22mshould accept valid order prop[32m 5[2mms[22m[39m
[31m   → [vitest] No "FireIcon" export is defined on the "@heroicons/vue/24/outline" mock. Did you forget to return it from "vi.mock"?
If you need to partially mock a module, you can use "importOriginal" helper inside:
[39m
[90mstderr[2m | src/components/orders/__tests__/OrderCard.test.ts[2m > [22m[2mOrderCard Component[2m > [22m[2mComputed Properties[2m > [22m[2mshould determine correct status type
[22m[39m[Vue warn]: Missing required prop: "statusType" 
  at <OrderCard order= {
  id: [32m'order-001'[39m,
  orderNumber: [32m'ORD-001'[39m,
  tableName: [32m'T1'[39m,
  customerName: [32m'張三'[39m,
  status: [33m1[39m,
  priority: [32m'normal'[39m,
  createdAt: [32m'2025-11-16T16:53:36.108Z'[39m,
  elapsedTime: [33m0[39m,
  estimatedTime: [33m15[39m,
  items: [
    {
      id: [32m'item-001'[39m,
      name: [32m'宮保雞丁'[39m,
      quantity: [33m2[39m,
      status: [32m'pending'[39m,
      notes: [32m''[39m,
      customizations: [],
      estimatedTime: [33m15[39m
    }
  ]
} ref="VTU_COMPONENT" > 
  at <VTUROOT>

[90mstderr[2m | src/components/orders/__tests__/OrderCard.test.ts[2m > [22m[2mOrderCard Component[2m > [22m[2mComputed Properties[2m > [22m[2mshould calculate if all items are ready
[22m[39m[Vue warn]: Missing required prop: "statusType" 
  at <OrderCard order= {
  id: [32m'order-001'[39m,
  orderNumber: [32m'ORD-001'[39m,
  tableName: [32m'T1'[39m,
  customerName: [32m'張三'[39m,
  status: [33m1[39m,
  priority: [32m'normal'[39m,
  createdAt: [32m'2025-11-16T16:53:36.114Z'[39m,
  elapsedTime: [33m0[39m,
  estimatedTime: [33m15[39m,
  items: [
    {
      id: [32m'1'[39m,
      name: [32m'炒飯'[39m,
      quantity: [33m1[39m,
      status: [32m'ready'[39m,
      estimatedTime: [33m10[39m
    },
    {
      id: [32m'2'[39m,
      name: [32m'炒麵'[39m,
      quantity: [33m1[39m,
      status: [32m'ready'[39m,
      estimatedTime: [33m10[39m
    }
  ]
} ref="VTU_COMPONENT" > 
  at <VTUROOT>

[90mstderr[2m | src/components/orders/__tests__/OrderCard.test.ts[2m > [22m[2mOrderCard Component[2m > [22m[2mComputed Properties[2m > [22m[2mshould calculate if has pending items
[22m[39m[Vue warn]: Missing required prop: "statusType" 
  at <OrderCard order= {
  id: [32m'order-001'[39m,
  orderNumber: [32m'ORD-001'[39m,
  tableName: [32m'T1'[39m,
  customerName: [32m'張三'[39m,
  status: [33m1[39m,
  priority: [32m'normal'[39m,
  createdAt: [32m'2025-11-16T16:53:36.118Z'[39m,
  elapsedTime: [33m0[39m,
  estimatedTime: [33m15[39m,
  items: [
    {
      id: [32m'1'[39m,
      name: [32m'炒飯'[39m,
      quantity: [33m1[39m,
      status: [32m'pending'[39m,
      estimatedTime: [33m10[39m
    },
    {
      id: [32m'2'[39m,
      name: [32m'炒麵'[39m,
      quantity: [33m1[39m,
      status: [32m'ready'[39m,
      estimatedTime: [33m10[39m
    }
  ]
} ref="VTU_COMPONENT" > 
  at <VTUROOT>

[90mstderr[2m | src/components/orders/__tests__/OrderCard.test.ts[2m > [22m[2mOrderCard Component[2m > [22m[2mEdge Cases[2m > [22m[2mshould handle very long order numbers
[22m[39m[Vue warn]: Missing required prop: "statusType" 
  at <OrderCard order= {
  id: [32m'order-001'[39m,
  orderNumber: [32m'ORD-2024-11-15-VERY-LONG-ORDER-NUMBER-123456789'[39m,
  tableName: [32m'T1'[39m,
  customerName: [32m'張三'[39m,
  status: [33m1[39m,
  priority: [32m'normal'[39m,
  createdAt: [32m'2025-11-16T16:53:36.123Z'[39m,
  elapsedTime: [33m0[39m,
  estimatedTime: [33m15[39m,
  items: [
    {
      id: [32m'item-001'[39m,
      name: [32m'宮保雞丁'[39m,
      quantity: [33m2[39m,
      status: [32m'pending'[39m,
      notes: [32m''[39m,
      customizations: [],
      estimatedTime: [33m15[39m
    }
  ]
} ref="VTU_COMPONENT" > 
  at <VTUROOT>

[90mstderr[2m | src/components/orders/__tests__/OrderCard.test.ts[2m > [22m[2mOrderCard Component[2m > [22m[2mEdge Cases[2m > [22m[2mshould handle very long table names
[22m[39m[Vue warn]: Missing required prop: "statusType" 
  at <OrderCard order= {
  id: [32m'order-001'[39m,
  orderNumber: [32m'ORD-001'[39m,
  tableName: [32m'VIP包廂A區第一桌'[39m,
  customerName: [32m'張三'[39m,
  status: [33m1[39m,
  priority: [32m'normal'[39m,
  createdAt: [32m'2025-11-16T16:53:36.129Z'[39m,
  elapsedTime: [33m0[39m,
  estimatedTime: [33m15[39m,
  items: [
    {
      id: [32m'item-001'[39m,
      name: [32m'宮保雞丁'[39m,
      quantity: [33m2[39m,
      status: [32m'pending'[39m,
      notes: [32m''[39m,
      customizations: [],
      estimatedTime: [33m15[39m
    }
  ]
} ref="VTU_COMPONENT" > 
  at <VTUROOT>

[90mstderr[2m | src/components/orders/__tests__/OrderCard.test.ts[2m > [22m[2mOrderCard Component[2m > [22m[2mEdge Cases[2m > [22m[2mshould handle very large item quantities
[22m[39m[Vue warn]: Missing required prop: "statusType" 
  at <OrderCard order= {
  id: [32m'order-001'[39m,
  orderNumber: [32m'ORD-001'[39m,
  tableName: [32m'T1'[39m,
  customerName: [32m'張三'[39m,
  status: [33m1[39m,
  priority: [32m'normal'[39m,
  createdAt: [32m'2025-11-16T16:53:36.142Z'[39m,
  elapsedTime: [33m0[39m,
  estimatedTime: [33m15[39m,
  items: [
    {
      id: [32m'1'[39m,
      name: [32m'炒飯'[39m,
      quantity: [33m99[39m,
      status: [32m'pending'[39m,
      estimatedTime: [33m10[39m
    }
  ]
} ref="VTU_COMPONENT" > 
  at <VTUROOT>

[90mstderr[2m | src/components/orders/__tests__/OrderCard.test.ts[2m > [22m[2mOrderCard Component[2m > [22m[2mEdge Cases[2m > [22m[2mshould handle very long item names
[22m[39m[Vue warn]: Missing required prop: "statusType" 
  at <OrderCard order= {
  id: [32m'order-001'[39m,
  orderNumber: [32m'ORD-001'[39m,
  tableName: [32m'T1'[39m,
  customerName: [32m'張三'[39m,
  status: [33m1[39m,
  priority: [32m'normal'[39m,
  createdAt: [32m'2025-11-16T16:53:36.147Z'[39m,
  elapsedTime: [33m0[39m,
  estimatedTime: [33m15[39m,
  items: [
    {
      id: [32m'1'[39m,
      name: [32m'特製超級豪華精緻手工現做美味可口營養豐富宮保雞丁炒飯套餐'[39m,
      quantity: [33m1[39m,
      status: [32m'pending'[39m,
      estimatedTime: [33m10[39m
    }
  ]
} ref="VTU_COMPONENT" > 
  at <VTUROOT>

[90mstderr[2m | src/components/orders/__tests__/OrderCard.test.ts[2m > [22m[2mOrderCard Component[2m > [22m[2mEdge Cases[2m > [22m[2mshould handle multiple customizations
[22m[39m[Vue warn]: Missing required prop: "statusType" 
  at <OrderCard order= {
  id: [32m'order-001'[39m,
  orderNumber: [32m'ORD-001'[39m,
  tableName: [32m'T1'[39m,
  customerName: [32m'張三'[39m,
  status: [33m1[39m,
  priority: [32m'normal'[39m,
  createdAt: [32m'2025-11-16T16:53:36.187Z'[39m,
  elapsedTime: [33m0[39m,
  estimatedTime: [33m15[39m,
  items: [
    {
      id: [32m'1'[39m,
      name: [32m'炒飯'[39m,
      quantity: [33m1[39m,
      status: [32m'pending'[39m,
      customizations: [36m[Array][39m,
      estimatedTime: [33m10[39m
    }
  ]
} ref="VTU_COMPONENT" > 
  at <VTUROOT>

 [31m×[39m [30m[45m makanmakan-kitchen-display [49m[39m src/components/orders/__tests__/OrderCard.test.ts[2m > [22mOrderCard Component[2m > [22mProps Validation[2m > [22mshould use default values for optional props[32m 14[2mms[22m[39m
[31m   → [vitest] No "FireIcon" export is defined on the "@heroicons/vue/24/outline" mock. Did you forget to return it from "vi.mock"?
If you need to partially mock a module, you can use "importOriginal" helper inside:
[39m
 [31m×[39m [30m[45m makanmakan-kitchen-display [49m[39m src/components/orders/__tests__/OrderCard.test.ts[2m > [22mOrderCard Component[2m > [22mComputed Properties[2m > [22mshould determine correct status type[32m 5[2mms[22m[39m
[31m   → [vitest] No "FireIcon" export is defined on the "@heroicons/vue/24/outline" mock. Did you forget to return it from "vi.mock"?
If you need to partially mock a module, you can use "importOriginal" helper inside:
[39m
 [31m×[39m [30m[45m makanmakan-kitchen-display [49m[39m src/components/orders/__tests__/OrderCard.test.ts[2m > [22mOrderCard Component[2m > [22mComputed Properties[2m > [22mshould calculate if all items are ready[32m 5[2mms[22m[39m
[31m   → [vitest] No "FireIcon" export is defined on the "@heroicons/vue/24/outline" mock. Did you forget to return it from "vi.mock"?
If you need to partially mock a module, you can use "importOriginal" helper inside:
[39m
 [31m×[39m [30m[45m makanmakan-kitchen-display [49m[39m src/components/orders/__tests__/OrderCard.test.ts[2m > [22mOrderCard Component[2m > [22mComputed Properties[2m > [22mshould calculate if has pending items[32m 5[2mms[22m[39m
[31m   → [vitest] No "FireIcon" export is defined on the "@heroicons/vue/24/outline" mock. Did you forget to return it from "vi.mock"?
If you need to partially mock a module, you can use "importOriginal" helper inside:
[39m
 [31m×[39m [30m[45m makanmakan-kitchen-display [49m[39m src/components/orders/__tests__/OrderCard.test.ts[2m > [22mOrderCard Component[2m > [22mEdge Cases[2m > [22mshould handle very long order numbers[32m 5[2mms[22m[39m
[31m   → [vitest] No "FireIcon" export is defined on the "@heroicons/vue/24/outline" mock. Did you forget to return it from "vi.mock"?
If you need to partially mock a module, you can use "importOriginal" helper inside:
[39m
 [31m×[39m [30m[45m makanmakan-kitchen-display [49m[39m src/components/orders/__tests__/OrderCard.test.ts[2m > [22mOrderCard Component[2m > [22mEdge Cases[2m > [22mshould handle very long table names[32m 13[2mms[22m[39m
[31m   → [vitest] No "FireIcon" export is defined on the "@heroicons/vue/24/outline" mock. Did you forget to return it from "vi.mock"?
If you need to partially mock a module, you can use "importOriginal" helper inside:
[39m
 [31m×[39m [30m[45m makanmakan-kitchen-display [49m[39m src/components/orders/__tests__/OrderCard.test.ts[2m > [22mOrderCard Component[2m > [22mEdge Cases[2m > [22mshould handle very large item quantities[32m 5[2mms[22m[39m
[31m   → [vitest] No "FireIcon" export is defined on the "@heroicons/vue/24/outline" mock. Did you forget to return it from "vi.mock"?
If you need to partially mock a module, you can use "importOriginal" helper inside:
[39m
 [31m×[39m [30m[45m makanmakan-kitchen-display [49m[39m src/components/orders/__tests__/OrderCard.test.ts[2m > [22mOrderCard Component[2m > [22mEdge Cases[2m > [22mshould handle very long item names[32m 40[2mms[22m[39m
[31m   → [vitest] No "FireIcon" export is defined on the "@heroicons/vue/24/outline" mock. Did you forget to return it from "vi.mock"?
If you need to partially mock a module, you can use "importOriginal" helper inside:
[39m
 [31m×[39m [30m[45m makanmakan-kitchen-display [49m[39m src/components/orders/__tests__/OrderCard.test.ts[2m > [22mOrderCard Component[2m > [22mEdge Cases[2m > [22mshould handle multiple customizations[32m 5[2mms[22m[39m
[31m   → [vitest] No "FireIcon" export is defined on the "@heroicons/vue/24/outline" mock. Did you forget to return it from "vi.mock"?
If you need to partially mock a module, you can use "importOriginal" helper inside:
[39m
